2021-02-03 18:06:43 INFO  ApiTestCaseModel:63 - 测试用例qs_activation_completeActivation断言完毕！！
 期待obj返回消息体1
 实际obj返回消息体1
2021-02-03 18:06:44 INFO  ApiTestCaseModel:63 - 测试用例qs_activation_renewActivation断言完毕！！
 期待obj返回消息体0
 实际obj返回消息体0
2021-02-03 18:06:44 INFO  ApiTestCaseModel:60 - 返回消息obj体中为空，无需断言
2021-02-03 18:06:45 INFO  ApiTestCaseModel:60 - 返回消息obj体中为空，无需断言
2021-02-03 18:06:45 INFO  ApiTestCaseModel:60 - 返回消息obj体中为空，无需断言
2021-02-03 18:06:45 INFO  ApiTestCaseModel:60 - 返回消息obj体中为空，无需断言
2021-02-04 14:49:22 INFO  ApiTestCaseModel:61 - 返回消息obj体中为空，无需断言
2021-02-04 14:49:23 INFO  ApiTestCaseModel:61 - 返回消息obj体中为空，无需断言
2021-02-04 14:49:23 INFO  ApiTestCaseModel:61 - 返回消息obj体中为空，无需断言
2021-02-04 14:49:23 INFO  ApiTestCaseModel:61 - 返回消息obj体中为空，无需断言
2021-02-04 14:49:23 INFO  ApiTestCaseModel:61 - 返回消息obj体中为空，无需断言
2021-02-04 14:49:24 INFO  ApiTestCaseModel:61 - 返回消息obj体中为空，无需断言
2021-02-04 18:24:22 INFO  ApiTestCaseModel:61 - 返回消息obj体中为空，无需断言
2021-02-04 18:24:22 INFO  ApiTestCaseModel:61 - 返回消息obj体中为空，无需断言
2021-02-04 18:24:22 INFO  ApiTestCaseModel:61 - 返回消息obj体中为空，无需断言
2021-02-04 18:24:22 INFO  ApiTestCaseModel:61 - 返回消息obj体中为空，无需断言
2021-02-04 18:24:22 INFO  ApiTestCaseModel:61 - 返回消息obj体中为空，无需断言
2021-02-04 18:24:23 INFO  ApiTestCaseModel:61 - 返回消息obj体中为空，无需断言
2021-02-04 18:26:14 INFO  ApiTestCaseModel:64 - 测试用例qs_class_classDetail_classRank断言完毕！！
 期待obj返回消息体1
 实际obj返回消息体1
2021-02-04 18:26:57 INFO  ApiTestCaseModel:61 - 返回消息obj体中为空，无需断言
2021-02-04 18:31:50 INFO  ApiTestCaseModel:61 - 返回消息obj体中为空，无需断言
2021-02-04 18:34:13 INFO  ApiTestCaseModel:61 - 返回消息obj体中为空，无需断言
2021-02-04 18:36:31 INFO  ApiTestCaseModel:61 - 返回消息obj体中为空，无需断言
2021-02-09 09:43:10 INFO  ApiTestCaseModel:64 - 测试用例qs_course_courseByKpId断言完毕！！
 期待obj返回消息体8
 实际obj返回消息体8
2021-02-09 09:55:01 INFO  CreateTestCaseTest:42 - ======================第1次创建测试用例===================
2021-02-09 09:55:01 INFO  JsonToYamlUtils:74 - 创建新文件成功，去掉前后[],修改obj:null====》src/main/resources/com.dongao.DaQsAiTest/data/V3/marketingMessage/new_marketingMessage_getMarketingMessageDetail.chlsj
2021-02-09 10:28:35 INFO  CreateTestCaseTest:42 - ======================第1次创建测试用例===================
2021-02-09 10:28:35 INFO  JsonToYamlUtils:74 - 创建新文件成功，去掉前后[],修改obj:null====》src/main/resources/com.dongao.DaQsAiTest/data/V3/marketingMessage/new_marketingMessage_getMarketingMessageDetail.chlsj
2021-02-09 10:31:49 INFO  JsonToYamlUtils:167 - 成功创建测试用例文件路径=====》src/main/resources/com.dongao.DaQsAiTest/case/V3/marketingMessage/qs_marketingMessage_getMarketingMessageDetail.yaml
2021-02-09 10:31:49 INFO  JsonToYamlUtils:168 - 成功创建对象文件路径=====》src/main/resources/com.dongao.DaQsAiTest/api/V3/marketingMessage/qs_marketingMessage_getMarketingMessageDetail.yaml
2021-02-09 10:31:49 INFO  JsonToYamlUtils:111 - src/main/resources/com.dongao.DaQsAiTest/data/V3/marketingMessage/marketingMessage_getMarketingMessageDetail.chlsj文件删除成功！！！！
2021-02-09 10:31:49 INFO  CreateTestCaseTest:42 - ======================第1次创建测试用例===================
2021-02-09 10:31:49 INFO  JsonToYamlUtils:56 - 这是new_文件或是Ds文件，不需要更新的charles导出文件
2021-02-09 10:39:03 INFO  CreateTestCaseTest:42 - ======================第1次创建测试用例===================
2021-02-09 10:39:03 INFO  JsonToYamlUtils:56 - 这是new_文件或是Ds文件，不需要更新的charles导出文件
2021-02-09 10:39:03 INFO  CreateTestCaseTest:42 - ======================第1次创建测试用例===================
2021-02-09 10:39:03 INFO  JsonToYamlUtils:56 - 这是new_文件或是Ds文件，不需要更新的charles导出文件
2021-02-09 10:39:03 INFO  CreateTestCaseTest:42 - ======================第1次创建测试用例===================
2021-02-09 10:39:03 INFO  JsonToYamlUtils:74 - 创建新文件成功，去掉前后[],修改obj:null====》src/main/resources/com.dongao.DaQsAiTest/data/V1/activation/new_activation_shareLearnPlan.chlsj
2021-02-09 10:42:02 INFO  JsonToYamlUtils:167 - 成功创建测试用例文件路径=====》src/main/resources/com.dongao.DaQsAiTest/case/V1/activation/qs_activation_shareLearnPlan.yaml
2021-02-09 10:42:02 INFO  JsonToYamlUtils:168 - 成功创建对象文件路径=====》src/main/resources/com.dongao.DaQsAiTest/api/V1/activation/qs_activation_shareLearnPlan.yaml
2021-02-09 10:42:02 INFO  JsonToYamlUtils:111 - src/main/resources/com.dongao.DaQsAiTest/data/V1/activation/activation_shareLearnPlan.chlsj文件删除成功！！！！
2021-02-09 10:42:02 INFO  CreateTestCaseTest:42 - ======================第1次创建测试用例===================
2021-02-09 10:42:02 INFO  JsonToYamlUtils:56 - 这是new_文件或是Ds文件，不需要更新的charles导出文件
2021-02-09 10:42:02 INFO  CreateTestCaseTest:42 - ======================第1次创建测试用例===================
2021-02-09 10:42:02 INFO  JsonToYamlUtils:56 - 这是new_文件或是Ds文件，不需要更新的charles导出文件
2021-02-09 10:42:02 INFO  CreateTestCaseTest:42 - ======================第1次创建测试用例===================
2021-02-09 10:42:02 INFO  JsonToYamlUtils:56 - 这是new_文件或是Ds文件，不需要更新的charles导出文件
2021-02-09 10:42:02 INFO  CreateTestCaseTest:42 - ======================第1次创建测试用例===================
2021-02-09 10:42:02 INFO  JsonToYamlUtils:56 - 这是new_文件或是Ds文件，不需要更新的charles导出文件
2021-02-09 10:45:37 INFO  CreateTestCaseTest:42 - ======================第1次创建测试用例===================
2021-02-09 10:45:37 INFO  JsonToYamlUtils:56 - 这是new_文件或是Ds文件，不需要更新的charles导出文件
2021-02-09 10:45:37 INFO  CreateTestCaseTest:42 - ======================第1次创建测试用例===================
2021-02-09 10:45:37 INFO  JsonToYamlUtils:56 - 这是new_文件或是Ds文件，不需要更新的charles导出文件
2021-02-09 10:45:37 INFO  CreateTestCaseTest:42 - ======================第1次创建测试用例===================
2021-02-09 10:45:37 INFO  JsonToYamlUtils:74 - 创建新文件成功，去掉前后[],修改obj:null====》src/main/resources/com.dongao.DaQsAiTest/data/V1/activation/new_activation_shareLearnPlan.chlsj
2021-02-09 10:46:01 INFO  JsonToYamlUtils:169 - 成功创建测试用例文件路径=====》src/main/resources/com.dongao.DaQsAiTest/case/V1/activation/qs_activation_shareLearnPlan.yaml
2021-02-09 10:46:01 INFO  JsonToYamlUtils:170 - 成功创建对象文件路径=====》src/main/resources/com.dongao.DaQsAiTest/api/V1/activation/qs_activation_shareLearnPlan.yaml
2021-02-09 10:46:01 INFO  JsonToYamlUtils:111 - src/main/resources/com.dongao.DaQsAiTest/data/V1/activation/activation_shareLearnPlan.chlsj文件删除成功！！！！
2021-02-09 10:46:01 INFO  CreateTestCaseTest:42 - ======================第1次创建测试用例===================
2021-02-09 10:46:01 INFO  JsonToYamlUtils:56 - 这是new_文件或是Ds文件，不需要更新的charles导出文件
2021-02-09 10:46:01 INFO  CreateTestCaseTest:42 - ======================第1次创建测试用例===================
2021-02-09 10:46:01 INFO  JsonToYamlUtils:56 - 这是new_文件或是Ds文件，不需要更新的charles导出文件
2021-02-09 10:46:01 INFO  CreateTestCaseTest:42 - ======================第1次创建测试用例===================
2021-02-09 10:46:01 INFO  JsonToYamlUtils:56 - 这是new_文件或是Ds文件，不需要更新的charles导出文件
2021-02-09 10:46:01 INFO  CreateTestCaseTest:42 - ======================第1次创建测试用例===================
2021-02-09 10:46:01 INFO  JsonToYamlUtils:56 - 这是new_文件或是Ds文件，不需要更新的charles导出文件
2021-02-09 10:47:43 INFO  ApiTestCaseModel:61 - 返回消息obj体中为空，无需断言
2021-02-09 10:54:33 INFO  ApiTestCaseModel:64 - 测试用例qs_activation_questionsAndAnswers断言完毕！！
 期待obj返回消息体3
 实际obj返回消息体3
2021-02-09 10:55:01 INFO  ApiTestCaseModel:61 - 返回消息obj体中为空，无需断言
2021-02-09 10:57:16 INFO  ApiTestCaseModel:61 - 返回消息obj体中为空，无需断言
2021-02-09 11:00:48 INFO  ApiTestCaseModel:61 - 返回消息obj体中为空，无需断言
2021-02-09 11:15:22 INFO  ApiTestCaseModel:71 - 测试用例qs_activation_shareLearnPlan断言完毕！！
 返回消息体msg成功
2021-02-09 11:15:22 INFO  ApiTestCaseModel:73 - 测试用例qs_activation_shareLearnPlan断言完毕！！
 返回消息体code0
2021-02-09 11:16:20 INFO  ApiTestCaseModel:71 - 测试用例qs_activation_shareLearnPlan断言完毕！！
 返回消息体msg-----成功
2021-02-09 11:16:20 INFO  ApiTestCaseModel:73 - 测试用例qs_activation_shareLearnPlan断言完毕！！
 返回消息体code-----0
2021-02-09 11:17:00 INFO  ApiTestCaseModel:62 - 返回消息obj体中为空，无需断言
2021-02-09 11:19:27 INFO  ApiTestCaseModel:66 - 测试用例qs_activation_completeActivation断言完毕！！
 期待obj返回消息体1
 实际obj返回消息体1
2021-02-09 11:19:27 INFO  ApiTestCaseModel:71 - 测试用例qs_activation_completeActivation断言完毕！！
 返回消息体msg-----成功
2021-02-09 11:19:27 INFO  ApiTestCaseModel:73 - 测试用例qs_activation_completeActivation断言完毕！！
 返回消息体code-----0
2021-02-09 11:38:35 INFO  ApiTestCaseModel:66 - 测试用例qs_activation_completeActivation断言完毕！！
 期待obj返回消息体1
 实际obj返回消息体1
2021-02-09 11:38:35 INFO  ApiTestCaseModel:71 - 测试用例qs_activation_completeActivation断言完毕！！
 返回消息体msg-----成功
2021-02-09 11:38:35 INFO  ApiTestCaseModel:73 - 测试用例qs_activation_completeActivation断言完毕！！
 返回消息体code-----0
2021-02-09 11:41:13 INFO  ApiTestCaseModel:66 - 测试用例qs_activation_normalMode断言完毕！！
 期待obj返回消息体1
 实际obj返回消息体1
2021-02-09 11:41:13 INFO  ApiTestCaseModel:71 - 测试用例qs_activation_normalMode断言完毕！！
 返回消息体msg-----成功
2021-02-09 11:41:13 INFO  ApiTestCaseModel:73 - 测试用例qs_activation_normalMode断言完毕！！
 返回消息体code-----0
2021-02-09 13:45:18 INFO  ApiTestCaseModel:66 - 测试用例qs_class_classDetail_classData断言完毕！！
 期待obj返回消息体5
 实际obj返回消息体5
2021-02-09 13:45:18 INFO  ApiTestCaseModel:71 - 测试用例qs_class_classDetail_classData断言完毕！！
 返回消息体msg-----成功
2021-02-09 13:45:18 INFO  ApiTestCaseModel:73 - 测试用例qs_class_classDetail_classData断言完毕！！
 返回消息体code-----0
2021-02-09 13:45:56 INFO  ApiTestCaseModel:66 - 测试用例qs_class_classDetail_classRank断言完毕！！
 期待obj返回消息体1
 实际obj返回消息体1
2021-02-09 13:45:56 INFO  ApiTestCaseModel:71 - 测试用例qs_class_classDetail_classRank断言完毕！！
 返回消息体msg-----成功
2021-02-09 13:45:56 INFO  ApiTestCaseModel:73 - 测试用例qs_class_classDetail_classRank断言完毕！！
 返回消息体code-----0
2021-02-09 13:46:30 INFO  ApiTestCaseModel:66 - 测试用例qs_class_classDetail_classReport断言完毕！！
 期待obj返回消息体8
 实际obj返回消息体8
2021-02-09 13:46:30 INFO  ApiTestCaseModel:71 - 测试用例qs_class_classDetail_classReport断言完毕！！
 返回消息体msg-----成功
2021-02-09 13:46:30 INFO  ApiTestCaseModel:73 - 测试用例qs_class_classDetail_classReport断言完毕！！
 返回消息体code-----0
2021-02-09 13:47:00 INFO  ApiTestCaseModel:62 - 返回消息obj体中为空，无需断言
2021-02-09 13:47:29 INFO  ApiTestCaseModel:66 - 测试用例qs_class_index断言完毕！！
 期待obj返回消息体4
 实际obj返回消息体4
2021-02-09 13:47:29 INFO  ApiTestCaseModel:71 - 测试用例qs_class_index断言完毕！！
 返回消息体msg-----成功
2021-02-09 13:47:29 INFO  ApiTestCaseModel:73 - 测试用例qs_class_index断言完毕！！
 返回消息体code-----0
2021-02-09 13:47:58 INFO  ApiTestCaseModel:62 - 返回消息obj体中为空，无需断言
2021-02-09 14:25:23 INFO  ApiTestCaseModel:66 - 测试用例qs_class_personData断言完毕！！
 期待obj返回消息体10
 实际obj返回消息体10
2021-02-09 14:25:23 INFO  ApiTestCaseModel:71 - 测试用例qs_class_personData断言完毕！！
 返回消息体msg-----成功
2021-02-09 14:25:23 INFO  ApiTestCaseModel:73 - 测试用例qs_class_personData断言完毕！！
 返回消息体code-----0
2021-02-09 14:27:07 INFO  ApiTestCaseModel:62 - 返回消息obj体中为空，无需断言
2021-02-09 14:27:07 INFO  ApiTestCaseModel:62 - 返回消息obj体中为空，无需断言
2021-02-09 14:27:07 INFO  ApiTestCaseModel:62 - 返回消息obj体中为空，无需断言
2021-02-09 14:27:07 INFO  ApiTestCaseModel:62 - 返回消息obj体中为空，无需断言
2021-02-09 14:27:07 INFO  ApiTestCaseModel:62 - 返回消息obj体中为空，无需断言
2021-02-09 14:27:08 INFO  ApiTestCaseModel:62 - 返回消息obj体中为空，无需断言
2021-02-09 16:07:04 INFO  ApiTestCaseModel:63 - 测试用例qs_class_classDetail_classData断言完毕！！
 返回消息体msg-----成功
2021-02-09 16:07:04 INFO  ApiTestCaseModel:66 - 测试用例qs_class_classDetail_classData断言完毕！！
 返回消息体code-----0
2021-02-09 16:07:04 INFO  ApiTestCaseModel:72 - 测试用例qs_class_classDetail_classData断言完毕！！
 期待obj返回消息体5
 实际obj返回消息体5
2021-02-09 17:50:51 INFO  ApiTestCaseModel:63 - 测试用例qs_class_classDetail_classRank断言完毕！！
 返回消息体msg-----成功
2021-02-09 17:50:51 INFO  ApiTestCaseModel:66 - 测试用例qs_class_classDetail_classRank断言完毕！！
 返回消息体code-----0
2021-02-09 17:50:52 INFO  ApiTestCaseModel:72 - 测试用例qs_class_classDetail_classRank断言完毕！！
 期待obj返回消息体1
 实际obj返回消息体1
2021-02-09 17:50:52 INFO  ApiTestCaseModel:63 - 测试用例qs_class_personData断言完毕！！
 返回消息体msg-----成功
2021-02-09 17:50:52 INFO  ApiTestCaseModel:66 - 测试用例qs_class_personData断言完毕！！
 返回消息体code-----0
2021-02-09 17:50:52 INFO  ApiTestCaseModel:72 - 测试用例qs_class_personData断言完毕！！
 期待obj返回消息体10
 实际obj返回消息体10
2021-02-09 17:50:52 INFO  ApiTestCaseModel:63 - 测试用例qs_class_classDetail_classData断言完毕！！
 返回消息体msg-----成功
2021-02-09 17:50:52 INFO  ApiTestCaseModel:66 - 测试用例qs_class_classDetail_classData断言完毕！！
 返回消息体code-----0
2021-02-09 17:50:52 INFO  ApiTestCaseModel:72 - 测试用例qs_class_classDetail_classData断言完毕！！
 期待obj返回消息体5
 实际obj返回消息体5
2021-02-09 17:50:52 INFO  ApiTestCaseModel:63 - 测试用例qs_class_classDetail_classReport断言完毕！！
 返回消息体msg-----成功
2021-02-09 17:50:53 INFO  ApiTestCaseModel:66 - 测试用例qs_class_classDetail_classReport断言完毕！！
 返回消息体code-----0
2021-02-09 17:50:53 INFO  ApiTestCaseModel:72 - 测试用例qs_class_classDetail_classReport断言完毕！！
 期待obj返回消息体8
 实际obj返回消息体8
2021-02-09 17:50:53 INFO  ApiTestCaseModel:63 - 测试用例qs_class_index断言完毕！！
 返回消息体msg-----成功
2021-02-09 17:50:53 INFO  ApiTestCaseModel:66 - 测试用例qs_class_index断言完毕！！
 返回消息体code-----0
2021-02-09 17:50:53 INFO  ApiTestCaseModel:72 - 测试用例qs_class_index断言完毕！！
 期待obj返回消息体4
 实际obj返回消息体4
2021-02-09 17:54:04 INFO  ApiTestCaseModel:63 - 测试用例qs_class_classDetail_classRank断言完毕！！
 返回消息体msg-----成功
2021-02-09 17:54:04 INFO  ApiTestCaseModel:66 - 测试用例qs_class_classDetail_classRank断言完毕！！
 返回消息体code-----0
2021-02-09 17:54:04 INFO  ApiTestCaseModel:72 - 测试用例qs_class_classDetail_classRank断言完毕！！
 期待obj返回消息体1
 实际obj返回消息体1
2021-02-09 17:54:05 INFO  ApiTestCaseModel:63 - 测试用例qs_class_personData断言完毕！！
 返回消息体msg-----成功
2021-02-09 17:54:05 INFO  ApiTestCaseModel:66 - 测试用例qs_class_personData断言完毕！！
 返回消息体code-----0
2021-02-09 17:54:05 INFO  ApiTestCaseModel:72 - 测试用例qs_class_personData断言完毕！！
 期待obj返回消息体10
 实际obj返回消息体10
2021-02-09 17:54:05 INFO  ApiTestCaseModel:63 - 测试用例qs_class_classDetail_classData断言完毕！！
 返回消息体msg-----成功
2021-02-09 17:54:05 INFO  ApiTestCaseModel:66 - 测试用例qs_class_classDetail_classData断言完毕！！
 返回消息体code-----0
2021-02-09 17:54:05 INFO  ApiTestCaseModel:72 - 测试用例qs_class_classDetail_classData断言完毕！！
 期待obj返回消息体5
 实际obj返回消息体5
2021-02-09 17:54:05 INFO  ApiTestCaseModel:63 - 测试用例qs_class_classDetail_classReport断言完毕！！
 返回消息体msg-----成功
2021-02-09 17:54:05 INFO  ApiTestCaseModel:66 - 测试用例qs_class_classDetail_classReport断言完毕！！
 返回消息体code-----0
2021-02-09 17:54:05 INFO  ApiTestCaseModel:72 - 测试用例qs_class_classDetail_classReport断言完毕！！
 期待obj返回消息体8
 实际obj返回消息体8
2021-02-09 17:54:06 INFO  ApiTestCaseModel:63 - 测试用例qs_class_index断言完毕！！
 返回消息体msg-----成功
2021-02-09 17:54:06 INFO  ApiTestCaseModel:66 - 测试用例qs_class_index断言完毕！！
 返回消息体code-----0
2021-02-09 17:54:06 INFO  ApiTestCaseModel:72 - 测试用例qs_class_index断言完毕！！
 期待obj返回消息体4
 实际obj返回消息体4
2021-02-09 18:02:53 INFO  ApiTestCaseModel:63 - 测试用例qs_class_classDetail_classRank断言完毕！！
 返回消息体msg-----成功
2021-02-09 18:02:54 INFO  ApiTestCaseModel:66 - 测试用例qs_class_classDetail_classRank断言完毕！！
 返回消息体code-----0
2021-02-09 18:02:54 INFO  ApiTestCaseModel:72 - 测试用例qs_class_classDetail_classRank断言完毕！！
 期待obj返回消息体1
 实际obj返回消息体1
2021-02-09 18:02:54 INFO  ApiTestCaseModel:63 - 测试用例qs_class_personData断言完毕！！
 返回消息体msg-----成功
2021-02-09 18:02:54 INFO  ApiTestCaseModel:66 - 测试用例qs_class_personData断言完毕！！
 返回消息体code-----0
2021-02-09 18:02:54 INFO  ApiTestCaseModel:72 - 测试用例qs_class_personData断言完毕！！
 期待obj返回消息体10
 实际obj返回消息体10
2021-02-09 18:02:54 INFO  ApiTestCaseModel:63 - 测试用例qs_class_classDetail_classData断言完毕！！
 返回消息体msg-----成功
2021-02-09 18:02:54 INFO  ApiTestCaseModel:66 - 测试用例qs_class_classDetail_classData断言完毕！！
 返回消息体code-----0
2021-02-09 18:02:54 INFO  ApiTestCaseModel:72 - 测试用例qs_class_classDetail_classData断言完毕！！
 期待obj返回消息体5
 实际obj返回消息体5
2021-02-09 18:02:54 INFO  ApiTestCaseModel:63 - 测试用例qs_class_classDetail_classReport断言完毕！！
 返回消息体msg-----成功
2021-02-09 18:02:54 INFO  ApiTestCaseModel:66 - 测试用例qs_class_classDetail_classReport断言完毕！！
 返回消息体code-----0
2021-02-09 18:02:54 INFO  ApiTestCaseModel:72 - 测试用例qs_class_classDetail_classReport断言完毕！！
 期待obj返回消息体8
 实际obj返回消息体8
2021-02-09 18:02:55 INFO  ApiTestCaseModel:63 - 测试用例qs_class_index断言完毕！！
 返回消息体msg-----成功
2021-02-09 18:02:55 INFO  ApiTestCaseModel:66 - 测试用例qs_class_index断言完毕！！
 返回消息体code-----0
2021-02-09 18:02:55 INFO  ApiTestCaseModel:72 - 测试用例qs_class_index断言完毕！！
 期待obj返回消息体4
 实际obj返回消息体4
2021-02-09 18:04:10 INFO  ApiTestCaseModel:63 - 测试用例qs_activation_completeActivation断言完毕！！
 返回消息体msg-----成功
2021-02-09 18:04:10 INFO  ApiTestCaseModel:66 - 测试用例qs_activation_completeActivation断言完毕！！
 返回消息体code-----0
2021-02-09 18:04:10 INFO  ApiTestCaseModel:72 - 测试用例qs_activation_completeActivation断言完毕！！
 期待obj返回消息体1
 实际obj返回消息体1
2021-02-09 18:04:11 INFO  ApiTestCaseModel:63 - 测试用例qs_activation_renewActivation断言完毕！！
 返回消息体msg-----成功
2021-02-09 18:04:11 INFO  ApiTestCaseModel:66 - 测试用例qs_activation_renewActivation断言完毕！！
 返回消息体code-----0
2021-02-09 18:04:11 INFO  ApiTestCaseModel:72 - 测试用例qs_activation_renewActivation断言完毕！！
 期待obj返回消息体0
 实际obj返回消息体0
2021-02-09 18:04:12 INFO  ApiTestCaseModel:63 - 测试用例qs_activation_shareLearnPlan断言完毕！！
 返回消息体msg-----成功
2021-02-09 18:04:12 INFO  ApiTestCaseModel:66 - 测试用例qs_activation_shareLearnPlan断言完毕！！
 返回消息体code-----0
2021-02-09 18:04:12 INFO  ApiTestCaseModel:63 - 测试用例qs_activation_normalMode断言完毕！！
 返回消息体msg-----成功
2021-02-09 18:04:12 INFO  ApiTestCaseModel:66 - 测试用例qs_activation_normalMode断言完毕！！
 返回消息体code-----0
2021-02-09 18:04:12 INFO  ApiTestCaseModel:72 - 测试用例qs_activation_normalMode断言完毕！！
 期待obj返回消息体1
 实际obj返回消息体1
2021-02-09 18:04:13 INFO  ApiTestCaseModel:63 - 测试用例qs_activation_questionsAndAnswers断言完毕！！
 返回消息体msg-----成功
2021-02-09 18:04:13 INFO  ApiTestCaseModel:66 - 测试用例qs_activation_questionsAndAnswers断言完毕！！
 返回消息体code-----0
2021-02-09 18:04:13 INFO  ApiTestCaseModel:72 - 测试用例qs_activation_questionsAndAnswers断言完毕！！
 期待obj返回消息体3
 实际obj返回消息体3
2021-02-09 18:04:13 INFO  ApiTestCaseModel:63 - 测试用例qs_activation_submitQues断言完毕！！
 返回消息体msg-----成功
2021-02-09 18:04:13 INFO  ApiTestCaseModel:66 - 测试用例qs_activation_submitQues断言完毕！！
 返回消息体code-----0
2021-02-09 18:04:13 INFO  ApiTestCaseModel:72 - 测试用例qs_activation_submitQues断言完毕！！
 期待obj返回消息体4
 实际obj返回消息体4
2021-02-09 18:04:13 INFO  ApiTestCaseModel:63 - 测试用例qs_activation_cancelQues断言完毕！！
 返回消息体msg-----成功
2021-02-09 18:04:13 INFO  ApiTestCaseModel:66 - 测试用例qs_activation_cancelQues断言完毕！！
 返回消息体code-----0
2021-02-09 18:04:13 INFO  ApiTestCaseModel:72 - 测试用例qs_activation_cancelQues断言完毕！！
 期待obj返回消息体0
 实际obj返回消息体0
2021-02-09 18:04:36 INFO  ApiTestCaseModel:63 - 测试用例qs_commentLable_commentLableList断言完毕！！
 返回消息体msg-----成功
2021-02-09 18:04:36 INFO  ApiTestCaseModel:66 - 测试用例qs_commentLable_commentLableList断言完毕！！
 返回消息体code-----0
2021-02-09 18:04:36 INFO  ApiTestCaseModel:72 - 测试用例qs_commentLable_commentLableList断言完毕！！
 期待obj返回消息体2
 实际obj返回消息体2
2021-02-09 18:05:03 INFO  ApiTestCaseModel:63 - 测试用例qs_course_courseTimeConfig断言完毕！！
 返回消息体msg-----成功
2021-02-09 18:05:03 INFO  ApiTestCaseModel:66 - 测试用例qs_course_courseTimeConfig断言完毕！！
 返回消息体code-----0
2021-02-09 18:05:03 INFO  ApiTestCaseModel:72 - 测试用例qs_course_courseTimeConfig断言完毕！！
 期待obj返回消息体2
 实际obj返回消息体2
2021-02-09 18:05:04 INFO  ApiTestCaseModel:63 - 测试用例qs_course_genUserSign断言完毕！！
 返回消息体msg-----成功
2021-02-09 18:05:04 INFO  ApiTestCaseModel:66 - 测试用例qs_course_genUserSign断言完毕！！
 返回消息体code-----0
2021-02-09 18:05:04 INFO  ApiTestCaseModel:72 - 测试用例qs_course_genUserSign断言完毕！！
 期待obj返回消息体1
 实际obj返回消息体1
2021-02-09 18:05:04 INFO  ApiTestCaseModel:63 - 测试用例qs_course_lectureVideoInfoWithLog断言完毕！！
 返回消息体msg-----成功
2021-02-09 18:05:04 INFO  ApiTestCaseModel:66 - 测试用例qs_course_lectureVideoInfoWithLog断言完毕！！
 返回消息体code-----0
2021-02-09 18:05:04 INFO  ApiTestCaseModel:72 - 测试用例qs_course_lectureVideoInfoWithLog断言完毕！！
 期待obj返回消息体4
 实际obj返回消息体4
2021-02-09 18:05:04 INFO  ApiTestCaseModel:63 - 测试用例qs_course_getLecturePlayInfoByRoomId断言完毕！！
 返回消息体msg-----成功
2021-02-09 18:05:04 INFO  ApiTestCaseModel:66 - 测试用例qs_course_getLecturePlayInfoByRoomId断言完毕！！
 返回消息体code-----0
2021-02-09 18:05:04 INFO  ApiTestCaseModel:72 - 测试用例qs_course_getLecturePlayInfoByRoomId断言完毕！！
 期待obj返回消息体19
 实际obj返回消息体19
2021-02-09 18:05:04 INFO  ApiTestCaseModel:63 - 测试用例qs_course_submitTimeConfigAnswer断言完毕！！
 返回消息体msg-----成功
2021-02-09 18:05:04 INFO  ApiTestCaseModel:66 - 测试用例qs_course_submitTimeConfigAnswer断言完毕！！
 返回消息体code-----0
2021-02-09 18:05:04 INFO  ApiTestCaseModel:69 - 返回消息obj体中为空，无需断言
2021-02-09 18:05:05 INFO  ApiTestCaseModel:63 - 测试用例qs_course_teacherListByLectureId断言完毕！！
 返回消息体msg-----成功
2021-02-09 18:05:05 INFO  ApiTestCaseModel:66 - 测试用例qs_course_teacherListByLectureId断言完毕！！
 返回消息体code-----0
2021-02-09 18:05:05 INFO  ApiTestCaseModel:72 - 测试用例qs_course_teacherListByLectureId断言完毕！！
 期待obj返回消息体1
 实际obj返回消息体1
2021-02-09 18:05:05 INFO  ApiTestCaseModel:63 - 测试用例qs_course_kpCardByLectureId断言完毕！！
 返回消息体msg-----成功
2021-02-09 18:05:05 INFO  ApiTestCaseModel:66 - 测试用例qs_course_kpCardByLectureId断言完毕！！
 返回消息体code-----0
2021-02-09 18:05:05 INFO  ApiTestCaseModel:72 - 测试用例qs_course_kpCardByLectureId断言完毕！！
 期待obj返回消息体1
 实际obj返回消息体1
2021-02-09 18:05:05 INFO  ApiTestCaseModel:63 - 测试用例qs_course_roomListByLectureIds断言完毕！！
 返回消息体msg-----成功
2021-02-09 18:05:05 INFO  ApiTestCaseModel:66 - 测试用例qs_course_roomListByLectureIds断言完毕！！
 返回消息体code-----0
2021-02-09 18:05:05 INFO  ApiTestCaseModel:72 - 测试用例qs_course_roomListByLectureIds断言完毕！！
 期待obj返回消息体1
 实际obj返回消息体1
2021-02-09 18:05:05 INFO  ApiTestCaseModel:63 - 测试用例qs_course_courseByKpId断言完毕！！
 返回消息体msg-----成功
2021-02-09 18:05:05 INFO  ApiTestCaseModel:66 - 测试用例qs_course_courseByKpId断言完毕！！
 返回消息体code-----0
2021-02-09 18:05:05 INFO  ApiTestCaseModel:72 - 测试用例qs_course_courseByKpId断言完毕！！
 期待obj返回消息体8
 实际obj返回消息体8
2021-02-09 18:05:08 INFO  ApiTestCaseModel:63 - 测试用例qs_course_createRoom断言完毕！！
 返回消息体msg-----成功
2021-02-09 18:05:08 INFO  ApiTestCaseModel:66 - 测试用例qs_course_createRoom断言完毕！！
 返回消息体code-----0
2021-02-09 18:05:08 INFO  ApiTestCaseModel:72 - 测试用例qs_course_createRoom断言完毕！！
 期待obj返回消息体6
 实际obj返回消息体6
2021-02-09 18:05:08 INFO  ApiTestCaseModel:63 - 测试用例qs_course_resetRoomUserStatus断言完毕！！
 返回消息体msg-----成功
2021-02-09 18:05:08 INFO  ApiTestCaseModel:66 - 测试用例qs_course_resetRoomUserStatus断言完毕！！
 返回消息体code-----0
2021-02-09 18:05:08 INFO  ApiTestCaseModel:69 - 返回消息obj体中为空，无需断言
2021-02-09 18:05:08 INFO  ApiTestCaseModel:63 - 测试用例qs_course_courseHandoutByLectureId断言完毕！！
 返回消息体msg-----成功
2021-02-09 18:05:08 INFO  ApiTestCaseModel:66 - 测试用例qs_course_courseHandoutByLectureId断言完毕！！
 返回消息体code-----0
2021-02-09 18:05:08 INFO  ApiTestCaseModel:72 - 测试用例qs_course_courseHandoutByLectureId断言完毕！！
 期待obj返回消息体7
 实际obj返回消息体7
2021-02-09 18:05:09 INFO  ApiTestCaseModel:63 - 测试用例qs_course_courseByLectureId断言完毕！！
 返回消息体msg-----成功
2021-02-09 18:05:09 INFO  ApiTestCaseModel:66 - 测试用例qs_course_courseByLectureId断言完毕！！
 返回消息体code-----0
2021-02-09 18:05:09 INFO  ApiTestCaseModel:72 - 测试用例qs_course_courseByLectureId断言完毕！！
 期待obj返回消息体7
 实际obj返回消息体7
2021-02-09 18:05:09 INFO  ApiTestCaseModel:63 - 测试用例qs_course_lectureVideoInfo断言完毕！！
 返回消息体msg-----成功
2021-02-09 18:05:09 INFO  ApiTestCaseModel:66 - 测试用例qs_course_lectureVideoInfo断言完毕！！
 返回消息体code-----0
2021-02-09 18:05:09 INFO  ApiTestCaseModel:72 - 测试用例qs_course_lectureVideoInfo断言完毕！！
 期待obj返回消息体6
 实际obj返回消息体6
2021-02-09 18:05:09 INFO  ApiTestCaseModel:63 - 测试用例qs_course_syncTimeConfig断言完毕！！
 返回消息体msg-----成功
2021-02-09 18:05:09 INFO  ApiTestCaseModel:66 - 测试用例qs_course_syncTimeConfig断言完毕！！
 返回消息体code-----0
2021-02-09 18:05:09 INFO  ApiTestCaseModel:69 - 返回消息obj体中为空，无需断言
2021-02-09 18:05:09 INFO  ApiTestCaseModel:63 - 测试用例qs_course_doShareRoom断言完毕！！
 返回消息体msg-----成功
2021-02-09 18:05:09 INFO  ApiTestCaseModel:66 - 测试用例qs_course_doShareRoom断言完毕！！
 返回消息体code-----0
2021-02-09 18:05:09 INFO  ApiTestCaseModel:69 - 返回消息obj体中为空，无需断言
2021-02-09 18:05:09 INFO  ApiTestCaseModel:63 - 测试用例qs_course_syncCourseRecord断言完毕！！
 返回消息体msg-----成功
2021-02-09 18:05:09 INFO  ApiTestCaseModel:66 - 测试用例qs_course_syncCourseRecord断言完毕！！
 返回消息体code-----0
2021-02-09 18:05:09 INFO  ApiTestCaseModel:69 - 返回消息obj体中为空，无需断言
2021-02-09 18:05:36 INFO  ApiTestCaseModel:63 - 测试用例qs_curriculum_dayList断言完毕！！
 返回消息体msg-----成功
2021-02-09 18:05:36 INFO  ApiTestCaseModel:66 - 测试用例qs_curriculum_dayList断言完毕！！
 返回消息体code-----0
2021-02-09 18:05:36 INFO  ApiTestCaseModel:72 - 测试用例qs_curriculum_dayList断言完毕！！
 期待obj返回消息体1
 实际obj返回消息体1
2021-02-09 18:06:01 INFO  ApiTestCaseModel:63 - 测试用例qs_exam_examIndex断言完毕！！
 返回消息体msg-----成功
2021-02-09 18:06:01 INFO  ApiTestCaseModel:66 - 测试用例qs_exam_examIndex断言完毕！！
 返回消息体code-----0
2021-02-09 18:06:01 INFO  ApiTestCaseModel:72 - 测试用例qs_exam_examIndex断言完毕！！
 期待obj返回消息体5
 实际obj返回消息体5
2021-02-09 18:06:02 INFO  ApiTestCaseModel:63 - 测试用例qs_exam_cacheAnswer断言完毕！！
 返回消息体msg-----成功
2021-02-09 18:06:02 INFO  ApiTestCaseModel:66 - 测试用例qs_exam_cacheAnswer断言完毕！！
 返回消息体code-----0
2021-02-09 18:06:02 INFO  ApiTestCaseModel:69 - 返回消息obj体中为空，无需断言
2021-02-09 18:06:03 INFO  ApiTestCaseModel:63 - 测试用例qs_exam_smartExam断言完毕！！
 返回消息体msg-----成功
2021-02-09 18:06:03 INFO  ApiTestCaseModel:66 - 测试用例qs_exam_smartExam断言完毕！！
 返回消息体code-----0
2021-02-09 18:06:03 INFO  ApiTestCaseModel:72 - 测试用例qs_exam_smartExam断言完毕！！
 期待obj返回消息体3
 实际obj返回消息体3
2021-02-09 18:06:04 INFO  ApiTestCaseModel:63 - 测试用例qs_exam_examAnalysis断言完毕！！
 返回消息体msg-----成功
2021-02-09 18:06:04 INFO  ApiTestCaseModel:66 - 测试用例qs_exam_examAnalysis断言完毕！！
 返回消息体code-----0
2021-02-09 18:06:04 INFO  ApiTestCaseModel:72 - 测试用例qs_exam_examAnalysis断言完毕！！
 期待obj返回消息体2
 实际obj返回消息体2
2021-02-09 18:06:04 INFO  ApiTestCaseModel:63 - 测试用例qs_exam_recordView断言完毕！！
 返回消息体msg-----成功
2021-02-09 18:06:04 INFO  ApiTestCaseModel:66 - 测试用例qs_exam_recordView断言完毕！！
 返回消息体code-----0
2021-02-09 18:06:04 INFO  ApiTestCaseModel:72 - 测试用例qs_exam_recordView断言完毕！！
 期待obj返回消息体15
 实际obj返回消息体15
2021-02-09 18:06:04 INFO  ApiTestCaseModel:63 - 测试用例qs_exam_collectQues断言完毕！！
 返回消息体msg-----成功
2021-02-09 18:06:04 INFO  ApiTestCaseModel:66 - 测试用例qs_exam_collectQues断言完毕！！
 返回消息体code-----0
2021-02-09 18:06:04 INFO  ApiTestCaseModel:69 - 返回消息obj体中为空，无需断言
2021-02-09 18:06:05 INFO  ApiTestCaseModel:63 - 测试用例qs_exam_unCollectQues断言完毕！！
 返回消息体msg-----成功
2021-02-09 18:06:05 INFO  ApiTestCaseModel:66 - 测试用例qs_exam_unCollectQues断言完毕！！
 返回消息体code-----0
2021-02-09 18:06:05 INFO  ApiTestCaseModel:69 - 返回消息obj体中为空，无需断言
2021-02-09 18:06:05 INFO  ApiTestCaseModel:63 - 测试用例qs_exam_getVideoPlayInfo断言完毕！！
 返回消息体msg-----成功
2021-02-09 18:06:05 INFO  ApiTestCaseModel:66 - 测试用例qs_exam_getVideoPlayInfo断言完毕！！
 返回消息体code-----0
2021-02-09 18:06:05 INFO  ApiTestCaseModel:72 - 测试用例qs_exam_getVideoPlayInfo断言完毕！！
 期待obj返回消息体4
 实际obj返回消息体4
2021-02-09 18:06:05 INFO  ApiTestCaseModel:63 - 测试用例qs_exam_wrongQuesByQuesType断言完毕！！
 返回消息体msg-----成功
2021-02-09 18:06:05 INFO  ApiTestCaseModel:66 - 测试用例qs_exam_wrongQuesByQuesType断言完毕！！
 返回消息体code-----0
2021-02-09 18:06:05 INFO  ApiTestCaseModel:72 - 测试用例qs_exam_wrongQuesByQuesType断言完毕！！
 期待obj返回消息体2
 实际obj返回消息体2
2021-02-09 18:06:05 INFO  ApiTestCaseModel:63 - 测试用例qs_exam_correctionTypeList断言完毕！！
 返回消息体msg-----成功
2021-02-09 18:06:05 INFO  ApiTestCaseModel:66 - 测试用例qs_exam_correctionTypeList断言完毕！！
 返回消息体code-----0
2021-02-09 18:06:05 INFO  ApiTestCaseModel:72 - 测试用例qs_exam_correctionTypeList断言完毕！！
 期待obj返回消息体1
 实际obj返回消息体1
2021-02-09 18:06:06 INFO  ApiTestCaseModel:63 - 测试用例qs_exam_wrongQuesDetail断言完毕！！
 返回消息体msg-----成功
2021-02-09 18:06:06 INFO  ApiTestCaseModel:66 - 测试用例qs_exam_wrongQuesDetail断言完毕！！
 返回消息体code-----0
2021-02-09 18:06:06 INFO  ApiTestCaseModel:72 - 测试用例qs_exam_wrongQuesDetail断言完毕！！
 期待obj返回消息体5
 实际obj返回消息体5
2021-02-09 18:06:06 INFO  ApiTestCaseModel:63 - 测试用例qs_exam_collectQues断言完毕！！
 返回消息体msg-----成功
2021-02-09 18:06:06 INFO  ApiTestCaseModel:66 - 测试用例qs_exam_collectQues断言完毕！！
 返回消息体code-----0
2021-02-09 18:06:06 INFO  ApiTestCaseModel:69 - 返回消息obj体中为空，无需断言
2021-02-09 18:06:06 INFO  ApiTestCaseModel:63 - 测试用例qs_exam_removeWrongQuesByUser断言完毕！！
 返回消息体msg-----成功
2021-02-09 18:06:06 INFO  ApiTestCaseModel:66 - 测试用例qs_exam_removeWrongQuesByUser断言完毕！！
 返回消息体code-----0
2021-02-09 18:06:06 INFO  ApiTestCaseModel:72 - 测试用例qs_exam_removeWrongQuesByUser断言完毕！！
 期待obj返回消息体1
 实际obj返回消息体1
2021-02-09 18:06:06 INFO  ApiTestCaseModel:63 - 测试用例qs_exam_subjectListByUserExtendId断言完毕！！
 返回消息体msg-----成功
2021-02-09 18:06:06 INFO  ApiTestCaseModel:66 - 测试用例qs_exam_subjectListByUserExtendId断言完毕！！
 返回消息体code-----0
2021-02-09 18:06:06 INFO  ApiTestCaseModel:72 - 测试用例qs_exam_subjectListByUserExtendId断言完毕！！
 期待obj返回消息体1
 实际obj返回消息体1
2021-02-09 18:06:07 INFO  ApiTestCaseModel:63 - 测试用例qs_exam_smartGoToExam断言完毕！！
 返回消息体msg-----成功
2021-02-09 18:06:07 INFO  ApiTestCaseModel:66 - 测试用例qs_exam_smartGoToExam断言完毕！！
 返回消息体code-----0
2021-02-09 18:06:07 INFO  ApiTestCaseModel:72 - 测试用例qs_exam_smartGoToExam断言完毕！！
 期待obj返回消息体5
 实际obj返回消息体5
2021-02-09 18:06:07 INFO  ApiTestCaseModel:63 - 测试用例qs_exam_wrongQuesByKp断言完毕！！
 返回消息体msg-----成功
2021-02-09 18:06:07 INFO  ApiTestCaseModel:66 - 测试用例qs_exam_wrongQuesByKp断言完毕！！
 返回消息体code-----0
2021-02-09 18:06:07 INFO  ApiTestCaseModel:72 - 测试用例qs_exam_wrongQuesByKp断言完毕！！
 期待obj返回消息体2
 实际obj返回消息体2
2021-02-09 18:06:08 INFO  ApiTestCaseModel:63 - 测试用例qs_exam_paperRecordList断言完毕！！
 返回消息体msg-----成功
2021-02-09 18:06:08 INFO  ApiTestCaseModel:66 - 测试用例qs_exam_paperRecordList断言完毕！！
 返回消息体code-----0
2021-02-09 18:06:08 INFO  ApiTestCaseModel:72 - 测试用例qs_exam_paperRecordList断言完毕！！
 期待obj返回消息体5
 实际obj返回消息体5
2021-02-09 18:06:08 INFO  ApiTestCaseModel:63 - 测试用例qs_exam_goToExam断言完毕！！
 返回消息体msg-----成功
2021-02-09 18:06:08 INFO  ApiTestCaseModel:66 - 测试用例qs_exam_goToExam断言完毕！！
 返回消息体code-----0
2021-02-09 18:06:08 INFO  ApiTestCaseModel:72 - 测试用例qs_exam_goToExam断言完毕！！
 期待obj返回消息体5
 实际obj返回消息体5
2021-02-09 18:06:08 INFO  ApiTestCaseModel:63 - 测试用例qs_exam_paperListByPaperType断言完毕！！
 返回消息体msg-----成功
2021-02-09 18:06:08 INFO  ApiTestCaseModel:66 - 测试用例qs_exam_paperListByPaperType断言完毕！！
 返回消息体code-----0
2021-02-09 18:06:08 INFO  ApiTestCaseModel:72 - 测试用例qs_exam_paperListByPaperType断言完毕！！
 期待obj返回消息体1
 实际obj返回消息体1
2021-02-18 15:33:46 INFO  ApiTestCaseModel:63 - 测试用例qs_study_systemStatus断言完毕！！
 返回消息体msg-----成功
2021-02-18 15:33:46 INFO  ApiTestCaseModel:66 - 测试用例qs_study_systemStatus断言完毕！！
 返回消息体code-----0
2021-02-18 15:33:46 INFO  ApiTestCaseModel:72 - 测试用例qs_study_systemStatus断言完毕！！
 期待obj返回消息体9
 实际obj返回消息体9
2021-02-18 15:33:47 INFO  ApiTestCaseModel:63 - 测试用例qs_study_startStudyQues断言完毕！！
 返回消息体msg-----成功
2021-02-18 15:33:47 INFO  ApiTestCaseModel:66 - 测试用例qs_study_startStudyQues断言完毕！！
 返回消息体code-----0
2021-02-18 15:33:47 INFO  ApiTestCaseModel:72 - 测试用例qs_study_startStudyQues断言完毕！！
 期待obj返回消息体1
 实际obj返回消息体1
2021-02-18 15:33:47 INFO  ApiTestCaseModel:63 - 测试用例qs_study_index断言完毕！！
 返回消息体msg-----成功
2021-02-18 15:33:48 INFO  ApiTestCaseModel:66 - 测试用例qs_study_index断言完毕！！
 返回消息体code-----0
2021-02-18 15:33:48 INFO  ApiTestCaseModel:72 - 测试用例qs_study_index断言完毕！！
 期待obj返回消息体3
 实际obj返回消息体3
2021-02-18 15:33:48 INFO  ApiTestCaseModel:63 - 测试用例qs_study_getTodayLecture断言完毕！！
 返回消息体msg-----成功
2021-02-18 15:33:48 INFO  ApiTestCaseModel:66 - 测试用例qs_study_getTodayLecture断言完毕！！
 返回消息体code-----0
2021-02-18 15:33:48 INFO  ApiTestCaseModel:72 - 测试用例qs_study_getTodayLecture断言完毕！！
 期待obj返回消息体1
 实际obj返回消息体1
2021-02-18 15:33:53 INFO  ApiTestCaseModel:63 - 测试用例qs_study_shareStudyReport断言完毕！！
 返回消息体msg-----成功
2021-02-18 15:33:53 INFO  ApiTestCaseModel:66 - 测试用例qs_study_shareStudyReport断言完毕！！
 返回消息体code-----0
2021-02-18 15:33:53 INFO  ApiTestCaseModel:72 - 测试用例qs_study_shareStudyReport断言完毕！！
 期待obj返回消息体1
 实际obj返回消息体1
2021-02-18 15:33:54 INFO  ApiTestCaseModel:63 - 测试用例qs_study_startStudyAnswer断言完毕！！
 返回消息体msg-----成功
2021-02-18 15:33:54 INFO  ApiTestCaseModel:66 - 测试用例qs_study_startStudyAnswer断言完毕！！
 返回消息体code-----0
2021-02-18 15:33:54 INFO  ApiTestCaseModel:72 - 测试用例qs_study_startStudyAnswer断言完毕！！
 期待obj返回消息体2
 实际obj返回消息体2
2021-02-19 11:37:06 INFO  ApiTestCaseModel:63 - 测试用例qs_study_systemStatus断言完毕！！
 返回消息体msg-----成功
2021-02-19 11:37:06 INFO  ApiTestCaseModel:66 - 测试用例qs_study_systemStatus断言完毕！！
 返回消息体code-----0
2021-02-19 11:37:06 INFO  ApiTestCaseModel:72 - 测试用例qs_study_systemStatus断言完毕！！
 期待obj返回消息体9
 实际obj返回消息体9
2021-02-19 11:37:07 INFO  ApiTestCaseModel:63 - 测试用例qs_study_startStudyQues断言完毕！！
 返回消息体msg-----成功
2021-02-19 11:37:07 INFO  ApiTestCaseModel:66 - 测试用例qs_study_startStudyQues断言完毕！！
 返回消息体code-----0
2021-02-19 11:37:08 INFO  ApiTestCaseModel:63 - 测试用例qs_study_index断言完毕！！
 返回消息体msg-----成功
2021-02-19 11:37:08 INFO  ApiTestCaseModel:66 - 测试用例qs_study_index断言完毕！！
 返回消息体code-----0
2021-02-19 11:37:08 INFO  ApiTestCaseModel:72 - 测试用例qs_study_index断言完毕！！
 期待obj返回消息体3
 实际obj返回消息体3
2021-02-19 11:37:08 INFO  ApiTestCaseModel:63 - 测试用例qs_study_getTodayLecture断言完毕！！
 返回消息体msg-----成功
2021-02-19 11:37:08 INFO  ApiTestCaseModel:66 - 测试用例qs_study_getTodayLecture断言完毕！！
 返回消息体code-----0
2021-02-19 11:37:08 INFO  ApiTestCaseModel:72 - 测试用例qs_study_getTodayLecture断言完毕！！
 期待obj返回消息体1
 实际obj返回消息体1
2021-02-19 11:37:09 INFO  ApiTestCaseModel:63 - 测试用例qs_study_shareStudyReport断言完毕！！
 返回消息体msg-----成功
2021-02-19 11:37:09 INFO  ApiTestCaseModel:66 - 测试用例qs_study_shareStudyReport断言完毕！！
 返回消息体code-----0
2021-02-19 11:37:09 INFO  ApiTestCaseModel:72 - 测试用例qs_study_shareStudyReport断言完毕！！
 期待obj返回消息体1
 实际obj返回消息体1
2021-02-19 11:37:10 INFO  ApiTestCaseModel:63 - 测试用例qs_course_courseTimeConfig断言完毕！！
 返回消息体msg-----成功
2021-02-19 11:37:10 INFO  ApiTestCaseModel:66 - 测试用例qs_course_courseTimeConfig断言完毕！！
 返回消息体code-----0
2021-02-19 11:37:10 INFO  ApiTestCaseModel:72 - 测试用例qs_course_courseTimeConfig断言完毕！！
 期待obj返回消息体2
 实际obj返回消息体2
2021-02-19 11:37:10 INFO  ApiTestCaseModel:63 - 测试用例qs_course_genUserSign断言完毕！！
 返回消息体msg-----成功
2021-02-19 11:37:10 INFO  ApiTestCaseModel:66 - 测试用例qs_course_genUserSign断言完毕！！
 返回消息体code-----0
2021-02-19 11:37:10 INFO  ApiTestCaseModel:72 - 测试用例qs_course_genUserSign断言完毕！！
 期待obj返回消息体1
 实际obj返回消息体1
2021-02-19 11:37:10 INFO  ApiTestCaseModel:63 - 测试用例qs_course_lectureVideoInfoWithLog断言完毕！！
 返回消息体msg-----成功
2021-02-19 11:37:10 INFO  ApiTestCaseModel:66 - 测试用例qs_course_lectureVideoInfoWithLog断言完毕！！
 返回消息体code-----0
2021-02-19 11:37:10 INFO  ApiTestCaseModel:72 - 测试用例qs_course_lectureVideoInfoWithLog断言完毕！！
 期待obj返回消息体4
 实际obj返回消息体4
2021-02-19 11:37:10 INFO  ApiTestCaseModel:63 - 测试用例qs_course_getLecturePlayInfoByRoomId断言完毕！！
 返回消息体msg-----成功
2021-02-19 11:37:10 INFO  ApiTestCaseModel:66 - 测试用例qs_course_getLecturePlayInfoByRoomId断言完毕！！
 返回消息体code-----0
2021-02-19 11:37:10 INFO  ApiTestCaseModel:72 - 测试用例qs_course_getLecturePlayInfoByRoomId断言完毕！！
 期待obj返回消息体19
 实际obj返回消息体19
2021-02-19 11:37:11 INFO  ApiTestCaseModel:63 - 测试用例qs_course_submitTimeConfigAnswer断言完毕！！
 返回消息体msg-----成功
2021-02-19 11:37:11 INFO  ApiTestCaseModel:66 - 测试用例qs_course_submitTimeConfigAnswer断言完毕！！
 返回消息体code-----0
2021-02-19 11:37:11 INFO  ApiTestCaseModel:69 - 返回消息obj体中为空，无需断言
2021-02-19 11:37:11 INFO  ApiTestCaseModel:63 - 测试用例qs_course_teacherListByLectureId断言完毕！！
 返回消息体msg-----成功
2021-02-19 11:37:11 INFO  ApiTestCaseModel:66 - 测试用例qs_course_teacherListByLectureId断言完毕！！
 返回消息体code-----0
2021-02-19 11:37:11 INFO  ApiTestCaseModel:72 - 测试用例qs_course_teacherListByLectureId断言完毕！！
 期待obj返回消息体1
 实际obj返回消息体1
2021-02-19 11:37:11 INFO  ApiTestCaseModel:63 - 测试用例qs_course_kpCardByLectureId断言完毕！！
 返回消息体msg-----成功
2021-02-19 11:37:11 INFO  ApiTestCaseModel:66 - 测试用例qs_course_kpCardByLectureId断言完毕！！
 返回消息体code-----0
2021-02-19 11:37:11 INFO  ApiTestCaseModel:72 - 测试用例qs_course_kpCardByLectureId断言完毕！！
 期待obj返回消息体1
 实际obj返回消息体1
2021-02-19 11:37:11 INFO  ApiTestCaseModel:63 - 测试用例qs_course_roomListByLectureIds断言完毕！！
 返回消息体msg-----成功
2021-02-19 11:37:11 INFO  ApiTestCaseModel:66 - 测试用例qs_course_roomListByLectureIds断言完毕！！
 返回消息体code-----0
2021-02-19 11:37:11 INFO  ApiTestCaseModel:72 - 测试用例qs_course_roomListByLectureIds断言完毕！！
 期待obj返回消息体1
 实际obj返回消息体1
2021-02-19 11:37:11 INFO  ApiTestCaseModel:63 - 测试用例qs_course_courseByKpId断言完毕！！
 返回消息体msg-----成功
2021-02-19 11:37:11 INFO  ApiTestCaseModel:66 - 测试用例qs_course_courseByKpId断言完毕！！
 返回消息体code-----0
2021-02-19 11:37:11 INFO  ApiTestCaseModel:72 - 测试用例qs_course_courseByKpId断言完毕！！
 期待obj返回消息体8
 实际obj返回消息体8
2021-02-19 11:37:14 INFO  ApiTestCaseModel:63 - 测试用例qs_course_createRoom断言完毕！！
 返回消息体msg-----成功
2021-02-19 11:37:14 INFO  ApiTestCaseModel:66 - 测试用例qs_course_createRoom断言完毕！！
 返回消息体code-----0
2021-02-19 11:37:14 INFO  ApiTestCaseModel:72 - 测试用例qs_course_createRoom断言完毕！！
 期待obj返回消息体6
 实际obj返回消息体6
2021-02-19 11:37:14 INFO  ApiTestCaseModel:63 - 测试用例qs_course_resetRoomUserStatus断言完毕！！
 返回消息体msg-----成功
2021-02-19 11:37:14 INFO  ApiTestCaseModel:66 - 测试用例qs_course_resetRoomUserStatus断言完毕！！
 返回消息体code-----0
2021-02-19 11:37:14 INFO  ApiTestCaseModel:69 - 返回消息obj体中为空，无需断言
2021-02-19 11:37:14 INFO  ApiTestCaseModel:63 - 测试用例qs_course_courseHandoutByLectureId断言完毕！！
 返回消息体msg-----成功
2021-02-19 11:37:14 INFO  ApiTestCaseModel:66 - 测试用例qs_course_courseHandoutByLectureId断言完毕！！
 返回消息体code-----0
2021-02-19 11:37:14 INFO  ApiTestCaseModel:72 - 测试用例qs_course_courseHandoutByLectureId断言完毕！！
 期待obj返回消息体7
 实际obj返回消息体7
2021-02-19 11:37:14 INFO  ApiTestCaseModel:63 - 测试用例qs_course_courseByLectureId断言完毕！！
 返回消息体msg-----成功
2021-02-19 11:37:14 INFO  ApiTestCaseModel:66 - 测试用例qs_course_courseByLectureId断言完毕！！
 返回消息体code-----0
2021-02-19 11:37:14 INFO  ApiTestCaseModel:72 - 测试用例qs_course_courseByLectureId断言完毕！！
 期待obj返回消息体7
 实际obj返回消息体7
2021-02-19 11:37:15 INFO  ApiTestCaseModel:63 - 测试用例qs_course_lectureVideoInfo断言完毕！！
 返回消息体msg-----成功
2021-02-19 11:37:15 INFO  ApiTestCaseModel:66 - 测试用例qs_course_lectureVideoInfo断言完毕！！
 返回消息体code-----0
2021-02-19 11:37:15 INFO  ApiTestCaseModel:72 - 测试用例qs_course_lectureVideoInfo断言完毕！！
 期待obj返回消息体6
 实际obj返回消息体6
2021-02-19 11:37:15 INFO  ApiTestCaseModel:63 - 测试用例qs_course_syncTimeConfig断言完毕！！
 返回消息体msg-----成功
2021-02-19 11:37:15 INFO  ApiTestCaseModel:66 - 测试用例qs_course_syncTimeConfig断言完毕！！
 返回消息体code-----0
2021-02-19 11:37:15 INFO  ApiTestCaseModel:69 - 返回消息obj体中为空，无需断言
2021-02-19 11:37:15 INFO  ApiTestCaseModel:63 - 测试用例qs_course_doShareRoom断言完毕！！
 返回消息体msg-----成功
2021-02-19 11:37:15 INFO  ApiTestCaseModel:66 - 测试用例qs_course_doShareRoom断言完毕！！
 返回消息体code-----0
2021-02-19 11:37:15 INFO  ApiTestCaseModel:69 - 返回消息obj体中为空，无需断言
2021-02-19 11:37:15 INFO  ApiTestCaseModel:63 - 测试用例qs_course_syncCourseRecord断言完毕！！
 返回消息体msg-----成功
2021-02-19 11:37:15 INFO  ApiTestCaseModel:66 - 测试用例qs_course_syncCourseRecord断言完毕！！
 返回消息体code-----0
2021-02-19 11:37:15 INFO  ApiTestCaseModel:69 - 返回消息obj体中为空，无需断言
2021-02-19 11:37:16 INFO  ApiTestCaseModel:63 - 测试用例qs_solve_askAndReplyList断言完毕！！
 返回消息体msg-----成功
2021-02-19 11:37:16 INFO  ApiTestCaseModel:66 - 测试用例qs_solve_askAndReplyList断言完毕！！
 返回消息体code-----0
2021-02-19 11:37:16 INFO  ApiTestCaseModel:72 - 测试用例qs_solve_askAndReplyList断言完毕！！
 期待obj返回消息体1
 实际obj返回消息体1
2021-02-19 11:37:16 INFO  ApiTestCaseModel:63 - 测试用例qs_solve_cancelSolve断言完毕！！
 返回消息体msg-----成功
2021-02-19 11:37:16 INFO  ApiTestCaseModel:66 - 测试用例qs_solve_cancelSolve断言完毕！！
 返回消息体code-----0
2021-02-19 11:37:16 INFO  ApiTestCaseModel:72 - 测试用例qs_solve_cancelSolve断言完毕！！
 期待obj返回消息体1
 实际obj返回消息体1
2021-02-19 11:37:16 INFO  ApiTestCaseModel:63 - 测试用例qs_solve_myAnswerList断言完毕！！
 返回消息体msg-----成功
2021-02-19 11:37:17 INFO  ApiTestCaseModel:66 - 测试用例qs_solve_myAnswerList断言完毕！！
 返回消息体code-----0
2021-02-19 11:37:17 INFO  ApiTestCaseModel:72 - 测试用例qs_solve_myAnswerList断言完毕！！
 期待obj返回消息体5
 实际obj返回消息体5
2021-02-19 11:37:17 INFO  ApiTestCaseModel:63 - 测试用例qs_solve_saveAskQuestion断言完毕！！
 返回消息体msg-----成功
2021-02-19 11:37:17 INFO  ApiTestCaseModel:66 - 测试用例qs_solve_saveAskQuestion断言完毕！！
 返回消息体code-----0
2021-02-19 11:37:17 INFO  ApiTestCaseModel:69 - 返回消息obj体中为空，无需断言
2021-02-19 11:37:17 INFO  ApiTestCaseModel:63 - 测试用例qs_solve_getReplyExpireMsg断言完毕！！
 返回消息体msg-----成功
2021-02-19 11:37:17 INFO  ApiTestCaseModel:66 - 测试用例qs_solve_getReplyExpireMsg断言完毕！！
 返回消息体code-----0
2021-02-19 11:37:17 INFO  ApiTestCaseModel:72 - 测试用例qs_solve_getReplyExpireMsg断言完毕！！
 期待obj返回消息体1
 实际obj返回消息体1
2021-02-19 11:37:17 INFO  ApiTestCaseModel:63 - 测试用例qs_solve_saveSolveDetail断言完毕！！
 返回消息体msg-----成功
2021-02-19 11:37:17 INFO  ApiTestCaseModel:66 - 测试用例qs_solve_saveSolveDetail断言完毕！！
 返回消息体code-----0
2021-02-19 11:37:17 INFO  ApiTestCaseModel:69 - 返回消息obj体中为空，无需断言
2021-02-19 11:37:17 INFO  ApiTestCaseModel:63 - 测试用例qs_solve_solveDetail断言完毕！！
 返回消息体msg-----成功
2021-02-19 11:37:17 INFO  ApiTestCaseModel:66 - 测试用例qs_solve_solveDetail断言完毕！！
 返回消息体code-----0
2021-02-19 11:37:17 INFO  ApiTestCaseModel:72 - 测试用例qs_solve_solveDetail断言完毕！！
 期待obj返回消息体9
 实际obj返回消息体9
2021-02-19 11:37:17 INFO  ApiTestCaseModel:63 - 测试用例qs_solve_saveAgainAskQuestion断言完毕！！
 返回消息体msg-----成功
2021-02-19 11:37:17 INFO  ApiTestCaseModel:66 - 测试用例qs_solve_saveAgainAskQuestion断言完毕！！
 返回消息体code-----0
2021-02-19 11:37:17 INFO  ApiTestCaseModel:69 - 返回消息obj体中为空，无需断言
2021-02-19 11:37:17 INFO  ApiTestCaseModel:63 - 测试用例qs_solve_leftAskNum断言完毕！！
 返回消息体msg-----成功
2021-02-19 11:37:17 INFO  ApiTestCaseModel:66 - 测试用例qs_solve_leftAskNum断言完毕！！
 返回消息体code-----0
2021-02-19 11:37:17 INFO  ApiTestCaseModel:72 - 测试用例qs_solve_leftAskNum断言完毕！！
 期待obj返回消息体3
 实际obj返回消息体3
2021-02-19 11:37:18 INFO  ApiTestCaseModel:63 - 测试用例qs_curriculum_dayList断言完毕！！
 返回消息体msg-----成功
2021-02-19 11:37:18 INFO  ApiTestCaseModel:66 - 测试用例qs_curriculum_dayList断言完毕！！
 返回消息体code-----0
2021-02-19 11:37:18 INFO  ApiTestCaseModel:72 - 测试用例qs_curriculum_dayList断言完毕！！
 期待obj返回消息体1
 实际obj返回消息体1
2021-02-19 11:37:19 INFO  ApiTestCaseModel:63 - 测试用例qs_shop_index断言完毕！！
 返回消息体msg-----成功
2021-02-19 11:37:19 INFO  ApiTestCaseModel:66 - 测试用例qs_shop_index断言完毕！！
 返回消息体code-----0
2021-02-19 11:37:19 INFO  ApiTestCaseModel:63 - 测试用例qs_activation_completeActivation断言完毕！！
 返回消息体msg-----成功
2021-02-19 11:37:19 INFO  ApiTestCaseModel:66 - 测试用例qs_activation_completeActivation断言完毕！！
 返回消息体code-----0
2021-02-19 11:37:19 INFO  ApiTestCaseModel:72 - 测试用例qs_activation_completeActivation断言完毕！！
 期待obj返回消息体1
 实际obj返回消息体1
2021-02-19 11:37:20 INFO  ApiTestCaseModel:63 - 测试用例qs_activation_renewActivation断言完毕！！
 返回消息体msg-----成功
2021-02-19 11:37:20 INFO  ApiTestCaseModel:66 - 测试用例qs_activation_renewActivation断言完毕！！
 返回消息体code-----0
2021-02-19 11:37:20 INFO  ApiTestCaseModel:72 - 测试用例qs_activation_renewActivation断言完毕！！
 期待obj返回消息体0
 实际obj返回消息体0
2021-02-19 11:37:21 INFO  ApiTestCaseModel:63 - 测试用例qs_activation_shareLearnPlan断言完毕！！
 返回消息体msg-----成功
2021-02-19 11:37:21 INFO  ApiTestCaseModel:66 - 测试用例qs_activation_shareLearnPlan断言完毕！！
 返回消息体code-----0
2021-02-19 11:37:21 INFO  ApiTestCaseModel:63 - 测试用例qs_activation_normalMode断言完毕！！
 返回消息体msg-----成功
2021-02-19 11:37:21 INFO  ApiTestCaseModel:66 - 测试用例qs_activation_normalMode断言完毕！！
 返回消息体code-----0
2021-02-19 11:37:21 INFO  ApiTestCaseModel:72 - 测试用例qs_activation_normalMode断言完毕！！
 期待obj返回消息体1
 实际obj返回消息体1
2021-02-19 11:37:22 INFO  ApiTestCaseModel:63 - 测试用例qs_activation_questionsAndAnswers断言完毕！！
 返回消息体msg-----成功
2021-02-19 11:37:22 INFO  ApiTestCaseModel:66 - 测试用例qs_activation_questionsAndAnswers断言完毕！！
 返回消息体code-----0
2021-02-19 11:37:22 INFO  ApiTestCaseModel:72 - 测试用例qs_activation_questionsAndAnswers断言完毕！！
 期待obj返回消息体3
 实际obj返回消息体3
2021-02-19 11:37:22 INFO  ApiTestCaseModel:63 - 测试用例qs_activation_submitQues断言完毕！！
 返回消息体msg-----成功
2021-02-19 11:37:22 INFO  ApiTestCaseModel:66 - 测试用例qs_activation_submitQues断言完毕！！
 返回消息体code-----0
2021-02-19 11:37:22 INFO  ApiTestCaseModel:72 - 测试用例qs_activation_submitQues断言完毕！！
 期待obj返回消息体4
 实际obj返回消息体4
2021-02-19 11:37:22 INFO  ApiTestCaseModel:63 - 测试用例qs_activation_cancelQues断言完毕！！
 返回消息体msg-----成功
2021-02-19 11:37:22 INFO  ApiTestCaseModel:66 - 测试用例qs_activation_cancelQues断言完毕！！
 返回消息体code-----0
2021-02-19 11:37:22 INFO  ApiTestCaseModel:72 - 测试用例qs_activation_cancelQues断言完毕！！
 期待obj返回消息体0
 实际obj返回消息体0
2021-02-19 11:37:22 INFO  ApiTestCaseModel:63 - 测试用例qs_knowledgePoint_genKpListByMode断言完毕！！
 返回消息体msg-----成功
2021-02-19 11:37:22 INFO  ApiTestCaseModel:66 - 测试用例qs_knowledgePoint_genKpListByMode断言完毕！！
 返回消息体code-----0
2021-02-19 11:37:22 INFO  ApiTestCaseModel:72 - 测试用例qs_knowledgePoint_genKpListByMode断言完毕！！
 期待obj返回消息体1
 实际obj返回消息体1
2021-02-19 11:37:23 INFO  ApiTestCaseModel:63 - 测试用例qs_knowledgePoint_kpDetailListByKpIds断言完毕！！
 返回消息体msg-----成功
2021-02-19 11:37:23 INFO  ApiTestCaseModel:66 - 测试用例qs_knowledgePoint_kpDetailListByKpIds断言完毕！！
 返回消息体code-----0
2021-02-19 11:37:23 INFO  ApiTestCaseModel:72 - 测试用例qs_knowledgePoint_kpDetailListByKpIds断言完毕！！
 期待obj返回消息体1
 实际obj返回消息体1
2021-02-19 11:37:23 INFO  ApiTestCaseModel:63 - 测试用例qs_knowledgePoint_syncKpVoiceRecord断言完毕！！
 返回消息体msg-----成功
2021-02-19 11:37:23 INFO  ApiTestCaseModel:66 - 测试用例qs_knowledgePoint_syncKpVoiceRecord断言完毕！！
 返回消息体code-----0
2021-02-19 11:37:23 INFO  ApiTestCaseModel:69 - 返回消息obj体中为空，无需断言
2021-02-19 11:37:23 INFO  ApiTestCaseModel:63 - 测试用例qs_knowledgePoint_selfModeKpList断言完毕！！
 返回消息体msg-----成功
2021-02-19 11:37:23 INFO  ApiTestCaseModel:66 - 测试用例qs_knowledgePoint_selfModeKpList断言完毕！！
 返回消息体code-----0
2021-02-19 11:37:23 INFO  ApiTestCaseModel:72 - 测试用例qs_knowledgePoint_selfModeKpList断言完毕！！
 期待obj返回消息体1
 实际obj返回消息体1
2021-02-19 11:37:23 INFO  ApiTestCaseModel:63 - 测试用例qs_knowledgePoint_getKpVedioByKpId断言完毕！！
 返回消息体msg-----成功
2021-02-19 11:37:23 INFO  ApiTestCaseModel:66 - 测试用例qs_knowledgePoint_getKpVedioByKpId断言完毕！！
 返回消息体code-----0
2021-02-19 11:37:23 INFO  ApiTestCaseModel:72 - 测试用例qs_knowledgePoint_getKpVedioByKpId断言完毕！！
 期待obj返回消息体2
 实际obj返回消息体2
2021-02-19 11:37:23 INFO  ApiTestCaseModel:63 - 测试用例qs_knowledgePoint_kpNoteByUserId断言完毕！！
 返回消息体msg-----成功
2021-02-19 11:37:23 INFO  ApiTestCaseModel:66 - 测试用例qs_knowledgePoint_kpNoteByUserId断言完毕！！
 返回消息体code-----0
2021-02-19 11:37:23 INFO  ApiTestCaseModel:69 - 返回消息obj体中为空，无需断言
2021-02-19 11:37:24 INFO  ApiTestCaseModel:63 - 测试用例qs_knowledgePoint_unlockKpList断言完毕！！
 返回消息体msg-----成功
2021-02-19 11:37:24 INFO  ApiTestCaseModel:66 - 测试用例qs_knowledgePoint_unlockKpList断言完毕！！
 返回消息体code-----0
2021-02-19 11:37:24 INFO  ApiTestCaseModel:72 - 测试用例qs_knowledgePoint_unlockKpList断言完毕！！
 期待obj返回消息体3
 实际obj返回消息体3
2021-02-19 11:37:24 INFO  ApiTestCaseModel:63 - 测试用例qs_knowledgePoint_selfModeChooseKp断言完毕！！
 返回消息体msg-----成功
2021-02-19 11:37:24 INFO  ApiTestCaseModel:66 - 测试用例qs_knowledgePoint_selfModeChooseKp断言完毕！！
 返回消息体code-----0
2021-02-19 11:37:24 INFO  ApiTestCaseModel:69 - 返回消息obj体中为空，无需断言
2021-02-19 11:37:24 INFO  ApiTestCaseModel:63 - 测试用例qs_solveDetailCollection_myCollection断言完毕！！
 返回消息体msg-----成功
2021-02-19 11:37:24 INFO  ApiTestCaseModel:66 - 测试用例qs_solveDetailCollection_myCollection断言完毕！！
 返回消息体code-----0
2021-02-19 11:37:24 INFO  ApiTestCaseModel:72 - 测试用例qs_solveDetailCollection_myCollection断言完毕！！
 期待obj返回消息体5
 实际obj返回消息体5
2021-02-19 11:37:24 INFO  ApiTestCaseModel:63 - 测试用例qs_task_creditDetails断言完毕！！
 返回消息体msg-----成功
2021-02-19 11:37:24 INFO  ApiTestCaseModel:66 - 测试用例qs_task_creditDetails断言完毕！！
 返回消息体code-----0
2021-02-19 11:37:24 INFO  ApiTestCaseModel:72 - 测试用例qs_task_creditDetails断言完毕！！
 期待obj返回消息体5
 实际obj返回消息体5
2021-02-19 11:37:24 INFO  ApiTestCaseModel:63 - 测试用例qs_task_index断言完毕！！
 返回消息体msg-----成功
2021-02-19 11:37:24 INFO  ApiTestCaseModel:66 - 测试用例qs_task_index断言完毕！！
 返回消息体code-----0
2021-02-19 11:37:24 INFO  ApiTestCaseModel:72 - 测试用例qs_task_index断言完毕！！
 期待obj返回消息体2
 实际obj返回消息体2
2021-02-19 11:37:25 INFO  ApiTestCaseModel:63 - 测试用例qs_class_classDetail_classRank断言完毕！！
 返回消息体msg-----成功
2021-02-19 11:37:25 INFO  ApiTestCaseModel:66 - 测试用例qs_class_classDetail_classRank断言完毕！！
 返回消息体code-----0
2021-02-19 11:37:25 INFO  ApiTestCaseModel:72 - 测试用例qs_class_classDetail_classRank断言完毕！！
 期待obj返回消息体1
 实际obj返回消息体1
2021-02-19 11:37:25 INFO  ApiTestCaseModel:63 - 测试用例qs_class_personData断言完毕！！
 返回消息体msg-----成功
2021-02-19 11:37:25 INFO  ApiTestCaseModel:66 - 测试用例qs_class_personData断言完毕！！
 返回消息体code-----0
2021-02-19 11:37:25 INFO  ApiTestCaseModel:72 - 测试用例qs_class_personData断言完毕！！
 期待obj返回消息体10
 实际obj返回消息体10
2021-02-19 11:37:25 INFO  ApiTestCaseModel:63 - 测试用例qs_class_classDetail_classReport断言完毕！！
 返回消息体msg-----成功
2021-02-19 11:37:25 INFO  ApiTestCaseModel:66 - 测试用例qs_class_classDetail_classReport断言完毕！！
 返回消息体code-----0
2021-02-19 11:37:25 INFO  ApiTestCaseModel:72 - 测试用例qs_class_classDetail_classReport断言完毕！！
 期待obj返回消息体8
 实际obj返回消息体8
2021-02-19 11:37:26 INFO  ApiTestCaseModel:63 - 测试用例qs_class_index断言完毕！！
 返回消息体msg-----成功
2021-02-19 11:37:26 INFO  ApiTestCaseModel:66 - 测试用例qs_class_index断言完毕！！
 返回消息体code-----0
2021-02-19 11:37:26 INFO  ApiTestCaseModel:72 - 测试用例qs_class_index断言完毕！！
 期待obj返回消息体4
 实际obj返回消息体4
2021-02-19 11:37:26 INFO  ApiTestCaseModel:63 - 测试用例qs_exam_examIndex断言完毕！！
 返回消息体msg-----成功
2021-02-19 11:37:26 INFO  ApiTestCaseModel:66 - 测试用例qs_exam_examIndex断言完毕！！
 返回消息体code-----0
2021-02-19 11:37:26 INFO  ApiTestCaseModel:72 - 测试用例qs_exam_examIndex断言完毕！！
 期待obj返回消息体5
 实际obj返回消息体5
2021-02-19 11:37:26 INFO  ApiTestCaseModel:63 - 测试用例qs_exam_cacheAnswer断言完毕！！
 返回消息体msg-----成功
2021-02-19 11:37:26 INFO  ApiTestCaseModel:66 - 测试用例qs_exam_cacheAnswer断言完毕！！
 返回消息体code-----0
2021-02-19 11:37:26 INFO  ApiTestCaseModel:69 - 返回消息obj体中为空，无需断言
2021-02-19 11:37:27 INFO  ApiTestCaseModel:63 - 测试用例qs_exam_smartExam断言完毕！！
 返回消息体msg-----成功
2021-02-19 11:37:27 INFO  ApiTestCaseModel:66 - 测试用例qs_exam_smartExam断言完毕！！
 返回消息体code-----0
2021-02-19 11:37:27 INFO  ApiTestCaseModel:72 - 测试用例qs_exam_smartExam断言完毕！！
 期待obj返回消息体3
 实际obj返回消息体3
2021-02-19 11:37:28 INFO  ApiTestCaseModel:63 - 测试用例qs_exam_examAnalysis断言完毕！！
 返回消息体msg-----成功
2021-02-19 11:37:28 INFO  ApiTestCaseModel:66 - 测试用例qs_exam_examAnalysis断言完毕！！
 返回消息体code-----0
2021-02-19 11:37:28 INFO  ApiTestCaseModel:72 - 测试用例qs_exam_examAnalysis断言完毕！！
 期待obj返回消息体2
 实际obj返回消息体2
2021-02-19 11:37:28 INFO  ApiTestCaseModel:63 - 测试用例qs_exam_recordView断言完毕！！
 返回消息体msg-----成功
2021-02-19 11:37:28 INFO  ApiTestCaseModel:66 - 测试用例qs_exam_recordView断言完毕！！
 返回消息体code-----0
2021-02-19 11:37:28 INFO  ApiTestCaseModel:72 - 测试用例qs_exam_recordView断言完毕！！
 期待obj返回消息体15
 实际obj返回消息体15
2021-02-19 11:37:28 INFO  ApiTestCaseModel:63 - 测试用例qs_exam_getVideoPlayInfo断言完毕！！
 返回消息体msg-----成功
2021-02-19 11:37:28 INFO  ApiTestCaseModel:66 - 测试用例qs_exam_getVideoPlayInfo断言完毕！！
 返回消息体code-----0
2021-02-19 11:37:28 INFO  ApiTestCaseModel:72 - 测试用例qs_exam_getVideoPlayInfo断言完毕！！
 期待obj返回消息体4
 实际obj返回消息体4
2021-02-19 11:37:28 INFO  ApiTestCaseModel:63 - 测试用例qs_exam_wrongQuesByQuesType断言完毕！！
 返回消息体msg-----成功
2021-02-19 11:37:28 INFO  ApiTestCaseModel:66 - 测试用例qs_exam_wrongQuesByQuesType断言完毕！！
 返回消息体code-----0
2021-02-19 11:37:28 INFO  ApiTestCaseModel:72 - 测试用例qs_exam_wrongQuesByQuesType断言完毕！！
 期待obj返回消息体2
 实际obj返回消息体2
2021-02-19 11:37:28 INFO  ApiTestCaseModel:63 - 测试用例qs_exam_correctionTypeList断言完毕！！
 返回消息体msg-----成功
2021-02-19 11:37:28 INFO  ApiTestCaseModel:66 - 测试用例qs_exam_correctionTypeList断言完毕！！
 返回消息体code-----0
2021-02-19 11:37:28 INFO  ApiTestCaseModel:72 - 测试用例qs_exam_correctionTypeList断言完毕！！
 期待obj返回消息体1
 实际obj返回消息体1
2021-02-19 11:37:29 INFO  ApiTestCaseModel:63 - 测试用例qs_exam_wrongQuesDetail断言完毕！！
 返回消息体msg-----成功
2021-02-19 11:37:29 INFO  ApiTestCaseModel:66 - 测试用例qs_exam_wrongQuesDetail断言完毕！！
 返回消息体code-----0
2021-02-19 11:37:29 INFO  ApiTestCaseModel:72 - 测试用例qs_exam_wrongQuesDetail断言完毕！！
 期待obj返回消息体5
 实际obj返回消息体5
2021-02-19 11:37:29 INFO  ApiTestCaseModel:63 - 测试用例qs_exam_removeWrongQuesByUser断言完毕！！
 返回消息体msg-----成功
2021-02-19 11:37:29 INFO  ApiTestCaseModel:66 - 测试用例qs_exam_removeWrongQuesByUser断言完毕！！
 返回消息体code-----0
2021-02-19 11:37:29 INFO  ApiTestCaseModel:72 - 测试用例qs_exam_removeWrongQuesByUser断言完毕！！
 期待obj返回消息体1
 实际obj返回消息体1
2021-02-19 11:37:29 INFO  ApiTestCaseModel:63 - 测试用例qs_exam_subjectListByUserExtendId断言完毕！！
 返回消息体msg-----成功
2021-02-19 11:37:29 INFO  ApiTestCaseModel:66 - 测试用例qs_exam_subjectListByUserExtendId断言完毕！！
 返回消息体code-----0
2021-02-19 11:37:29 INFO  ApiTestCaseModel:72 - 测试用例qs_exam_subjectListByUserExtendId断言完毕！！
 期待obj返回消息体1
 实际obj返回消息体1
2021-02-19 11:37:30 INFO  ApiTestCaseModel:63 - 测试用例qs_exam_smartGoToExam断言完毕！！
 返回消息体msg-----成功
2021-02-19 11:37:30 INFO  ApiTestCaseModel:66 - 测试用例qs_exam_smartGoToExam断言完毕！！
 返回消息体code-----0
2021-02-19 11:37:30 INFO  ApiTestCaseModel:72 - 测试用例qs_exam_smartGoToExam断言完毕！！
 期待obj返回消息体5
 实际obj返回消息体5
2021-02-19 11:37:30 INFO  ApiTestCaseModel:63 - 测试用例qs_exam_wrongQuesByKp断言完毕！！
 返回消息体msg-----成功
2021-02-19 11:37:30 INFO  ApiTestCaseModel:66 - 测试用例qs_exam_wrongQuesByKp断言完毕！！
 返回消息体code-----0
2021-02-19 11:37:30 INFO  ApiTestCaseModel:72 - 测试用例qs_exam_wrongQuesByKp断言完毕！！
 期待obj返回消息体2
 实际obj返回消息体2
2021-02-19 11:37:30 INFO  ApiTestCaseModel:63 - 测试用例qs_exam_paperRecordList断言完毕！！
 返回消息体msg-----成功
2021-02-19 11:37:30 INFO  ApiTestCaseModel:66 - 测试用例qs_exam_paperRecordList断言完毕！！
 返回消息体code-----0
2021-02-19 11:37:30 INFO  ApiTestCaseModel:72 - 测试用例qs_exam_paperRecordList断言完毕！！
 期待obj返回消息体5
 实际obj返回消息体5
2021-02-19 11:37:31 INFO  ApiTestCaseModel:63 - 测试用例qs_exam_goToExam断言完毕！！
 返回消息体msg-----成功
2021-02-19 11:37:31 INFO  ApiTestCaseModel:66 - 测试用例qs_exam_goToExam断言完毕！！
 返回消息体code-----0
2021-02-19 11:37:31 INFO  ApiTestCaseModel:72 - 测试用例qs_exam_goToExam断言完毕！！
 期待obj返回消息体5
 实际obj返回消息体5
2021-02-19 11:37:31 INFO  ApiTestCaseModel:63 - 测试用例qs_exam_paperListByPaperType断言完毕！！
 返回消息体msg-----成功
2021-02-19 11:37:31 INFO  ApiTestCaseModel:66 - 测试用例qs_exam_paperListByPaperType断言完毕！！
 返回消息体code-----0
2021-02-19 11:37:31 INFO  ApiTestCaseModel:72 - 测试用例qs_exam_paperListByPaperType断言完毕！！
 期待obj返回消息体1
 实际obj返回消息体1
2021-02-19 11:37:31 INFO  ApiTestCaseModel:63 - 测试用例qs_commentLable_commentLableList断言完毕！！
 返回消息体msg-----成功
2021-02-19 11:37:31 INFO  ApiTestCaseModel:66 - 测试用例qs_commentLable_commentLableList断言完毕！！
 返回消息体code-----0
2021-02-19 11:37:32 INFO  ApiTestCaseModel:72 - 测试用例qs_commentLable_commentLableList断言完毕！！
 期待obj返回消息体2
 实际obj返回消息体2
2021-02-19 11:37:32 INFO  ApiTestCaseModel:63 - 测试用例qs_setting_learnTime断言完毕！！
 返回消息体msg-----成功
2021-02-19 11:37:32 INFO  ApiTestCaseModel:66 - 测试用例qs_setting_learnTime断言完毕！！
 返回消息体code-----0
2021-02-19 11:37:32 INFO  ApiTestCaseModel:72 - 测试用例qs_setting_learnTime断言完毕！！
 期待obj返回消息体3
 实际obj返回消息体3
2021-02-19 11:37:32 INFO  ApiTestCaseModel:63 - 测试用例qs_setting_learnProgress断言完毕！！
 返回消息体msg-----成功
2021-02-19 11:37:32 INFO  ApiTestCaseModel:66 - 测试用例qs_setting_learnProgress断言完毕！！
 返回消息体code-----0
2021-02-19 11:37:32 INFO  ApiTestCaseModel:72 - 测试用例qs_setting_learnProgress断言完毕！！
 期待obj返回消息体2
 实际obj返回消息体2
2021-02-19 11:37:32 INFO  ApiTestCaseModel:63 - 测试用例qs_setting_learnProgressSubmit断言完毕！！
 返回消息体msg-----成功
2021-02-19 11:37:32 INFO  ApiTestCaseModel:66 - 测试用例qs_setting_learnProgressSubmit断言完毕！！
 返回消息体code-----0
2021-02-19 11:37:32 INFO  ApiTestCaseModel:69 - 返回消息obj体中为空，无需断言
2021-02-19 11:37:33 INFO  ApiTestCaseModel:63 - 测试用例qs_setting_learnPlanSwitchSubmit断言完毕！！
 返回消息体msg-----成功
2021-02-19 11:37:33 INFO  ApiTestCaseModel:66 - 测试用例qs_setting_learnPlanSwitchSubmit断言完毕！！
 返回消息体code-----0
2021-02-19 11:37:33 INFO  ApiTestCaseModel:69 - 返回消息obj体中为空，无需断言
2021-02-19 11:37:33 INFO  ApiTestCaseModel:63 - 测试用例qs_setting_switchTeacherSubmit断言完毕！！
 返回消息体msg-----成功
2021-02-19 11:37:33 INFO  ApiTestCaseModel:66 - 测试用例qs_setting_switchTeacherSubmit断言完毕！！
 返回消息体code-----0
2021-02-19 11:37:33 INFO  ApiTestCaseModel:69 - 返回消息obj体中为空，无需断言
2021-02-19 11:37:33 INFO  ApiTestCaseModel:63 - 测试用例qs_setting_classSwitch断言完毕！！
 返回消息体msg-----成功
2021-02-19 11:37:33 INFO  ApiTestCaseModel:66 - 测试用例qs_setting_classSwitch断言完毕！！
 返回消息体code-----0
2021-02-19 11:37:33 INFO  ApiTestCaseModel:72 - 测试用例qs_setting_classSwitch断言完毕！！
 期待obj返回消息体1
 实际obj返回消息体1
2021-02-19 11:37:33 INFO  ApiTestCaseModel:63 - 测试用例qs_setting_learnPlanSwitch断言完毕！！
 返回消息体msg-----成功
2021-02-19 11:37:33 INFO  ApiTestCaseModel:66 - 测试用例qs_setting_learnPlanSwitch断言完毕！！
 返回消息体code-----0
2021-02-19 11:37:33 INFO  ApiTestCaseModel:72 - 测试用例qs_setting_learnPlanSwitch断言完毕！！
 期待obj返回消息体2
 实际obj返回消息体2
2021-02-19 11:37:33 INFO  ApiTestCaseModel:63 - 测试用例qs_setting_autoCache断言完毕！！
 返回消息体msg-----成功
2021-02-19 11:37:34 INFO  ApiTestCaseModel:66 - 测试用例qs_setting_autoCache断言完毕！！
 返回消息体code-----0
2021-02-19 11:37:34 INFO  ApiTestCaseModel:72 - 测试用例qs_setting_autoCache断言完毕！！
 期待obj返回消息体1
 实际obj返回消息体1
2021-02-19 11:37:34 INFO  ApiTestCaseModel:63 - 测试用例qs_setting_switchTeacher断言完毕！！
 返回消息体msg-----成功
2021-02-19 11:37:34 INFO  ApiTestCaseModel:66 - 测试用例qs_setting_switchTeacher断言完毕！！
 返回消息体code-----0
2021-02-19 11:37:34 INFO  ApiTestCaseModel:72 - 测试用例qs_setting_switchTeacher断言完毕！！
 期待obj返回消息体1
 实际obj返回消息体1
2021-02-19 11:37:34 INFO  ApiTestCaseModel:63 - 测试用例qs_setting_learnCycleSubmit断言完毕！！
 返回消息体msg-----成功
2021-02-19 11:37:34 INFO  ApiTestCaseModel:66 - 测试用例qs_setting_learnCycleSubmit断言完毕！！
 返回消息体code-----0
2021-02-19 11:37:34 INFO  ApiTestCaseModel:69 - 返回消息obj体中为空，无需断言
2021-02-19 11:37:34 INFO  ApiTestCaseModel:63 - 测试用例qs_setting_restCycleSubmit断言完毕！！
 返回消息体msg-----成功
2021-02-19 11:37:34 INFO  ApiTestCaseModel:66 - 测试用例qs_setting_restCycleSubmit断言完毕！！
 返回消息体code-----0
2021-02-19 11:37:34 INFO  ApiTestCaseModel:69 - 返回消息obj体中为空，无需断言
2021-02-19 11:37:35 INFO  ApiTestCaseModel:63 - 测试用例qs_setting_learnMethodSubmit断言完毕！！
 返回消息体msg-----成功
2021-02-19 11:37:35 INFO  ApiTestCaseModel:66 - 测试用例qs_setting_learnMethodSubmit断言完毕！！
 返回消息体code-----0
2021-02-19 11:37:35 INFO  ApiTestCaseModel:69 - 返回消息obj体中为空，无需断言
2021-02-19 11:37:35 INFO  ApiTestCaseModel:63 - 测试用例qs_setting_index断言完毕！！
 返回消息体msg-----成功
2021-02-19 11:37:35 INFO  ApiTestCaseModel:66 - 测试用例qs_setting_index断言完毕！！
 返回消息体code-----0
2021-02-19 11:37:35 INFO  ApiTestCaseModel:72 - 测试用例qs_setting_index断言完毕！！
 期待obj返回消息体2
 实际obj返回消息体2
2021-02-19 11:37:35 INFO  ApiTestCaseModel:63 - 测试用例qs_setting_learnMethod断言完毕！！
 返回消息体msg-----成功
2021-02-19 11:37:35 INFO  ApiTestCaseModel:66 - 测试用例qs_setting_learnMethod断言完毕！！
 返回消息体code-----0
2021-02-19 11:37:35 INFO  ApiTestCaseModel:72 - 测试用例qs_setting_learnMethod断言完毕！！
 期待obj返回消息体3
 实际obj返回消息体3
2021-02-19 11:37:35 INFO  ApiTestCaseModel:63 - 测试用例qs_setting_classSwitchSubmit断言完毕！！
 返回消息体msg-----成功
2021-02-19 11:37:35 INFO  ApiTestCaseModel:66 - 测试用例qs_setting_classSwitchSubmit断言完毕！！
 返回消息体code-----0
2021-02-19 11:37:35 INFO  ApiTestCaseModel:69 - 返回消息obj体中为空，无需断言
2021-02-19 11:37:35 INFO  ApiTestCaseModel:63 - 测试用例qs_replyComment_getCommentView断言完毕！！
 返回消息体msg-----成功
2021-02-19 11:37:35 INFO  ApiTestCaseModel:66 - 测试用例qs_replyComment_getCommentView断言完毕！！
 返回消息体code-----0
2021-02-19 11:37:35 INFO  ApiTestCaseModel:72 - 测试用例qs_replyComment_getCommentView断言完毕！！
 期待obj返回消息体4
 实际obj返回消息体4
2021-02-19 11:37:36 INFO  ApiTestCaseModel:63 - 测试用例qs_study_startStudyQues断言完毕！！
 返回消息体msg-----成功
2021-02-19 11:37:36 INFO  ApiTestCaseModel:66 - 测试用例qs_study_startStudyQues断言完毕！！
 返回消息体code-----0
2021-02-19 11:37:36 INFO  ApiTestCaseModel:72 - 测试用例qs_study_startStudyQues断言完毕！！
 期待obj返回消息体2
 实际obj返回消息体2
2021-02-19 11:37:36 INFO  ApiTestCaseModel:63 - 测试用例qs_course_courseByLectureId断言完毕！！
 返回消息体msg-----成功
2021-02-19 11:37:36 INFO  ApiTestCaseModel:66 - 测试用例qs_course_courseByLectureId断言完毕！！
 返回消息体code-----0
2021-02-19 11:37:36 INFO  ApiTestCaseModel:72 - 测试用例qs_course_courseByLectureId断言完毕！！
 期待obj返回消息体7
 实际obj返回消息体7
2021-02-19 11:37:38 INFO  ApiTestCaseModel:63 - 测试用例qs_curriculum_classSchedule断言完毕！！
 返回消息体msg-----成功
2021-02-19 11:37:38 INFO  ApiTestCaseModel:66 - 测试用例qs_curriculum_classSchedule断言完毕！！
 返回消息体code-----0
2021-02-19 11:37:38 INFO  ApiTestCaseModel:69 - 返回消息obj体中为空，无需断言
2021-02-19 11:37:38 INFO  ApiTestCaseModel:63 - 测试用例qs_curriculum_dayList断言完毕！！
 返回消息体msg-----成功
2021-02-19 11:37:38 INFO  ApiTestCaseModel:66 - 测试用例qs_curriculum_dayList断言完毕！！
 返回消息体code-----0
2021-02-19 11:37:38 INFO  ApiTestCaseModel:72 - 测试用例qs_curriculum_dayList断言完毕！！
 期待obj返回消息体1
 实际obj返回消息体1
2021-02-19 11:37:38 INFO  ApiTestCaseModel:63 - 测试用例qs_marketingMessage_getMarketingMessageDetail断言完毕！！
 返回消息体msg-----成功
2021-02-19 11:37:38 INFO  ApiTestCaseModel:66 - 测试用例qs_marketingMessage_getMarketingMessageDetail断言完毕！！
 返回消息体code-----0
2021-02-19 11:45:21 INFO  ApiTestCaseModel:63 - 测试用例qs_study_systemStatus断言完毕！！
 返回消息体msg-----成功
2021-02-19 11:45:21 INFO  ApiTestCaseModel:66 - 测试用例qs_study_systemStatus断言完毕！！
 返回消息体code-----0
2021-02-19 11:45:21 INFO  ApiTestCaseModel:72 - 测试用例qs_study_systemStatus断言完毕！！
 期待obj返回消息体9
 实际obj返回消息体9
2021-02-19 11:45:21 INFO  ApiTestCaseModel:63 - 测试用例qs_study_startStudyQues断言完毕！！
 返回消息体msg-----成功
2021-02-19 11:45:21 INFO  ApiTestCaseModel:66 - 测试用例qs_study_startStudyQues断言完毕！！
 返回消息体code-----0
2021-02-19 11:45:22 INFO  ApiTestCaseModel:63 - 测试用例qs_study_index断言完毕！！
 返回消息体msg-----成功
2021-02-19 11:45:22 INFO  ApiTestCaseModel:66 - 测试用例qs_study_index断言完毕！！
 返回消息体code-----0
2021-02-19 11:45:22 INFO  ApiTestCaseModel:72 - 测试用例qs_study_index断言完毕！！
 期待obj返回消息体3
 实际obj返回消息体3
2021-02-19 11:45:22 INFO  ApiTestCaseModel:63 - 测试用例qs_study_getTodayLecture断言完毕！！
 返回消息体msg-----成功
2021-02-19 11:45:22 INFO  ApiTestCaseModel:66 - 测试用例qs_study_getTodayLecture断言完毕！！
 返回消息体code-----0
2021-02-19 11:45:22 INFO  ApiTestCaseModel:72 - 测试用例qs_study_getTodayLecture断言完毕！！
 期待obj返回消息体1
 实际obj返回消息体1
2021-02-19 11:45:23 INFO  ApiTestCaseModel:63 - 测试用例qs_study_shareStudyReport断言完毕！！
 返回消息体msg-----成功
2021-02-19 11:45:23 INFO  ApiTestCaseModel:66 - 测试用例qs_study_shareStudyReport断言完毕！！
 返回消息体code-----0
2021-02-19 11:45:23 INFO  ApiTestCaseModel:72 - 测试用例qs_study_shareStudyReport断言完毕！！
 期待obj返回消息体1
 实际obj返回消息体1
2021-02-19 11:45:24 INFO  ApiTestCaseModel:63 - 测试用例qs_course_courseTimeConfig断言完毕！！
 返回消息体msg-----成功
2021-02-19 11:45:24 INFO  ApiTestCaseModel:66 - 测试用例qs_course_courseTimeConfig断言完毕！！
 返回消息体code-----0
2021-02-19 11:45:24 INFO  ApiTestCaseModel:72 - 测试用例qs_course_courseTimeConfig断言完毕！！
 期待obj返回消息体2
 实际obj返回消息体2
2021-02-19 11:45:24 INFO  ApiTestCaseModel:63 - 测试用例qs_course_genUserSign断言完毕！！
 返回消息体msg-----成功
2021-02-19 11:45:24 INFO  ApiTestCaseModel:66 - 测试用例qs_course_genUserSign断言完毕！！
 返回消息体code-----0
2021-02-19 11:45:24 INFO  ApiTestCaseModel:72 - 测试用例qs_course_genUserSign断言完毕！！
 期待obj返回消息体1
 实际obj返回消息体1
2021-02-19 11:45:24 INFO  ApiTestCaseModel:63 - 测试用例qs_course_lectureVideoInfoWithLog断言完毕！！
 返回消息体msg-----成功
2021-02-19 11:45:24 INFO  ApiTestCaseModel:66 - 测试用例qs_course_lectureVideoInfoWithLog断言完毕！！
 返回消息体code-----0
2021-02-19 11:45:24 INFO  ApiTestCaseModel:72 - 测试用例qs_course_lectureVideoInfoWithLog断言完毕！！
 期待obj返回消息体4
 实际obj返回消息体4
2021-02-19 11:45:25 INFO  ApiTestCaseModel:63 - 测试用例qs_course_getLecturePlayInfoByRoomId断言完毕！！
 返回消息体msg-----成功
2021-02-19 11:45:25 INFO  ApiTestCaseModel:66 - 测试用例qs_course_getLecturePlayInfoByRoomId断言完毕！！
 返回消息体code-----0
2021-02-19 11:45:25 INFO  ApiTestCaseModel:72 - 测试用例qs_course_getLecturePlayInfoByRoomId断言完毕！！
 期待obj返回消息体19
 实际obj返回消息体19
2021-02-19 11:45:25 INFO  ApiTestCaseModel:63 - 测试用例qs_course_submitTimeConfigAnswer断言完毕！！
 返回消息体msg-----成功
2021-02-19 11:45:25 INFO  ApiTestCaseModel:66 - 测试用例qs_course_submitTimeConfigAnswer断言完毕！！
 返回消息体code-----0
2021-02-19 11:45:25 INFO  ApiTestCaseModel:69 - 返回消息obj体中为空，无需断言
2021-02-19 11:45:25 INFO  ApiTestCaseModel:63 - 测试用例qs_course_teacherListByLectureId断言完毕！！
 返回消息体msg-----成功
2021-02-19 11:45:25 INFO  ApiTestCaseModel:66 - 测试用例qs_course_teacherListByLectureId断言完毕！！
 返回消息体code-----0
2021-02-19 11:45:25 INFO  ApiTestCaseModel:72 - 测试用例qs_course_teacherListByLectureId断言完毕！！
 期待obj返回消息体1
 实际obj返回消息体1
2021-02-19 11:45:25 INFO  ApiTestCaseModel:63 - 测试用例qs_course_kpCardByLectureId断言完毕！！
 返回消息体msg-----成功
2021-02-19 11:45:25 INFO  ApiTestCaseModel:66 - 测试用例qs_course_kpCardByLectureId断言完毕！！
 返回消息体code-----0
2021-02-19 11:45:25 INFO  ApiTestCaseModel:72 - 测试用例qs_course_kpCardByLectureId断言完毕！！
 期待obj返回消息体1
 实际obj返回消息体1
2021-02-19 11:45:26 INFO  ApiTestCaseModel:63 - 测试用例qs_course_roomListByLectureIds断言完毕！！
 返回消息体msg-----成功
2021-02-19 11:45:26 INFO  ApiTestCaseModel:66 - 测试用例qs_course_roomListByLectureIds断言完毕！！
 返回消息体code-----0
2021-02-19 11:45:26 INFO  ApiTestCaseModel:72 - 测试用例qs_course_roomListByLectureIds断言完毕！！
 期待obj返回消息体1
 实际obj返回消息体1
2021-02-19 11:45:26 INFO  ApiTestCaseModel:63 - 测试用例qs_course_courseByKpId断言完毕！！
 返回消息体msg-----成功
2021-02-19 11:45:26 INFO  ApiTestCaseModel:66 - 测试用例qs_course_courseByKpId断言完毕！！
 返回消息体code-----0
2021-02-19 11:45:26 INFO  ApiTestCaseModel:72 - 测试用例qs_course_courseByKpId断言完毕！！
 期待obj返回消息体8
 实际obj返回消息体8
2021-02-19 11:45:28 INFO  ApiTestCaseModel:63 - 测试用例qs_course_createRoom断言完毕！！
 返回消息体msg-----成功
2021-02-19 11:45:29 INFO  ApiTestCaseModel:66 - 测试用例qs_course_createRoom断言完毕！！
 返回消息体code-----0
2021-02-19 11:45:29 INFO  ApiTestCaseModel:72 - 测试用例qs_course_createRoom断言完毕！！
 期待obj返回消息体6
 实际obj返回消息体6
2021-02-19 11:45:29 INFO  ApiTestCaseModel:63 - 测试用例qs_course_resetRoomUserStatus断言完毕！！
 返回消息体msg-----成功
2021-02-19 11:45:29 INFO  ApiTestCaseModel:66 - 测试用例qs_course_resetRoomUserStatus断言完毕！！
 返回消息体code-----0
2021-02-19 11:45:29 INFO  ApiTestCaseModel:69 - 返回消息obj体中为空，无需断言
2021-02-19 11:45:29 INFO  ApiTestCaseModel:63 - 测试用例qs_course_courseHandoutByLectureId断言完毕！！
 返回消息体msg-----成功
2021-02-19 11:45:29 INFO  ApiTestCaseModel:66 - 测试用例qs_course_courseHandoutByLectureId断言完毕！！
 返回消息体code-----0
2021-02-19 11:45:29 INFO  ApiTestCaseModel:72 - 测试用例qs_course_courseHandoutByLectureId断言完毕！！
 期待obj返回消息体7
 实际obj返回消息体7
2021-02-19 11:45:29 INFO  ApiTestCaseModel:63 - 测试用例qs_course_courseByLectureId断言完毕！！
 返回消息体msg-----成功
2021-02-19 11:45:29 INFO  ApiTestCaseModel:66 - 测试用例qs_course_courseByLectureId断言完毕！！
 返回消息体code-----0
2021-02-19 11:45:29 INFO  ApiTestCaseModel:72 - 测试用例qs_course_courseByLectureId断言完毕！！
 期待obj返回消息体7
 实际obj返回消息体7
2021-02-19 11:45:29 INFO  ApiTestCaseModel:63 - 测试用例qs_course_lectureVideoInfo断言完毕！！
 返回消息体msg-----成功
2021-02-19 11:45:29 INFO  ApiTestCaseModel:66 - 测试用例qs_course_lectureVideoInfo断言完毕！！
 返回消息体code-----0
2021-02-19 11:45:29 INFO  ApiTestCaseModel:72 - 测试用例qs_course_lectureVideoInfo断言完毕！！
 期待obj返回消息体6
 实际obj返回消息体6
2021-02-19 11:45:30 INFO  ApiTestCaseModel:63 - 测试用例qs_course_syncTimeConfig断言完毕！！
 返回消息体msg-----成功
2021-02-19 11:45:30 INFO  ApiTestCaseModel:66 - 测试用例qs_course_syncTimeConfig断言完毕！！
 返回消息体code-----0
2021-02-19 11:45:30 INFO  ApiTestCaseModel:69 - 返回消息obj体中为空，无需断言
2021-02-19 11:45:30 INFO  ApiTestCaseModel:63 - 测试用例qs_course_doShareRoom断言完毕！！
 返回消息体msg-----成功
2021-02-19 11:45:30 INFO  ApiTestCaseModel:66 - 测试用例qs_course_doShareRoom断言完毕！！
 返回消息体code-----0
2021-02-19 11:45:30 INFO  ApiTestCaseModel:69 - 返回消息obj体中为空，无需断言
2021-02-19 11:45:30 INFO  ApiTestCaseModel:63 - 测试用例qs_course_syncCourseRecord断言完毕！！
 返回消息体msg-----成功
2021-02-19 11:45:30 INFO  ApiTestCaseModel:66 - 测试用例qs_course_syncCourseRecord断言完毕！！
 返回消息体code-----0
2021-02-19 11:45:30 INFO  ApiTestCaseModel:69 - 返回消息obj体中为空，无需断言
2021-02-19 11:45:30 INFO  ApiTestCaseModel:63 - 测试用例qs_solve_askAndReplyList断言完毕！！
 返回消息体msg-----成功
2021-02-19 11:45:30 INFO  ApiTestCaseModel:66 - 测试用例qs_solve_askAndReplyList断言完毕！！
 返回消息体code-----0
2021-02-19 11:45:30 INFO  ApiTestCaseModel:72 - 测试用例qs_solve_askAndReplyList断言完毕！！
 期待obj返回消息体1
 实际obj返回消息体1
2021-02-19 11:45:30 INFO  ApiTestCaseModel:63 - 测试用例qs_solve_cancelSolve断言完毕！！
 返回消息体msg-----成功
2021-02-19 11:45:30 INFO  ApiTestCaseModel:66 - 测试用例qs_solve_cancelSolve断言完毕！！
 返回消息体code-----0
2021-02-19 11:45:30 INFO  ApiTestCaseModel:72 - 测试用例qs_solve_cancelSolve断言完毕！！
 期待obj返回消息体1
 实际obj返回消息体1
2021-02-19 11:45:31 INFO  ApiTestCaseModel:63 - 测试用例qs_solve_myAnswerList断言完毕！！
 返回消息体msg-----成功
2021-02-19 11:45:31 INFO  ApiTestCaseModel:66 - 测试用例qs_solve_myAnswerList断言完毕！！
 返回消息体code-----0
2021-02-19 11:45:31 INFO  ApiTestCaseModel:72 - 测试用例qs_solve_myAnswerList断言完毕！！
 期待obj返回消息体5
 实际obj返回消息体5
2021-02-19 11:45:31 INFO  ApiTestCaseModel:63 - 测试用例qs_solve_saveAskQuestion断言完毕！！
 返回消息体msg-----成功
2021-02-19 11:45:31 INFO  ApiTestCaseModel:66 - 测试用例qs_solve_saveAskQuestion断言完毕！！
 返回消息体code-----0
2021-02-19 11:45:31 INFO  ApiTestCaseModel:69 - 返回消息obj体中为空，无需断言
2021-02-19 11:45:31 INFO  ApiTestCaseModel:63 - 测试用例qs_solve_getReplyExpireMsg断言完毕！！
 返回消息体msg-----成功
2021-02-19 11:45:31 INFO  ApiTestCaseModel:66 - 测试用例qs_solve_getReplyExpireMsg断言完毕！！
 返回消息体code-----0
2021-02-19 11:45:31 INFO  ApiTestCaseModel:72 - 测试用例qs_solve_getReplyExpireMsg断言完毕！！
 期待obj返回消息体1
 实际obj返回消息体1
2021-02-19 11:45:31 INFO  ApiTestCaseModel:63 - 测试用例qs_solve_saveSolveDetail断言完毕！！
 返回消息体msg-----成功
2021-02-19 11:45:31 INFO  ApiTestCaseModel:66 - 测试用例qs_solve_saveSolveDetail断言完毕！！
 返回消息体code-----0
2021-02-19 11:45:31 INFO  ApiTestCaseModel:69 - 返回消息obj体中为空，无需断言
2021-02-19 11:45:31 INFO  ApiTestCaseModel:63 - 测试用例qs_solve_solveDetail断言完毕！！
 返回消息体msg-----成功
2021-02-19 11:45:31 INFO  ApiTestCaseModel:66 - 测试用例qs_solve_solveDetail断言完毕！！
 返回消息体code-----0
2021-02-19 11:45:31 INFO  ApiTestCaseModel:72 - 测试用例qs_solve_solveDetail断言完毕！！
 期待obj返回消息体9
 实际obj返回消息体9
2021-02-19 11:45:31 INFO  ApiTestCaseModel:63 - 测试用例qs_solve_saveAgainAskQuestion断言完毕！！
 返回消息体msg-----成功
2021-02-19 11:45:31 INFO  ApiTestCaseModel:66 - 测试用例qs_solve_saveAgainAskQuestion断言完毕！！
 返回消息体code-----0
2021-02-19 11:45:31 INFO  ApiTestCaseModel:69 - 返回消息obj体中为空，无需断言
2021-02-19 11:45:32 INFO  ApiTestCaseModel:63 - 测试用例qs_solve_leftAskNum断言完毕！！
 返回消息体msg-----成功
2021-02-19 11:45:32 INFO  ApiTestCaseModel:66 - 测试用例qs_solve_leftAskNum断言完毕！！
 返回消息体code-----0
2021-02-19 11:45:32 INFO  ApiTestCaseModel:72 - 测试用例qs_solve_leftAskNum断言完毕！！
 期待obj返回消息体3
 实际obj返回消息体3
2021-02-19 11:45:32 INFO  ApiTestCaseModel:63 - 测试用例qs_curriculum_dayList断言完毕！！
 返回消息体msg-----成功
2021-02-19 11:45:33 INFO  ApiTestCaseModel:66 - 测试用例qs_curriculum_dayList断言完毕！！
 返回消息体code-----0
2021-02-19 11:45:33 INFO  ApiTestCaseModel:72 - 测试用例qs_curriculum_dayList断言完毕！！
 期待obj返回消息体1
 实际obj返回消息体1
2021-02-19 11:45:33 INFO  ApiTestCaseModel:63 - 测试用例qs_shop_index断言完毕！！
 返回消息体msg-----成功
2021-02-19 11:45:33 INFO  ApiTestCaseModel:66 - 测试用例qs_shop_index断言完毕！！
 返回消息体code-----0
2021-02-19 11:45:33 INFO  ApiTestCaseModel:63 - 测试用例qs_activation_completeActivation断言完毕！！
 返回消息体msg-----成功
2021-02-19 11:45:33 INFO  ApiTestCaseModel:66 - 测试用例qs_activation_completeActivation断言完毕！！
 返回消息体code-----0
2021-02-19 11:45:33 INFO  ApiTestCaseModel:72 - 测试用例qs_activation_completeActivation断言完毕！！
 期待obj返回消息体1
 实际obj返回消息体1
2021-02-19 11:45:33 INFO  ApiTestCaseModel:63 - 测试用例qs_activation_renewActivation断言完毕！！
 返回消息体msg-----成功
2021-02-19 11:45:33 INFO  ApiTestCaseModel:66 - 测试用例qs_activation_renewActivation断言完毕！！
 返回消息体code-----0
2021-02-19 11:45:34 INFO  ApiTestCaseModel:72 - 测试用例qs_activation_renewActivation断言完毕！！
 期待obj返回消息体0
 实际obj返回消息体0
2021-02-19 11:45:34 INFO  ApiTestCaseModel:63 - 测试用例qs_activation_shareLearnPlan断言完毕！！
 返回消息体msg-----成功
2021-02-19 11:45:34 INFO  ApiTestCaseModel:66 - 测试用例qs_activation_shareLearnPlan断言完毕！！
 返回消息体code-----0
2021-02-19 11:45:34 INFO  ApiTestCaseModel:63 - 测试用例qs_activation_normalMode断言完毕！！
 返回消息体msg-----成功
2021-02-19 11:45:34 INFO  ApiTestCaseModel:66 - 测试用例qs_activation_normalMode断言完毕！！
 返回消息体code-----0
2021-02-19 11:45:34 INFO  ApiTestCaseModel:72 - 测试用例qs_activation_normalMode断言完毕！！
 期待obj返回消息体1
 实际obj返回消息体1
2021-02-19 11:45:35 INFO  ApiTestCaseModel:63 - 测试用例qs_activation_questionsAndAnswers断言完毕！！
 返回消息体msg-----成功
2021-02-19 11:45:35 INFO  ApiTestCaseModel:66 - 测试用例qs_activation_questionsAndAnswers断言完毕！！
 返回消息体code-----0
2021-02-19 11:45:35 INFO  ApiTestCaseModel:72 - 测试用例qs_activation_questionsAndAnswers断言完毕！！
 期待obj返回消息体3
 实际obj返回消息体3
2021-02-19 11:45:35 INFO  ApiTestCaseModel:63 - 测试用例qs_activation_submitQues断言完毕！！
 返回消息体msg-----成功
2021-02-19 11:45:35 INFO  ApiTestCaseModel:66 - 测试用例qs_activation_submitQues断言完毕！！
 返回消息体code-----0
2021-02-19 11:45:35 INFO  ApiTestCaseModel:72 - 测试用例qs_activation_submitQues断言完毕！！
 期待obj返回消息体4
 实际obj返回消息体4
2021-02-19 11:45:35 INFO  ApiTestCaseModel:63 - 测试用例qs_activation_cancelQues断言完毕！！
 返回消息体msg-----成功
2021-02-19 11:45:35 INFO  ApiTestCaseModel:66 - 测试用例qs_activation_cancelQues断言完毕！！
 返回消息体code-----0
2021-02-19 11:45:35 INFO  ApiTestCaseModel:72 - 测试用例qs_activation_cancelQues断言完毕！！
 期待obj返回消息体0
 实际obj返回消息体0
2021-02-19 11:45:35 INFO  ApiTestCaseModel:63 - 测试用例qs_knowledgePoint_genKpListByMode断言完毕！！
 返回消息体msg-----成功
2021-02-19 11:45:35 INFO  ApiTestCaseModel:66 - 测试用例qs_knowledgePoint_genKpListByMode断言完毕！！
 返回消息体code-----0
2021-02-19 11:45:35 INFO  ApiTestCaseModel:72 - 测试用例qs_knowledgePoint_genKpListByMode断言完毕！！
 期待obj返回消息体1
 实际obj返回消息体1
2021-02-19 11:45:36 INFO  ApiTestCaseModel:63 - 测试用例qs_knowledgePoint_kpDetailListByKpIds断言完毕！！
 返回消息体msg-----成功
2021-02-19 11:45:36 INFO  ApiTestCaseModel:66 - 测试用例qs_knowledgePoint_kpDetailListByKpIds断言完毕！！
 返回消息体code-----0
2021-02-19 11:45:36 INFO  ApiTestCaseModel:72 - 测试用例qs_knowledgePoint_kpDetailListByKpIds断言完毕！！
 期待obj返回消息体1
 实际obj返回消息体1
2021-02-19 11:45:36 INFO  ApiTestCaseModel:63 - 测试用例qs_knowledgePoint_syncKpVoiceRecord断言完毕！！
 返回消息体msg-----成功
2021-02-19 11:45:36 INFO  ApiTestCaseModel:66 - 测试用例qs_knowledgePoint_syncKpVoiceRecord断言完毕！！
 返回消息体code-----0
2021-02-19 11:45:36 INFO  ApiTestCaseModel:69 - 返回消息obj体中为空，无需断言
2021-02-19 11:45:36 INFO  ApiTestCaseModel:63 - 测试用例qs_knowledgePoint_selfModeKpList断言完毕！！
 返回消息体msg-----成功
2021-02-19 11:45:36 INFO  ApiTestCaseModel:66 - 测试用例qs_knowledgePoint_selfModeKpList断言完毕！！
 返回消息体code-----0
2021-02-19 11:45:36 INFO  ApiTestCaseModel:72 - 测试用例qs_knowledgePoint_selfModeKpList断言完毕！！
 期待obj返回消息体1
 实际obj返回消息体1
2021-02-19 11:45:36 INFO  ApiTestCaseModel:63 - 测试用例qs_knowledgePoint_getKpVedioByKpId断言完毕！！
 返回消息体msg-----成功
2021-02-19 11:45:36 INFO  ApiTestCaseModel:66 - 测试用例qs_knowledgePoint_getKpVedioByKpId断言完毕！！
 返回消息体code-----0
2021-02-19 11:45:36 INFO  ApiTestCaseModel:72 - 测试用例qs_knowledgePoint_getKpVedioByKpId断言完毕！！
 期待obj返回消息体2
 实际obj返回消息体2
2021-02-19 11:45:36 INFO  ApiTestCaseModel:63 - 测试用例qs_knowledgePoint_kpNoteByUserId断言完毕！！
 返回消息体msg-----成功
2021-02-19 11:45:36 INFO  ApiTestCaseModel:66 - 测试用例qs_knowledgePoint_kpNoteByUserId断言完毕！！
 返回消息体code-----0
2021-02-19 11:45:36 INFO  ApiTestCaseModel:69 - 返回消息obj体中为空，无需断言
2021-02-19 11:45:36 INFO  ApiTestCaseModel:63 - 测试用例qs_knowledgePoint_unlockKpList断言完毕！！
 返回消息体msg-----成功
2021-02-19 11:45:36 INFO  ApiTestCaseModel:66 - 测试用例qs_knowledgePoint_unlockKpList断言完毕！！
 返回消息体code-----0
2021-02-19 11:45:36 INFO  ApiTestCaseModel:72 - 测试用例qs_knowledgePoint_unlockKpList断言完毕！！
 期待obj返回消息体3
 实际obj返回消息体3
2021-02-19 11:45:37 INFO  ApiTestCaseModel:63 - 测试用例qs_knowledgePoint_selfModeChooseKp断言完毕！！
 返回消息体msg-----成功
2021-02-19 11:45:37 INFO  ApiTestCaseModel:66 - 测试用例qs_knowledgePoint_selfModeChooseKp断言完毕！！
 返回消息体code-----0
2021-02-19 11:45:37 INFO  ApiTestCaseModel:69 - 返回消息obj体中为空，无需断言
2021-02-19 11:45:37 INFO  ApiTestCaseModel:63 - 测试用例qs_solveDetailCollection_myCollection断言完毕！！
 返回消息体msg-----成功
2021-02-19 11:45:37 INFO  ApiTestCaseModel:66 - 测试用例qs_solveDetailCollection_myCollection断言完毕！！
 返回消息体code-----0
2021-02-19 11:45:37 INFO  ApiTestCaseModel:72 - 测试用例qs_solveDetailCollection_myCollection断言完毕！！
 期待obj返回消息体5
 实际obj返回消息体5
2021-02-19 11:45:37 INFO  ApiTestCaseModel:63 - 测试用例qs_task_creditDetails断言完毕！！
 返回消息体msg-----成功
2021-02-19 11:45:37 INFO  ApiTestCaseModel:66 - 测试用例qs_task_creditDetails断言完毕！！
 返回消息体code-----0
2021-02-19 11:45:37 INFO  ApiTestCaseModel:72 - 测试用例qs_task_creditDetails断言完毕！！
 期待obj返回消息体5
 实际obj返回消息体5
2021-02-19 11:45:37 INFO  ApiTestCaseModel:63 - 测试用例qs_task_index断言完毕！！
 返回消息体msg-----成功
2021-02-19 11:45:37 INFO  ApiTestCaseModel:66 - 测试用例qs_task_index断言完毕！！
 返回消息体code-----0
2021-02-19 11:45:37 INFO  ApiTestCaseModel:72 - 测试用例qs_task_index断言完毕！！
 期待obj返回消息体2
 实际obj返回消息体2
2021-02-19 11:45:37 INFO  ApiTestCaseModel:63 - 测试用例qs_class_classDetail_classRank断言完毕！！
 返回消息体msg-----成功
2021-02-19 11:45:37 INFO  ApiTestCaseModel:66 - 测试用例qs_class_classDetail_classRank断言完毕！！
 返回消息体code-----0
2021-02-19 11:45:37 INFO  ApiTestCaseModel:72 - 测试用例qs_class_classDetail_classRank断言完毕！！
 期待obj返回消息体1
 实际obj返回消息体1
2021-02-19 11:45:38 INFO  ApiTestCaseModel:63 - 测试用例qs_class_personData断言完毕！！
 返回消息体msg-----成功
2021-02-19 11:45:38 INFO  ApiTestCaseModel:66 - 测试用例qs_class_personData断言完毕！！
 返回消息体code-----0
2021-02-19 11:45:38 INFO  ApiTestCaseModel:72 - 测试用例qs_class_personData断言完毕！！
 期待obj返回消息体10
 实际obj返回消息体10
2021-02-19 11:45:38 INFO  ApiTestCaseModel:63 - 测试用例qs_class_classDetail_classReport断言完毕！！
 返回消息体msg-----成功
2021-02-19 11:45:38 INFO  ApiTestCaseModel:66 - 测试用例qs_class_classDetail_classReport断言完毕！！
 返回消息体code-----0
2021-02-19 11:45:38 INFO  ApiTestCaseModel:72 - 测试用例qs_class_classDetail_classReport断言完毕！！
 期待obj返回消息体8
 实际obj返回消息体8
2021-02-19 11:45:39 INFO  ApiTestCaseModel:63 - 测试用例qs_class_index断言完毕！！
 返回消息体msg-----成功
2021-02-19 11:45:39 INFO  ApiTestCaseModel:66 - 测试用例qs_class_index断言完毕！！
 返回消息体code-----0
2021-02-19 11:45:39 INFO  ApiTestCaseModel:72 - 测试用例qs_class_index断言完毕！！
 期待obj返回消息体4
 实际obj返回消息体4
2021-02-19 11:45:39 INFO  ApiTestCaseModel:63 - 测试用例qs_exam_examIndex断言完毕！！
 返回消息体msg-----成功
2021-02-19 11:45:39 INFO  ApiTestCaseModel:66 - 测试用例qs_exam_examIndex断言完毕！！
 返回消息体code-----0
2021-02-19 11:45:39 INFO  ApiTestCaseModel:72 - 测试用例qs_exam_examIndex断言完毕！！
 期待obj返回消息体5
 实际obj返回消息体5
2021-02-19 11:45:39 INFO  ApiTestCaseModel:63 - 测试用例qs_exam_cacheAnswer断言完毕！！
 返回消息体msg-----成功
2021-02-19 11:45:39 INFO  ApiTestCaseModel:66 - 测试用例qs_exam_cacheAnswer断言完毕！！
 返回消息体code-----0
2021-02-19 11:45:39 INFO  ApiTestCaseModel:69 - 返回消息obj体中为空，无需断言
2021-02-19 11:45:40 INFO  ApiTestCaseModel:63 - 测试用例qs_exam_smartExam断言完毕！！
 返回消息体msg-----成功
2021-02-19 11:45:40 INFO  ApiTestCaseModel:66 - 测试用例qs_exam_smartExam断言完毕！！
 返回消息体code-----0
2021-02-19 11:45:40 INFO  ApiTestCaseModel:72 - 测试用例qs_exam_smartExam断言完毕！！
 期待obj返回消息体3
 实际obj返回消息体3
2021-02-19 11:45:40 INFO  ApiTestCaseModel:63 - 测试用例qs_exam_examAnalysis断言完毕！！
 返回消息体msg-----成功
2021-02-19 11:45:40 INFO  ApiTestCaseModel:66 - 测试用例qs_exam_examAnalysis断言完毕！！
 返回消息体code-----0
2021-02-19 11:45:40 INFO  ApiTestCaseModel:72 - 测试用例qs_exam_examAnalysis断言完毕！！
 期待obj返回消息体2
 实际obj返回消息体2
2021-02-19 11:45:41 INFO  ApiTestCaseModel:63 - 测试用例qs_exam_recordView断言完毕！！
 返回消息体msg-----成功
2021-02-19 11:45:41 INFO  ApiTestCaseModel:66 - 测试用例qs_exam_recordView断言完毕！！
 返回消息体code-----0
2021-02-19 11:45:41 INFO  ApiTestCaseModel:72 - 测试用例qs_exam_recordView断言完毕！！
 期待obj返回消息体15
 实际obj返回消息体15
2021-02-19 11:45:41 INFO  ApiTestCaseModel:63 - 测试用例qs_exam_getVideoPlayInfo断言完毕！！
 返回消息体msg-----成功
2021-02-19 11:45:41 INFO  ApiTestCaseModel:66 - 测试用例qs_exam_getVideoPlayInfo断言完毕！！
 返回消息体code-----0
2021-02-19 11:45:41 INFO  ApiTestCaseModel:72 - 测试用例qs_exam_getVideoPlayInfo断言完毕！！
 期待obj返回消息体4
 实际obj返回消息体4
2021-02-19 11:45:41 INFO  ApiTestCaseModel:63 - 测试用例qs_exam_wrongQuesByQuesType断言完毕！！
 返回消息体msg-----成功
2021-02-19 11:45:41 INFO  ApiTestCaseModel:66 - 测试用例qs_exam_wrongQuesByQuesType断言完毕！！
 返回消息体code-----0
2021-02-19 11:45:41 INFO  ApiTestCaseModel:72 - 测试用例qs_exam_wrongQuesByQuesType断言完毕！！
 期待obj返回消息体2
 实际obj返回消息体2
2021-02-19 11:45:41 INFO  ApiTestCaseModel:63 - 测试用例qs_exam_correctionTypeList断言完毕！！
 返回消息体msg-----成功
2021-02-19 11:45:41 INFO  ApiTestCaseModel:66 - 测试用例qs_exam_correctionTypeList断言完毕！！
 返回消息体code-----0
2021-02-19 11:45:41 INFO  ApiTestCaseModel:72 - 测试用例qs_exam_correctionTypeList断言完毕！！
 期待obj返回消息体1
 实际obj返回消息体1
2021-02-19 11:45:41 INFO  ApiTestCaseModel:63 - 测试用例qs_exam_wrongQuesDetail断言完毕！！
 返回消息体msg-----成功
2021-02-19 11:45:41 INFO  ApiTestCaseModel:66 - 测试用例qs_exam_wrongQuesDetail断言完毕！！
 返回消息体code-----0
2021-02-19 11:45:41 INFO  ApiTestCaseModel:72 - 测试用例qs_exam_wrongQuesDetail断言完毕！！
 期待obj返回消息体5
 实际obj返回消息体5
2021-02-19 11:45:42 INFO  ApiTestCaseModel:63 - 测试用例qs_exam_removeWrongQuesByUser断言完毕！！
 返回消息体msg-----成功
2021-02-19 11:45:42 INFO  ApiTestCaseModel:66 - 测试用例qs_exam_removeWrongQuesByUser断言完毕！！
 返回消息体code-----0
2021-02-19 11:45:42 INFO  ApiTestCaseModel:72 - 测试用例qs_exam_removeWrongQuesByUser断言完毕！！
 期待obj返回消息体1
 实际obj返回消息体1
2021-02-19 11:45:42 INFO  ApiTestCaseModel:63 - 测试用例qs_exam_subjectListByUserExtendId断言完毕！！
 返回消息体msg-----成功
2021-02-19 11:45:42 INFO  ApiTestCaseModel:66 - 测试用例qs_exam_subjectListByUserExtendId断言完毕！！
 返回消息体code-----0
2021-02-19 11:45:42 INFO  ApiTestCaseModel:72 - 测试用例qs_exam_subjectListByUserExtendId断言完毕！！
 期待obj返回消息体1
 实际obj返回消息体1
2021-02-19 11:45:43 INFO  ApiTestCaseModel:63 - 测试用例qs_exam_smartGoToExam断言完毕！！
 返回消息体msg-----成功
2021-02-19 11:45:43 INFO  ApiTestCaseModel:66 - 测试用例qs_exam_smartGoToExam断言完毕！！
 返回消息体code-----0
2021-02-19 11:45:43 INFO  ApiTestCaseModel:72 - 测试用例qs_exam_smartGoToExam断言完毕！！
 期待obj返回消息体5
 实际obj返回消息体5
2021-02-19 11:45:43 INFO  ApiTestCaseModel:63 - 测试用例qs_exam_wrongQuesByKp断言完毕！！
 返回消息体msg-----成功
2021-02-19 11:45:43 INFO  ApiTestCaseModel:66 - 测试用例qs_exam_wrongQuesByKp断言完毕！！
 返回消息体code-----0
2021-02-19 11:45:43 INFO  ApiTestCaseModel:72 - 测试用例qs_exam_wrongQuesByKp断言完毕！！
 期待obj返回消息体2
 实际obj返回消息体2
2021-02-19 11:45:43 INFO  ApiTestCaseModel:63 - 测试用例qs_exam_paperRecordList断言完毕！！
 返回消息体msg-----成功
2021-02-19 11:45:43 INFO  ApiTestCaseModel:66 - 测试用例qs_exam_paperRecordList断言完毕！！
 返回消息体code-----0
2021-02-19 11:45:43 INFO  ApiTestCaseModel:72 - 测试用例qs_exam_paperRecordList断言完毕！！
 期待obj返回消息体5
 实际obj返回消息体5
2021-02-19 11:45:44 INFO  ApiTestCaseModel:63 - 测试用例qs_exam_goToExam断言完毕！！
 返回消息体msg-----成功
2021-02-19 11:45:44 INFO  ApiTestCaseModel:66 - 测试用例qs_exam_goToExam断言完毕！！
 返回消息体code-----0
2021-02-19 11:45:44 INFO  ApiTestCaseModel:72 - 测试用例qs_exam_goToExam断言完毕！！
 期待obj返回消息体5
 实际obj返回消息体5
2021-02-19 11:45:44 INFO  ApiTestCaseModel:63 - 测试用例qs_exam_paperListByPaperType断言完毕！！
 返回消息体msg-----成功
2021-02-19 11:45:44 INFO  ApiTestCaseModel:66 - 测试用例qs_exam_paperListByPaperType断言完毕！！
 返回消息体code-----0
2021-02-19 11:45:44 INFO  ApiTestCaseModel:72 - 测试用例qs_exam_paperListByPaperType断言完毕！！
 期待obj返回消息体1
 实际obj返回消息体1
2021-02-19 11:45:44 INFO  ApiTestCaseModel:63 - 测试用例qs_commentLable_commentLableList断言完毕！！
 返回消息体msg-----成功
2021-02-19 11:45:44 INFO  ApiTestCaseModel:66 - 测试用例qs_commentLable_commentLableList断言完毕！！
 返回消息体code-----0
2021-02-19 11:45:44 INFO  ApiTestCaseModel:72 - 测试用例qs_commentLable_commentLableList断言完毕！！
 期待obj返回消息体2
 实际obj返回消息体2
2021-02-19 11:45:44 INFO  ApiTestCaseModel:63 - 测试用例qs_setting_learnTime断言完毕！！
 返回消息体msg-----成功
2021-02-19 11:45:44 INFO  ApiTestCaseModel:66 - 测试用例qs_setting_learnTime断言完毕！！
 返回消息体code-----0
2021-02-19 11:45:44 INFO  ApiTestCaseModel:72 - 测试用例qs_setting_learnTime断言完毕！！
 期待obj返回消息体3
 实际obj返回消息体3
2021-02-19 11:45:44 INFO  ApiTestCaseModel:63 - 测试用例qs_setting_learnProgress断言完毕！！
 返回消息体msg-----成功
2021-02-19 11:45:44 INFO  ApiTestCaseModel:66 - 测试用例qs_setting_learnProgress断言完毕！！
 返回消息体code-----0
2021-02-19 11:45:44 INFO  ApiTestCaseModel:72 - 测试用例qs_setting_learnProgress断言完毕！！
 期待obj返回消息体2
 实际obj返回消息体2
2021-02-19 11:45:45 INFO  ApiTestCaseModel:63 - 测试用例qs_setting_learnProgressSubmit断言完毕！！
 返回消息体msg-----成功
2021-02-19 11:45:45 INFO  ApiTestCaseModel:66 - 测试用例qs_setting_learnProgressSubmit断言完毕！！
 返回消息体code-----0
2021-02-19 11:45:45 INFO  ApiTestCaseModel:69 - 返回消息obj体中为空，无需断言
2021-02-19 11:45:45 INFO  ApiTestCaseModel:63 - 测试用例qs_setting_learnPlanSwitchSubmit断言完毕！！
 返回消息体msg-----成功
2021-02-19 11:45:45 INFO  ApiTestCaseModel:66 - 测试用例qs_setting_learnPlanSwitchSubmit断言完毕！！
 返回消息体code-----0
2021-02-19 11:45:45 INFO  ApiTestCaseModel:69 - 返回消息obj体中为空，无需断言
2021-02-19 11:45:46 INFO  ApiTestCaseModel:63 - 测试用例qs_setting_switchTeacherSubmit断言完毕！！
 返回消息体msg-----成功
2021-02-19 11:45:46 INFO  ApiTestCaseModel:66 - 测试用例qs_setting_switchTeacherSubmit断言完毕！！
 返回消息体code-----0
2021-02-19 11:45:46 INFO  ApiTestCaseModel:69 - 返回消息obj体中为空，无需断言
2021-02-19 11:45:46 INFO  ApiTestCaseModel:63 - 测试用例qs_setting_classSwitch断言完毕！！
 返回消息体msg-----成功
2021-02-19 11:45:46 INFO  ApiTestCaseModel:66 - 测试用例qs_setting_classSwitch断言完毕！！
 返回消息体code-----0
2021-02-19 11:45:46 INFO  ApiTestCaseModel:72 - 测试用例qs_setting_classSwitch断言完毕！！
 期待obj返回消息体1
 实际obj返回消息体1
2021-02-19 11:45:46 INFO  ApiTestCaseModel:63 - 测试用例qs_setting_learnPlanSwitch断言完毕！！
 返回消息体msg-----成功
2021-02-19 11:45:46 INFO  ApiTestCaseModel:66 - 测试用例qs_setting_learnPlanSwitch断言完毕！！
 返回消息体code-----0
2021-02-19 11:45:46 INFO  ApiTestCaseModel:72 - 测试用例qs_setting_learnPlanSwitch断言完毕！！
 期待obj返回消息体2
 实际obj返回消息体2
2021-02-19 11:45:46 INFO  ApiTestCaseModel:63 - 测试用例qs_setting_autoCache断言完毕！！
 返回消息体msg-----成功
2021-02-19 11:45:46 INFO  ApiTestCaseModel:66 - 测试用例qs_setting_autoCache断言完毕！！
 返回消息体code-----0
2021-02-19 11:45:46 INFO  ApiTestCaseModel:72 - 测试用例qs_setting_autoCache断言完毕！！
 期待obj返回消息体1
 实际obj返回消息体1
2021-02-19 11:45:46 INFO  ApiTestCaseModel:63 - 测试用例qs_setting_switchTeacher断言完毕！！
 返回消息体msg-----成功
2021-02-19 11:45:46 INFO  ApiTestCaseModel:66 - 测试用例qs_setting_switchTeacher断言完毕！！
 返回消息体code-----0
2021-02-19 11:45:46 INFO  ApiTestCaseModel:72 - 测试用例qs_setting_switchTeacher断言完毕！！
 期待obj返回消息体1
 实际obj返回消息体1
2021-02-19 11:45:47 INFO  ApiTestCaseModel:63 - 测试用例qs_setting_learnCycleSubmit断言完毕！！
 返回消息体msg-----成功
2021-02-19 11:45:47 INFO  ApiTestCaseModel:66 - 测试用例qs_setting_learnCycleSubmit断言完毕！！
 返回消息体code-----0
2021-02-19 11:45:47 INFO  ApiTestCaseModel:69 - 返回消息obj体中为空，无需断言
2021-02-19 11:45:47 INFO  ApiTestCaseModel:63 - 测试用例qs_setting_restCycleSubmit断言完毕！！
 返回消息体msg-----成功
2021-02-19 11:45:47 INFO  ApiTestCaseModel:66 - 测试用例qs_setting_restCycleSubmit断言完毕！！
 返回消息体code-----0
2021-02-19 11:45:47 INFO  ApiTestCaseModel:69 - 返回消息obj体中为空，无需断言
2021-02-19 11:45:47 INFO  ApiTestCaseModel:63 - 测试用例qs_setting_learnMethodSubmit断言完毕！！
 返回消息体msg-----成功
2021-02-19 11:45:47 INFO  ApiTestCaseModel:66 - 测试用例qs_setting_learnMethodSubmit断言完毕！！
 返回消息体code-----0
2021-02-19 11:45:47 INFO  ApiTestCaseModel:69 - 返回消息obj体中为空，无需断言
2021-02-19 11:45:47 INFO  ApiTestCaseModel:63 - 测试用例qs_setting_index断言完毕！！
 返回消息体msg-----成功
2021-02-19 11:45:47 INFO  ApiTestCaseModel:66 - 测试用例qs_setting_index断言完毕！！
 返回消息体code-----0
2021-02-19 11:45:47 INFO  ApiTestCaseModel:72 - 测试用例qs_setting_index断言完毕！！
 期待obj返回消息体2
 实际obj返回消息体2
2021-02-19 11:45:48 INFO  ApiTestCaseModel:63 - 测试用例qs_setting_learnMethod断言完毕！！
 返回消息体msg-----成功
2021-02-19 11:45:48 INFO  ApiTestCaseModel:66 - 测试用例qs_setting_learnMethod断言完毕！！
 返回消息体code-----0
2021-02-19 11:45:48 INFO  ApiTestCaseModel:72 - 测试用例qs_setting_learnMethod断言完毕！！
 期待obj返回消息体3
 实际obj返回消息体3
2021-02-19 11:45:48 INFO  ApiTestCaseModel:63 - 测试用例qs_setting_classSwitchSubmit断言完毕！！
 返回消息体msg-----成功
2021-02-19 11:45:48 INFO  ApiTestCaseModel:66 - 测试用例qs_setting_classSwitchSubmit断言完毕！！
 返回消息体code-----0
2021-02-19 11:45:48 INFO  ApiTestCaseModel:69 - 返回消息obj体中为空，无需断言
2021-02-19 11:45:48 INFO  ApiTestCaseModel:63 - 测试用例qs_replyComment_getCommentView断言完毕！！
 返回消息体msg-----成功
2021-02-19 11:45:48 INFO  ApiTestCaseModel:66 - 测试用例qs_replyComment_getCommentView断言完毕！！
 返回消息体code-----0
2021-02-19 11:45:48 INFO  ApiTestCaseModel:72 - 测试用例qs_replyComment_getCommentView断言完毕！！
 期待obj返回消息体4
 实际obj返回消息体4
2021-02-19 11:46:42 INFO  ApiTestCaseModel:63 - 测试用例qs_study_systemStatus断言完毕！！
 返回消息体msg-----成功
2021-02-19 11:46:42 INFO  ApiTestCaseModel:66 - 测试用例qs_study_systemStatus断言完毕！！
 返回消息体code-----0
2021-02-19 11:46:42 INFO  ApiTestCaseModel:72 - 测试用例qs_study_systemStatus断言完毕！！
 期待obj返回消息体9
 实际obj返回消息体9
2021-02-19 11:46:43 INFO  ApiTestCaseModel:63 - 测试用例qs_study_startStudyQues断言完毕！！
 返回消息体msg-----成功
2021-02-19 11:46:43 INFO  ApiTestCaseModel:66 - 测试用例qs_study_startStudyQues断言完毕！！
 返回消息体code-----0
2021-02-19 11:46:43 INFO  ApiTestCaseModel:63 - 测试用例qs_study_index断言完毕！！
 返回消息体msg-----成功
2021-02-19 11:46:43 INFO  ApiTestCaseModel:66 - 测试用例qs_study_index断言完毕！！
 返回消息体code-----0
2021-02-19 11:46:43 INFO  ApiTestCaseModel:72 - 测试用例qs_study_index断言完毕！！
 期待obj返回消息体3
 实际obj返回消息体3
2021-02-19 11:46:44 INFO  ApiTestCaseModel:63 - 测试用例qs_study_getTodayLecture断言完毕！！
 返回消息体msg-----成功
2021-02-19 11:46:44 INFO  ApiTestCaseModel:66 - 测试用例qs_study_getTodayLecture断言完毕！！
 返回消息体code-----0
2021-02-19 11:46:44 INFO  ApiTestCaseModel:72 - 测试用例qs_study_getTodayLecture断言完毕！！
 期待obj返回消息体1
 实际obj返回消息体1
2021-02-19 11:46:44 INFO  ApiTestCaseModel:63 - 测试用例qs_study_shareStudyReport断言完毕！！
 返回消息体msg-----成功
2021-02-19 11:46:44 INFO  ApiTestCaseModel:66 - 测试用例qs_study_shareStudyReport断言完毕！！
 返回消息体code-----0
2021-02-19 11:46:44 INFO  ApiTestCaseModel:72 - 测试用例qs_study_shareStudyReport断言完毕！！
 期待obj返回消息体1
 实际obj返回消息体1
2021-02-19 11:46:45 INFO  ApiTestCaseModel:63 - 测试用例qs_course_courseTimeConfig断言完毕！！
 返回消息体msg-----成功
2021-02-19 11:46:45 INFO  ApiTestCaseModel:66 - 测试用例qs_course_courseTimeConfig断言完毕！！
 返回消息体code-----0
2021-02-19 11:46:45 INFO  ApiTestCaseModel:72 - 测试用例qs_course_courseTimeConfig断言完毕！！
 期待obj返回消息体2
 实际obj返回消息体2
2021-02-19 11:46:45 INFO  ApiTestCaseModel:63 - 测试用例qs_course_genUserSign断言完毕！！
 返回消息体msg-----成功
2021-02-19 11:46:45 INFO  ApiTestCaseModel:66 - 测试用例qs_course_genUserSign断言完毕！！
 返回消息体code-----0
2021-02-19 11:46:45 INFO  ApiTestCaseModel:72 - 测试用例qs_course_genUserSign断言完毕！！
 期待obj返回消息体1
 实际obj返回消息体1
2021-02-19 11:46:45 INFO  ApiTestCaseModel:63 - 测试用例qs_course_lectureVideoInfoWithLog断言完毕！！
 返回消息体msg-----成功
2021-02-19 11:46:45 INFO  ApiTestCaseModel:66 - 测试用例qs_course_lectureVideoInfoWithLog断言完毕！！
 返回消息体code-----0
2021-02-19 11:46:45 INFO  ApiTestCaseModel:72 - 测试用例qs_course_lectureVideoInfoWithLog断言完毕！！
 期待obj返回消息体4
 实际obj返回消息体4
2021-02-19 11:46:45 INFO  ApiTestCaseModel:63 - 测试用例qs_course_getLecturePlayInfoByRoomId断言完毕！！
 返回消息体msg-----成功
2021-02-19 11:46:46 INFO  ApiTestCaseModel:66 - 测试用例qs_course_getLecturePlayInfoByRoomId断言完毕！！
 返回消息体code-----0
2021-02-19 11:46:46 INFO  ApiTestCaseModel:72 - 测试用例qs_course_getLecturePlayInfoByRoomId断言完毕！！
 期待obj返回消息体19
 实际obj返回消息体19
2021-02-19 11:46:46 INFO  ApiTestCaseModel:63 - 测试用例qs_course_submitTimeConfigAnswer断言完毕！！
 返回消息体msg-----成功
2021-02-19 11:46:46 INFO  ApiTestCaseModel:66 - 测试用例qs_course_submitTimeConfigAnswer断言完毕！！
 返回消息体code-----0
2021-02-19 11:46:46 INFO  ApiTestCaseModel:69 - 返回消息obj体中为空，无需断言
2021-02-19 11:47:15 INFO  ApiTestCaseModel:63 - 测试用例qs_study_systemStatus断言完毕！！
 返回消息体msg-----成功
2021-02-19 11:47:15 INFO  ApiTestCaseModel:66 - 测试用例qs_study_systemStatus断言完毕！！
 返回消息体code-----0
2021-02-19 11:47:15 INFO  ApiTestCaseModel:72 - 测试用例qs_study_systemStatus断言完毕！！
 期待obj返回消息体9
 实际obj返回消息体9
2021-02-19 11:47:16 INFO  ApiTestCaseModel:63 - 测试用例qs_study_startStudyQues断言完毕！！
 返回消息体msg-----成功
2021-02-19 11:47:16 INFO  ApiTestCaseModel:66 - 测试用例qs_study_startStudyQues断言完毕！！
 返回消息体code-----0
2021-02-19 11:47:16 INFO  ApiTestCaseModel:63 - 测试用例qs_study_index断言完毕！！
 返回消息体msg-----成功
2021-02-19 11:47:16 INFO  ApiTestCaseModel:66 - 测试用例qs_study_index断言完毕！！
 返回消息体code-----0
2021-02-19 11:47:16 INFO  ApiTestCaseModel:72 - 测试用例qs_study_index断言完毕！！
 期待obj返回消息体3
 实际obj返回消息体3
2021-02-19 11:47:17 INFO  ApiTestCaseModel:63 - 测试用例qs_study_getTodayLecture断言完毕！！
 返回消息体msg-----成功
2021-02-19 11:47:17 INFO  ApiTestCaseModel:66 - 测试用例qs_study_getTodayLecture断言完毕！！
 返回消息体code-----0
2021-02-19 11:47:17 INFO  ApiTestCaseModel:72 - 测试用例qs_study_getTodayLecture断言完毕！！
 期待obj返回消息体1
 实际obj返回消息体1
2021-02-19 11:47:18 INFO  ApiTestCaseModel:63 - 测试用例qs_study_shareStudyReport断言完毕！！
 返回消息体msg-----成功
2021-02-19 11:47:18 INFO  ApiTestCaseModel:66 - 测试用例qs_study_shareStudyReport断言完毕！！
 返回消息体code-----0
2021-02-19 11:47:18 INFO  ApiTestCaseModel:72 - 测试用例qs_study_shareStudyReport断言完毕！！
 期待obj返回消息体1
 实际obj返回消息体1
2021-02-19 11:47:18 INFO  ApiTestCaseModel:63 - 测试用例qs_course_courseTimeConfig断言完毕！！
 返回消息体msg-----成功
2021-02-19 11:47:18 INFO  ApiTestCaseModel:66 - 测试用例qs_course_courseTimeConfig断言完毕！！
 返回消息体code-----0
2021-02-19 11:47:18 INFO  ApiTestCaseModel:72 - 测试用例qs_course_courseTimeConfig断言完毕！！
 期待obj返回消息体2
 实际obj返回消息体2
2021-02-19 11:47:18 INFO  ApiTestCaseModel:63 - 测试用例qs_course_genUserSign断言完毕！！
 返回消息体msg-----成功
2021-02-19 11:47:18 INFO  ApiTestCaseModel:66 - 测试用例qs_course_genUserSign断言完毕！！
 返回消息体code-----0
2021-02-19 11:47:18 INFO  ApiTestCaseModel:72 - 测试用例qs_course_genUserSign断言完毕！！
 期待obj返回消息体1
 实际obj返回消息体1
2021-02-19 11:47:19 INFO  ApiTestCaseModel:63 - 测试用例qs_course_lectureVideoInfoWithLog断言完毕！！
 返回消息体msg-----成功
2021-02-19 11:47:19 INFO  ApiTestCaseModel:66 - 测试用例qs_course_lectureVideoInfoWithLog断言完毕！！
 返回消息体code-----0
2021-02-19 11:47:19 INFO  ApiTestCaseModel:72 - 测试用例qs_course_lectureVideoInfoWithLog断言完毕！！
 期待obj返回消息体4
 实际obj返回消息体4
2021-02-19 11:47:19 INFO  ApiTestCaseModel:63 - 测试用例qs_course_getLecturePlayInfoByRoomId断言完毕！！
 返回消息体msg-----成功
2021-02-19 11:47:19 INFO  ApiTestCaseModel:66 - 测试用例qs_course_getLecturePlayInfoByRoomId断言完毕！！
 返回消息体code-----0
2021-02-19 11:47:19 INFO  ApiTestCaseModel:72 - 测试用例qs_course_getLecturePlayInfoByRoomId断言完毕！！
 期待obj返回消息体19
 实际obj返回消息体19
2021-02-19 11:47:19 INFO  ApiTestCaseModel:63 - 测试用例qs_course_submitTimeConfigAnswer断言完毕！！
 返回消息体msg-----成功
2021-02-19 11:47:19 INFO  ApiTestCaseModel:66 - 测试用例qs_course_submitTimeConfigAnswer断言完毕！！
 返回消息体code-----0
2021-02-19 11:47:19 INFO  ApiTestCaseModel:69 - 返回消息obj体中为空，无需断言
2021-02-19 11:47:19 INFO  ApiTestCaseModel:63 - 测试用例qs_course_teacherListByLectureId断言完毕！！
 返回消息体msg-----成功
2021-02-19 11:47:19 INFO  ApiTestCaseModel:66 - 测试用例qs_course_teacherListByLectureId断言完毕！！
 返回消息体code-----0
2021-02-19 11:47:19 INFO  ApiTestCaseModel:72 - 测试用例qs_course_teacherListByLectureId断言完毕！！
 期待obj返回消息体1
 实际obj返回消息体1
2021-02-19 11:47:19 INFO  ApiTestCaseModel:63 - 测试用例qs_course_kpCardByLectureId断言完毕！！
 返回消息体msg-----成功
2021-02-19 11:47:19 INFO  ApiTestCaseModel:66 - 测试用例qs_course_kpCardByLectureId断言完毕！！
 返回消息体code-----0
2021-02-19 11:47:19 INFO  ApiTestCaseModel:72 - 测试用例qs_course_kpCardByLectureId断言完毕！！
 期待obj返回消息体1
 实际obj返回消息体1
2021-02-19 11:47:19 INFO  ApiTestCaseModel:63 - 测试用例qs_course_roomListByLectureIds断言完毕！！
 返回消息体msg-----成功
2021-02-19 11:47:19 INFO  ApiTestCaseModel:66 - 测试用例qs_course_roomListByLectureIds断言完毕！！
 返回消息体code-----0
2021-02-19 11:47:19 INFO  ApiTestCaseModel:72 - 测试用例qs_course_roomListByLectureIds断言完毕！！
 期待obj返回消息体1
 实际obj返回消息体1
2021-02-19 11:47:20 INFO  ApiTestCaseModel:63 - 测试用例qs_course_courseByKpId断言完毕！！
 返回消息体msg-----成功
2021-02-19 11:47:20 INFO  ApiTestCaseModel:66 - 测试用例qs_course_courseByKpId断言完毕！！
 返回消息体code-----0
2021-02-19 11:47:20 INFO  ApiTestCaseModel:72 - 测试用例qs_course_courseByKpId断言完毕！！
 期待obj返回消息体8
 实际obj返回消息体8
2021-02-19 11:47:22 INFO  ApiTestCaseModel:63 - 测试用例qs_course_createRoom断言完毕！！
 返回消息体msg-----成功
2021-02-19 11:47:22 INFO  ApiTestCaseModel:66 - 测试用例qs_course_createRoom断言完毕！！
 返回消息体code-----0
2021-02-19 11:47:22 INFO  ApiTestCaseModel:72 - 测试用例qs_course_createRoom断言完毕！！
 期待obj返回消息体6
 实际obj返回消息体6
2021-02-19 11:47:22 INFO  ApiTestCaseModel:63 - 测试用例qs_course_resetRoomUserStatus断言完毕！！
 返回消息体msg-----成功
2021-02-19 11:47:22 INFO  ApiTestCaseModel:66 - 测试用例qs_course_resetRoomUserStatus断言完毕！！
 返回消息体code-----0
2021-02-19 11:47:22 INFO  ApiTestCaseModel:69 - 返回消息obj体中为空，无需断言
2021-02-19 11:47:22 INFO  ApiTestCaseModel:63 - 测试用例qs_course_courseHandoutByLectureId断言完毕！！
 返回消息体msg-----成功
2021-02-19 11:47:22 INFO  ApiTestCaseModel:66 - 测试用例qs_course_courseHandoutByLectureId断言完毕！！
 返回消息体code-----0
2021-02-19 11:47:22 INFO  ApiTestCaseModel:72 - 测试用例qs_course_courseHandoutByLectureId断言完毕！！
 期待obj返回消息体7
 实际obj返回消息体7
2021-02-19 11:47:23 INFO  ApiTestCaseModel:63 - 测试用例qs_course_courseByLectureId断言完毕！！
 返回消息体msg-----成功
2021-02-19 11:47:23 INFO  ApiTestCaseModel:66 - 测试用例qs_course_courseByLectureId断言完毕！！
 返回消息体code-----0
2021-02-19 11:47:23 INFO  ApiTestCaseModel:72 - 测试用例qs_course_courseByLectureId断言完毕！！
 期待obj返回消息体7
 实际obj返回消息体7
2021-02-19 11:47:23 INFO  ApiTestCaseModel:63 - 测试用例qs_course_lectureVideoInfo断言完毕！！
 返回消息体msg-----成功
2021-02-19 11:47:23 INFO  ApiTestCaseModel:66 - 测试用例qs_course_lectureVideoInfo断言完毕！！
 返回消息体code-----0
2021-02-19 11:47:23 INFO  ApiTestCaseModel:72 - 测试用例qs_course_lectureVideoInfo断言完毕！！
 期待obj返回消息体6
 实际obj返回消息体6
2021-02-19 11:47:23 INFO  ApiTestCaseModel:63 - 测试用例qs_course_syncTimeConfig断言完毕！！
 返回消息体msg-----成功
2021-02-19 11:47:23 INFO  ApiTestCaseModel:66 - 测试用例qs_course_syncTimeConfig断言完毕！！
 返回消息体code-----0
2021-02-19 11:47:23 INFO  ApiTestCaseModel:69 - 返回消息obj体中为空，无需断言
2021-02-19 11:47:23 INFO  ApiTestCaseModel:63 - 测试用例qs_course_doShareRoom断言完毕！！
 返回消息体msg-----成功
2021-02-19 11:47:23 INFO  ApiTestCaseModel:66 - 测试用例qs_course_doShareRoom断言完毕！！
 返回消息体code-----0
2021-02-19 11:47:23 INFO  ApiTestCaseModel:69 - 返回消息obj体中为空，无需断言
2021-02-19 11:47:24 INFO  ApiTestCaseModel:63 - 测试用例qs_course_syncCourseRecord断言完毕！！
 返回消息体msg-----成功
2021-02-19 11:47:24 INFO  ApiTestCaseModel:66 - 测试用例qs_course_syncCourseRecord断言完毕！！
 返回消息体code-----0
2021-02-19 11:47:24 INFO  ApiTestCaseModel:69 - 返回消息obj体中为空，无需断言
2021-02-19 11:47:24 INFO  ApiTestCaseModel:63 - 测试用例qs_solve_askAndReplyList断言完毕！！
 返回消息体msg-----成功
2021-02-19 11:47:24 INFO  ApiTestCaseModel:66 - 测试用例qs_solve_askAndReplyList断言完毕！！
 返回消息体code-----0
2021-02-19 11:47:24 INFO  ApiTestCaseModel:72 - 测试用例qs_solve_askAndReplyList断言完毕！！
 期待obj返回消息体1
 实际obj返回消息体1
2021-02-19 11:47:24 INFO  ApiTestCaseModel:63 - 测试用例qs_solve_cancelSolve断言完毕！！
 返回消息体msg-----成功
2021-02-19 11:47:24 INFO  ApiTestCaseModel:66 - 测试用例qs_solve_cancelSolve断言完毕！！
 返回消息体code-----0
2021-02-19 11:47:24 INFO  ApiTestCaseModel:72 - 测试用例qs_solve_cancelSolve断言完毕！！
 期待obj返回消息体1
 实际obj返回消息体1
2021-02-19 11:47:24 INFO  ApiTestCaseModel:63 - 测试用例qs_solve_myAnswerList断言完毕！！
 返回消息体msg-----成功
2021-02-19 11:47:24 INFO  ApiTestCaseModel:66 - 测试用例qs_solve_myAnswerList断言完毕！！
 返回消息体code-----0
2021-02-19 11:47:24 INFO  ApiTestCaseModel:72 - 测试用例qs_solve_myAnswerList断言完毕！！
 期待obj返回消息体5
 实际obj返回消息体5
2021-02-19 11:47:24 INFO  ApiTestCaseModel:63 - 测试用例qs_solve_saveAskQuestion断言完毕！！
 返回消息体msg-----成功
2021-02-19 11:47:24 INFO  ApiTestCaseModel:66 - 测试用例qs_solve_saveAskQuestion断言完毕！！
 返回消息体code-----0
2021-02-19 11:47:24 INFO  ApiTestCaseModel:69 - 返回消息obj体中为空，无需断言
2021-02-19 11:47:25 INFO  ApiTestCaseModel:63 - 测试用例qs_solve_getReplyExpireMsg断言完毕！！
 返回消息体msg-----成功
2021-02-19 11:47:25 INFO  ApiTestCaseModel:66 - 测试用例qs_solve_getReplyExpireMsg断言完毕！！
 返回消息体code-----0
2021-02-19 11:47:25 INFO  ApiTestCaseModel:72 - 测试用例qs_solve_getReplyExpireMsg断言完毕！！
 期待obj返回消息体1
 实际obj返回消息体1
2021-02-19 11:47:25 INFO  ApiTestCaseModel:63 - 测试用例qs_solve_saveSolveDetail断言完毕！！
 返回消息体msg-----成功
2021-02-19 11:47:25 INFO  ApiTestCaseModel:66 - 测试用例qs_solve_saveSolveDetail断言完毕！！
 返回消息体code-----0
2021-02-19 11:47:25 INFO  ApiTestCaseModel:69 - 返回消息obj体中为空，无需断言
2021-02-19 11:47:25 INFO  ApiTestCaseModel:63 - 测试用例qs_solve_solveDetail断言完毕！！
 返回消息体msg-----成功
2021-02-19 11:47:25 INFO  ApiTestCaseModel:66 - 测试用例qs_solve_solveDetail断言完毕！！
 返回消息体code-----0
2021-02-19 11:47:25 INFO  ApiTestCaseModel:72 - 测试用例qs_solve_solveDetail断言完毕！！
 期待obj返回消息体9
 实际obj返回消息体9
2021-02-19 11:47:25 INFO  ApiTestCaseModel:63 - 测试用例qs_solve_saveAgainAskQuestion断言完毕！！
 返回消息体msg-----成功
2021-02-19 11:47:25 INFO  ApiTestCaseModel:66 - 测试用例qs_solve_saveAgainAskQuestion断言完毕！！
 返回消息体code-----0
2021-02-19 11:47:25 INFO  ApiTestCaseModel:69 - 返回消息obj体中为空，无需断言
2021-02-19 11:47:25 INFO  ApiTestCaseModel:63 - 测试用例qs_solve_leftAskNum断言完毕！！
 返回消息体msg-----成功
2021-02-19 11:47:25 INFO  ApiTestCaseModel:66 - 测试用例qs_solve_leftAskNum断言完毕！！
 返回消息体code-----0
2021-02-19 11:47:25 INFO  ApiTestCaseModel:72 - 测试用例qs_solve_leftAskNum断言完毕！！
 期待obj返回消息体3
 实际obj返回消息体3
2021-02-19 11:47:26 INFO  ApiTestCaseModel:63 - 测试用例qs_curriculum_dayList断言完毕！！
 返回消息体msg-----成功
2021-02-19 11:47:26 INFO  ApiTestCaseModel:66 - 测试用例qs_curriculum_dayList断言完毕！！
 返回消息体code-----0
2021-02-19 11:47:26 INFO  ApiTestCaseModel:72 - 测试用例qs_curriculum_dayList断言完毕！！
 期待obj返回消息体1
 实际obj返回消息体1
2021-02-19 11:47:27 INFO  ApiTestCaseModel:63 - 测试用例qs_shop_index断言完毕！！
 返回消息体msg-----成功
2021-02-19 11:47:27 INFO  ApiTestCaseModel:66 - 测试用例qs_shop_index断言完毕！！
 返回消息体code-----0
2021-02-19 11:47:27 INFO  ApiTestCaseModel:63 - 测试用例qs_activation_completeActivation断言完毕！！
 返回消息体msg-----成功
2021-02-19 11:47:27 INFO  ApiTestCaseModel:66 - 测试用例qs_activation_completeActivation断言完毕！！
 返回消息体code-----0
2021-02-19 11:47:27 INFO  ApiTestCaseModel:72 - 测试用例qs_activation_completeActivation断言完毕！！
 期待obj返回消息体1
 实际obj返回消息体1
2021-02-19 11:47:27 INFO  ApiTestCaseModel:63 - 测试用例qs_activation_renewActivation断言完毕！！
 返回消息体msg-----成功
2021-02-19 11:47:27 INFO  ApiTestCaseModel:66 - 测试用例qs_activation_renewActivation断言完毕！！
 返回消息体code-----0
2021-02-19 11:47:27 INFO  ApiTestCaseModel:72 - 测试用例qs_activation_renewActivation断言完毕！！
 期待obj返回消息体0
 实际obj返回消息体0
2021-02-19 11:47:28 INFO  ApiTestCaseModel:63 - 测试用例qs_activation_shareLearnPlan断言完毕！！
 返回消息体msg-----成功
2021-02-19 11:47:28 INFO  ApiTestCaseModel:66 - 测试用例qs_activation_shareLearnPlan断言完毕！！
 返回消息体code-----0
2021-02-19 11:47:28 INFO  ApiTestCaseModel:63 - 测试用例qs_activation_normalMode断言完毕！！
 返回消息体msg-----成功
2021-02-19 11:47:28 INFO  ApiTestCaseModel:66 - 测试用例qs_activation_normalMode断言完毕！！
 返回消息体code-----0
2021-02-19 11:47:28 INFO  ApiTestCaseModel:72 - 测试用例qs_activation_normalMode断言完毕！！
 期待obj返回消息体1
 实际obj返回消息体1
2021-02-19 11:47:28 INFO  ApiTestCaseModel:63 - 测试用例qs_activation_questionsAndAnswers断言完毕！！
 返回消息体msg-----成功
2021-02-19 11:47:28 INFO  ApiTestCaseModel:66 - 测试用例qs_activation_questionsAndAnswers断言完毕！！
 返回消息体code-----0
2021-02-19 11:47:28 INFO  ApiTestCaseModel:72 - 测试用例qs_activation_questionsAndAnswers断言完毕！！
 期待obj返回消息体3
 实际obj返回消息体3
2021-02-19 11:47:29 INFO  ApiTestCaseModel:63 - 测试用例qs_activation_submitQues断言完毕！！
 返回消息体msg-----成功
2021-02-19 11:47:29 INFO  ApiTestCaseModel:66 - 测试用例qs_activation_submitQues断言完毕！！
 返回消息体code-----0
2021-02-19 11:47:29 INFO  ApiTestCaseModel:72 - 测试用例qs_activation_submitQues断言完毕！！
 期待obj返回消息体4
 实际obj返回消息体4
2021-02-19 11:47:29 INFO  ApiTestCaseModel:63 - 测试用例qs_activation_cancelQues断言完毕！！
 返回消息体msg-----成功
2021-02-19 11:47:29 INFO  ApiTestCaseModel:66 - 测试用例qs_activation_cancelQues断言完毕！！
 返回消息体code-----0
2021-02-19 11:47:29 INFO  ApiTestCaseModel:72 - 测试用例qs_activation_cancelQues断言完毕！！
 期待obj返回消息体0
 实际obj返回消息体0
2021-02-19 14:41:58 INFO  ApiTestCaseModel:63 - 测试用例qs_study_systemStatus断言完毕！！
 返回消息体msg-----成功
2021-02-19 14:41:58 INFO  ApiTestCaseModel:66 - 测试用例qs_study_systemStatus断言完毕！！
 返回消息体code-----0
2021-02-19 14:41:58 INFO  ApiTestCaseModel:72 - 测试用例qs_study_systemStatus断言完毕！！
 期待obj返回消息体9
 实际obj返回消息体9
2021-02-19 14:41:58 INFO  ApiTestCaseModel:63 - 测试用例qs_study_startStudyQues断言完毕！！
 返回消息体msg-----成功
2021-02-19 14:41:58 INFO  ApiTestCaseModel:66 - 测试用例qs_study_startStudyQues断言完毕！！
 返回消息体code-----0
2021-02-19 14:41:59 INFO  ApiTestCaseModel:63 - 测试用例qs_study_index断言完毕！！
 返回消息体msg-----成功
2021-02-19 14:41:59 INFO  ApiTestCaseModel:66 - 测试用例qs_study_index断言完毕！！
 返回消息体code-----0
2021-02-19 14:41:59 INFO  ApiTestCaseModel:72 - 测试用例qs_study_index断言完毕！！
 期待obj返回消息体3
 实际obj返回消息体3
2021-02-19 14:41:59 INFO  ApiTestCaseModel:63 - 测试用例qs_study_getTodayLecture断言完毕！！
 返回消息体msg-----成功
2021-02-19 14:41:59 INFO  ApiTestCaseModel:66 - 测试用例qs_study_getTodayLecture断言完毕！！
 返回消息体code-----0
2021-02-19 14:41:59 INFO  ApiTestCaseModel:72 - 测试用例qs_study_getTodayLecture断言完毕！！
 期待obj返回消息体1
 实际obj返回消息体1
2021-02-19 14:42:00 INFO  ApiTestCaseModel:63 - 测试用例qs_study_shareStudyReport断言完毕！！
 返回消息体msg-----成功
2021-02-19 14:42:00 INFO  ApiTestCaseModel:66 - 测试用例qs_study_shareStudyReport断言完毕！！
 返回消息体code-----0
2021-02-19 14:42:00 INFO  ApiTestCaseModel:72 - 测试用例qs_study_shareStudyReport断言完毕！！
 期待obj返回消息体1
 实际obj返回消息体1
2021-02-19 14:42:01 INFO  ApiTestCaseModel:63 - 测试用例qs_course_courseTimeConfig断言完毕！！
 返回消息体msg-----成功
2021-02-19 14:42:01 INFO  ApiTestCaseModel:66 - 测试用例qs_course_courseTimeConfig断言完毕！！
 返回消息体code-----0
2021-02-19 14:42:01 INFO  ApiTestCaseModel:72 - 测试用例qs_course_courseTimeConfig断言完毕！！
 期待obj返回消息体2
 实际obj返回消息体2
2021-02-19 14:42:01 INFO  ApiTestCaseModel:63 - 测试用例qs_course_genUserSign断言完毕！！
 返回消息体msg-----成功
2021-02-19 14:42:01 INFO  ApiTestCaseModel:66 - 测试用例qs_course_genUserSign断言完毕！！
 返回消息体code-----0
2021-02-19 14:42:01 INFO  ApiTestCaseModel:72 - 测试用例qs_course_genUserSign断言完毕！！
 期待obj返回消息体1
 实际obj返回消息体1
2021-02-19 14:42:01 INFO  ApiTestCaseModel:63 - 测试用例qs_course_lectureVideoInfoWithLog断言完毕！！
 返回消息体msg-----成功
2021-02-19 14:42:01 INFO  ApiTestCaseModel:66 - 测试用例qs_course_lectureVideoInfoWithLog断言完毕！！
 返回消息体code-----0
2021-02-19 14:42:01 INFO  ApiTestCaseModel:72 - 测试用例qs_course_lectureVideoInfoWithLog断言完毕！！
 期待obj返回消息体4
 实际obj返回消息体4
2021-02-19 14:42:01 INFO  ApiTestCaseModel:63 - 测试用例qs_course_getLecturePlayInfoByRoomId断言完毕！！
 返回消息体msg-----成功
2021-02-19 14:42:01 INFO  ApiTestCaseModel:66 - 测试用例qs_course_getLecturePlayInfoByRoomId断言完毕！！
 返回消息体code-----0
2021-02-19 14:42:01 INFO  ApiTestCaseModel:72 - 测试用例qs_course_getLecturePlayInfoByRoomId断言完毕！！
 期待obj返回消息体19
 实际obj返回消息体19
2021-02-19 14:42:01 INFO  ApiTestCaseModel:63 - 测试用例qs_course_submitTimeConfigAnswer断言完毕！！
 返回消息体msg-----成功
2021-02-19 14:42:01 INFO  ApiTestCaseModel:66 - 测试用例qs_course_submitTimeConfigAnswer断言完毕！！
 返回消息体code-----0
2021-02-19 14:42:01 INFO  ApiTestCaseModel:69 - 返回消息obj体中为空，无需断言
2021-02-19 14:42:01 INFO  ApiTestCaseModel:63 - 测试用例qs_course_teacherListByLectureId断言完毕！！
 返回消息体msg-----成功
2021-02-19 14:42:01 INFO  ApiTestCaseModel:66 - 测试用例qs_course_teacherListByLectureId断言完毕！！
 返回消息体code-----0
2021-02-19 14:42:01 INFO  ApiTestCaseModel:72 - 测试用例qs_course_teacherListByLectureId断言完毕！！
 期待obj返回消息体1
 实际obj返回消息体1
2021-02-19 14:42:02 INFO  ApiTestCaseModel:63 - 测试用例qs_course_kpCardByLectureId断言完毕！！
 返回消息体msg-----成功
2021-02-19 14:42:02 INFO  ApiTestCaseModel:66 - 测试用例qs_course_kpCardByLectureId断言完毕！！
 返回消息体code-----0
2021-02-19 14:42:02 INFO  ApiTestCaseModel:72 - 测试用例qs_course_kpCardByLectureId断言完毕！！
 期待obj返回消息体1
 实际obj返回消息体1
2021-02-19 14:42:02 INFO  ApiTestCaseModel:63 - 测试用例qs_course_roomListByLectureIds断言完毕！！
 返回消息体msg-----成功
2021-02-19 14:42:02 INFO  ApiTestCaseModel:66 - 测试用例qs_course_roomListByLectureIds断言完毕！！
 返回消息体code-----0
2021-02-19 14:42:02 INFO  ApiTestCaseModel:72 - 测试用例qs_course_roomListByLectureIds断言完毕！！
 期待obj返回消息体1
 实际obj返回消息体1
2021-02-19 14:42:02 INFO  ApiTestCaseModel:63 - 测试用例qs_course_courseByKpId断言完毕！！
 返回消息体msg-----成功
2021-02-19 14:42:02 INFO  ApiTestCaseModel:66 - 测试用例qs_course_courseByKpId断言完毕！！
 返回消息体code-----0
2021-02-19 14:42:02 INFO  ApiTestCaseModel:72 - 测试用例qs_course_courseByKpId断言完毕！！
 期待obj返回消息体8
 实际obj返回消息体8
2021-02-19 14:42:05 INFO  ApiTestCaseModel:63 - 测试用例qs_course_createRoom断言完毕！！
 返回消息体msg-----成功
2021-02-19 14:42:05 INFO  ApiTestCaseModel:66 - 测试用例qs_course_createRoom断言完毕！！
 返回消息体code-----0
2021-02-19 14:42:05 INFO  ApiTestCaseModel:72 - 测试用例qs_course_createRoom断言完毕！！
 期待obj返回消息体6
 实际obj返回消息体6
2021-02-19 14:42:05 INFO  ApiTestCaseModel:63 - 测试用例qs_course_resetRoomUserStatus断言完毕！！
 返回消息体msg-----成功
2021-02-19 14:42:05 INFO  ApiTestCaseModel:66 - 测试用例qs_course_resetRoomUserStatus断言完毕！！
 返回消息体code-----0
2021-02-19 14:42:05 INFO  ApiTestCaseModel:69 - 返回消息obj体中为空，无需断言
2021-02-19 14:42:05 INFO  ApiTestCaseModel:63 - 测试用例qs_course_courseHandoutByLectureId断言完毕！！
 返回消息体msg-----成功
2021-02-19 14:42:05 INFO  ApiTestCaseModel:66 - 测试用例qs_course_courseHandoutByLectureId断言完毕！！
 返回消息体code-----0
2021-02-19 14:42:05 INFO  ApiTestCaseModel:72 - 测试用例qs_course_courseHandoutByLectureId断言完毕！！
 期待obj返回消息体7
 实际obj返回消息体7
2021-02-19 14:42:05 INFO  ApiTestCaseModel:63 - 测试用例qs_course_courseByLectureId断言完毕！！
 返回消息体msg-----成功
2021-02-19 14:42:05 INFO  ApiTestCaseModel:66 - 测试用例qs_course_courseByLectureId断言完毕！！
 返回消息体code-----0
2021-02-19 14:42:05 INFO  ApiTestCaseModel:72 - 测试用例qs_course_courseByLectureId断言完毕！！
 期待obj返回消息体7
 实际obj返回消息体7
2021-02-19 14:42:05 INFO  ApiTestCaseModel:63 - 测试用例qs_course_lectureVideoInfo断言完毕！！
 返回消息体msg-----成功
2021-02-19 14:42:05 INFO  ApiTestCaseModel:66 - 测试用例qs_course_lectureVideoInfo断言完毕！！
 返回消息体code-----0
2021-02-19 14:42:05 INFO  ApiTestCaseModel:72 - 测试用例qs_course_lectureVideoInfo断言完毕！！
 期待obj返回消息体6
 实际obj返回消息体6
2021-02-19 14:42:05 INFO  ApiTestCaseModel:63 - 测试用例qs_course_syncTimeConfig断言完毕！！
 返回消息体msg-----成功
2021-02-19 14:42:05 INFO  ApiTestCaseModel:66 - 测试用例qs_course_syncTimeConfig断言完毕！！
 返回消息体code-----0
2021-02-19 14:42:05 INFO  ApiTestCaseModel:69 - 返回消息obj体中为空，无需断言
2021-02-19 14:42:06 INFO  ApiTestCaseModel:63 - 测试用例qs_course_doShareRoom断言完毕！！
 返回消息体msg-----成功
2021-02-19 14:42:06 INFO  ApiTestCaseModel:66 - 测试用例qs_course_doShareRoom断言完毕！！
 返回消息体code-----0
2021-02-19 14:42:06 INFO  ApiTestCaseModel:69 - 返回消息obj体中为空，无需断言
2021-02-19 14:42:06 INFO  ApiTestCaseModel:63 - 测试用例qs_course_syncCourseRecord断言完毕！！
 返回消息体msg-----成功
2021-02-19 14:42:06 INFO  ApiTestCaseModel:66 - 测试用例qs_course_syncCourseRecord断言完毕！！
 返回消息体code-----0
2021-02-19 14:42:06 INFO  ApiTestCaseModel:69 - 返回消息obj体中为空，无需断言
2021-02-19 14:42:06 INFO  ApiTestCaseModel:63 - 测试用例qs_solve_askAndReplyList断言完毕！！
 返回消息体msg-----成功
2021-02-19 14:42:06 INFO  ApiTestCaseModel:66 - 测试用例qs_solve_askAndReplyList断言完毕！！
 返回消息体code-----0
2021-02-19 14:42:06 INFO  ApiTestCaseModel:72 - 测试用例qs_solve_askAndReplyList断言完毕！！
 期待obj返回消息体1
 实际obj返回消息体1
2021-02-19 14:42:06 INFO  ApiTestCaseModel:63 - 测试用例qs_solve_cancelSolve断言完毕！！
 返回消息体msg-----成功
2021-02-19 14:42:06 INFO  ApiTestCaseModel:66 - 测试用例qs_solve_cancelSolve断言完毕！！
 返回消息体code-----0
2021-02-19 14:42:06 INFO  ApiTestCaseModel:72 - 测试用例qs_solve_cancelSolve断言完毕！！
 期待obj返回消息体1
 实际obj返回消息体1
2021-02-19 14:42:06 INFO  ApiTestCaseModel:63 - 测试用例qs_solve_myAnswerList断言完毕！！
 返回消息体msg-----成功
2021-02-19 14:42:06 INFO  ApiTestCaseModel:66 - 测试用例qs_solve_myAnswerList断言完毕！！
 返回消息体code-----0
2021-02-19 14:42:06 INFO  ApiTestCaseModel:72 - 测试用例qs_solve_myAnswerList断言完毕！！
 期待obj返回消息体5
 实际obj返回消息体5
2021-02-19 14:42:06 INFO  ApiTestCaseModel:63 - 测试用例qs_solve_saveAskQuestion断言完毕！！
 返回消息体msg-----成功
2021-02-19 14:42:06 INFO  ApiTestCaseModel:66 - 测试用例qs_solve_saveAskQuestion断言完毕！！
 返回消息体code-----0
2021-02-19 14:42:06 INFO  ApiTestCaseModel:69 - 返回消息obj体中为空，无需断言
2021-02-19 14:42:07 INFO  ApiTestCaseModel:63 - 测试用例qs_solve_getReplyExpireMsg断言完毕！！
 返回消息体msg-----成功
2021-02-19 14:42:07 INFO  ApiTestCaseModel:66 - 测试用例qs_solve_getReplyExpireMsg断言完毕！！
 返回消息体code-----0
2021-02-19 14:42:07 INFO  ApiTestCaseModel:72 - 测试用例qs_solve_getReplyExpireMsg断言完毕！！
 期待obj返回消息体1
 实际obj返回消息体1
2021-02-19 14:42:07 INFO  ApiTestCaseModel:63 - 测试用例qs_solve_saveSolveDetail断言完毕！！
 返回消息体msg-----成功
2021-02-19 14:42:07 INFO  ApiTestCaseModel:66 - 测试用例qs_solve_saveSolveDetail断言完毕！！
 返回消息体code-----0
2021-02-19 14:42:07 INFO  ApiTestCaseModel:69 - 返回消息obj体中为空，无需断言
2021-02-19 14:42:07 INFO  ApiTestCaseModel:63 - 测试用例qs_solve_solveDetail断言完毕！！
 返回消息体msg-----成功
2021-02-19 14:42:07 INFO  ApiTestCaseModel:66 - 测试用例qs_solve_solveDetail断言完毕！！
 返回消息体code-----0
2021-02-19 14:42:07 INFO  ApiTestCaseModel:72 - 测试用例qs_solve_solveDetail断言完毕！！
 期待obj返回消息体9
 实际obj返回消息体9
2021-02-19 14:42:07 INFO  ApiTestCaseModel:63 - 测试用例qs_solve_saveAgainAskQuestion断言完毕！！
 返回消息体msg-----成功
2021-02-19 14:42:07 INFO  ApiTestCaseModel:66 - 测试用例qs_solve_saveAgainAskQuestion断言完毕！！
 返回消息体code-----0
2021-02-19 14:42:07 INFO  ApiTestCaseModel:69 - 返回消息obj体中为空，无需断言
2021-02-19 14:42:07 INFO  ApiTestCaseModel:63 - 测试用例qs_solve_leftAskNum断言完毕！！
 返回消息体msg-----成功
2021-02-19 14:42:07 INFO  ApiTestCaseModel:66 - 测试用例qs_solve_leftAskNum断言完毕！！
 返回消息体code-----0
2021-02-19 14:42:07 INFO  ApiTestCaseModel:72 - 测试用例qs_solve_leftAskNum断言完毕！！
 期待obj返回消息体3
 实际obj返回消息体3
2021-02-19 14:42:08 INFO  ApiTestCaseModel:63 - 测试用例qs_curriculum_dayList断言完毕！！
 返回消息体msg-----成功
2021-02-19 14:42:08 INFO  ApiTestCaseModel:66 - 测试用例qs_curriculum_dayList断言完毕！！
 返回消息体code-----0
2021-02-19 14:42:08 INFO  ApiTestCaseModel:72 - 测试用例qs_curriculum_dayList断言完毕！！
 期待obj返回消息体1
 实际obj返回消息体1
2021-02-19 14:42:08 INFO  ApiTestCaseModel:63 - 测试用例qs_shop_index断言完毕！！
 返回消息体msg-----成功
2021-02-19 14:42:08 INFO  ApiTestCaseModel:66 - 测试用例qs_shop_index断言完毕！！
 返回消息体code-----0
2021-02-19 14:42:09 INFO  ApiTestCaseModel:63 - 测试用例qs_activation_completeActivation断言完毕！！
 返回消息体msg-----成功
2021-02-19 14:42:09 INFO  ApiTestCaseModel:66 - 测试用例qs_activation_completeActivation断言完毕！！
 返回消息体code-----0
2021-02-19 14:42:09 INFO  ApiTestCaseModel:72 - 测试用例qs_activation_completeActivation断言完毕！！
 期待obj返回消息体1
 实际obj返回消息体1
2021-02-19 14:42:09 INFO  ApiTestCaseModel:63 - 测试用例qs_activation_renewActivation断言完毕！！
 返回消息体msg-----成功
2021-02-19 14:42:09 INFO  ApiTestCaseModel:66 - 测试用例qs_activation_renewActivation断言完毕！！
 返回消息体code-----0
2021-02-19 14:42:09 INFO  ApiTestCaseModel:72 - 测试用例qs_activation_renewActivation断言完毕！！
 期待obj返回消息体0
 实际obj返回消息体0
2021-02-19 14:42:10 INFO  ApiTestCaseModel:63 - 测试用例qs_activation_shareLearnPlan断言完毕！！
 返回消息体msg-----成功
2021-02-19 14:42:10 INFO  ApiTestCaseModel:66 - 测试用例qs_activation_shareLearnPlan断言完毕！！
 返回消息体code-----0
2021-02-19 14:42:10 INFO  ApiTestCaseModel:63 - 测试用例qs_activation_normalMode断言完毕！！
 返回消息体msg-----成功
2021-02-19 14:42:10 INFO  ApiTestCaseModel:66 - 测试用例qs_activation_normalMode断言完毕！！
 返回消息体code-----0
2021-02-19 14:42:10 INFO  ApiTestCaseModel:72 - 测试用例qs_activation_normalMode断言完毕！！
 期待obj返回消息体1
 实际obj返回消息体1
2021-02-19 14:42:10 INFO  ApiTestCaseModel:63 - 测试用例qs_activation_questionsAndAnswers断言完毕！！
 返回消息体msg-----成功
2021-02-19 14:42:10 INFO  ApiTestCaseModel:66 - 测试用例qs_activation_questionsAndAnswers断言完毕！！
 返回消息体code-----0
2021-02-19 14:42:10 INFO  ApiTestCaseModel:72 - 测试用例qs_activation_questionsAndAnswers断言完毕！！
 期待obj返回消息体3
 实际obj返回消息体3
2021-02-19 14:42:11 INFO  ApiTestCaseModel:63 - 测试用例qs_activation_submitQues断言完毕！！
 返回消息体msg-----成功
2021-02-19 14:42:11 INFO  ApiTestCaseModel:66 - 测试用例qs_activation_submitQues断言完毕！！
 返回消息体code-----0
2021-02-19 14:42:11 INFO  ApiTestCaseModel:72 - 测试用例qs_activation_submitQues断言完毕！！
 期待obj返回消息体4
 实际obj返回消息体4
2021-02-19 14:42:11 INFO  ApiTestCaseModel:63 - 测试用例qs_activation_cancelQues断言完毕！！
 返回消息体msg-----成功
2021-02-19 14:42:11 INFO  ApiTestCaseModel:66 - 测试用例qs_activation_cancelQues断言完毕！！
 返回消息体code-----0
2021-02-19 14:42:11 INFO  ApiTestCaseModel:72 - 测试用例qs_activation_cancelQues断言完毕！！
 期待obj返回消息体0
 实际obj返回消息体0
2021-02-19 14:42:11 INFO  ApiTestCaseModel:63 - 测试用例qs_knowledgePoint_genKpListByMode断言完毕！！
 返回消息体msg-----成功
2021-02-19 14:42:11 INFO  ApiTestCaseModel:66 - 测试用例qs_knowledgePoint_genKpListByMode断言完毕！！
 返回消息体code-----0
2021-02-19 14:42:11 INFO  ApiTestCaseModel:72 - 测试用例qs_knowledgePoint_genKpListByMode断言完毕！！
 期待obj返回消息体1
 实际obj返回消息体1
2021-02-19 14:42:11 INFO  ApiTestCaseModel:63 - 测试用例qs_knowledgePoint_kpDetailListByKpIds断言完毕！！
 返回消息体msg-----成功
2021-02-19 14:42:11 INFO  ApiTestCaseModel:66 - 测试用例qs_knowledgePoint_kpDetailListByKpIds断言完毕！！
 返回消息体code-----0
2021-02-19 14:42:11 INFO  ApiTestCaseModel:72 - 测试用例qs_knowledgePoint_kpDetailListByKpIds断言完毕！！
 期待obj返回消息体1
 实际obj返回消息体1
2021-02-19 14:42:11 INFO  ApiTestCaseModel:63 - 测试用例qs_knowledgePoint_syncKpVoiceRecord断言完毕！！
 返回消息体msg-----成功
2021-02-19 14:42:11 INFO  ApiTestCaseModel:66 - 测试用例qs_knowledgePoint_syncKpVoiceRecord断言完毕！！
 返回消息体code-----0
2021-02-19 14:42:11 INFO  ApiTestCaseModel:69 - 返回消息obj体中为空，无需断言
2021-02-19 14:42:12 INFO  ApiTestCaseModel:63 - 测试用例qs_knowledgePoint_selfModeKpList断言完毕！！
 返回消息体msg-----成功
2021-02-19 14:42:12 INFO  ApiTestCaseModel:66 - 测试用例qs_knowledgePoint_selfModeKpList断言完毕！！
 返回消息体code-----0
2021-02-19 14:42:12 INFO  ApiTestCaseModel:72 - 测试用例qs_knowledgePoint_selfModeKpList断言完毕！！
 期待obj返回消息体1
 实际obj返回消息体1
2021-02-19 14:42:12 INFO  ApiTestCaseModel:63 - 测试用例qs_knowledgePoint_getKpVedioByKpId断言完毕！！
 返回消息体msg-----成功
2021-02-19 14:42:12 INFO  ApiTestCaseModel:66 - 测试用例qs_knowledgePoint_getKpVedioByKpId断言完毕！！
 返回消息体code-----0
2021-02-19 14:42:12 INFO  ApiTestCaseModel:72 - 测试用例qs_knowledgePoint_getKpVedioByKpId断言完毕！！
 期待obj返回消息体2
 实际obj返回消息体2
2021-02-19 14:42:12 INFO  ApiTestCaseModel:63 - 测试用例qs_knowledgePoint_kpNoteByUserId断言完毕！！
 返回消息体msg-----成功
2021-02-19 14:42:12 INFO  ApiTestCaseModel:66 - 测试用例qs_knowledgePoint_kpNoteByUserId断言完毕！！
 返回消息体code-----0
2021-02-19 14:42:12 INFO  ApiTestCaseModel:69 - 返回消息obj体中为空，无需断言
2021-02-19 14:42:12 INFO  ApiTestCaseModel:63 - 测试用例qs_knowledgePoint_unlockKpList断言完毕！！
 返回消息体msg-----成功
2021-02-19 14:42:12 INFO  ApiTestCaseModel:66 - 测试用例qs_knowledgePoint_unlockKpList断言完毕！！
 返回消息体code-----0
2021-02-19 14:42:12 INFO  ApiTestCaseModel:72 - 测试用例qs_knowledgePoint_unlockKpList断言完毕！！
 期待obj返回消息体3
 实际obj返回消息体3
2021-02-19 14:42:12 INFO  ApiTestCaseModel:63 - 测试用例qs_knowledgePoint_selfModeChooseKp断言完毕！！
 返回消息体msg-----成功
2021-02-19 14:42:12 INFO  ApiTestCaseModel:66 - 测试用例qs_knowledgePoint_selfModeChooseKp断言完毕！！
 返回消息体code-----0
2021-02-19 14:42:12 INFO  ApiTestCaseModel:69 - 返回消息obj体中为空，无需断言
2021-02-19 14:42:12 INFO  ApiTestCaseModel:63 - 测试用例qs_solveDetailCollection_myCollection断言完毕！！
 返回消息体msg-----成功
2021-02-19 14:42:12 INFO  ApiTestCaseModel:66 - 测试用例qs_solveDetailCollection_myCollection断言完毕！！
 返回消息体code-----0
2021-02-19 14:42:12 INFO  ApiTestCaseModel:72 - 测试用例qs_solveDetailCollection_myCollection断言完毕！！
 期待obj返回消息体5
 实际obj返回消息体5
2021-02-19 14:42:12 INFO  ApiTestCaseModel:63 - 测试用例qs_task_creditDetails断言完毕！！
 返回消息体msg-----成功
2021-02-19 14:42:12 INFO  ApiTestCaseModel:66 - 测试用例qs_task_creditDetails断言完毕！！
 返回消息体code-----0
2021-02-19 14:42:12 INFO  ApiTestCaseModel:72 - 测试用例qs_task_creditDetails断言完毕！！
 期待obj返回消息体5
 实际obj返回消息体5
2021-02-19 14:42:13 INFO  ApiTestCaseModel:63 - 测试用例qs_task_index断言完毕！！
 返回消息体msg-----成功
2021-02-19 14:42:13 INFO  ApiTestCaseModel:66 - 测试用例qs_task_index断言完毕！！
 返回消息体code-----0
2021-02-19 14:42:13 INFO  ApiTestCaseModel:72 - 测试用例qs_task_index断言完毕！！
 期待obj返回消息体2
 实际obj返回消息体2
2021-02-19 14:42:13 INFO  ApiTestCaseModel:63 - 测试用例qs_class_classDetail_classRank断言完毕！！
 返回消息体msg-----成功
2021-02-19 14:42:13 INFO  ApiTestCaseModel:66 - 测试用例qs_class_classDetail_classRank断言完毕！！
 返回消息体code-----0
2021-02-19 14:42:13 INFO  ApiTestCaseModel:72 - 测试用例qs_class_classDetail_classRank断言完毕！！
 期待obj返回消息体1
 实际obj返回消息体1
2021-02-19 14:42:13 INFO  ApiTestCaseModel:63 - 测试用例qs_class_personData断言完毕！！
 返回消息体msg-----成功
2021-02-19 14:42:13 INFO  ApiTestCaseModel:66 - 测试用例qs_class_personData断言完毕！！
 返回消息体code-----0
2021-02-19 14:42:13 INFO  ApiTestCaseModel:72 - 测试用例qs_class_personData断言完毕！！
 期待obj返回消息体10
 实际obj返回消息体10
2021-02-19 14:42:13 INFO  ApiTestCaseModel:63 - 测试用例qs_class_classDetail_classReport断言完毕！！
 返回消息体msg-----成功
2021-02-19 14:42:13 INFO  ApiTestCaseModel:66 - 测试用例qs_class_classDetail_classReport断言完毕！！
 返回消息体code-----0
2021-02-19 14:42:13 INFO  ApiTestCaseModel:72 - 测试用例qs_class_classDetail_classReport断言完毕！！
 期待obj返回消息体8
 实际obj返回消息体8
2021-02-19 14:42:14 INFO  ApiTestCaseModel:63 - 测试用例qs_class_index断言完毕！！
 返回消息体msg-----成功
2021-02-19 14:42:14 INFO  ApiTestCaseModel:66 - 测试用例qs_class_index断言完毕！！
 返回消息体code-----0
2021-02-19 14:42:14 INFO  ApiTestCaseModel:72 - 测试用例qs_class_index断言完毕！！
 期待obj返回消息体4
 实际obj返回消息体4
2021-02-19 14:42:14 INFO  ApiTestCaseModel:63 - 测试用例qs_exam_examIndex断言完毕！！
 返回消息体msg-----成功
2021-02-19 14:42:14 INFO  ApiTestCaseModel:66 - 测试用例qs_exam_examIndex断言完毕！！
 返回消息体code-----0
2021-02-19 14:42:14 INFO  ApiTestCaseModel:72 - 测试用例qs_exam_examIndex断言完毕！！
 期待obj返回消息体5
 实际obj返回消息体5
2021-02-19 14:42:14 INFO  ApiTestCaseModel:63 - 测试用例qs_exam_cacheAnswer断言完毕！！
 返回消息体msg-----成功
2021-02-19 14:42:14 INFO  ApiTestCaseModel:66 - 测试用例qs_exam_cacheAnswer断言完毕！！
 返回消息体code-----0
2021-02-19 14:42:14 INFO  ApiTestCaseModel:69 - 返回消息obj体中为空，无需断言
2021-02-19 14:42:15 INFO  ApiTestCaseModel:63 - 测试用例qs_exam_smartExam断言完毕！！
 返回消息体msg-----成功
2021-02-19 14:42:15 INFO  ApiTestCaseModel:66 - 测试用例qs_exam_smartExam断言完毕！！
 返回消息体code-----0
2021-02-19 14:42:15 INFO  ApiTestCaseModel:72 - 测试用例qs_exam_smartExam断言完毕！！
 期待obj返回消息体3
 实际obj返回消息体3
2021-02-19 14:42:15 INFO  ApiTestCaseModel:63 - 测试用例qs_exam_examAnalysis断言完毕！！
 返回消息体msg-----成功
2021-02-19 14:42:16 INFO  ApiTestCaseModel:66 - 测试用例qs_exam_examAnalysis断言完毕！！
 返回消息体code-----0
2021-02-19 14:42:16 INFO  ApiTestCaseModel:72 - 测试用例qs_exam_examAnalysis断言完毕！！
 期待obj返回消息体2
 实际obj返回消息体2
2021-02-19 14:42:16 INFO  ApiTestCaseModel:63 - 测试用例qs_exam_recordView断言完毕！！
 返回消息体msg-----成功
2021-02-19 14:42:16 INFO  ApiTestCaseModel:66 - 测试用例qs_exam_recordView断言完毕！！
 返回消息体code-----0
2021-02-19 14:42:16 INFO  ApiTestCaseModel:72 - 测试用例qs_exam_recordView断言完毕！！
 期待obj返回消息体15
 实际obj返回消息体15
2021-02-19 14:42:16 INFO  ApiTestCaseModel:63 - 测试用例qs_exam_getVideoPlayInfo断言完毕！！
 返回消息体msg-----成功
2021-02-19 14:42:16 INFO  ApiTestCaseModel:66 - 测试用例qs_exam_getVideoPlayInfo断言完毕！！
 返回消息体code-----0
2021-02-19 14:42:16 INFO  ApiTestCaseModel:72 - 测试用例qs_exam_getVideoPlayInfo断言完毕！！
 期待obj返回消息体4
 实际obj返回消息体4
2021-02-19 14:42:16 INFO  ApiTestCaseModel:63 - 测试用例qs_exam_wrongQuesByQuesType断言完毕！！
 返回消息体msg-----成功
2021-02-19 14:42:16 INFO  ApiTestCaseModel:66 - 测试用例qs_exam_wrongQuesByQuesType断言完毕！！
 返回消息体code-----0
2021-02-19 14:42:16 INFO  ApiTestCaseModel:72 - 测试用例qs_exam_wrongQuesByQuesType断言完毕！！
 期待obj返回消息体2
 实际obj返回消息体2
2021-02-19 14:42:16 INFO  ApiTestCaseModel:63 - 测试用例qs_exam_correctionTypeList断言完毕！！
 返回消息体msg-----成功
2021-02-19 14:42:16 INFO  ApiTestCaseModel:66 - 测试用例qs_exam_correctionTypeList断言完毕！！
 返回消息体code-----0
2021-02-19 14:42:16 INFO  ApiTestCaseModel:72 - 测试用例qs_exam_correctionTypeList断言完毕！！
 期待obj返回消息体1
 实际obj返回消息体1
2021-02-19 14:42:17 INFO  ApiTestCaseModel:63 - 测试用例qs_exam_wrongQuesDetail断言完毕！！
 返回消息体msg-----成功
2021-02-19 14:42:17 INFO  ApiTestCaseModel:66 - 测试用例qs_exam_wrongQuesDetail断言完毕！！
 返回消息体code-----0
2021-02-19 14:42:17 INFO  ApiTestCaseModel:72 - 测试用例qs_exam_wrongQuesDetail断言完毕！！
 期待obj返回消息体5
 实际obj返回消息体5
2021-02-19 14:42:17 INFO  ApiTestCaseModel:63 - 测试用例qs_exam_removeWrongQuesByUser断言完毕！！
 返回消息体msg-----成功
2021-02-19 14:42:17 INFO  ApiTestCaseModel:66 - 测试用例qs_exam_removeWrongQuesByUser断言完毕！！
 返回消息体code-----0
2021-02-19 14:42:17 INFO  ApiTestCaseModel:72 - 测试用例qs_exam_removeWrongQuesByUser断言完毕！！
 期待obj返回消息体1
 实际obj返回消息体1
2021-02-19 14:42:17 INFO  ApiTestCaseModel:63 - 测试用例qs_exam_subjectListByUserExtendId断言完毕！！
 返回消息体msg-----成功
2021-02-19 14:42:17 INFO  ApiTestCaseModel:66 - 测试用例qs_exam_subjectListByUserExtendId断言完毕！！
 返回消息体code-----0
2021-02-19 14:42:17 INFO  ApiTestCaseModel:72 - 测试用例qs_exam_subjectListByUserExtendId断言完毕！！
 期待obj返回消息体1
 实际obj返回消息体1
2021-02-19 14:42:18 INFO  ApiTestCaseModel:63 - 测试用例qs_exam_smartGoToExam断言完毕！！
 返回消息体msg-----成功
2021-02-19 14:42:18 INFO  ApiTestCaseModel:66 - 测试用例qs_exam_smartGoToExam断言完毕！！
 返回消息体code-----0
2021-02-19 14:42:18 INFO  ApiTestCaseModel:72 - 测试用例qs_exam_smartGoToExam断言完毕！！
 期待obj返回消息体5
 实际obj返回消息体5
2021-02-19 14:42:18 INFO  ApiTestCaseModel:63 - 测试用例qs_exam_wrongQuesByKp断言完毕！！
 返回消息体msg-----成功
2021-02-19 14:42:18 INFO  ApiTestCaseModel:66 - 测试用例qs_exam_wrongQuesByKp断言完毕！！
 返回消息体code-----0
2021-02-19 14:42:18 INFO  ApiTestCaseModel:72 - 测试用例qs_exam_wrongQuesByKp断言完毕！！
 期待obj返回消息体2
 实际obj返回消息体2
2021-02-19 14:42:18 INFO  ApiTestCaseModel:63 - 测试用例qs_exam_paperRecordList断言完毕！！
 返回消息体msg-----成功
2021-02-19 14:42:18 INFO  ApiTestCaseModel:66 - 测试用例qs_exam_paperRecordList断言完毕！！
 返回消息体code-----0
2021-02-19 14:42:18 INFO  ApiTestCaseModel:72 - 测试用例qs_exam_paperRecordList断言完毕！！
 期待obj返回消息体5
 实际obj返回消息体5
2021-02-19 14:42:19 INFO  ApiTestCaseModel:63 - 测试用例qs_exam_goToExam断言完毕！！
 返回消息体msg-----成功
2021-02-19 14:42:19 INFO  ApiTestCaseModel:66 - 测试用例qs_exam_goToExam断言完毕！！
 返回消息体code-----0
2021-02-19 14:42:19 INFO  ApiTestCaseModel:72 - 测试用例qs_exam_goToExam断言完毕！！
 期待obj返回消息体5
 实际obj返回消息体5
2021-02-19 14:42:19 INFO  ApiTestCaseModel:63 - 测试用例qs_exam_paperListByPaperType断言完毕！！
 返回消息体msg-----成功
2021-02-19 14:42:19 INFO  ApiTestCaseModel:66 - 测试用例qs_exam_paperListByPaperType断言完毕！！
 返回消息体code-----0
2021-02-19 14:42:19 INFO  ApiTestCaseModel:72 - 测试用例qs_exam_paperListByPaperType断言完毕！！
 期待obj返回消息体1
 实际obj返回消息体1
2021-02-19 14:42:19 INFO  ApiTestCaseModel:63 - 测试用例qs_commentLable_commentLableList断言完毕！！
 返回消息体msg-----成功
2021-02-19 14:42:19 INFO  ApiTestCaseModel:66 - 测试用例qs_commentLable_commentLableList断言完毕！！
 返回消息体code-----0
2021-02-19 14:42:19 INFO  ApiTestCaseModel:72 - 测试用例qs_commentLable_commentLableList断言完毕！！
 期待obj返回消息体2
 实际obj返回消息体2
2021-02-19 14:42:19 INFO  ApiTestCaseModel:63 - 测试用例qs_setting_learnTime断言完毕！！
 返回消息体msg-----成功
2021-02-19 14:42:19 INFO  ApiTestCaseModel:66 - 测试用例qs_setting_learnTime断言完毕！！
 返回消息体code-----0
2021-02-19 14:42:19 INFO  ApiTestCaseModel:72 - 测试用例qs_setting_learnTime断言完毕！！
 期待obj返回消息体3
 实际obj返回消息体3
2021-02-19 14:42:19 INFO  ApiTestCaseModel:63 - 测试用例qs_setting_learnProgress断言完毕！！
 返回消息体msg-----成功
2021-02-19 14:42:19 INFO  ApiTestCaseModel:66 - 测试用例qs_setting_learnProgress断言完毕！！
 返回消息体code-----0
2021-02-19 14:42:19 INFO  ApiTestCaseModel:72 - 测试用例qs_setting_learnProgress断言完毕！！
 期待obj返回消息体2
 实际obj返回消息体2
2021-02-19 14:42:20 INFO  ApiTestCaseModel:63 - 测试用例qs_setting_learnProgressSubmit断言完毕！！
 返回消息体msg-----成功
2021-02-19 14:42:20 INFO  ApiTestCaseModel:66 - 测试用例qs_setting_learnProgressSubmit断言完毕！！
 返回消息体code-----0
2021-02-19 14:42:20 INFO  ApiTestCaseModel:69 - 返回消息obj体中为空，无需断言
2021-02-19 14:42:20 INFO  ApiTestCaseModel:63 - 测试用例qs_setting_learnPlanSwitchSubmit断言完毕！！
 返回消息体msg-----成功
2021-02-19 14:42:20 INFO  ApiTestCaseModel:66 - 测试用例qs_setting_learnPlanSwitchSubmit断言完毕！！
 返回消息体code-----0
2021-02-19 14:42:20 INFO  ApiTestCaseModel:69 - 返回消息obj体中为空，无需断言
2021-02-19 14:42:20 INFO  ApiTestCaseModel:63 - 测试用例qs_setting_switchTeacherSubmit断言完毕！！
 返回消息体msg-----成功
2021-02-19 14:42:20 INFO  ApiTestCaseModel:66 - 测试用例qs_setting_switchTeacherSubmit断言完毕！！
 返回消息体code-----0
2021-02-19 14:42:20 INFO  ApiTestCaseModel:69 - 返回消息obj体中为空，无需断言
2021-02-19 14:42:20 INFO  ApiTestCaseModel:63 - 测试用例qs_setting_classSwitch断言完毕！！
 返回消息体msg-----成功
2021-02-19 14:42:20 INFO  ApiTestCaseModel:66 - 测试用例qs_setting_classSwitch断言完毕！！
 返回消息体code-----0
2021-02-19 14:42:20 INFO  ApiTestCaseModel:72 - 测试用例qs_setting_classSwitch断言完毕！！
 期待obj返回消息体1
 实际obj返回消息体1
2021-02-19 14:42:21 INFO  ApiTestCaseModel:63 - 测试用例qs_setting_learnPlanSwitch断言完毕！！
 返回消息体msg-----成功
2021-02-19 14:42:21 INFO  ApiTestCaseModel:66 - 测试用例qs_setting_learnPlanSwitch断言完毕！！
 返回消息体code-----0
2021-02-19 14:42:21 INFO  ApiTestCaseModel:72 - 测试用例qs_setting_learnPlanSwitch断言完毕！！
 期待obj返回消息体2
 实际obj返回消息体2
2021-02-19 14:42:21 INFO  ApiTestCaseModel:63 - 测试用例qs_setting_autoCache断言完毕！！
 返回消息体msg-----成功
2021-02-19 14:42:21 INFO  ApiTestCaseModel:66 - 测试用例qs_setting_autoCache断言完毕！！
 返回消息体code-----0
2021-02-19 14:42:21 INFO  ApiTestCaseModel:72 - 测试用例qs_setting_autoCache断言完毕！！
 期待obj返回消息体1
 实际obj返回消息体1
2021-02-19 14:42:21 INFO  ApiTestCaseModel:63 - 测试用例qs_setting_switchTeacher断言完毕！！
 返回消息体msg-----成功
2021-02-19 14:42:21 INFO  ApiTestCaseModel:66 - 测试用例qs_setting_switchTeacher断言完毕！！
 返回消息体code-----0
2021-02-19 14:42:21 INFO  ApiTestCaseModel:72 - 测试用例qs_setting_switchTeacher断言完毕！！
 期待obj返回消息体1
 实际obj返回消息体1
2021-02-19 14:42:21 INFO  ApiTestCaseModel:63 - 测试用例qs_setting_learnCycleSubmit断言完毕！！
 返回消息体msg-----成功
2021-02-19 14:42:21 INFO  ApiTestCaseModel:66 - 测试用例qs_setting_learnCycleSubmit断言完毕！！
 返回消息体code-----0
2021-02-19 14:42:21 INFO  ApiTestCaseModel:69 - 返回消息obj体中为空，无需断言
2021-02-19 14:42:22 INFO  ApiTestCaseModel:63 - 测试用例qs_setting_restCycleSubmit断言完毕！！
 返回消息体msg-----成功
2021-02-19 14:42:22 INFO  ApiTestCaseModel:66 - 测试用例qs_setting_restCycleSubmit断言完毕！！
 返回消息体code-----0
2021-02-19 14:42:22 INFO  ApiTestCaseModel:69 - 返回消息obj体中为空，无需断言
2021-02-19 14:42:22 INFO  ApiTestCaseModel:63 - 测试用例qs_setting_learnMethodSubmit断言完毕！！
 返回消息体msg-----成功
2021-02-19 14:42:22 INFO  ApiTestCaseModel:66 - 测试用例qs_setting_learnMethodSubmit断言完毕！！
 返回消息体code-----0
2021-02-19 14:42:22 INFO  ApiTestCaseModel:69 - 返回消息obj体中为空，无需断言
2021-02-19 14:42:22 INFO  ApiTestCaseModel:63 - 测试用例qs_setting_index断言完毕！！
 返回消息体msg-----成功
2021-02-19 14:42:22 INFO  ApiTestCaseModel:66 - 测试用例qs_setting_index断言完毕！！
 返回消息体code-----0
2021-02-19 14:42:22 INFO  ApiTestCaseModel:72 - 测试用例qs_setting_index断言完毕！！
 期待obj返回消息体2
 实际obj返回消息体2
2021-02-19 14:42:22 INFO  ApiTestCaseModel:63 - 测试用例qs_setting_learnMethod断言完毕！！
 返回消息体msg-----成功
2021-02-19 14:42:22 INFO  ApiTestCaseModel:66 - 测试用例qs_setting_learnMethod断言完毕！！
 返回消息体code-----0
2021-02-19 14:42:22 INFO  ApiTestCaseModel:72 - 测试用例qs_setting_learnMethod断言完毕！！
 期待obj返回消息体3
 实际obj返回消息体3
2021-02-19 14:42:22 INFO  ApiTestCaseModel:63 - 测试用例qs_setting_classSwitchSubmit断言完毕！！
 返回消息体msg-----成功
2021-02-19 14:42:22 INFO  ApiTestCaseModel:66 - 测试用例qs_setting_classSwitchSubmit断言完毕！！
 返回消息体code-----0
2021-02-19 14:42:22 INFO  ApiTestCaseModel:69 - 返回消息obj体中为空，无需断言
2021-02-19 14:42:22 INFO  ApiTestCaseModel:63 - 测试用例qs_replyComment_getCommentView断言完毕！！
 返回消息体msg-----成功
2021-02-19 14:42:22 INFO  ApiTestCaseModel:66 - 测试用例qs_replyComment_getCommentView断言完毕！！
 返回消息体code-----0
2021-02-19 14:42:22 INFO  ApiTestCaseModel:72 - 测试用例qs_replyComment_getCommentView断言完毕！！
 期待obj返回消息体4
 实际obj返回消息体4
2021-02-19 14:42:23 INFO  ApiTestCaseModel:63 - 测试用例qs_study_startStudyQues断言完毕！！
 返回消息体msg-----成功
2021-02-19 14:42:23 INFO  ApiTestCaseModel:66 - 测试用例qs_study_startStudyQues断言完毕！！
 返回消息体code-----0
2021-02-19 14:42:23 INFO  ApiTestCaseModel:72 - 测试用例qs_study_startStudyQues断言完毕！！
 期待obj返回消息体2
 实际obj返回消息体2
2021-02-19 14:42:23 INFO  ApiTestCaseModel:63 - 测试用例qs_course_courseByLectureId断言完毕！！
 返回消息体msg-----成功
2021-02-19 14:42:23 INFO  ApiTestCaseModel:66 - 测试用例qs_course_courseByLectureId断言完毕！！
 返回消息体code-----0
2021-02-19 14:42:23 INFO  ApiTestCaseModel:72 - 测试用例qs_course_courseByLectureId断言完毕！！
 期待obj返回消息体7
 实际obj返回消息体7
2021-02-19 14:42:24 INFO  ApiTestCaseModel:63 - 测试用例qs_curriculum_classSchedule断言完毕！！
 返回消息体msg-----成功
2021-02-19 14:42:24 INFO  ApiTestCaseModel:66 - 测试用例qs_curriculum_classSchedule断言完毕！！
 返回消息体code-----0
2021-02-19 14:42:24 INFO  ApiTestCaseModel:69 - 返回消息obj体中为空，无需断言
2021-02-19 14:42:25 INFO  ApiTestCaseModel:63 - 测试用例qs_curriculum_dayList断言完毕！！
 返回消息体msg-----成功
2021-02-19 14:42:25 INFO  ApiTestCaseModel:66 - 测试用例qs_curriculum_dayList断言完毕！！
 返回消息体code-----0
2021-02-19 14:42:25 INFO  ApiTestCaseModel:72 - 测试用例qs_curriculum_dayList断言完毕！！
 期待obj返回消息体1
 实际obj返回消息体1
2021-02-19 14:42:25 INFO  ApiTestCaseModel:63 - 测试用例qs_marketingMessage_getMarketingMessageDetail断言完毕！！
 返回消息体msg-----成功
2021-02-19 14:42:25 INFO  ApiTestCaseModel:66 - 测试用例qs_marketingMessage_getMarketingMessageDetail断言完毕！！
 返回消息体code-----0
2021-02-20 10:07:25 INFO  ApiTestCaseModel:63 - 测试用例qs_study_systemStatus断言完毕！！
 返回消息体msg-----成功
2021-02-20 10:07:25 INFO  ApiTestCaseModel:66 - 测试用例qs_study_systemStatus断言完毕！！
 返回消息体code-----0
2021-02-20 10:07:25 INFO  ApiTestCaseModel:72 - 测试用例qs_study_systemStatus断言完毕！！
 期待obj返回消息体9
 实际obj返回消息体9
2021-02-20 11:14:22 INFO  ApiTestCaseModel:63 - 测试用例qs_study_startStudyQues断言完毕！！
 返回消息体msg-----成功
2021-02-20 15:51:17 INFO  JsonToYamlUtils:103 - 新文件覆盖老文件成功
2021-02-20 15:51:17 INFO  JsonToYamlUtils:103 - 新文件覆盖老文件成功
2021-02-20 15:51:17 INFO  JsonToYamlUtils:103 - 新文件覆盖老文件成功
2021-02-20 15:51:17 INFO  JsonToYamlUtils:103 - 新文件覆盖老文件成功
2021-02-20 15:51:17 INFO  JsonToYamlUtils:103 - 新文件覆盖老文件成功
2021-02-20 15:51:17 INFO  JsonToYamlUtils:103 - 新文件覆盖老文件成功
2021-02-20 15:51:17 INFO  JsonToYamlUtils:103 - 新文件覆盖老文件成功
2021-02-20 16:09:45 INFO  JsonToYamlUtils:103 - 新文件覆盖老文件成功
2021-02-20 16:09:59 INFO  JsonToYamlUtils:103 - 新文件覆盖老文件成功
2021-02-20 16:09:59 INFO  JsonToYamlUtils:103 - 新文件覆盖老文件成功
2021-02-20 16:09:59 INFO  JsonToYamlUtils:103 - 新文件覆盖老文件成功
2021-02-20 16:09:59 INFO  JsonToYamlUtils:103 - 新文件覆盖老文件成功
2021-02-20 16:09:59 INFO  JsonToYamlUtils:103 - 新文件覆盖老文件成功
2021-02-20 16:09:59 INFO  JsonToYamlUtils:103 - 新文件覆盖老文件成功
2021-02-20 16:19:09 INFO  JsonToYamlUtils:103 - 新文件覆盖老文件成功
2021-02-20 16:19:09 INFO  JsonToYamlUtils:103 - 新文件覆盖老文件成功
2021-02-20 16:19:09 INFO  JsonToYamlUtils:103 - 新文件覆盖老文件成功
2021-02-20 16:19:09 INFO  JsonToYamlUtils:103 - 新文件覆盖老文件成功
2021-02-20 16:19:09 INFO  JsonToYamlUtils:103 - 新文件覆盖老文件成功
2021-02-20 16:19:09 INFO  JsonToYamlUtils:103 - 新文件覆盖老文件成功
2021-02-20 16:24:44 INFO  JsonToYamlUtils:113 - /Users/christbella/IdeaProjects/DaQsAITest/src/main/resources/com.dongao.DaQsAiTest/data/V1/curriculum/new_curriculum_dayList.chlsj文件删除成功！！！！
2021-02-20 16:36:34 INFO  CreateTestCaseTest:42 - ======================第1次创建测试用例===================
2021-02-20 16:36:34 INFO  JsonToYamlUtils:77 - 创建新文件成功，去掉前后[],修改obj:null====》src/main/resources/com.dongao.DaQsAiTest/data/V1/activation/new_activation_questionsAndAnswers.chlsj
2021-02-20 16:36:35 ERROR JsonToYamlUtils:54 - 解析new_activation_questionsAndAnswers.chlsj异常,失败信息:Cannot construct instance of `com.dongao.DaQsAiTest.FileDto.JsonFileDto` (although at least one Creator exists): no String-argument constructor/factory method to deserialize from String value ('status')
 at [Source: UNKNOWN; line: -1, column: -1]
2021-02-20 16:36:35 ERROR CreateTestCaseTest:52 - charles文件解析错误：java.lang.NullPointerException
2021-02-20 16:36:35 INFO  CreateTestCaseTest:42 - ======================第1次创建测试用例===================
2021-02-20 16:36:35 INFO  JsonToYamlUtils:77 - 创建新文件成功，去掉前后[],修改obj:null====》src/main/resources/com.dongao.DaQsAiTest/data/V1/activation/new_activation_shareLearnPlan.chlsj
2021-02-20 16:36:35 ERROR JsonToYamlUtils:54 - 解析new_activation_shareLearnPlan.chlsj异常,失败信息:Cannot construct instance of `com.dongao.DaQsAiTest.FileDto.JsonFileDto` (although at least one Creator exists): no String-argument constructor/factory method to deserialize from String value ('status')
 at [Source: UNKNOWN; line: -1, column: -1]
2021-02-20 16:36:35 ERROR CreateTestCaseTest:52 - charles文件解析错误：java.lang.NullPointerException
2021-02-20 16:36:35 INFO  CreateTestCaseTest:42 - ======================第1次创建测试用例===================
2021-02-20 16:36:35 INFO  JsonToYamlUtils:77 - 创建新文件成功，去掉前后[],修改obj:null====》src/main/resources/com.dongao.DaQsAiTest/data/V1/activation/new_activation_normalMode.chlsj
2021-02-20 16:36:35 ERROR JsonToYamlUtils:54 - 解析new_activation_normalMode.chlsj异常,失败信息:Cannot construct instance of `com.dongao.DaQsAiTest.FileDto.JsonFileDto` (although at least one Creator exists): no String-argument constructor/factory method to deserialize from String value ('status')
 at [Source: UNKNOWN; line: -1, column: -1]
2021-02-20 16:36:35 ERROR CreateTestCaseTest:52 - charles文件解析错误：java.lang.NullPointerException
2021-02-20 16:36:35 INFO  CreateTestCaseTest:42 - ======================第1次创建测试用例===================
2021-02-20 16:36:35 INFO  JsonToYamlUtils:77 - 创建新文件成功，去掉前后[],修改obj:null====》src/main/resources/com.dongao.DaQsAiTest/data/V1/activation/new_activation_completeActivation.chlsj
2021-02-20 16:36:35 ERROR JsonToYamlUtils:54 - 解析new_activation_completeActivation.chlsj异常,失败信息:Cannot construct instance of `com.dongao.DaQsAiTest.FileDto.JsonFileDto` (although at least one Creator exists): no String-argument constructor/factory method to deserialize from String value ('status')
 at [Source: UNKNOWN; line: -1, column: -1]
2021-02-20 16:36:35 ERROR CreateTestCaseTest:52 - charles文件解析错误：java.lang.NullPointerException
2021-02-20 16:36:35 INFO  CreateTestCaseTest:42 - ======================第1次创建测试用例===================
2021-02-20 16:36:35 INFO  JsonToYamlUtils:77 - 创建新文件成功，去掉前后[],修改obj:null====》src/main/resources/com.dongao.DaQsAiTest/data/V1/activation/new_activation_submitQues.chlsj
2021-02-20 16:36:35 ERROR JsonToYamlUtils:54 - 解析new_activation_submitQues.chlsj异常,失败信息:Cannot construct instance of `com.dongao.DaQsAiTest.FileDto.JsonFileDto` (although at least one Creator exists): no String-argument constructor/factory method to deserialize from String value ('status')
 at [Source: UNKNOWN; line: -1, column: -1]
2021-02-20 16:36:35 ERROR CreateTestCaseTest:52 - charles文件解析错误：java.lang.NullPointerException
2021-02-20 16:36:35 INFO  CreateTestCaseTest:42 - ======================第1次创建测试用例===================
2021-02-20 16:36:35 INFO  JsonToYamlUtils:77 - 创建新文件成功，去掉前后[],修改obj:null====》src/main/resources/com.dongao.DaQsAiTest/data/V1/activation/new_activation_renewActivation.chlsj
2021-02-20 16:36:35 ERROR JsonToYamlUtils:54 - 解析new_activation_renewActivation.chlsj异常,失败信息:Cannot construct instance of `com.dongao.DaQsAiTest.FileDto.JsonFileDto` (although at least one Creator exists): no String-argument constructor/factory method to deserialize from String value ('status')
 at [Source: UNKNOWN; line: -1, column: -1]
2021-02-20 16:36:35 ERROR CreateTestCaseTest:52 - charles文件解析错误：java.lang.NullPointerException
2021-02-20 16:36:35 INFO  CreateTestCaseTest:42 - ======================第1次创建测试用例===================
2021-02-20 16:36:35 INFO  JsonToYamlUtils:77 - 创建新文件成功，去掉前后[],修改obj:null====》src/main/resources/com.dongao.DaQsAiTest/data/V1/activation/new_activation_cancelQues.chlsj
2021-02-20 16:36:35 ERROR JsonToYamlUtils:54 - 解析new_activation_cancelQues.chlsj异常,失败信息:Cannot construct instance of `com.dongao.DaQsAiTest.FileDto.JsonFileDto` (although at least one Creator exists): no String-argument constructor/factory method to deserialize from String value ('status')
 at [Source: UNKNOWN; line: -1, column: -1]
2021-02-20 16:36:35 ERROR CreateTestCaseTest:52 - charles文件解析错误：java.lang.NullPointerException
2021-02-20 16:44:57 INFO  CreateTestCaseTest:42 - ======================第1次创建测试用例===================
2021-02-20 16:44:57 INFO  JsonToYamlUtils:77 - 创建新文件成功，去掉前后[],修改obj:null====》src/main/resources/com.dongao.DaQsAiTest/data/V1/activation/new_activation_questionsAndAnswers.chlsj
2021-02-20 16:44:58 INFO  JsonToYamlUtils:185 - 文件夹不存在，现在创建src/main/resources/com.dongao.DaQsAiTest/case/V1/activation
2021-02-20 16:44:58 INFO  JsonToYamlUtils:185 - 文件夹不存在，现在创建src/main/resources/com.dongao.DaQsAiTest/api/V1/activation
2021-02-20 16:44:58 INFO  JsonToYamlUtils:170 - 成功创建测试用例文件路径=====》src/main/resources/com.dongao.DaQsAiTest/case/V1/activation/qs_V1_activation_questionsAndAnswers.yaml
2021-02-20 16:44:58 INFO  JsonToYamlUtils:171 - 成功创建对象文件路径=====》src/main/resources/com.dongao.DaQsAiTest/api/V1/activation/qs_V1_activation_questionsAndAnswers.yaml
2021-02-20 16:44:58 INFO  JsonToYamlUtils:113 - src/main/resources/com.dongao.DaQsAiTest/data/V1/activation/activation_questionsAndAnswers.chlsj文件删除成功！！！！
2021-02-20 16:44:58 INFO  CreateTestCaseTest:42 - ======================第2次创建测试用例===================
2021-02-20 16:44:58 INFO  JsonToYamlUtils:77 - 创建新文件成功，去掉前后[],修改obj:null====》src/main/resources/com.dongao.DaQsAiTest/data/V1/activation/new_activation_shareLearnPlan.chlsj
2021-02-20 16:44:58 INFO  JsonToYamlUtils:170 - 成功创建测试用例文件路径=====》src/main/resources/com.dongao.DaQsAiTest/case/V1/activation/qs_V1_activation_shareLearnPlan.yaml
2021-02-20 16:44:58 INFO  JsonToYamlUtils:171 - 成功创建对象文件路径=====》src/main/resources/com.dongao.DaQsAiTest/api/V1/activation/qs_V1_activation_shareLearnPlan.yaml
2021-02-20 16:44:58 INFO  JsonToYamlUtils:113 - src/main/resources/com.dongao.DaQsAiTest/data/V1/activation/activation_shareLearnPlan.chlsj文件删除成功！！！！
2021-02-20 16:44:58 INFO  CreateTestCaseTest:42 - ======================第3次创建测试用例===================
2021-02-20 16:44:58 INFO  JsonToYamlUtils:77 - 创建新文件成功，去掉前后[],修改obj:null====》src/main/resources/com.dongao.DaQsAiTest/data/V1/activation/new_activation_normalMode.chlsj
2021-02-20 16:44:58 INFO  JsonToYamlUtils:170 - 成功创建测试用例文件路径=====》src/main/resources/com.dongao.DaQsAiTest/case/V1/activation/qs_V1_activation_normalMode.yaml
2021-02-20 16:44:58 INFO  JsonToYamlUtils:171 - 成功创建对象文件路径=====》src/main/resources/com.dongao.DaQsAiTest/api/V1/activation/qs_V1_activation_normalMode.yaml
2021-02-20 16:44:58 INFO  JsonToYamlUtils:113 - src/main/resources/com.dongao.DaQsAiTest/data/V1/activation/activation_normalMode.chlsj文件删除成功！！！！
2021-02-20 16:44:58 INFO  CreateTestCaseTest:42 - ======================第4次创建测试用例===================
2021-02-20 16:44:58 INFO  JsonToYamlUtils:77 - 创建新文件成功，去掉前后[],修改obj:null====》src/main/resources/com.dongao.DaQsAiTest/data/V1/activation/new_activation_completeActivation.chlsj
2021-02-20 16:44:58 INFO  JsonToYamlUtils:170 - 成功创建测试用例文件路径=====》src/main/resources/com.dongao.DaQsAiTest/case/V1/activation/qs_V1_activation_completeActivation.yaml
2021-02-20 16:44:58 INFO  JsonToYamlUtils:171 - 成功创建对象文件路径=====》src/main/resources/com.dongao.DaQsAiTest/api/V1/activation/qs_V1_activation_completeActivation.yaml
2021-02-20 16:44:58 INFO  JsonToYamlUtils:113 - src/main/resources/com.dongao.DaQsAiTest/data/V1/activation/activation_completeActivation.chlsj文件删除成功！！！！
2021-02-20 16:44:58 INFO  CreateTestCaseTest:42 - ======================第5次创建测试用例===================
2021-02-20 16:44:58 INFO  JsonToYamlUtils:77 - 创建新文件成功，去掉前后[],修改obj:null====》src/main/resources/com.dongao.DaQsAiTest/data/V1/activation/new_activation_submitQues.chlsj
2021-02-20 16:44:58 INFO  JsonToYamlUtils:170 - 成功创建测试用例文件路径=====》src/main/resources/com.dongao.DaQsAiTest/case/V1/activation/qs_V1_activation_submitQues.yaml
2021-02-20 16:44:58 INFO  JsonToYamlUtils:171 - 成功创建对象文件路径=====》src/main/resources/com.dongao.DaQsAiTest/api/V1/activation/qs_V1_activation_submitQues.yaml
2021-02-20 16:44:58 INFO  JsonToYamlUtils:113 - src/main/resources/com.dongao.DaQsAiTest/data/V1/activation/activation_submitQues.chlsj文件删除成功！！！！
2021-02-20 16:44:58 INFO  CreateTestCaseTest:42 - ======================第6次创建测试用例===================
2021-02-20 16:44:58 INFO  JsonToYamlUtils:77 - 创建新文件成功，去掉前后[],修改obj:null====》src/main/resources/com.dongao.DaQsAiTest/data/V1/activation/new_activation_renewActivation.chlsj
2021-02-20 16:44:58 INFO  JsonToYamlUtils:170 - 成功创建测试用例文件路径=====》src/main/resources/com.dongao.DaQsAiTest/case/V1/activation/qs_V1_activation_renewActivation.yaml
2021-02-20 16:44:58 INFO  JsonToYamlUtils:171 - 成功创建对象文件路径=====》src/main/resources/com.dongao.DaQsAiTest/api/V1/activation/qs_V1_activation_renewActivation.yaml
2021-02-20 16:44:58 INFO  JsonToYamlUtils:113 - src/main/resources/com.dongao.DaQsAiTest/data/V1/activation/activation_renewActivation.chlsj文件删除成功！！！！
2021-02-20 16:44:58 INFO  CreateTestCaseTest:42 - ======================第7次创建测试用例===================
2021-02-20 16:44:58 INFO  JsonToYamlUtils:77 - 创建新文件成功，去掉前后[],修改obj:null====》src/main/resources/com.dongao.DaQsAiTest/data/V1/activation/new_activation_cancelQues.chlsj
2021-02-20 16:44:58 INFO  JsonToYamlUtils:170 - 成功创建测试用例文件路径=====》src/main/resources/com.dongao.DaQsAiTest/case/V1/activation/qs_V1_activation_cancelQues.yaml
2021-02-20 16:44:58 INFO  JsonToYamlUtils:171 - 成功创建对象文件路径=====》src/main/resources/com.dongao.DaQsAiTest/api/V1/activation/qs_V1_activation_cancelQues.yaml
2021-02-20 16:44:58 INFO  JsonToYamlUtils:113 - src/main/resources/com.dongao.DaQsAiTest/data/V1/activation/activation_cancelQues.chlsj文件删除成功！！！！
2021-02-20 17:05:16 INFO  JsonToYamlUtils:113 - /Users/christbella/IdeaProjects/DaQsAITest/src/main/resources/com.dongao.DaQsAiTest/data/V1/replyComment/new_replyComment_submitComment.chlsj文件删除成功！！！！
2021-02-20 17:05:16 INFO  JsonToYamlUtils:113 - /Users/christbella/IdeaProjects/DaQsAITest/src/main/resources/com.dongao.DaQsAiTest/data/V1/replyComment/new_replyComment_getCommentView.chlsj文件删除成功！！！！
2021-02-22 10:38:23 INFO  JsonToYamlUtils:113 - /Users/christbella/IdeaProjects/DaQsAITest/src/main/resources/com.dongao.DaQsAiTest/data/V1/activation/new_activation_submitQues.chlsj文件删除成功！！！！
2021-02-22 10:38:23 INFO  JsonToYamlUtils:113 - /Users/christbella/IdeaProjects/DaQsAITest/src/main/resources/com.dongao.DaQsAiTest/data/V1/activation/new_activation_cancelQues.chlsj文件删除成功！！！！
2021-02-22 10:38:23 INFO  JsonToYamlUtils:113 - /Users/christbella/IdeaProjects/DaQsAITest/src/main/resources/com.dongao.DaQsAiTest/data/V1/activation/new_activation_questionsAndAnswers.chlsj文件删除成功！！！！
2021-02-22 10:38:23 INFO  JsonToYamlUtils:113 - /Users/christbella/IdeaProjects/DaQsAITest/src/main/resources/com.dongao.DaQsAiTest/data/V1/activation/new_activation_renewActivation.chlsj文件删除成功！！！！
2021-02-22 10:38:23 INFO  JsonToYamlUtils:113 - /Users/christbella/IdeaProjects/DaQsAITest/src/main/resources/com.dongao.DaQsAiTest/data/V1/activation/new_activation_shareLearnPlan.chlsj文件删除成功！！！！
2021-02-22 10:38:23 INFO  JsonToYamlUtils:113 - /Users/christbella/IdeaProjects/DaQsAITest/src/main/resources/com.dongao.DaQsAiTest/data/V1/activation/new_activation_completeActivation.chlsj文件删除成功！！！！
2021-02-22 10:38:23 INFO  JsonToYamlUtils:113 - /Users/christbella/IdeaProjects/DaQsAITest/src/main/resources/com.dongao.DaQsAiTest/data/V1/activation/new_activation_normalMode.chlsj文件删除成功！！！！
2021-02-22 10:39:54 INFO  CreateTestCaseTest:42 - ======================第1次创建测试用例===================
2021-02-22 10:39:54 INFO  CreateTestCaseTest:42 - ======================第2次创建测试用例===================
2021-02-22 10:39:54 INFO  CreateTestCaseTest:42 - ======================第3次创建测试用例===================
2021-02-22 10:39:54 INFO  CreateTestCaseTest:42 - ======================第4次创建测试用例===================
2021-02-22 10:39:54 INFO  CreateTestCaseTest:42 - ======================第5次创建测试用例===================
2021-02-22 10:39:54 INFO  CreateTestCaseTest:42 - ======================第6次创建测试用例===================
2021-02-22 10:39:54 INFO  CreateTestCaseTest:42 - ======================第7次创建测试用例===================
2021-02-22 10:41:25 INFO  CreateTestCaseTest:42 - ======================第1次创建测试用例===================
2021-02-22 10:41:25 INFO  JsonToYamlUtils:77 - 创建新文件成功，去掉前后[],修改obj:null====》src/main/resources/com.dongao.DaQsAiTest/data/V1/activation/new_activation_questionsAndAnswers.chlsj
2021-02-22 10:41:26 INFO  JsonToYamlUtils:185 - 文件夹不存在，现在创建src/main/resources/com.dongao.DaQsAiTest/case/V1/activation
2021-02-22 10:41:26 INFO  JsonToYamlUtils:185 - 文件夹不存在，现在创建src/main/resources/com.dongao.DaQsAiTest/api/V1/activation
2021-02-22 10:41:26 INFO  JsonToYamlUtils:170 - 成功创建测试用例文件路径=====》src/main/resources/com.dongao.DaQsAiTest/case/V1/activation/qs_V1_activation_questionsAndAnswers.yaml
2021-02-22 10:41:26 INFO  JsonToYamlUtils:171 - 成功创建对象文件路径=====》src/main/resources/com.dongao.DaQsAiTest/api/V1/activation/qs_V1_activation_questionsAndAnswers.yaml
2021-02-22 10:41:26 INFO  JsonToYamlUtils:113 - src/main/resources/com.dongao.DaQsAiTest/data/V1/activation/activation_questionsAndAnswers.chlsj文件删除成功！！！！
2021-02-22 10:41:26 INFO  CreateTestCaseTest:42 - ======================第2次创建测试用例===================
2021-02-22 10:41:26 INFO  JsonToYamlUtils:77 - 创建新文件成功，去掉前后[],修改obj:null====》src/main/resources/com.dongao.DaQsAiTest/data/V1/activation/new_activation_shareLearnPlan.chlsj
2021-02-22 10:41:26 INFO  JsonToYamlUtils:170 - 成功创建测试用例文件路径=====》src/main/resources/com.dongao.DaQsAiTest/case/V1/activation/qs_V1_activation_shareLearnPlan.yaml
2021-02-22 10:41:26 INFO  JsonToYamlUtils:171 - 成功创建对象文件路径=====》src/main/resources/com.dongao.DaQsAiTest/api/V1/activation/qs_V1_activation_shareLearnPlan.yaml
2021-02-22 10:41:26 INFO  JsonToYamlUtils:113 - src/main/resources/com.dongao.DaQsAiTest/data/V1/activation/activation_shareLearnPlan.chlsj文件删除成功！！！！
2021-02-22 10:41:26 INFO  CreateTestCaseTest:42 - ======================第3次创建测试用例===================
2021-02-22 10:41:26 INFO  JsonToYamlUtils:77 - 创建新文件成功，去掉前后[],修改obj:null====》src/main/resources/com.dongao.DaQsAiTest/data/V1/activation/new_activation_normalMode.chlsj
2021-02-22 10:41:26 INFO  JsonToYamlUtils:170 - 成功创建测试用例文件路径=====》src/main/resources/com.dongao.DaQsAiTest/case/V1/activation/qs_V1_activation_normalMode.yaml
2021-02-22 10:41:26 INFO  JsonToYamlUtils:171 - 成功创建对象文件路径=====》src/main/resources/com.dongao.DaQsAiTest/api/V1/activation/qs_V1_activation_normalMode.yaml
2021-02-22 10:41:26 INFO  JsonToYamlUtils:113 - src/main/resources/com.dongao.DaQsAiTest/data/V1/activation/activation_normalMode.chlsj文件删除成功！！！！
2021-02-22 10:41:26 INFO  CreateTestCaseTest:42 - ======================第4次创建测试用例===================
2021-02-22 10:41:26 INFO  JsonToYamlUtils:77 - 创建新文件成功，去掉前后[],修改obj:null====》src/main/resources/com.dongao.DaQsAiTest/data/V1/activation/new_activation_completeActivation.chlsj
2021-02-22 10:41:26 INFO  JsonToYamlUtils:170 - 成功创建测试用例文件路径=====》src/main/resources/com.dongao.DaQsAiTest/case/V1/activation/qs_V1_activation_completeActivation.yaml
2021-02-22 10:41:26 INFO  JsonToYamlUtils:171 - 成功创建对象文件路径=====》src/main/resources/com.dongao.DaQsAiTest/api/V1/activation/qs_V1_activation_completeActivation.yaml
2021-02-22 10:41:26 INFO  JsonToYamlUtils:113 - src/main/resources/com.dongao.DaQsAiTest/data/V1/activation/activation_completeActivation.chlsj文件删除成功！！！！
2021-02-22 10:41:26 INFO  CreateTestCaseTest:42 - ======================第5次创建测试用例===================
2021-02-22 10:41:26 INFO  JsonToYamlUtils:77 - 创建新文件成功，去掉前后[],修改obj:null====》src/main/resources/com.dongao.DaQsAiTest/data/V1/activation/new_activation_submitQues.chlsj
2021-02-22 10:41:26 INFO  JsonToYamlUtils:170 - 成功创建测试用例文件路径=====》src/main/resources/com.dongao.DaQsAiTest/case/V1/activation/qs_V1_activation_submitQues.yaml
2021-02-22 10:41:26 INFO  JsonToYamlUtils:171 - 成功创建对象文件路径=====》src/main/resources/com.dongao.DaQsAiTest/api/V1/activation/qs_V1_activation_submitQues.yaml
2021-02-22 10:41:26 INFO  JsonToYamlUtils:113 - src/main/resources/com.dongao.DaQsAiTest/data/V1/activation/activation_submitQues.chlsj文件删除成功！！！！
2021-02-22 10:41:26 INFO  CreateTestCaseTest:42 - ======================第6次创建测试用例===================
2021-02-22 10:41:26 INFO  JsonToYamlUtils:77 - 创建新文件成功，去掉前后[],修改obj:null====》src/main/resources/com.dongao.DaQsAiTest/data/V1/activation/new_activation_renewActivation.chlsj
2021-02-22 10:41:26 INFO  JsonToYamlUtils:170 - 成功创建测试用例文件路径=====》src/main/resources/com.dongao.DaQsAiTest/case/V1/activation/qs_V1_activation_renewActivation.yaml
2021-02-22 10:41:26 INFO  JsonToYamlUtils:171 - 成功创建对象文件路径=====》src/main/resources/com.dongao.DaQsAiTest/api/V1/activation/qs_V1_activation_renewActivation.yaml
2021-02-22 10:41:26 INFO  JsonToYamlUtils:113 - src/main/resources/com.dongao.DaQsAiTest/data/V1/activation/activation_renewActivation.chlsj文件删除成功！！！！
2021-02-22 10:41:26 INFO  CreateTestCaseTest:42 - ======================第7次创建测试用例===================
2021-02-22 10:41:26 INFO  JsonToYamlUtils:77 - 创建新文件成功，去掉前后[],修改obj:null====》src/main/resources/com.dongao.DaQsAiTest/data/V1/activation/new_activation_cancelQues.chlsj
2021-02-22 10:41:26 INFO  JsonToYamlUtils:170 - 成功创建测试用例文件路径=====》src/main/resources/com.dongao.DaQsAiTest/case/V1/activation/qs_V1_activation_cancelQues.yaml
2021-02-22 10:41:26 INFO  JsonToYamlUtils:171 - 成功创建对象文件路径=====》src/main/resources/com.dongao.DaQsAiTest/api/V1/activation/qs_V1_activation_cancelQues.yaml
2021-02-22 10:41:26 INFO  JsonToYamlUtils:113 - src/main/resources/com.dongao.DaQsAiTest/data/V1/activation/activation_cancelQues.chlsj文件删除成功！！！！
2021-02-22 10:42:12 INFO  CreateTestCaseTest:42 - ======================第1次创建测试用例===================
2021-02-22 10:42:12 INFO  JsonToYamlUtils:59 - 这是new_文件或是Ds文件，不需要更新的charles导出文件
2021-02-22 10:42:12 INFO  CreateTestCaseTest:42 - ======================第2次创建测试用例===================
2021-02-22 10:42:12 INFO  JsonToYamlUtils:59 - 这是new_文件或是Ds文件，不需要更新的charles导出文件
2021-02-22 10:42:12 INFO  CreateTestCaseTest:42 - ======================第3次创建测试用例===================
2021-02-22 10:42:12 INFO  JsonToYamlUtils:59 - 这是new_文件或是Ds文件，不需要更新的charles导出文件
2021-02-22 10:42:12 INFO  CreateTestCaseTest:42 - ======================第4次创建测试用例===================
2021-02-22 10:42:12 INFO  JsonToYamlUtils:59 - 这是new_文件或是Ds文件，不需要更新的charles导出文件
2021-02-22 10:42:12 INFO  CreateTestCaseTest:42 - ======================第5次创建测试用例===================
2021-02-22 10:42:12 INFO  JsonToYamlUtils:59 - 这是new_文件或是Ds文件，不需要更新的charles导出文件
2021-02-22 10:42:12 INFO  CreateTestCaseTest:42 - ======================第6次创建测试用例===================
2021-02-22 10:42:12 INFO  JsonToYamlUtils:59 - 这是new_文件或是Ds文件，不需要更新的charles导出文件
2021-02-22 10:42:12 INFO  CreateTestCaseTest:42 - ======================第7次创建测试用例===================
2021-02-22 10:42:12 INFO  JsonToYamlUtils:59 - 这是new_文件或是Ds文件，不需要更新的charles导出文件
2021-02-22 10:42:54 INFO  JsonToYamlUtils:113 - /Users/christbella/IdeaProjects/DaQsAITest/src/main/resources/com.dongao.DaQsAiTest/data/V1/activation/new_activation_submitQues.chlsj文件删除成功！！！！
2021-02-22 10:42:54 INFO  JsonToYamlUtils:113 - /Users/christbella/IdeaProjects/DaQsAITest/src/main/resources/com.dongao.DaQsAiTest/data/V1/activation/new_activation_cancelQues.chlsj文件删除成功！！！！
2021-02-22 10:42:54 INFO  JsonToYamlUtils:113 - /Users/christbella/IdeaProjects/DaQsAITest/src/main/resources/com.dongao.DaQsAiTest/data/V1/activation/new_activation_questionsAndAnswers.chlsj文件删除成功！！！！
2021-02-22 10:42:54 INFO  JsonToYamlUtils:113 - /Users/christbella/IdeaProjects/DaQsAITest/src/main/resources/com.dongao.DaQsAiTest/data/V1/activation/new_activation_renewActivation.chlsj文件删除成功！！！！
2021-02-22 10:42:54 INFO  JsonToYamlUtils:113 - /Users/christbella/IdeaProjects/DaQsAITest/src/main/resources/com.dongao.DaQsAiTest/data/V1/activation/new_activation_shareLearnPlan.chlsj文件删除成功！！！！
2021-02-22 10:42:54 INFO  JsonToYamlUtils:113 - /Users/christbella/IdeaProjects/DaQsAITest/src/main/resources/com.dongao.DaQsAiTest/data/V1/activation/new_activation_completeActivation.chlsj文件删除成功！！！！
2021-02-22 10:42:54 INFO  JsonToYamlUtils:113 - /Users/christbella/IdeaProjects/DaQsAITest/src/main/resources/com.dongao.DaQsAiTest/data/V1/activation/new_activation_normalMode.chlsj文件删除成功！！！！
2021-02-22 10:43:03 INFO  CreateTestCaseTest:42 - ======================第1次创建测试用例===================
2021-02-22 10:43:03 INFO  JsonToYamlUtils:77 - 创建新文件成功，去掉前后[],修改obj:null====》src/main/resources/com.dongao.DaQsAiTest/data/V1/activation/new_activation_questionsAndAnswers.chlsj
2021-02-22 10:51:47 INFO  CreateTestCaseTest:42 - ======================第1次创建测试用例===================
2021-02-22 10:51:47 INFO  JsonToYamlUtils:77 - 创建新文件成功，去掉前后[],修改obj:null====》src/main/resources/com.dongao.DaQsAiTest/data/V1/activation/new_activation_questionsAndAnswers.chlsj
2021-02-22 10:51:47 INFO  JsonToYamlUtils:181 - 文件夹不存在，现在创建src/main/resources/com.dongao.DaQsAiTest/case/V1/activation
2021-02-22 10:51:47 INFO  JsonToYamlUtils:181 - 文件夹不存在，现在创建src/main/resources/com.dongao.DaQsAiTest/api/V1/activation
2021-02-22 10:51:47 INFO  JsonToYamlUtils:166 - 成功创建测试用例文件路径=====》src/main/resources/com.dongao.DaQsAiTest/case/V1/activation/qs_V1_activation_questionsAndAnswers.yaml
2021-02-22 10:51:47 INFO  JsonToYamlUtils:167 - 成功创建对象文件路径=====》src/main/resources/com.dongao.DaQsAiTest/api/V1/activation/qs_V1_activation_questionsAndAnswers.yaml
2021-02-22 10:51:47 INFO  JsonToYamlUtils:113 - src/main/resources/com.dongao.DaQsAiTest/data/V1/activation/activation_questionsAndAnswers.chlsj文件删除成功！！！！
2021-02-22 10:51:47 INFO  CreateTestCaseTest:42 - ======================第2次创建测试用例===================
2021-02-22 10:51:47 INFO  JsonToYamlUtils:77 - 创建新文件成功，去掉前后[],修改obj:null====》src/main/resources/com.dongao.DaQsAiTest/data/V1/activation/new_activation_shareLearnPlan.chlsj
2021-02-22 10:51:47 INFO  JsonToYamlUtils:166 - 成功创建测试用例文件路径=====》src/main/resources/com.dongao.DaQsAiTest/case/V1/activation/qs_V1_activation_shareLearnPlan.yaml
2021-02-22 10:51:47 INFO  JsonToYamlUtils:167 - 成功创建对象文件路径=====》src/main/resources/com.dongao.DaQsAiTest/api/V1/activation/qs_V1_activation_shareLearnPlan.yaml
2021-02-22 10:51:47 INFO  JsonToYamlUtils:113 - src/main/resources/com.dongao.DaQsAiTest/data/V1/activation/activation_shareLearnPlan.chlsj文件删除成功！！！！
2021-02-22 10:51:47 INFO  CreateTestCaseTest:42 - ======================第3次创建测试用例===================
2021-02-22 10:51:47 INFO  JsonToYamlUtils:77 - 创建新文件成功，去掉前后[],修改obj:null====》src/main/resources/com.dongao.DaQsAiTest/data/V1/activation/new_activation_normalMode.chlsj
2021-02-22 10:51:47 INFO  JsonToYamlUtils:166 - 成功创建测试用例文件路径=====》src/main/resources/com.dongao.DaQsAiTest/case/V1/activation/qs_V1_activation_normalMode.yaml
2021-02-22 10:51:47 INFO  JsonToYamlUtils:167 - 成功创建对象文件路径=====》src/main/resources/com.dongao.DaQsAiTest/api/V1/activation/qs_V1_activation_normalMode.yaml
2021-02-22 10:51:47 INFO  JsonToYamlUtils:113 - src/main/resources/com.dongao.DaQsAiTest/data/V1/activation/activation_normalMode.chlsj文件删除成功！！！！
2021-02-22 10:51:47 INFO  CreateTestCaseTest:42 - ======================第4次创建测试用例===================
2021-02-22 10:51:47 INFO  JsonToYamlUtils:77 - 创建新文件成功，去掉前后[],修改obj:null====》src/main/resources/com.dongao.DaQsAiTest/data/V1/activation/new_activation_completeActivation.chlsj
2021-02-22 10:51:48 INFO  JsonToYamlUtils:166 - 成功创建测试用例文件路径=====》src/main/resources/com.dongao.DaQsAiTest/case/V1/activation/qs_V1_activation_completeActivation.yaml
2021-02-22 10:51:48 INFO  JsonToYamlUtils:167 - 成功创建对象文件路径=====》src/main/resources/com.dongao.DaQsAiTest/api/V1/activation/qs_V1_activation_completeActivation.yaml
2021-02-22 10:51:48 INFO  JsonToYamlUtils:113 - src/main/resources/com.dongao.DaQsAiTest/data/V1/activation/activation_completeActivation.chlsj文件删除成功！！！！
2021-02-22 10:51:48 INFO  CreateTestCaseTest:42 - ======================第5次创建测试用例===================
2021-02-22 10:51:48 INFO  JsonToYamlUtils:59 - 这是new_文件或是Ds文件，不需要更新的charles导出文件
2021-02-22 10:51:48 INFO  CreateTestCaseTest:42 - ======================第6次创建测试用例===================
2021-02-22 10:51:48 INFO  JsonToYamlUtils:77 - 创建新文件成功，去掉前后[],修改obj:null====》src/main/resources/com.dongao.DaQsAiTest/data/V1/activation/new_activation_submitQues.chlsj
2021-02-22 10:51:48 INFO  JsonToYamlUtils:166 - 成功创建测试用例文件路径=====》src/main/resources/com.dongao.DaQsAiTest/case/V1/activation/qs_V1_activation_submitQues.yaml
2021-02-22 10:51:48 INFO  JsonToYamlUtils:167 - 成功创建对象文件路径=====》src/main/resources/com.dongao.DaQsAiTest/api/V1/activation/qs_V1_activation_submitQues.yaml
2021-02-22 10:51:48 INFO  JsonToYamlUtils:113 - src/main/resources/com.dongao.DaQsAiTest/data/V1/activation/activation_submitQues.chlsj文件删除成功！！！！
2021-02-22 10:51:48 INFO  CreateTestCaseTest:42 - ======================第7次创建测试用例===================
2021-02-22 10:51:48 INFO  JsonToYamlUtils:77 - 创建新文件成功，去掉前后[],修改obj:null====》src/main/resources/com.dongao.DaQsAiTest/data/V1/activation/new_activation_renewActivation.chlsj
2021-02-22 10:51:48 INFO  JsonToYamlUtils:166 - 成功创建测试用例文件路径=====》src/main/resources/com.dongao.DaQsAiTest/case/V1/activation/qs_V1_activation_renewActivation.yaml
2021-02-22 10:51:48 INFO  JsonToYamlUtils:167 - 成功创建对象文件路径=====》src/main/resources/com.dongao.DaQsAiTest/api/V1/activation/qs_V1_activation_renewActivation.yaml
2021-02-22 10:51:48 INFO  JsonToYamlUtils:113 - src/main/resources/com.dongao.DaQsAiTest/data/V1/activation/activation_renewActivation.chlsj文件删除成功！！！！
2021-02-22 10:51:48 INFO  CreateTestCaseTest:42 - ======================第8次创建测试用例===================
2021-02-22 10:51:48 INFO  JsonToYamlUtils:77 - 创建新文件成功，去掉前后[],修改obj:null====》src/main/resources/com.dongao.DaQsAiTest/data/V1/activation/new_activation_cancelQues.chlsj
2021-02-22 10:51:48 INFO  JsonToYamlUtils:166 - 成功创建测试用例文件路径=====》src/main/resources/com.dongao.DaQsAiTest/case/V1/activation/qs_V1_activation_cancelQues.yaml
2021-02-22 10:51:48 INFO  JsonToYamlUtils:167 - 成功创建对象文件路径=====》src/main/resources/com.dongao.DaQsAiTest/api/V1/activation/qs_V1_activation_cancelQues.yaml
2021-02-22 10:51:48 INFO  JsonToYamlUtils:113 - src/main/resources/com.dongao.DaQsAiTest/data/V1/activation/activation_cancelQues.chlsj文件删除成功！！！！
2021-02-22 10:53:33 INFO  ApiTestCaseModel:63 - 测试用例qs_V1_activation_cancelQues断言完毕！！
 返回消息体msg-----成功
2021-02-22 10:53:33 INFO  ApiTestCaseModel:66 - 测试用例qs_V1_activation_cancelQues断言完毕！！
 返回消息体code-----0
2021-02-22 10:53:33 INFO  ApiTestCaseModel:72 - 测试用例qs_V1_activation_cancelQues断言完毕！！
 期待obj返回消息体0
 实际obj返回消息体0
2021-03-01 17:50:27 INFO  ApiTestCaseModel:63 - 测试用例qs_V1_study_systemStatus断言完毕！！
 返回消息体msg-----成功
2021-03-01 17:50:27 INFO  ApiTestCaseModel:66 - 测试用例qs_V1_study_systemStatus断言完毕！！
 返回消息体code-----0
2021-03-01 17:50:27 INFO  ApiTestCaseModel:72 - 测试用例qs_V1_study_systemStatus断言完毕！！
 期待obj返回消息体9
 实际obj返回消息体9
2021-03-01 17:50:29 INFO  ApiTestCaseModel:63 - 测试用例qs_V1_study_shareStudyReport断言完毕！！
 返回消息体msg-----成功
2021-03-01 17:50:29 INFO  ApiTestCaseModel:66 - 测试用例qs_V1_study_shareStudyReport断言完毕！！
 返回消息体code-----0
2021-03-01 17:50:29 INFO  ApiTestCaseModel:72 - 测试用例qs_V1_study_shareStudyReport断言完毕！！
 期待obj返回消息体1
 实际obj返回消息体1
2021-03-01 17:50:31 INFO  ApiTestCaseModel:63 - 测试用例qs_V1_activation_shareLearnPlan断言完毕！！
 返回消息体msg-----成功
2021-03-01 17:50:31 INFO  ApiTestCaseModel:66 - 测试用例qs_V1_activation_shareLearnPlan断言完毕！！
 返回消息体code-----0
2021-03-01 17:50:32 INFO  ApiTestCaseModel:63 - 测试用例qs_V1_class_classDetail_classData断言完毕！！
 返回消息体msg-----成功
2021-03-01 17:50:32 INFO  ApiTestCaseModel:66 - 测试用例qs_V1_class_classDetail_classData断言完毕！！
 返回消息体code-----0
2021-03-01 17:50:32 INFO  ApiTestCaseModel:72 - 测试用例qs_V1_class_classDetail_classData断言完毕！！
 期待obj返回消息体5
 实际obj返回消息体5
2021-03-01 17:50:32 INFO  ApiTestCaseModel:63 - 测试用例qs_V1_class_classDetail_classReport断言完毕！！
 返回消息体msg-----成功
2021-03-01 17:50:32 INFO  ApiTestCaseModel:66 - 测试用例qs_V1_class_classDetail_classReport断言完毕！！
 返回消息体code-----0
2021-03-01 17:50:32 INFO  ApiTestCaseModel:72 - 测试用例qs_V1_class_classDetail_classReport断言完毕！！
 期待obj返回消息体8
 实际obj返回消息体8
2021-03-01 17:50:33 INFO  ApiTestCaseModel:63 - 测试用例qs_V1_commentLable_commentLableList断言完毕！！
 返回消息体msg-----成功
2021-03-01 17:50:33 INFO  ApiTestCaseModel:66 - 测试用例qs_V1_commentLable_commentLableList断言完毕！！
 返回消息体code-----0
2021-03-01 17:50:33 INFO  ApiTestCaseModel:72 - 测试用例qs_V1_commentLable_commentLableList断言完毕！！
 期待obj返回消息体2
 实际obj返回消息体2
2021-03-01 18:17:44 INFO  ApiTestCaseModel:63 - 测试用例qs_V1_study_systemStatus断言完毕！！
 返回消息体msg-----成功
2021-03-01 18:17:44 INFO  ApiTestCaseModel:66 - 测试用例qs_V1_study_systemStatus断言完毕！！
 返回消息体code-----0
2021-03-01 18:17:44 INFO  ApiTestCaseModel:72 - 测试用例qs_V1_study_systemStatus断言完毕！！
 期待obj返回消息体9
 实际obj返回消息体9
2021-03-01 18:17:45 INFO  ApiTestCaseModel:63 - 测试用例qs_V1_study_shareStudyReport断言完毕！！
 返回消息体msg-----成功
2021-03-01 18:17:45 INFO  ApiTestCaseModel:66 - 测试用例qs_V1_study_shareStudyReport断言完毕！！
 返回消息体code-----0
2021-03-01 18:17:45 INFO  ApiTestCaseModel:72 - 测试用例qs_V1_study_shareStudyReport断言完毕！！
 期待obj返回消息体1
 实际obj返回消息体1
2021-03-01 18:17:47 INFO  ApiTestCaseModel:63 - 测试用例qs_V1_activation_shareLearnPlan断言完毕！！
 返回消息体msg-----成功
2021-03-01 18:17:47 INFO  ApiTestCaseModel:66 - 测试用例qs_V1_activation_shareLearnPlan断言完毕！！
 返回消息体code-----0
2021-03-02 09:40:52 INFO  ApiTestCaseModel:63 - 测试用例qs_V1_study_startStudyQues断言完毕！！
 返回消息体msg-----成功
2021-03-02 09:40:52 INFO  ApiTestCaseModel:66 - 测试用例qs_V1_study_startStudyQues断言完毕！！
 返回消息体code-----0
2021-03-02 09:40:52 INFO  ApiTestCaseModel:72 - 测试用例qs_V1_study_startStudyQues断言完毕！！
 期待obj返回消息体1
 实际obj返回消息体1
2021-03-02 09:40:52 INFO  ApiTestCaseModel:63 - 测试用例qs_V1_study_index断言完毕！！
 返回消息体msg-----成功
2021-03-02 09:40:52 INFO  ApiTestCaseModel:66 - 测试用例qs_V1_study_index断言完毕！！
 返回消息体code-----0
2021-03-02 09:40:52 INFO  ApiTestCaseModel:72 - 测试用例qs_V1_study_index断言完毕！！
 期待obj返回消息体3
 实际obj返回消息体3
2021-03-02 09:40:53 INFO  ApiTestCaseModel:63 - 测试用例qs_V1_study_systemStatus断言完毕！！
 返回消息体msg-----成功
2021-03-02 09:40:53 INFO  ApiTestCaseModel:66 - 测试用例qs_V1_study_systemStatus断言完毕！！
 返回消息体code-----0
2021-03-02 09:40:53 INFO  ApiTestCaseModel:72 - 测试用例qs_V1_study_systemStatus断言完毕！！
 期待obj返回消息体9
 实际obj返回消息体9
2021-03-02 09:40:57 INFO  ApiTestCaseModel:63 - 测试用例qs_V1_study_shareStudyReport断言完毕！！
 返回消息体msg-----成功
2021-03-02 09:40:57 INFO  ApiTestCaseModel:66 - 测试用例qs_V1_study_shareStudyReport断言完毕！！
 返回消息体code-----0
2021-03-02 09:40:57 INFO  ApiTestCaseModel:72 - 测试用例qs_V1_study_shareStudyReport断言完毕！！
 期待obj返回消息体1
 实际obj返回消息体1
2021-03-02 09:40:57 INFO  ApiTestCaseModel:63 - 测试用例qs_V1_study_startStudyAnswer断言完毕！！
 返回消息体msg-----成功
2021-03-02 09:40:57 INFO  ApiTestCaseModel:66 - 测试用例qs_V1_study_startStudyAnswer断言完毕！！
 返回消息体code-----0
2021-03-02 09:40:57 INFO  ApiTestCaseModel:72 - 测试用例qs_V1_study_startStudyAnswer断言完毕！！
 期待obj返回消息体2
 实际obj返回消息体2
2021-03-02 09:40:58 INFO  ApiTestCaseModel:63 - 测试用例qs_V1_course_courseTimeConfig断言完毕！！
 返回消息体msg-----成功
2021-03-02 09:40:58 INFO  ApiTestCaseModel:66 - 测试用例qs_V1_course_courseTimeConfig断言完毕！！
 返回消息体code-----0
2021-03-02 09:40:58 INFO  ApiTestCaseModel:72 - 测试用例qs_V1_course_courseTimeConfig断言完毕！！
 期待obj返回消息体2
 实际obj返回消息体2
2021-03-02 09:40:58 INFO  ApiTestCaseModel:63 - 测试用例qs_V1_course_resetRoomUserStatus断言完毕！！
 返回消息体msg-----成功
2021-03-02 09:40:58 INFO  ApiTestCaseModel:66 - 测试用例qs_V1_course_resetRoomUserStatus断言完毕！！
 返回消息体code-----0
2021-03-02 09:40:58 INFO  ApiTestCaseModel:69 - 返回消息obj体中为空，无需断言
2021-03-02 09:40:58 INFO  ApiTestCaseModel:63 - 测试用例qs_V1_course_courseByKpId断言完毕！！
 返回消息体msg-----成功
2021-03-02 09:40:58 INFO  ApiTestCaseModel:66 - 测试用例qs_V1_course_courseByKpId断言完毕！！
 返回消息体code-----0
2021-03-02 09:40:58 INFO  ApiTestCaseModel:72 - 测试用例qs_V1_course_courseByKpId断言完毕！！
 期待obj返回消息体8
 实际obj返回消息体8
2021-03-02 09:40:59 INFO  ApiTestCaseModel:63 - 测试用例qs_V1_course_courseByLectureId断言完毕！！
 返回消息体msg-----成功
2021-03-02 09:40:59 INFO  ApiTestCaseModel:66 - 测试用例qs_V1_course_courseByLectureId断言完毕！！
 返回消息体code-----0
2021-03-02 09:40:59 INFO  ApiTestCaseModel:72 - 测试用例qs_V1_course_courseByLectureId断言完毕！！
 期待obj返回消息体7
 实际obj返回消息体7
2021-03-02 09:40:59 INFO  ApiTestCaseModel:63 - 测试用例qs_V1_course_teacherListByLectureId断言完毕！！
 返回消息体msg-----成功
2021-03-02 09:40:59 INFO  ApiTestCaseModel:66 - 测试用例qs_V1_course_teacherListByLectureId断言完毕！！
 返回消息体code-----0
2021-03-02 09:40:59 INFO  ApiTestCaseModel:72 - 测试用例qs_V1_course_teacherListByLectureId断言完毕！！
 期待obj返回消息体1
 实际obj返回消息体1
2021-03-02 09:40:59 INFO  ApiTestCaseModel:63 - 测试用例qs_V1_course_doShareRoom断言完毕！！
 返回消息体msg-----成功
2021-03-02 09:40:59 INFO  ApiTestCaseModel:66 - 测试用例qs_V1_course_doShareRoom断言完毕！！
 返回消息体code-----0
2021-03-02 09:40:59 INFO  ApiTestCaseModel:69 - 返回消息obj体中为空，无需断言
2021-03-02 09:40:59 INFO  ApiTestCaseModel:63 - 测试用例qs_V1_course_submitTimeConfigAnswer断言完毕！！
 返回消息体msg-----成功
2021-03-02 09:40:59 INFO  ApiTestCaseModel:66 - 测试用例qs_V1_course_submitTimeConfigAnswer断言完毕！！
 返回消息体code-----0
2021-03-02 09:40:59 INFO  ApiTestCaseModel:69 - 返回消息obj体中为空，无需断言
2021-03-02 09:40:59 INFO  ApiTestCaseModel:63 - 测试用例qs_V1_course_genUserSign断言完毕！！
 返回消息体msg-----成功
2021-03-02 09:40:59 INFO  ApiTestCaseModel:66 - 测试用例qs_V1_course_genUserSign断言完毕！！
 返回消息体code-----0
2021-03-02 09:40:59 INFO  ApiTestCaseModel:72 - 测试用例qs_V1_course_genUserSign断言完毕！！
 期待obj返回消息体1
 实际obj返回消息体1
2021-03-02 09:41:00 INFO  ApiTestCaseModel:63 - 测试用例qs_V1_course_getLecturePlayInfoByRoomId断言完毕！！
 返回消息体msg-----成功
2021-03-02 09:41:00 INFO  ApiTestCaseModel:66 - 测试用例qs_V1_course_getLecturePlayInfoByRoomId断言完毕！！
 返回消息体code-----0
2021-03-02 09:41:00 INFO  ApiTestCaseModel:72 - 测试用例qs_V1_course_getLecturePlayInfoByRoomId断言完毕！！
 期待obj返回消息体19
 实际obj返回消息体19
2021-03-02 09:41:00 INFO  ApiTestCaseModel:63 - 测试用例qs_V1_course_lectureVideoInfo断言完毕！！
 返回消息体msg-----成功
2021-03-02 09:41:00 INFO  ApiTestCaseModel:66 - 测试用例qs_V1_course_lectureVideoInfo断言完毕！！
 返回消息体code-----0
2021-03-02 09:41:00 INFO  ApiTestCaseModel:72 - 测试用例qs_V1_course_lectureVideoInfo断言完毕！！
 期待obj返回消息体6
 实际obj返回消息体6
2021-03-02 09:41:00 INFO  ApiTestCaseModel:63 - 测试用例qs_V1_course_kpCardByLectureId断言完毕！！
 返回消息体msg-----成功
2021-03-02 09:41:00 INFO  ApiTestCaseModel:66 - 测试用例qs_V1_course_kpCardByLectureId断言完毕！！
 返回消息体code-----0
2021-03-02 09:41:00 INFO  ApiTestCaseModel:72 - 测试用例qs_V1_course_kpCardByLectureId断言完毕！！
 期待obj返回消息体1
 实际obj返回消息体1
2021-03-02 09:41:00 INFO  ApiTestCaseModel:63 - 测试用例qs_V1_course_roomListByLectureIds断言完毕！！
 返回消息体msg-----成功
2021-03-02 09:41:00 INFO  ApiTestCaseModel:66 - 测试用例qs_V1_course_roomListByLectureIds断言完毕！！
 返回消息体code-----0
2021-03-02 09:41:00 INFO  ApiTestCaseModel:72 - 测试用例qs_V1_course_roomListByLectureIds断言完毕！！
 期待obj返回消息体1
 实际obj返回消息体1
2021-03-02 09:41:00 INFO  ApiTestCaseModel:63 - 测试用例qs_V1_course_courseHandoutByLectureId断言完毕！！
 返回消息体msg-----成功
2021-03-02 09:41:00 INFO  ApiTestCaseModel:66 - 测试用例qs_V1_course_courseHandoutByLectureId断言完毕！！
 返回消息体code-----0
2021-03-02 09:41:00 INFO  ApiTestCaseModel:72 - 测试用例qs_V1_course_courseHandoutByLectureId断言完毕！！
 期待obj返回消息体7
 实际obj返回消息体7
2021-03-02 09:41:00 INFO  ApiTestCaseModel:63 - 测试用例qs_V1_course_syncTimeConfig断言完毕！！
 返回消息体msg-----成功
2021-03-02 09:41:00 INFO  ApiTestCaseModel:66 - 测试用例qs_V1_course_syncTimeConfig断言完毕！！
 返回消息体code-----0
2021-03-02 09:41:00 INFO  ApiTestCaseModel:69 - 返回消息obj体中为空，无需断言
2021-03-02 09:41:01 INFO  ApiTestCaseModel:63 - 测试用例qs_V1_course_syncCourseRecord断言完毕！！
 返回消息体msg-----成功
2021-03-02 09:41:01 INFO  ApiTestCaseModel:66 - 测试用例qs_V1_course_syncCourseRecord断言完毕！！
 返回消息体code-----0
2021-03-02 09:41:01 INFO  ApiTestCaseModel:69 - 返回消息obj体中为空，无需断言
2021-03-02 09:41:03 INFO  ApiTestCaseModel:63 - 测试用例qs_V1_course_createRoom断言完毕！！
 返回消息体msg-----成功
2021-03-02 09:41:03 INFO  ApiTestCaseModel:66 - 测试用例qs_V1_course_createRoom断言完毕！！
 返回消息体code-----0
2021-03-02 09:41:03 INFO  ApiTestCaseModel:72 - 测试用例qs_V1_course_createRoom断言完毕！！
 期待obj返回消息体6
 实际obj返回消息体6
2021-03-02 09:41:03 INFO  ApiTestCaseModel:63 - 测试用例qs_V1_course_lectureVideoInfoWithLog断言完毕！！
 返回消息体msg-----成功
2021-03-02 09:41:03 INFO  ApiTestCaseModel:66 - 测试用例qs_V1_course_lectureVideoInfoWithLog断言完毕！！
 返回消息体code-----0
2021-03-02 09:41:03 INFO  ApiTestCaseModel:72 - 测试用例qs_V1_course_lectureVideoInfoWithLog断言完毕！！
 期待obj返回消息体4
 实际obj返回消息体4
2021-03-02 09:41:03 INFO  ApiTestCaseModel:63 - 测试用例qs_V1_solve_solveDetail断言完毕！！
 返回消息体msg-----成功
2021-03-02 09:41:03 INFO  ApiTestCaseModel:66 - 测试用例qs_V1_solve_solveDetail断言完毕！！
 返回消息体code-----0
2021-03-02 09:41:03 INFO  ApiTestCaseModel:72 - 测试用例qs_V1_solve_solveDetail断言完毕！！
 期待obj返回消息体9
 实际obj返回消息体9
2021-03-02 09:41:04 INFO  ApiTestCaseModel:63 - 测试用例qs_V1_solve_askAndReplyList断言完毕！！
 返回消息体msg-----成功
2021-03-02 09:41:04 INFO  ApiTestCaseModel:66 - 测试用例qs_V1_solve_askAndReplyList断言完毕！！
 返回消息体code-----0
2021-03-02 09:41:04 INFO  ApiTestCaseModel:72 - 测试用例qs_V1_solve_askAndReplyList断言完毕！！
 期待obj返回消息体1
 实际obj返回消息体1
2021-03-02 09:41:04 INFO  ApiTestCaseModel:63 - 测试用例qs_V1_solve_saveAskQuestion断言完毕！！
 返回消息体msg-----成功
2021-03-02 09:41:04 INFO  ApiTestCaseModel:66 - 测试用例qs_V1_solve_saveAskQuestion断言完毕！！
 返回消息体code-----0
2021-03-02 09:41:04 INFO  ApiTestCaseModel:69 - 返回消息obj体中为空，无需断言
2021-03-02 09:41:04 INFO  ApiTestCaseModel:63 - 测试用例qs_V1_solve_saveAgainAskQuestion断言完毕！！
 返回消息体msg-----成功
2021-03-02 09:41:04 INFO  ApiTestCaseModel:66 - 测试用例qs_V1_solve_saveAgainAskQuestion断言完毕！！
 返回消息体code-----0
2021-03-02 09:41:04 INFO  ApiTestCaseModel:69 - 返回消息obj体中为空，无需断言
2021-03-02 09:41:04 INFO  ApiTestCaseModel:63 - 测试用例qs_V1_solve_getReplyExpireMsg断言完毕！！
 返回消息体msg-----成功
2021-03-02 09:41:04 INFO  ApiTestCaseModel:66 - 测试用例qs_V1_solve_getReplyExpireMsg断言完毕！！
 返回消息体code-----0
2021-03-02 09:41:04 INFO  ApiTestCaseModel:72 - 测试用例qs_V1_solve_getReplyExpireMsg断言完毕！！
 期待obj返回消息体1
 实际obj返回消息体1
2021-03-02 09:41:04 INFO  ApiTestCaseModel:63 - 测试用例qs_V1_solve_saveSolveDetail断言完毕！！
 返回消息体msg-----成功
2021-03-02 09:41:04 INFO  ApiTestCaseModel:66 - 测试用例qs_V1_solve_saveSolveDetail断言完毕！！
 返回消息体code-----0
2021-03-02 09:41:04 INFO  ApiTestCaseModel:69 - 返回消息obj体中为空，无需断言
2021-03-02 09:41:04 INFO  ApiTestCaseModel:63 - 测试用例qs_V1_solve_myAnswerList断言完毕！！
 返回消息体msg-----成功
2021-03-02 09:41:04 INFO  ApiTestCaseModel:66 - 测试用例qs_V1_solve_myAnswerList断言完毕！！
 返回消息体code-----0
2021-03-02 09:41:04 INFO  ApiTestCaseModel:72 - 测试用例qs_V1_solve_myAnswerList断言完毕！！
 期待obj返回消息体5
 实际obj返回消息体5
2021-03-02 09:41:05 INFO  ApiTestCaseModel:63 - 测试用例qs_V1_solve_cancelSolve断言完毕！！
 返回消息体msg-----成功
2021-03-02 09:41:05 INFO  ApiTestCaseModel:66 - 测试用例qs_V1_solve_cancelSolve断言完毕！！
 返回消息体code-----0
2021-03-02 09:41:05 INFO  ApiTestCaseModel:72 - 测试用例qs_V1_solve_cancelSolve断言完毕！！
 期待obj返回消息体1
 实际obj返回消息体1
2021-03-02 09:41:05 INFO  ApiTestCaseModel:63 - 测试用例qs_V1_solve_leftAskNum断言完毕！！
 返回消息体msg-----成功
2021-03-02 09:41:05 INFO  ApiTestCaseModel:66 - 测试用例qs_V1_solve_leftAskNum断言完毕！！
 返回消息体code-----0
2021-03-02 09:41:05 INFO  ApiTestCaseModel:72 - 测试用例qs_V1_solve_leftAskNum断言完毕！！
 期待obj返回消息体3
 实际obj返回消息体3
2021-03-02 09:41:05 INFO  ApiTestCaseModel:63 - 测试用例qs_V1_curriculum_dayList断言完毕！！
 返回消息体msg-----成功
2021-03-02 09:41:05 INFO  ApiTestCaseModel:66 - 测试用例qs_V1_curriculum_dayList断言完毕！！
 返回消息体code-----0
2021-03-02 09:41:05 INFO  ApiTestCaseModel:72 - 测试用例qs_V1_curriculum_dayList断言完毕！！
 期待obj返回消息体1
 实际obj返回消息体1
2021-03-02 09:41:06 INFO  ApiTestCaseModel:63 - 测试用例qs_V1_shop_prizeExchange断言完毕！！
 返回消息体msg-----成功
2021-03-02 09:41:06 INFO  ApiTestCaseModel:66 - 测试用例qs_V1_shop_prizeExchange断言完毕！！
 返回消息体code-----0
2021-03-02 09:41:06 INFO  ApiTestCaseModel:72 - 测试用例qs_V1_shop_prizeExchange断言完毕！！
 期待obj返回消息体1
 实际obj返回消息体1
2021-03-02 09:41:06 INFO  ApiTestCaseModel:63 - 测试用例qs_V1_shop_index断言完毕！！
 返回消息体msg-----成功
2021-03-02 09:41:06 INFO  ApiTestCaseModel:66 - 测试用例qs_V1_shop_index断言完毕！！
 返回消息体code-----0
2021-03-02 09:41:06 INFO  ApiTestCaseModel:72 - 测试用例qs_V1_shop_index断言完毕！！
 期待obj返回消息体4
 实际obj返回消息体4
2021-03-02 09:41:06 INFO  ApiTestCaseModel:63 - 测试用例qs_V1_activation_completeActivation断言完毕！！
 返回消息体msg-----成功
2021-03-02 09:41:06 INFO  ApiTestCaseModel:66 - 测试用例qs_V1_activation_completeActivation断言完毕！！
 返回消息体code-----0
2021-03-02 09:41:06 INFO  ApiTestCaseModel:72 - 测试用例qs_V1_activation_completeActivation断言完毕！！
 期待obj返回消息体1
 实际obj返回消息体1
2021-03-02 09:41:07 INFO  ApiTestCaseModel:63 - 测试用例qs_V1_activation_questionsAndAnswers断言完毕！！
 返回消息体msg-----成功
2021-03-02 09:41:07 INFO  ApiTestCaseModel:66 - 测试用例qs_V1_activation_questionsAndAnswers断言完毕！！
 返回消息体code-----0
2021-03-02 09:41:07 INFO  ApiTestCaseModel:72 - 测试用例qs_V1_activation_questionsAndAnswers断言完毕！！
 期待obj返回消息体3
 实际obj返回消息体3
2021-03-02 09:41:08 INFO  ApiTestCaseModel:63 - 测试用例qs_V1_activation_shareLearnPlan断言完毕！！
 返回消息体msg-----成功
2021-03-02 09:41:08 INFO  ApiTestCaseModel:66 - 测试用例qs_V1_activation_shareLearnPlan断言完毕！！
 返回消息体code-----0
2021-03-02 09:41:08 INFO  ApiTestCaseModel:63 - 测试用例qs_V1_activation_normalMode断言完毕！！
 返回消息体msg-----成功
2021-03-02 09:41:08 INFO  ApiTestCaseModel:66 - 测试用例qs_V1_activation_normalMode断言完毕！！
 返回消息体code-----0
2021-03-02 09:41:08 INFO  ApiTestCaseModel:72 - 测试用例qs_V1_activation_normalMode断言完毕！！
 期待obj返回消息体1
 实际obj返回消息体1
2021-03-02 09:41:08 INFO  ApiTestCaseModel:63 - 测试用例qs_V1_activation_submitQues断言完毕！！
 返回消息体msg-----成功
2021-03-02 09:41:08 INFO  ApiTestCaseModel:66 - 测试用例qs_V1_activation_submitQues断言完毕！！
 返回消息体code-----0
2021-03-02 09:41:08 INFO  ApiTestCaseModel:72 - 测试用例qs_V1_activation_submitQues断言完毕！！
 期待obj返回消息体4
 实际obj返回消息体4
2021-03-02 09:41:08 INFO  ApiTestCaseModel:63 - 测试用例qs_V1_activation_renewActivation断言完毕！！
 返回消息体msg-----成功
2021-03-02 09:41:08 INFO  ApiTestCaseModel:66 - 测试用例qs_V1_activation_renewActivation断言完毕！！
 返回消息体code-----0
2021-03-02 09:41:08 INFO  ApiTestCaseModel:72 - 测试用例qs_V1_activation_renewActivation断言完毕！！
 期待obj返回消息体0
 实际obj返回消息体0
2021-03-02 09:41:08 INFO  ApiTestCaseModel:63 - 测试用例qs_V1_activation_cancelQues断言完毕！！
 返回消息体msg-----成功
2021-03-02 09:41:08 INFO  ApiTestCaseModel:66 - 测试用例qs_V1_activation_cancelQues断言完毕！！
 返回消息体code-----0
2021-03-02 09:41:09 INFO  ApiTestCaseModel:72 - 测试用例qs_V1_activation_cancelQues断言完毕！！
 期待obj返回消息体0
 实际obj返回消息体0
2021-03-02 09:41:09 INFO  ApiTestCaseModel:63 - 测试用例qs_V1_knowledgePoint_syncKpVoiceRecord断言完毕！！
 返回消息体msg-----成功
2021-03-02 09:41:09 INFO  ApiTestCaseModel:66 - 测试用例qs_V1_knowledgePoint_syncKpVoiceRecord断言完毕！！
 返回消息体code-----0
2021-03-02 09:41:09 INFO  ApiTestCaseModel:69 - 返回消息obj体中为空，无需断言
2021-03-02 09:41:09 INFO  ApiTestCaseModel:63 - 测试用例qs_V1_knowledgePoint_selfModeKpList断言完毕！！
 返回消息体msg-----成功
2021-03-02 09:41:09 INFO  ApiTestCaseModel:66 - 测试用例qs_V1_knowledgePoint_selfModeKpList断言完毕！！
 返回消息体code-----0
2021-03-02 09:41:09 INFO  ApiTestCaseModel:72 - 测试用例qs_V1_knowledgePoint_selfModeKpList断言完毕！！
 期待obj返回消息体1
 实际obj返回消息体1
2021-03-02 09:41:09 INFO  ApiTestCaseModel:63 - 测试用例qs_V1_knowledgePoint_unlockKpList断言完毕！！
 返回消息体msg-----成功
2021-03-02 09:41:09 INFO  ApiTestCaseModel:66 - 测试用例qs_V1_knowledgePoint_unlockKpList断言完毕！！
 返回消息体code-----0
2021-03-02 09:41:09 INFO  ApiTestCaseModel:72 - 测试用例qs_V1_knowledgePoint_unlockKpList断言完毕！！
 期待obj返回消息体3
 实际obj返回消息体3
2021-03-02 09:41:09 INFO  ApiTestCaseModel:63 - 测试用例qs_V1_knowledgePoint_selfModeChooseKp断言完毕！！
 返回消息体msg-----成功
2021-03-02 09:41:09 INFO  ApiTestCaseModel:66 - 测试用例qs_V1_knowledgePoint_selfModeChooseKp断言完毕！！
 返回消息体code-----0
2021-03-02 09:41:09 INFO  ApiTestCaseModel:69 - 返回消息obj体中为空，无需断言
2021-03-02 09:41:09 INFO  ApiTestCaseModel:63 - 测试用例qs_V1_knowledgePoint_genKpListByMode断言完毕！！
 返回消息体msg-----成功
2021-03-02 09:41:09 INFO  ApiTestCaseModel:66 - 测试用例qs_V1_knowledgePoint_genKpListByMode断言完毕！！
 返回消息体code-----0
2021-03-02 09:41:09 INFO  ApiTestCaseModel:72 - 测试用例qs_V1_knowledgePoint_genKpListByMode断言完毕！！
 期待obj返回消息体1
 实际obj返回消息体1
2021-03-02 09:41:10 INFO  ApiTestCaseModel:63 - 测试用例qs_V1_knowledgePoint_kpDetailListByKpIds断言完毕！！
 返回消息体msg-----成功
2021-03-02 09:41:10 INFO  ApiTestCaseModel:66 - 测试用例qs_V1_knowledgePoint_kpDetailListByKpIds断言完毕！！
 返回消息体code-----0
2021-03-02 09:41:10 INFO  ApiTestCaseModel:72 - 测试用例qs_V1_knowledgePoint_kpDetailListByKpIds断言完毕！！
 期待obj返回消息体1
 实际obj返回消息体1
2021-03-02 09:41:10 INFO  ApiTestCaseModel:63 - 测试用例qs_V1_knowledgePoint_getKpVedioByKpId断言完毕！！
 返回消息体msg-----成功
2021-03-02 09:41:10 INFO  ApiTestCaseModel:66 - 测试用例qs_V1_knowledgePoint_getKpVedioByKpId断言完毕！！
 返回消息体code-----0
2021-03-02 09:41:10 INFO  ApiTestCaseModel:72 - 测试用例qs_V1_knowledgePoint_getKpVedioByKpId断言完毕！！
 期待obj返回消息体2
 实际obj返回消息体2
2021-03-02 09:41:10 INFO  ApiTestCaseModel:63 - 测试用例qs_V1_knowledgePoint_kpNoteByUserId断言完毕！！
 返回消息体msg-----成功
2021-03-02 09:41:10 INFO  ApiTestCaseModel:66 - 测试用例qs_V1_knowledgePoint_kpNoteByUserId断言完毕！！
 返回消息体code-----0
2021-03-02 09:41:10 INFO  ApiTestCaseModel:69 - 返回消息obj体中为空，无需断言
2021-03-02 09:41:10 INFO  ApiTestCaseModel:63 - 测试用例qs_V1_solveDetailCollection_collectionStatus断言完毕！！
 返回消息体msg-----成功
2021-03-02 09:41:10 INFO  ApiTestCaseModel:66 - 测试用例qs_V1_solveDetailCollection_collectionStatus断言完毕！！
 返回消息体code-----0
2021-03-02 09:41:10 INFO  ApiTestCaseModel:69 - 返回消息obj体中为空，无需断言
2021-03-02 09:41:10 INFO  ApiTestCaseModel:63 - 测试用例qs_V1_solveDetailCollection_collectionStatus断言完毕！！
 返回消息体msg-----成功
2021-03-02 09:41:10 INFO  ApiTestCaseModel:66 - 测试用例qs_V1_solveDetailCollection_collectionStatus断言完毕！！
 返回消息体code-----0
2021-03-02 09:41:10 INFO  ApiTestCaseModel:69 - 返回消息obj体中为空，无需断言
2021-03-02 09:41:10 INFO  ApiTestCaseModel:63 - 测试用例qs_V1_solveDetailCollection_myCollection断言完毕！！
 返回消息体msg-----成功
2021-03-02 09:41:10 INFO  ApiTestCaseModel:66 - 测试用例qs_V1_solveDetailCollection_myCollection断言完毕！！
 返回消息体code-----0
2021-03-02 09:41:10 INFO  ApiTestCaseModel:72 - 测试用例qs_V1_solveDetailCollection_myCollection断言完毕！！
 期待obj返回消息体5
 实际obj返回消息体5
2021-03-02 09:41:10 INFO  ApiTestCaseModel:63 - 测试用例qs_V1_task_index断言完毕！！
 返回消息体msg-----成功
2021-03-02 09:41:10 INFO  ApiTestCaseModel:66 - 测试用例qs_V1_task_index断言完毕！！
 返回消息体code-----0
2021-03-02 09:41:10 INFO  ApiTestCaseModel:72 - 测试用例qs_V1_task_index断言完毕！！
 期待obj返回消息体2
 实际obj返回消息体2
2021-03-02 09:41:11 INFO  ApiTestCaseModel:63 - 测试用例qs_V1_task_creditDetails断言完毕！！
 返回消息体msg-----成功
2021-03-02 09:41:11 INFO  ApiTestCaseModel:66 - 测试用例qs_V1_task_creditDetails断言完毕！！
 返回消息体code-----0
2021-03-02 09:41:11 INFO  ApiTestCaseModel:72 - 测试用例qs_V1_task_creditDetails断言完毕！！
 期待obj返回消息体5
 实际obj返回消息体5
2021-03-02 09:41:11 INFO  ApiTestCaseModel:63 - 测试用例qs_V1_class_index断言完毕！！
 返回消息体msg-----成功
2021-03-02 09:41:11 INFO  ApiTestCaseModel:66 - 测试用例qs_V1_class_index断言完毕！！
 返回消息体code-----0
2021-03-02 09:41:11 INFO  ApiTestCaseModel:72 - 测试用例qs_V1_class_index断言完毕！！
 期待obj返回消息体4
 实际obj返回消息体4
2021-03-02 09:41:12 INFO  ApiTestCaseModel:63 - 测试用例qs_V1_class_personData断言完毕！！
 返回消息体msg-----成功
2021-03-02 09:41:12 INFO  ApiTestCaseModel:66 - 测试用例qs_V1_class_personData断言完毕！！
 返回消息体code-----0
2021-03-02 09:41:12 INFO  ApiTestCaseModel:72 - 测试用例qs_V1_class_personData断言完毕！！
 期待obj返回消息体10
 实际obj返回消息体10
2021-03-02 09:41:12 INFO  ApiTestCaseModel:63 - 测试用例qs_V1_class_classDetail_classData断言完毕！！
 返回消息体msg-----成功
2021-03-02 09:41:12 INFO  ApiTestCaseModel:66 - 测试用例qs_V1_class_classDetail_classData断言完毕！！
 返回消息体code-----0
2021-03-02 09:41:12 INFO  ApiTestCaseModel:72 - 测试用例qs_V1_class_classDetail_classData断言完毕！！
 期待obj返回消息体5
 实际obj返回消息体5
2021-03-02 09:41:12 INFO  ApiTestCaseModel:63 - 测试用例qs_V1_class_classDetail_classReport断言完毕！！
 返回消息体msg-----成功
2021-03-02 09:41:12 INFO  ApiTestCaseModel:66 - 测试用例qs_V1_class_classDetail_classReport断言完毕！！
 返回消息体code-----0
2021-03-02 09:41:12 INFO  ApiTestCaseModel:72 - 测试用例qs_V1_class_classDetail_classReport断言完毕！！
 期待obj返回消息体8
 实际obj返回消息体8
2021-03-02 09:41:12 INFO  ApiTestCaseModel:63 - 测试用例qs_V1_class_classDetail_classRank断言完毕！！
 返回消息体msg-----成功
2021-03-02 09:41:12 INFO  ApiTestCaseModel:66 - 测试用例qs_V1_class_classDetail_classRank断言完毕！！
 返回消息体code-----0
2021-03-02 09:41:12 INFO  ApiTestCaseModel:72 - 测试用例qs_V1_class_classDetail_classRank断言完毕！！
 期待obj返回消息体1
 实际obj返回消息体1
2021-03-02 09:41:13 INFO  ApiTestCaseModel:63 - 测试用例qs_V1_exam_removeWrongQuesByUser断言完毕！！
 返回消息体msg-----成功
2021-03-02 09:41:13 INFO  ApiTestCaseModel:66 - 测试用例qs_V1_exam_removeWrongQuesByUser断言完毕！！
 返回消息体code-----0
2021-03-02 09:41:13 INFO  ApiTestCaseModel:72 - 测试用例qs_V1_exam_removeWrongQuesByUser断言完毕！！
 期待obj返回消息体1
 实际obj返回消息体1
2021-03-02 09:41:13 INFO  ApiTestCaseModel:63 - 测试用例qs_V1_exam_paperRecordList断言完毕！！
 返回消息体msg-----成功
2021-03-02 09:41:13 INFO  ApiTestCaseModel:66 - 测试用例qs_V1_exam_paperRecordList断言完毕！！
 返回消息体code-----0
2021-03-02 09:41:13 INFO  ApiTestCaseModel:72 - 测试用例qs_V1_exam_paperRecordList断言完毕！！
 期待obj返回消息体5
 实际obj返回消息体5
2021-03-02 09:41:13 INFO  ApiTestCaseModel:63 - 测试用例qs_V1_exam_wrongQuesByKp断言完毕！！
 返回消息体msg-----成功
2021-03-02 09:41:13 INFO  ApiTestCaseModel:66 - 测试用例qs_V1_exam_wrongQuesByKp断言完毕！！
 返回消息体code-----0
2021-03-02 09:41:13 INFO  ApiTestCaseModel:72 - 测试用例qs_V1_exam_wrongQuesByKp断言完毕！！
 期待obj返回消息体2
 实际obj返回消息体2
2021-03-02 09:41:14 INFO  ApiTestCaseModel:63 - 测试用例qs_V1_exam_smartGoToExam断言完毕！！
 返回消息体msg-----成功
2021-03-02 09:41:14 INFO  ApiTestCaseModel:66 - 测试用例qs_V1_exam_smartGoToExam断言完毕！！
 返回消息体code-----0
2021-03-02 09:41:14 INFO  ApiTestCaseModel:72 - 测试用例qs_V1_exam_smartGoToExam断言完毕！！
 期待obj返回消息体5
 实际obj返回消息体5
2021-03-02 09:41:14 INFO  ApiTestCaseModel:63 - 测试用例qs_V1_exam_cacheAnswer断言完毕！！
 返回消息体msg-----成功
2021-03-02 09:41:14 INFO  ApiTestCaseModel:66 - 测试用例qs_V1_exam_cacheAnswer断言完毕！！
 返回消息体code-----0
2021-03-02 09:41:14 INFO  ApiTestCaseModel:69 - 返回消息obj体中为空，无需断言
2021-03-02 09:41:14 INFO  ApiTestCaseModel:63 - 测试用例qs_V1_exam_correctionTypeList断言完毕！！
 返回消息体msg-----成功
2021-03-02 09:41:14 INFO  ApiTestCaseModel:66 - 测试用例qs_V1_exam_correctionTypeList断言完毕！！
 返回消息体code-----0
2021-03-02 09:41:14 INFO  ApiTestCaseModel:72 - 测试用例qs_V1_exam_correctionTypeList断言完毕！！
 期待obj返回消息体1
 实际obj返回消息体1
2021-03-02 09:41:14 INFO  ApiTestCaseModel:63 - 测试用例qs_V1_exam_subjectListByUserExtendId断言完毕！！
 返回消息体msg-----成功
2021-03-02 09:41:14 INFO  ApiTestCaseModel:66 - 测试用例qs_V1_exam_subjectListByUserExtendId断言完毕！！
 返回消息体code-----0
2021-03-02 09:41:14 INFO  ApiTestCaseModel:72 - 测试用例qs_V1_exam_subjectListByUserExtendId断言完毕！！
 期待obj返回消息体1
 实际obj返回消息体1
2021-03-02 09:41:14 INFO  ApiTestCaseModel:63 - 测试用例qs_V1_exam_getVideoPlayInfo断言完毕！！
 返回消息体msg-----成功
2021-03-02 09:41:14 INFO  ApiTestCaseModel:66 - 测试用例qs_V1_exam_getVideoPlayInfo断言完毕！！
 返回消息体code-----0
2021-03-02 09:41:14 INFO  ApiTestCaseModel:72 - 测试用例qs_V1_exam_getVideoPlayInfo断言完毕！！
 期待obj返回消息体4
 实际obj返回消息体4
2021-03-02 09:41:14 INFO  ApiTestCaseModel:63 - 测试用例qs_V1_exam_collectQues断言完毕！！
 返回消息体msg-----成功
2021-03-02 09:41:14 INFO  ApiTestCaseModel:66 - 测试用例qs_V1_exam_collectQues断言完毕！！
 返回消息体code-----0
2021-03-02 09:41:14 INFO  ApiTestCaseModel:69 - 返回消息obj体中为空，无需断言
2021-03-02 09:41:14 INFO  ApiTestCaseModel:63 - 测试用例qs_V1_exam_unCollectQues断言完毕！！
 返回消息体msg-----成功
2021-03-02 09:41:14 INFO  ApiTestCaseModel:66 - 测试用例qs_V1_exam_unCollectQues断言完毕！！
 返回消息体code-----0
2021-03-02 09:41:14 INFO  ApiTestCaseModel:69 - 返回消息obj体中为空，无需断言
2021-03-02 09:41:15 INFO  ApiTestCaseModel:63 - 测试用例qs_V1_exam_examIndex断言完毕！！
 返回消息体msg-----成功
2021-03-02 09:41:15 INFO  ApiTestCaseModel:66 - 测试用例qs_V1_exam_examIndex断言完毕！！
 返回消息体code-----0
2021-03-02 09:41:15 INFO  ApiTestCaseModel:72 - 测试用例qs_V1_exam_examIndex断言完毕！！
 期待obj返回消息体5
 实际obj返回消息体5
2021-03-02 09:41:15 INFO  ApiTestCaseModel:63 - 测试用例qs_V1_exam_smartExam断言完毕！！
 返回消息体msg-----成功
2021-03-02 09:41:15 INFO  ApiTestCaseModel:66 - 测试用例qs_V1_exam_smartExam断言完毕！！
 返回消息体code-----0
2021-03-02 09:41:15 INFO  ApiTestCaseModel:72 - 测试用例qs_V1_exam_smartExam断言完毕！！
 期待obj返回消息体3
 实际obj返回消息体3
2021-03-02 09:41:15 INFO  ApiTestCaseModel:63 - 测试用例qs_V1_exam_wrongQuesByQuesType断言完毕！！
 返回消息体msg-----成功
2021-03-02 09:41:15 INFO  ApiTestCaseModel:66 - 测试用例qs_V1_exam_wrongQuesByQuesType断言完毕！！
 返回消息体code-----0
2021-03-02 09:41:15 INFO  ApiTestCaseModel:72 - 测试用例qs_V1_exam_wrongQuesByQuesType断言完毕！！
 期待obj返回消息体2
 实际obj返回消息体2
2021-03-02 09:41:16 INFO  ApiTestCaseModel:63 - 测试用例qs_V1_exam_examAnalysis断言完毕！！
 返回消息体msg-----成功
2021-03-02 09:41:16 INFO  ApiTestCaseModel:66 - 测试用例qs_V1_exam_examAnalysis断言完毕！！
 返回消息体code-----0
2021-03-02 09:41:16 INFO  ApiTestCaseModel:72 - 测试用例qs_V1_exam_examAnalysis断言完毕！！
 期待obj返回消息体2
 实际obj返回消息体2
2021-03-02 09:41:16 INFO  ApiTestCaseModel:63 - 测试用例qs_V1_exam_wrongQuesDetail断言完毕！！
 返回消息体msg-----成功
2021-03-02 09:41:16 INFO  ApiTestCaseModel:66 - 测试用例qs_V1_exam_wrongQuesDetail断言完毕！！
 返回消息体code-----0
2021-03-02 09:41:16 INFO  ApiTestCaseModel:72 - 测试用例qs_V1_exam_wrongQuesDetail断言完毕！！
 期待obj返回消息体5
 实际obj返回消息体5
2021-03-02 09:41:16 INFO  ApiTestCaseModel:63 - 测试用例qs_V1_exam_recordView断言完毕！！
 返回消息体msg-----成功
2021-03-02 09:41:16 INFO  ApiTestCaseModel:66 - 测试用例qs_V1_exam_recordView断言完毕！！
 返回消息体code-----0
2021-03-02 09:41:16 INFO  ApiTestCaseModel:72 - 测试用例qs_V1_exam_recordView断言完毕！！
 期待obj返回消息体15
 实际obj返回消息体15
2021-03-02 09:41:16 INFO  ApiTestCaseModel:63 - 测试用例qs_V1_exam_collectQues断言完毕！！
 返回消息体msg-----成功
2021-03-02 09:41:16 INFO  ApiTestCaseModel:66 - 测试用例qs_V1_exam_collectQues断言完毕！！
 返回消息体code-----0
2021-03-02 09:41:16 INFO  ApiTestCaseModel:69 - 返回消息obj体中为空，无需断言
2021-03-02 09:41:17 INFO  ApiTestCaseModel:63 - 测试用例qs_V1_exam_unCollectQues断言完毕！！
 返回消息体msg-----成功
2021-03-02 09:41:17 INFO  ApiTestCaseModel:66 - 测试用例qs_V1_exam_unCollectQues断言完毕！！
 返回消息体code-----0
2021-03-02 09:41:17 INFO  ApiTestCaseModel:69 - 返回消息obj体中为空，无需断言
2021-03-02 09:41:17 INFO  ApiTestCaseModel:63 - 测试用例qs_V1_exam_goToExam断言完毕！！
 返回消息体msg-----成功
2021-03-02 09:41:17 INFO  ApiTestCaseModel:66 - 测试用例qs_V1_exam_goToExam断言完毕！！
 返回消息体code-----0
2021-03-02 09:41:17 INFO  ApiTestCaseModel:72 - 测试用例qs_V1_exam_goToExam断言完毕！！
 期待obj返回消息体5
 实际obj返回消息体5
2021-03-02 09:41:17 INFO  ApiTestCaseModel:63 - 测试用例qs_V1_exam_paperListByPaperType断言完毕！！
 返回消息体msg-----成功
2021-03-02 09:41:17 INFO  ApiTestCaseModel:66 - 测试用例qs_V1_exam_paperListByPaperType断言完毕！！
 返回消息体code-----0
2021-03-02 09:41:17 INFO  ApiTestCaseModel:72 - 测试用例qs_V1_exam_paperListByPaperType断言完毕！！
 期待obj返回消息体1
 实际obj返回消息体1
2021-03-02 09:41:17 INFO  ApiTestCaseModel:63 - 测试用例qs_V1_exam_questionInfo断言完毕！！
 返回消息体msg-----成功
2021-03-02 09:41:17 INFO  ApiTestCaseModel:66 - 测试用例qs_V1_exam_questionInfo断言完毕！！
 返回消息体code-----0
2021-03-02 09:41:18 INFO  ApiTestCaseModel:72 - 测试用例qs_V1_exam_questionInfo断言完毕！！
 期待obj返回消息体2
 实际obj返回消息体2
2021-03-02 09:41:18 INFO  ApiTestCaseModel:63 - 测试用例qs_V1_commentLable_commentLableList断言完毕！！
 返回消息体msg-----成功
2021-03-02 09:41:18 INFO  ApiTestCaseModel:66 - 测试用例qs_V1_commentLable_commentLableList断言完毕！！
 返回消息体code-----0
2021-03-02 09:41:18 INFO  ApiTestCaseModel:72 - 测试用例qs_V1_commentLable_commentLableList断言完毕！！
 期待obj返回消息体2
 实际obj返回消息体2
2021-03-02 09:41:18 INFO  ApiTestCaseModel:63 - 测试用例qs_V1_setting_learnProgress断言完毕！！
 返回消息体msg-----成功
2021-03-02 09:41:18 INFO  ApiTestCaseModel:66 - 测试用例qs_V1_setting_learnProgress断言完毕！！
 返回消息体code-----0
2021-03-02 09:41:18 INFO  ApiTestCaseModel:72 - 测试用例qs_V1_setting_learnProgress断言完毕！！
 期待obj返回消息体2
 实际obj返回消息体2
2021-03-02 09:41:18 INFO  ApiTestCaseModel:63 - 测试用例qs_V1_setting_learnPlanSwitch断言完毕！！
 返回消息体msg-----成功
2021-03-02 09:41:18 INFO  ApiTestCaseModel:66 - 测试用例qs_V1_setting_learnPlanSwitch断言完毕！！
 返回消息体code-----0
2021-03-02 09:41:18 INFO  ApiTestCaseModel:72 - 测试用例qs_V1_setting_learnPlanSwitch断言完毕！！
 期待obj返回消息体2
 实际obj返回消息体2
2021-03-02 09:41:18 INFO  ApiTestCaseModel:63 - 测试用例qs_V1_setting_switchTeacher断言完毕！！
 返回消息体msg-----成功
2021-03-02 09:41:18 INFO  ApiTestCaseModel:66 - 测试用例qs_V1_setting_switchTeacher断言完毕！！
 返回消息体code-----0
2021-03-02 09:41:18 INFO  ApiTestCaseModel:72 - 测试用例qs_V1_setting_switchTeacher断言完毕！！
 期待obj返回消息体1
 实际obj返回消息体1
2021-03-02 09:41:18 INFO  ApiTestCaseModel:63 - 测试用例qs_V1_setting_classSwitch断言完毕！！
 返回消息体msg-----成功
2021-03-02 09:41:18 INFO  ApiTestCaseModel:66 - 测试用例qs_V1_setting_classSwitch断言完毕！！
 返回消息体code-----0
2021-03-02 09:41:18 INFO  ApiTestCaseModel:72 - 测试用例qs_V1_setting_classSwitch断言完毕！！
 期待obj返回消息体1
 实际obj返回消息体1
2021-03-02 09:41:19 INFO  ApiTestCaseModel:63 - 测试用例qs_V1_setting_learnPlanSwitchSubmit断言完毕！！
 返回消息体msg-----成功
2021-03-02 09:41:19 INFO  ApiTestCaseModel:66 - 测试用例qs_V1_setting_learnPlanSwitchSubmit断言完毕！！
 返回消息体code-----0
2021-03-02 09:41:19 INFO  ApiTestCaseModel:69 - 返回消息obj体中为空，无需断言
2021-03-02 09:41:19 INFO  ApiTestCaseModel:63 - 测试用例qs_V1_setting_learnTime断言完毕！！
 返回消息体msg-----成功
2021-03-02 09:41:19 INFO  ApiTestCaseModel:66 - 测试用例qs_V1_setting_learnTime断言完毕！！
 返回消息体code-----0
2021-03-02 09:41:19 INFO  ApiTestCaseModel:72 - 测试用例qs_V1_setting_learnTime断言完毕！！
 期待obj返回消息体3
 实际obj返回消息体3
2021-03-02 09:41:20 INFO  ApiTestCaseModel:63 - 测试用例qs_V1_setting_learnCycleSubmit断言完毕！！
 返回消息体msg-----成功
2021-03-02 09:41:20 INFO  ApiTestCaseModel:66 - 测试用例qs_V1_setting_learnCycleSubmit断言完毕！！
 返回消息体code-----0
2021-03-02 09:41:20 INFO  ApiTestCaseModel:69 - 返回消息obj体中为空，无需断言
2021-03-02 09:41:20 INFO  ApiTestCaseModel:63 - 测试用例qs_V1_setting_learnMethodSubmit断言完毕！！
 返回消息体msg-----成功
2021-03-02 09:41:20 INFO  ApiTestCaseModel:66 - 测试用例qs_V1_setting_learnMethodSubmit断言完毕！！
 返回消息体code-----0
2021-03-02 09:41:20 INFO  ApiTestCaseModel:69 - 返回消息obj体中为空，无需断言
2021-03-02 09:41:20 INFO  ApiTestCaseModel:63 - 测试用例qs_V1_setting_restCycleSubmit断言完毕！！
 返回消息体msg-----成功
2021-03-02 09:41:20 INFO  ApiTestCaseModel:66 - 测试用例qs_V1_setting_restCycleSubmit断言完毕！！
 返回消息体code-----0
2021-03-02 09:41:20 INFO  ApiTestCaseModel:69 - 返回消息obj体中为空，无需断言
2021-03-02 09:41:21 INFO  ApiTestCaseModel:63 - 测试用例qs_V1_setting_learnMethod断言完毕！！
 返回消息体msg-----成功
2021-03-02 09:41:21 INFO  ApiTestCaseModel:66 - 测试用例qs_V1_setting_learnMethod断言完毕！！
 返回消息体code-----0
2021-03-02 09:41:21 INFO  ApiTestCaseModel:72 - 测试用例qs_V1_setting_learnMethod断言完毕！！
 期待obj返回消息体3
 实际obj返回消息体3
2021-03-02 09:41:21 INFO  ApiTestCaseModel:63 - 测试用例qs_V1_setting_index断言完毕！！
 返回消息体msg-----成功
2021-03-02 09:41:21 INFO  ApiTestCaseModel:66 - 测试用例qs_V1_setting_index断言完毕！！
 返回消息体code-----0
2021-03-02 09:41:21 INFO  ApiTestCaseModel:72 - 测试用例qs_V1_setting_index断言完毕！！
 期待obj返回消息体2
 实际obj返回消息体2
2021-03-02 09:41:21 INFO  ApiTestCaseModel:63 - 测试用例qs_V1_setting_autoCache断言完毕！！
 返回消息体msg-----成功
2021-03-02 09:41:21 INFO  ApiTestCaseModel:66 - 测试用例qs_V1_setting_autoCache断言完毕！！
 返回消息体code-----0
2021-03-02 09:41:21 INFO  ApiTestCaseModel:72 - 测试用例qs_V1_setting_autoCache断言完毕！！
 期待obj返回消息体1
 实际obj返回消息体1
2021-03-02 09:41:21 INFO  ApiTestCaseModel:63 - 测试用例qs_V1_setting_switchTeacherSubmit断言完毕！！
 返回消息体msg-----成功
2021-03-02 09:41:21 INFO  ApiTestCaseModel:66 - 测试用例qs_V1_setting_switchTeacherSubmit断言完毕！！
 返回消息体code-----0
2021-03-02 09:41:21 INFO  ApiTestCaseModel:69 - 返回消息obj体中为空，无需断言
2021-03-02 09:41:22 INFO  ApiTestCaseModel:63 - 测试用例qs_V1_setting_classSwitchSubmit断言完毕！！
 返回消息体msg-----成功
2021-03-02 09:41:22 INFO  ApiTestCaseModel:66 - 测试用例qs_V1_setting_classSwitchSubmit断言完毕！！
 返回消息体code-----0
2021-03-02 09:41:22 INFO  ApiTestCaseModel:69 - 返回消息obj体中为空，无需断言
2021-03-02 09:41:22 INFO  ApiTestCaseModel:63 - 测试用例qs_V1_setting_learnProgressSubmit断言完毕！！
 返回消息体msg-----成功
2021-03-02 09:41:22 INFO  ApiTestCaseModel:66 - 测试用例qs_V1_setting_learnProgressSubmit断言完毕！！
 返回消息体code-----0
2021-03-02 09:41:22 INFO  ApiTestCaseModel:69 - 返回消息obj体中为空，无需断言
2021-03-02 09:41:22 INFO  ApiTestCaseModel:63 - 测试用例qs_V1_replyComment_getCommentView断言完毕！！
 返回消息体msg-----成功
2021-03-02 09:41:22 INFO  ApiTestCaseModel:66 - 测试用例qs_V1_replyComment_getCommentView断言完毕！！
 返回消息体code-----0
2021-03-02 09:41:22 INFO  ApiTestCaseModel:72 - 测试用例qs_V1_replyComment_getCommentView断言完毕！！
 期待obj返回消息体4
 实际obj返回消息体4
2021-03-02 09:41:22 INFO  ApiTestCaseModel:63 - 测试用例qs_V2_study_startStudyQues断言完毕！！
 返回消息体msg-----成功
2021-03-02 09:41:22 INFO  ApiTestCaseModel:66 - 测试用例qs_V2_study_startStudyQues断言完毕！！
 返回消息体code-----0
2021-03-02 09:41:22 INFO  ApiTestCaseModel:72 - 测试用例qs_V2_study_startStudyQues断言完毕！！
 期待obj返回消息体2
 实际obj返回消息体2
2021-03-02 09:41:23 INFO  ApiTestCaseModel:63 - 测试用例qs_V2_course_courseByLectureId断言完毕！！
 返回消息体msg-----成功
2021-03-02 09:41:23 INFO  ApiTestCaseModel:66 - 测试用例qs_V2_course_courseByLectureId断言完毕！！
 返回消息体code-----0
2021-03-02 09:41:23 INFO  ApiTestCaseModel:72 - 测试用例qs_V2_course_courseByLectureId断言完毕！！
 期待obj返回消息体7
 实际obj返回消息体7
2021-03-02 09:41:23 INFO  ApiTestCaseModel:63 - 测试用例qs_V2_activation_submitQues断言完毕！！
 返回消息体msg-----成功
2021-03-02 09:41:23 INFO  ApiTestCaseModel:66 - 测试用例qs_V2_activation_submitQues断言完毕！！
 返回消息体code-----0
2021-03-02 09:41:23 INFO  ApiTestCaseModel:72 - 测试用例qs_V2_activation_submitQues断言完毕！！
 期待obj返回消息体4
 实际obj返回消息体4
2021-03-02 09:41:23 INFO  ApiTestCaseModel:63 - 测试用例qs_V2_activation_questionsAndAnswers断言完毕！！
 返回消息体msg-----成功
2021-03-02 09:41:23 INFO  ApiTestCaseModel:66 - 测试用例qs_V2_activation_questionsAndAnswers断言完毕！！
 返回消息体code-----0
2021-03-02 09:41:23 INFO  ApiTestCaseModel:72 - 测试用例qs_V2_activation_questionsAndAnswers断言完毕！！
 期待obj返回消息体3
 实际obj返回消息体3
2021-03-02 09:41:24 INFO  ApiTestCaseModel:63 - 测试用例qs_V2_knowledgePoint_unlockKpList断言完毕！！
 返回消息体msg-----成功
2021-03-02 09:41:24 INFO  ApiTestCaseModel:66 - 测试用例qs_V2_knowledgePoint_unlockKpList断言完毕！！
 返回消息体code-----0
2021-03-02 09:41:24 INFO  ApiTestCaseModel:72 - 测试用例qs_V2_knowledgePoint_unlockKpList断言完毕！！
 期待obj返回消息体3
 实际obj返回消息体3
2021-03-02 09:41:24 INFO  ApiTestCaseModel:63 - 测试用例qs_V2_knowledgePoint_kpDetailListByKpIds断言完毕！！
 返回消息体msg-----成功
2021-03-02 09:41:24 INFO  ApiTestCaseModel:66 - 测试用例qs_V2_knowledgePoint_kpDetailListByKpIds断言完毕！！
 返回消息体code-----0
2021-03-02 09:41:24 INFO  ApiTestCaseModel:72 - 测试用例qs_V2_knowledgePoint_kpDetailListByKpIds断言完毕！！
 期待obj返回消息体1
 实际obj返回消息体1
2021-03-02 09:41:24 INFO  ApiTestCaseModel:63 - 测试用例qs_V2_class_index断言完毕！！
 返回消息体msg-----成功
2021-03-02 09:41:24 INFO  ApiTestCaseModel:66 - 测试用例qs_V2_class_index断言完毕！！
 返回消息体code-----0
2021-03-02 09:41:24 INFO  ApiTestCaseModel:72 - 测试用例qs_V2_class_index断言完毕！！
 期待obj返回消息体4
 实际obj返回消息体4
2021-03-02 09:41:24 INFO  ApiTestCaseModel:63 - 测试用例qs_V2_exam_recordView断言完毕！！
 返回消息体msg-----成功
2021-03-02 09:41:24 INFO  ApiTestCaseModel:66 - 测试用例qs_V2_exam_recordView断言完毕！！
 返回消息体code-----0
2021-03-02 09:41:24 INFO  ApiTestCaseModel:72 - 测试用例qs_V2_exam_recordView断言完毕！！
 期待obj返回消息体15
 实际obj返回消息体15
2021-03-02 09:41:25 INFO  ApiTestCaseModel:63 - 测试用例qs_V2_exam_goToExam断言完毕！！
 返回消息体msg-----成功
2021-03-02 09:41:25 INFO  ApiTestCaseModel:66 - 测试用例qs_V2_exam_goToExam断言完毕！！
 返回消息体code-----0
2021-03-02 09:41:25 INFO  ApiTestCaseModel:72 - 测试用例qs_V2_exam_goToExam断言完毕！！
 期待obj返回消息体5
 实际obj返回消息体5
2021-03-02 09:41:25 INFO  ApiTestCaseModel:63 - 测试用例qs_V2_setting_switchTeacher断言完毕！！
 返回消息体msg-----成功
2021-03-02 09:41:25 INFO  ApiTestCaseModel:66 - 测试用例qs_V2_setting_switchTeacher断言完毕！！
 返回消息体code-----0
2021-03-02 09:41:25 INFO  ApiTestCaseModel:72 - 测试用例qs_V2_setting_switchTeacher断言完毕！！
 期待obj返回消息体1
 实际obj返回消息体1
2021-03-02 09:41:25 INFO  ApiTestCaseModel:63 - 测试用例qs_V3_study_startStudyQues断言完毕！！
 返回消息体msg-----成功
2021-03-02 09:41:25 INFO  ApiTestCaseModel:66 - 测试用例qs_V3_study_startStudyQues断言完毕！！
 返回消息体code-----0
2021-03-02 09:41:25 INFO  ApiTestCaseModel:72 - 测试用例qs_V3_study_startStudyQues断言完毕！！
 期待obj返回消息体2
 实际obj返回消息体2
2021-03-02 09:41:26 INFO  ApiTestCaseModel:63 - 测试用例qs_V3_study_index断言完毕！！
 返回消息体msg-----成功
2021-03-02 09:41:26 INFO  ApiTestCaseModel:66 - 测试用例qs_V3_study_index断言完毕！！
 返回消息体code-----0
2021-03-02 09:41:26 INFO  ApiTestCaseModel:72 - 测试用例qs_V3_study_index断言完毕！！
 期待obj返回消息体3
 实际obj返回消息体3
2021-03-02 09:41:26 INFO  ApiTestCaseModel:63 - 测试用例qs_V3_curriculum_classSchedule断言完毕！！
 返回消息体msg-----成功
2021-03-02 09:41:26 INFO  ApiTestCaseModel:66 - 测试用例qs_V3_curriculum_classSchedule断言完毕！！
 返回消息体code-----0
2021-03-02 09:41:26 INFO  ApiTestCaseModel:69 - 返回消息obj体中为空，无需断言
2021-03-02 09:41:26 INFO  ApiTestCaseModel:63 - 测试用例qs_V3_curriculum_dayList断言完毕！！
 返回消息体msg-----成功
2021-03-02 09:41:26 INFO  ApiTestCaseModel:66 - 测试用例qs_V3_curriculum_dayList断言完毕！！
 返回消息体code-----0
2021-03-02 09:41:26 INFO  ApiTestCaseModel:72 - 测试用例qs_V3_curriculum_dayList断言完毕！！
 期待obj返回消息体1
 实际obj返回消息体1
2021-03-02 09:41:26 INFO  ApiTestCaseModel:63 - 测试用例qs_V3_shop_redeemNow断言完毕！！
 返回消息体msg-----成功
2021-03-02 09:41:26 INFO  ApiTestCaseModel:66 - 测试用例qs_V3_shop_redeemNow断言完毕！！
 返回消息体code-----0
2021-03-02 09:41:26 INFO  ApiTestCaseModel:72 - 测试用例qs_V3_shop_redeemNow断言完毕！！
 期待obj返回消息体5
 实际obj返回消息体5
2021-03-02 09:41:27 INFO  ApiTestCaseModel:63 - 测试用例qs_V3_shop_index断言完毕！！
 返回消息体msg-----成功
2021-03-02 09:41:27 INFO  ApiTestCaseModel:66 - 测试用例qs_V3_shop_index断言完毕！！
 返回消息体code-----0
2021-03-02 09:41:27 INFO  ApiTestCaseModel:72 - 测试用例qs_V3_shop_index断言完毕！！
 期待obj返回消息体6
 实际obj返回消息体6
2021-03-02 09:41:27 INFO  ApiTestCaseModel:63 - 测试用例qs_V3_shop_redeemRecords断言完毕！！
 返回消息体msg-----成功
2021-03-02 09:41:27 INFO  ApiTestCaseModel:66 - 测试用例qs_V3_shop_redeemRecords断言完毕！！
 返回消息体code-----0
2021-03-02 09:41:27 INFO  ApiTestCaseModel:63 - 测试用例qs_V3_chatRecord_chatRecordList断言完毕！！
 返回消息体msg-----成功
2021-03-02 09:41:27 INFO  ApiTestCaseModel:66 - 测试用例qs_V3_chatRecord_chatRecordList断言完毕！！
 返回消息体code-----0
2021-03-02 09:41:27 INFO  ApiTestCaseModel:72 - 测试用例qs_V3_chatRecord_chatRecordList断言完毕！！
 期待obj返回消息体5
 实际obj返回消息体5
2021-03-02 09:41:27 INFO  ApiTestCaseModel:63 - 测试用例qs_V3_task_voucherData断言完毕！！
 返回消息体msg-----成功
2021-03-02 09:41:27 INFO  ApiTestCaseModel:66 - 测试用例qs_V3_task_voucherData断言完毕！！
 返回消息体code-----0
2021-03-02 09:41:27 INFO  ApiTestCaseModel:72 - 测试用例qs_V3_task_voucherData断言完毕！！
 期待obj返回消息体6
 实际obj返回消息体6
2021-03-02 09:41:28 INFO  ApiTestCaseModel:63 - 测试用例qs_V3_task_creditData断言完毕！！
 返回消息体msg-----成功
2021-03-02 09:41:28 INFO  ApiTestCaseModel:66 - 测试用例qs_V3_task_creditData断言完毕！！
 返回消息体code-----0
2021-03-02 09:41:28 INFO  ApiTestCaseModel:72 - 测试用例qs_V3_task_creditData断言完毕！！
 期待obj返回消息体6
 实际obj返回消息体6
2021-03-02 09:41:28 INFO  ApiTestCaseModel:63 - 测试用例qs_V3_class_classDetail_classData断言完毕！！
 返回消息体msg-----成功
2021-03-02 09:41:28 INFO  ApiTestCaseModel:66 - 测试用例qs_V3_class_classDetail_classData断言完毕！！
 返回消息体code-----0
2021-03-02 09:41:28 INFO  ApiTestCaseModel:72 - 测试用例qs_V3_class_classDetail_classData断言完毕！！
 期待obj返回消息体5
 实际obj返回消息体5
2021-03-02 09:41:28 INFO  ApiTestCaseModel:63 - 测试用例qs_V3_setting_renewActive断言完毕！！
 返回消息体msg-----成功
2021-03-02 09:41:28 INFO  ApiTestCaseModel:66 - 测试用例qs_V3_setting_renewActive断言完毕！！
 返回消息体code-----0
2021-03-02 11:39:16 INFO  ApiTestCaseModel:63 - 测试用例qs_V1_class_encourage断言完毕！！
 返回消息体msg-----成功
2021-03-02 11:39:16 INFO  ApiTestCaseModel:66 - 测试用例qs_V1_class_encourage断言完毕！！
 返回消息体code-----0
2021-03-02 11:39:16 INFO  ApiTestCaseModel:69 - 返回消息obj体中为空，无需断言
2021-03-02 11:47:30 INFO  ApiTestCaseModel:63 - 测试用例qs_V1_class_encourage断言完毕！！
 返回消息体msg-----成功
2021-03-02 11:47:30 INFO  ApiTestCaseModel:66 - 测试用例qs_V1_class_encourage断言完毕！！
 返回消息体code-----0
2021-03-02 11:47:30 INFO  ApiTestCaseModel:69 - 返回消息obj体中为空，无需断言
2021-03-02 11:50:13 INFO  ApiTestCaseModel:63 - 测试用例qs_V1_class_encourage断言完毕！！
 返回消息体msg-----成功
2021-03-02 11:50:13 INFO  ApiTestCaseModel:66 - 测试用例qs_V1_class_encourage断言完毕！！
 返回消息体code-----0
2021-03-02 11:50:13 INFO  ApiTestCaseModel:69 - 返回消息obj体中为空，无需断言
2021-03-02 13:15:22 INFO  ApiTestCaseModel:63 - 测试用例qs_V1_class_classDetail_classData断言完毕！！
 返回消息体msg-----成功
2021-03-02 13:15:22 INFO  ApiTestCaseModel:66 - 测试用例qs_V1_class_classDetail_classData断言完毕！！
 返回消息体code-----0
2021-03-02 13:15:22 INFO  ApiTestCaseModel:72 - 测试用例qs_V1_class_classDetail_classData断言完毕！！
 期待obj返回消息体5
 实际obj返回消息体5
2021-03-02 16:22:11 INFO  ApiTestCaseModel:63 - 测试用例qs_V1_class_classDetail_classData断言完毕！！
 返回消息体msg-----成功
2021-03-02 16:22:11 INFO  ApiTestCaseModel:66 - 测试用例qs_V1_class_classDetail_classData断言完毕！！
 返回消息体code-----0
2021-03-02 16:22:11 INFO  ApiTestCaseModel:72 - 测试用例qs_V1_class_classDetail_classData断言完毕！！
 期待obj返回消息体5
 实际obj返回消息体5
2021-03-02 16:37:22 INFO  ApiTestCaseModel:63 - 测试用例qs_V1_class_encourage断言完毕！！
 返回消息体msg-----成功
2021-03-02 16:37:22 INFO  ApiTestCaseModel:66 - 测试用例qs_V1_class_encourage断言完毕！！
 返回消息体code-----0
2021-03-02 16:37:22 INFO  ApiTestCaseModel:69 - 返回消息obj体中为空，无需断言
2021-03-02 16:39:58 INFO  ApiTestCaseModel:63 - 测试用例qs_V1_study_startStudyQues断言完毕！！
 返回消息体msg-----成功
2021-03-02 16:39:58 INFO  ApiTestCaseModel:66 - 测试用例qs_V1_study_startStudyQues断言完毕！！
 返回消息体code-----0
2021-03-02 16:39:58 INFO  ApiTestCaseModel:72 - 测试用例qs_V1_study_startStudyQues断言完毕！！
 期待obj返回消息体1
 实际obj返回消息体1
2021-03-02 16:39:58 INFO  ApiTestCaseModel:63 - 测试用例qs_V1_study_index断言完毕！！
 返回消息体msg-----成功
2021-03-02 16:39:58 INFO  ApiTestCaseModel:66 - 测试用例qs_V1_study_index断言完毕！！
 返回消息体code-----0
2021-03-02 16:39:58 INFO  ApiTestCaseModel:72 - 测试用例qs_V1_study_index断言完毕！！
 期待obj返回消息体3
 实际obj返回消息体3
2021-03-02 16:39:59 INFO  ApiTestCaseModel:63 - 测试用例qs_V1_study_systemStatus断言完毕！！
 返回消息体msg-----成功
2021-03-02 16:39:59 INFO  ApiTestCaseModel:66 - 测试用例qs_V1_study_systemStatus断言完毕！！
 返回消息体code-----0
2021-03-02 16:39:59 INFO  ApiTestCaseModel:72 - 测试用例qs_V1_study_systemStatus断言完毕！！
 期待obj返回消息体9
 实际obj返回消息体9
2021-03-02 16:40:00 INFO  ApiTestCaseModel:63 - 测试用例qs_V1_study_shareStudyReport断言完毕！！
 返回消息体msg-----成功
2021-03-02 16:40:00 INFO  ApiTestCaseModel:66 - 测试用例qs_V1_study_shareStudyReport断言完毕！！
 返回消息体code-----0
2021-03-02 16:40:00 INFO  ApiTestCaseModel:72 - 测试用例qs_V1_study_shareStudyReport断言完毕！！
 期待obj返回消息体1
 实际obj返回消息体1
2021-03-02 16:40:01 INFO  ApiTestCaseModel:63 - 测试用例qs_V1_study_startStudyAnswer断言完毕！！
 返回消息体msg-----成功
2021-03-02 16:40:01 INFO  ApiTestCaseModel:66 - 测试用例qs_V1_study_startStudyAnswer断言完毕！！
 返回消息体code-----0
2021-03-02 16:40:01 INFO  ApiTestCaseModel:72 - 测试用例qs_V1_study_startStudyAnswer断言完毕！！
 期待obj返回消息体2
 实际obj返回消息体2
2021-03-02 16:40:01 INFO  ApiTestCaseModel:63 - 测试用例qs_V1_course_courseTimeConfig断言完毕！！
 返回消息体msg-----成功
2021-03-02 16:40:01 INFO  ApiTestCaseModel:66 - 测试用例qs_V1_course_courseTimeConfig断言完毕！！
 返回消息体code-----0
2021-03-02 16:40:02 INFO  ApiTestCaseModel:72 - 测试用例qs_V1_course_courseTimeConfig断言完毕！！
 期待obj返回消息体2
 实际obj返回消息体2
2021-03-02 16:40:02 INFO  ApiTestCaseModel:63 - 测试用例qs_V1_course_resetRoomUserStatus断言完毕！！
 返回消息体msg-----成功
2021-03-02 16:40:02 INFO  ApiTestCaseModel:66 - 测试用例qs_V1_course_resetRoomUserStatus断言完毕！！
 返回消息体code-----0
2021-03-02 16:40:02 INFO  ApiTestCaseModel:69 - 返回消息obj体中为空，无需断言
2021-03-02 16:40:02 INFO  ApiTestCaseModel:63 - 测试用例qs_V1_course_courseByKpId断言完毕！！
 返回消息体msg-----成功
2021-03-02 16:40:02 INFO  ApiTestCaseModel:66 - 测试用例qs_V1_course_courseByKpId断言完毕！！
 返回消息体code-----0
2021-03-02 16:40:03 INFO  ApiTestCaseModel:72 - 测试用例qs_V1_course_courseByKpId断言完毕！！
 期待obj返回消息体8
 实际obj返回消息体8
2021-03-02 16:40:03 INFO  ApiTestCaseModel:63 - 测试用例qs_V1_course_courseByLectureId断言完毕！！
 返回消息体msg-----成功
2021-03-02 16:40:03 INFO  ApiTestCaseModel:66 - 测试用例qs_V1_course_courseByLectureId断言完毕！！
 返回消息体code-----0
2021-03-02 16:40:03 INFO  ApiTestCaseModel:72 - 测试用例qs_V1_course_courseByLectureId断言完毕！！
 期待obj返回消息体7
 实际obj返回消息体7
2021-03-02 16:40:03 INFO  ApiTestCaseModel:63 - 测试用例qs_V1_course_teacherListByLectureId断言完毕！！
 返回消息体msg-----成功
2021-03-02 16:40:03 INFO  ApiTestCaseModel:66 - 测试用例qs_V1_course_teacherListByLectureId断言完毕！！
 返回消息体code-----0
2021-03-02 16:40:03 INFO  ApiTestCaseModel:72 - 测试用例qs_V1_course_teacherListByLectureId断言完毕！！
 期待obj返回消息体1
 实际obj返回消息体1
2021-03-02 16:40:04 INFO  ApiTestCaseModel:63 - 测试用例qs_V1_course_doShareRoom断言完毕！！
 返回消息体msg-----成功
2021-03-02 16:40:04 INFO  ApiTestCaseModel:66 - 测试用例qs_V1_course_doShareRoom断言完毕！！
 返回消息体code-----0
2021-03-02 16:40:04 INFO  ApiTestCaseModel:69 - 返回消息obj体中为空，无需断言
2021-03-02 16:40:04 INFO  ApiTestCaseModel:63 - 测试用例qs_V1_course_submitTimeConfigAnswer断言完毕！！
 返回消息体msg-----成功
2021-03-02 16:40:04 INFO  ApiTestCaseModel:66 - 测试用例qs_V1_course_submitTimeConfigAnswer断言完毕！！
 返回消息体code-----0
2021-03-02 16:40:04 INFO  ApiTestCaseModel:69 - 返回消息obj体中为空，无需断言
2021-03-02 16:40:04 INFO  ApiTestCaseModel:63 - 测试用例qs_V1_course_genUserSign断言完毕！！
 返回消息体msg-----成功
2021-03-02 16:40:04 INFO  ApiTestCaseModel:66 - 测试用例qs_V1_course_genUserSign断言完毕！！
 返回消息体code-----0
2021-03-02 16:40:04 INFO  ApiTestCaseModel:72 - 测试用例qs_V1_course_genUserSign断言完毕！！
 期待obj返回消息体1
 实际obj返回消息体1
2021-03-02 16:40:05 INFO  ApiTestCaseModel:63 - 测试用例qs_V1_course_getLecturePlayInfoByRoomId断言完毕！！
 返回消息体msg-----成功
2021-03-02 16:40:05 INFO  ApiTestCaseModel:66 - 测试用例qs_V1_course_getLecturePlayInfoByRoomId断言完毕！！
 返回消息体code-----0
2021-03-02 16:40:05 INFO  ApiTestCaseModel:72 - 测试用例qs_V1_course_getLecturePlayInfoByRoomId断言完毕！！
 期待obj返回消息体19
 实际obj返回消息体19
2021-03-02 16:40:05 INFO  ApiTestCaseModel:63 - 测试用例qs_V1_course_lectureVideoInfo断言完毕！！
 返回消息体msg-----成功
2021-03-02 16:40:05 INFO  ApiTestCaseModel:66 - 测试用例qs_V1_course_lectureVideoInfo断言完毕！！
 返回消息体code-----0
2021-03-02 16:40:05 INFO  ApiTestCaseModel:72 - 测试用例qs_V1_course_lectureVideoInfo断言完毕！！
 期待obj返回消息体6
 实际obj返回消息体6
2021-03-02 16:40:06 INFO  ApiTestCaseModel:63 - 测试用例qs_V1_course_kpCardByLectureId断言完毕！！
 返回消息体msg-----成功
2021-03-02 16:40:06 INFO  ApiTestCaseModel:66 - 测试用例qs_V1_course_kpCardByLectureId断言完毕！！
 返回消息体code-----0
2021-03-02 16:40:06 INFO  ApiTestCaseModel:72 - 测试用例qs_V1_course_kpCardByLectureId断言完毕！！
 期待obj返回消息体1
 实际obj返回消息体1
2021-03-02 16:40:06 INFO  ApiTestCaseModel:63 - 测试用例qs_V1_course_roomListByLectureIds断言完毕！！
 返回消息体msg-----成功
2021-03-02 16:40:06 INFO  ApiTestCaseModel:66 - 测试用例qs_V1_course_roomListByLectureIds断言完毕！！
 返回消息体code-----0
2021-03-02 16:40:06 INFO  ApiTestCaseModel:72 - 测试用例qs_V1_course_roomListByLectureIds断言完毕！！
 期待obj返回消息体1
 实际obj返回消息体1
2021-03-02 16:40:06 INFO  ApiTestCaseModel:63 - 测试用例qs_V1_course_courseHandoutByLectureId断言完毕！！
 返回消息体msg-----成功
2021-03-02 16:40:06 INFO  ApiTestCaseModel:66 - 测试用例qs_V1_course_courseHandoutByLectureId断言完毕！！
 返回消息体code-----0
2021-03-02 16:40:06 INFO  ApiTestCaseModel:72 - 测试用例qs_V1_course_courseHandoutByLectureId断言完毕！！
 期待obj返回消息体7
 实际obj返回消息体7
2021-03-02 16:40:06 INFO  ApiTestCaseModel:63 - 测试用例qs_V1_course_syncTimeConfig断言完毕！！
 返回消息体msg-----成功
2021-03-02 16:40:07 INFO  ApiTestCaseModel:66 - 测试用例qs_V1_course_syncTimeConfig断言完毕！！
 返回消息体code-----0
2021-03-02 16:40:07 INFO  ApiTestCaseModel:69 - 返回消息obj体中为空，无需断言
2021-03-02 16:40:07 INFO  ApiTestCaseModel:63 - 测试用例qs_V1_course_syncCourseRecord断言完毕！！
 返回消息体msg-----成功
2021-03-02 16:40:07 INFO  ApiTestCaseModel:66 - 测试用例qs_V1_course_syncCourseRecord断言完毕！！
 返回消息体code-----0
2021-03-02 16:40:07 INFO  ApiTestCaseModel:69 - 返回消息obj体中为空，无需断言
2021-03-02 16:40:17 INFO  ApiTestCaseModel:63 - 测试用例qs_V1_course_lectureVideoInfoWithLog断言完毕！！
 返回消息体msg-----成功
2021-03-02 16:40:17 INFO  ApiTestCaseModel:66 - 测试用例qs_V1_course_lectureVideoInfoWithLog断言完毕！！
 返回消息体code-----0
2021-03-02 16:40:17 INFO  ApiTestCaseModel:72 - 测试用例qs_V1_course_lectureVideoInfoWithLog断言完毕！！
 期待obj返回消息体4
 实际obj返回消息体4
2021-03-02 16:40:17 INFO  ApiTestCaseModel:63 - 测试用例qs_V1_solve_solveDetail断言完毕！！
 返回消息体msg-----成功
2021-03-02 16:40:17 INFO  ApiTestCaseModel:66 - 测试用例qs_V1_solve_solveDetail断言完毕！！
 返回消息体code-----0
2021-03-02 16:40:17 INFO  ApiTestCaseModel:72 - 测试用例qs_V1_solve_solveDetail断言完毕！！
 期待obj返回消息体9
 实际obj返回消息体9
2021-03-02 16:40:18 INFO  ApiTestCaseModel:63 - 测试用例qs_V1_solve_askAndReplyList断言完毕！！
 返回消息体msg-----成功
2021-03-02 16:40:18 INFO  ApiTestCaseModel:66 - 测试用例qs_V1_solve_askAndReplyList断言完毕！！
 返回消息体code-----0
2021-03-02 16:40:18 INFO  ApiTestCaseModel:72 - 测试用例qs_V1_solve_askAndReplyList断言完毕！！
 期待obj返回消息体1
 实际obj返回消息体1
2021-03-02 16:40:18 INFO  ApiTestCaseModel:63 - 测试用例qs_V1_solve_saveAskQuestion断言完毕！！
 返回消息体msg-----成功
2021-03-02 16:40:18 INFO  ApiTestCaseModel:66 - 测试用例qs_V1_solve_saveAskQuestion断言完毕！！
 返回消息体code-----0
2021-03-02 16:40:18 INFO  ApiTestCaseModel:69 - 返回消息obj体中为空，无需断言
2021-03-02 16:40:18 INFO  ApiTestCaseModel:63 - 测试用例qs_V1_solve_saveAgainAskQuestion断言完毕！！
 返回消息体msg-----成功
2021-03-02 16:40:18 INFO  ApiTestCaseModel:66 - 测试用例qs_V1_solve_saveAgainAskQuestion断言完毕！！
 返回消息体code-----0
2021-03-02 16:40:18 INFO  ApiTestCaseModel:69 - 返回消息obj体中为空，无需断言
2021-03-02 16:40:18 INFO  ApiTestCaseModel:63 - 测试用例qs_V1_solve_getReplyExpireMsg断言完毕！！
 返回消息体msg-----成功
2021-03-02 16:40:18 INFO  ApiTestCaseModel:66 - 测试用例qs_V1_solve_getReplyExpireMsg断言完毕！！
 返回消息体code-----0
2021-03-02 16:40:18 INFO  ApiTestCaseModel:72 - 测试用例qs_V1_solve_getReplyExpireMsg断言完毕！！
 期待obj返回消息体1
 实际obj返回消息体1
2021-03-02 16:40:19 INFO  ApiTestCaseModel:63 - 测试用例qs_V1_solve_saveSolveDetail断言完毕！！
 返回消息体msg-----成功
2021-03-02 16:40:19 INFO  ApiTestCaseModel:66 - 测试用例qs_V1_solve_saveSolveDetail断言完毕！！
 返回消息体code-----0
2021-03-02 16:40:19 INFO  ApiTestCaseModel:69 - 返回消息obj体中为空，无需断言
2021-03-02 16:40:19 INFO  ApiTestCaseModel:63 - 测试用例qs_V1_solve_myAnswerList断言完毕！！
 返回消息体msg-----成功
2021-03-02 16:40:19 INFO  ApiTestCaseModel:66 - 测试用例qs_V1_solve_myAnswerList断言完毕！！
 返回消息体code-----0
2021-03-02 16:40:19 INFO  ApiTestCaseModel:72 - 测试用例qs_V1_solve_myAnswerList断言完毕！！
 期待obj返回消息体5
 实际obj返回消息体5
2021-03-02 16:40:19 INFO  ApiTestCaseModel:63 - 测试用例qs_V1_solve_cancelSolve断言完毕！！
 返回消息体msg-----成功
2021-03-02 16:40:19 INFO  ApiTestCaseModel:66 - 测试用例qs_V1_solve_cancelSolve断言完毕！！
 返回消息体code-----0
2021-03-02 16:40:19 INFO  ApiTestCaseModel:72 - 测试用例qs_V1_solve_cancelSolve断言完毕！！
 期待obj返回消息体1
 实际obj返回消息体1
2021-03-02 16:40:19 INFO  ApiTestCaseModel:63 - 测试用例qs_V1_solve_leftAskNum断言完毕！！
 返回消息体msg-----成功
2021-03-02 16:40:19 INFO  ApiTestCaseModel:66 - 测试用例qs_V1_solve_leftAskNum断言完毕！！
 返回消息体code-----0
2021-03-02 16:40:19 INFO  ApiTestCaseModel:72 - 测试用例qs_V1_solve_leftAskNum断言完毕！！
 期待obj返回消息体3
 实际obj返回消息体3
2021-03-02 16:40:20 INFO  ApiTestCaseModel:63 - 测试用例qs_V1_curriculum_dayList断言完毕！！
 返回消息体msg-----成功
2021-03-02 16:40:20 INFO  ApiTestCaseModel:66 - 测试用例qs_V1_curriculum_dayList断言完毕！！
 返回消息体code-----0
2021-03-02 16:40:20 INFO  ApiTestCaseModel:72 - 测试用例qs_V1_curriculum_dayList断言完毕！！
 期待obj返回消息体1
 实际obj返回消息体1
2021-03-02 16:40:20 INFO  ApiTestCaseModel:63 - 测试用例qs_V1_shop_prizeExchange断言完毕！！
 返回消息体msg-----成功
2021-03-02 16:40:20 INFO  ApiTestCaseModel:66 - 测试用例qs_V1_shop_prizeExchange断言完毕！！
 返回消息体code-----0
2021-03-02 16:40:20 INFO  ApiTestCaseModel:72 - 测试用例qs_V1_shop_prizeExchange断言完毕！！
 期待obj返回消息体1
 实际obj返回消息体1
2021-03-02 16:40:21 INFO  ApiTestCaseModel:63 - 测试用例qs_V1_shop_index断言完毕！！
 返回消息体msg-----成功
2021-03-02 16:40:21 INFO  ApiTestCaseModel:66 - 测试用例qs_V1_shop_index断言完毕！！
 返回消息体code-----0
2021-03-02 16:40:21 INFO  ApiTestCaseModel:72 - 测试用例qs_V1_shop_index断言完毕！！
 期待obj返回消息体4
 实际obj返回消息体4
2021-03-02 16:40:22 INFO  ApiTestCaseModel:63 - 测试用例qs_V1_activation_completeActivation断言完毕！！
 返回消息体msg-----成功
2021-03-02 16:40:22 INFO  ApiTestCaseModel:66 - 测试用例qs_V1_activation_completeActivation断言完毕！！
 返回消息体code-----0
2021-03-02 16:40:22 INFO  ApiTestCaseModel:72 - 测试用例qs_V1_activation_completeActivation断言完毕！！
 期待obj返回消息体1
 实际obj返回消息体1
2021-03-02 16:40:23 INFO  ApiTestCaseModel:63 - 测试用例qs_V1_activation_questionsAndAnswers断言完毕！！
 返回消息体msg-----成功
2021-03-02 16:40:23 INFO  ApiTestCaseModel:66 - 测试用例qs_V1_activation_questionsAndAnswers断言完毕！！
 返回消息体code-----0
2021-03-02 16:40:23 INFO  ApiTestCaseModel:72 - 测试用例qs_V1_activation_questionsAndAnswers断言完毕！！
 期待obj返回消息体3
 实际obj返回消息体3
2021-03-02 16:40:24 INFO  ApiTestCaseModel:63 - 测试用例qs_V1_activation_shareLearnPlan断言完毕！！
 返回消息体msg-----成功
2021-03-02 16:40:24 INFO  ApiTestCaseModel:66 - 测试用例qs_V1_activation_shareLearnPlan断言完毕！！
 返回消息体code-----0
2021-03-02 16:40:24 INFO  ApiTestCaseModel:63 - 测试用例qs_V1_activation_normalMode断言完毕！！
 返回消息体msg-----成功
2021-03-02 16:40:24 INFO  ApiTestCaseModel:66 - 测试用例qs_V1_activation_normalMode断言完毕！！
 返回消息体code-----0
2021-03-02 16:40:24 INFO  ApiTestCaseModel:72 - 测试用例qs_V1_activation_normalMode断言完毕！！
 期待obj返回消息体1
 实际obj返回消息体1
2021-03-02 16:40:24 INFO  ApiTestCaseModel:63 - 测试用例qs_V1_activation_submitQues断言完毕！！
 返回消息体msg-----成功
2021-03-02 16:40:24 INFO  ApiTestCaseModel:66 - 测试用例qs_V1_activation_submitQues断言完毕！！
 返回消息体code-----0
2021-03-02 16:40:24 INFO  ApiTestCaseModel:72 - 测试用例qs_V1_activation_submitQues断言完毕！！
 期待obj返回消息体4
 实际obj返回消息体4
2021-03-02 16:40:24 INFO  ApiTestCaseModel:63 - 测试用例qs_V1_activation_renewActivation断言完毕！！
 返回消息体msg-----成功
2021-03-02 16:40:25 INFO  ApiTestCaseModel:66 - 测试用例qs_V1_activation_renewActivation断言完毕！！
 返回消息体code-----0
2021-03-02 16:40:25 INFO  ApiTestCaseModel:72 - 测试用例qs_V1_activation_renewActivation断言完毕！！
 期待obj返回消息体0
 实际obj返回消息体0
2021-03-02 16:40:25 INFO  ApiTestCaseModel:63 - 测试用例qs_V1_activation_cancelQues断言完毕！！
 返回消息体msg-----成功
2021-03-02 16:40:25 INFO  ApiTestCaseModel:66 - 测试用例qs_V1_activation_cancelQues断言完毕！！
 返回消息体code-----0
2021-03-02 16:40:25 INFO  ApiTestCaseModel:72 - 测试用例qs_V1_activation_cancelQues断言完毕！！
 期待obj返回消息体0
 实际obj返回消息体0
2021-03-02 16:40:25 INFO  ApiTestCaseModel:63 - 测试用例qs_V1_knowledgePoint_syncKpVoiceRecord断言完毕！！
 返回消息体msg-----成功
2021-03-02 16:40:25 INFO  ApiTestCaseModel:66 - 测试用例qs_V1_knowledgePoint_syncKpVoiceRecord断言完毕！！
 返回消息体code-----0
2021-03-02 16:40:25 INFO  ApiTestCaseModel:69 - 返回消息obj体中为空，无需断言
2021-03-02 16:40:25 INFO  ApiTestCaseModel:63 - 测试用例qs_V1_knowledgePoint_selfModeKpList断言完毕！！
 返回消息体msg-----成功
2021-03-02 16:40:25 INFO  ApiTestCaseModel:66 - 测试用例qs_V1_knowledgePoint_selfModeKpList断言完毕！！
 返回消息体code-----0
2021-03-02 16:40:25 INFO  ApiTestCaseModel:72 - 测试用例qs_V1_knowledgePoint_selfModeKpList断言完毕！！
 期待obj返回消息体1
 实际obj返回消息体1
2021-03-02 16:40:25 INFO  ApiTestCaseModel:63 - 测试用例qs_V1_knowledgePoint_unlockKpList断言完毕！！
 返回消息体msg-----成功
2021-03-02 16:40:25 INFO  ApiTestCaseModel:66 - 测试用例qs_V1_knowledgePoint_unlockKpList断言完毕！！
 返回消息体code-----0
2021-03-02 16:40:25 INFO  ApiTestCaseModel:72 - 测试用例qs_V1_knowledgePoint_unlockKpList断言完毕！！
 期待obj返回消息体3
 实际obj返回消息体3
2021-03-02 16:40:26 INFO  ApiTestCaseModel:63 - 测试用例qs_V1_knowledgePoint_selfModeChooseKp断言完毕！！
 返回消息体msg-----成功
2021-03-02 16:40:26 INFO  ApiTestCaseModel:66 - 测试用例qs_V1_knowledgePoint_selfModeChooseKp断言完毕！！
 返回消息体code-----0
2021-03-02 16:40:26 INFO  ApiTestCaseModel:69 - 返回消息obj体中为空，无需断言
2021-03-02 16:40:26 INFO  ApiTestCaseModel:63 - 测试用例qs_V1_knowledgePoint_genKpListByMode断言完毕！！
 返回消息体msg-----成功
2021-03-02 16:40:26 INFO  ApiTestCaseModel:66 - 测试用例qs_V1_knowledgePoint_genKpListByMode断言完毕！！
 返回消息体code-----0
2021-03-02 16:40:26 INFO  ApiTestCaseModel:72 - 测试用例qs_V1_knowledgePoint_genKpListByMode断言完毕！！
 期待obj返回消息体1
 实际obj返回消息体1
2021-03-02 16:40:26 INFO  ApiTestCaseModel:63 - 测试用例qs_V1_knowledgePoint_kpDetailListByKpIds断言完毕！！
 返回消息体msg-----成功
2021-03-02 16:40:26 INFO  ApiTestCaseModel:66 - 测试用例qs_V1_knowledgePoint_kpDetailListByKpIds断言完毕！！
 返回消息体code-----0
2021-03-02 16:40:26 INFO  ApiTestCaseModel:72 - 测试用例qs_V1_knowledgePoint_kpDetailListByKpIds断言完毕！！
 期待obj返回消息体1
 实际obj返回消息体1
2021-03-02 16:40:26 INFO  ApiTestCaseModel:63 - 测试用例qs_V1_knowledgePoint_getKpVedioByKpId断言完毕！！
 返回消息体msg-----成功
2021-03-02 16:40:26 INFO  ApiTestCaseModel:66 - 测试用例qs_V1_knowledgePoint_getKpVedioByKpId断言完毕！！
 返回消息体code-----0
2021-03-02 16:40:26 INFO  ApiTestCaseModel:72 - 测试用例qs_V1_knowledgePoint_getKpVedioByKpId断言完毕！！
 期待obj返回消息体2
 实际obj返回消息体2
2021-03-02 16:40:26 INFO  ApiTestCaseModel:63 - 测试用例qs_V1_knowledgePoint_kpNoteByUserId断言完毕！！
 返回消息体msg-----成功
2021-03-02 16:40:26 INFO  ApiTestCaseModel:66 - 测试用例qs_V1_knowledgePoint_kpNoteByUserId断言完毕！！
 返回消息体code-----0
2021-03-02 16:40:26 INFO  ApiTestCaseModel:69 - 返回消息obj体中为空，无需断言
2021-03-02 16:40:27 INFO  ApiTestCaseModel:63 - 测试用例qs_V1_solveDetailCollection_collectionStatus断言完毕！！
 返回消息体msg-----成功
2021-03-02 16:40:27 INFO  ApiTestCaseModel:66 - 测试用例qs_V1_solveDetailCollection_collectionStatus断言完毕！！
 返回消息体code-----0
2021-03-02 16:40:27 INFO  ApiTestCaseModel:69 - 返回消息obj体中为空，无需断言
2021-03-02 16:40:27 INFO  ApiTestCaseModel:63 - 测试用例qs_V1_solveDetailCollection_collectionStatus断言完毕！！
 返回消息体msg-----成功
2021-03-02 16:40:27 INFO  ApiTestCaseModel:66 - 测试用例qs_V1_solveDetailCollection_collectionStatus断言完毕！！
 返回消息体code-----0
2021-03-02 16:40:27 INFO  ApiTestCaseModel:69 - 返回消息obj体中为空，无需断言
2021-03-02 16:40:27 INFO  ApiTestCaseModel:63 - 测试用例qs_V1_solveDetailCollection_myCollection断言完毕！！
 返回消息体msg-----成功
2021-03-02 16:40:27 INFO  ApiTestCaseModel:66 - 测试用例qs_V1_solveDetailCollection_myCollection断言完毕！！
 返回消息体code-----0
2021-03-02 16:40:27 INFO  ApiTestCaseModel:72 - 测试用例qs_V1_solveDetailCollection_myCollection断言完毕！！
 期待obj返回消息体5
 实际obj返回消息体5
2021-03-02 16:40:27 INFO  ApiTestCaseModel:63 - 测试用例qs_V1_task_index断言完毕！！
 返回消息体msg-----成功
2021-03-02 16:40:27 INFO  ApiTestCaseModel:66 - 测试用例qs_V1_task_index断言完毕！！
 返回消息体code-----0
2021-03-02 16:40:27 INFO  ApiTestCaseModel:72 - 测试用例qs_V1_task_index断言完毕！！
 期待obj返回消息体2
 实际obj返回消息体2
2021-03-02 16:40:27 INFO  ApiTestCaseModel:63 - 测试用例qs_V1_task_creditDetails断言完毕！！
 返回消息体msg-----成功
2021-03-02 16:40:27 INFO  ApiTestCaseModel:66 - 测试用例qs_V1_task_creditDetails断言完毕！！
 返回消息体code-----0
2021-03-02 16:40:27 INFO  ApiTestCaseModel:72 - 测试用例qs_V1_task_creditDetails断言完毕！！
 期待obj返回消息体5
 实际obj返回消息体5
2021-03-02 16:40:28 INFO  ApiTestCaseModel:63 - 测试用例qs_V1_class_index断言完毕！！
 返回消息体msg-----成功
2021-03-02 16:40:28 INFO  ApiTestCaseModel:66 - 测试用例qs_V1_class_index断言完毕！！
 返回消息体code-----0
2021-03-02 16:40:28 INFO  ApiTestCaseModel:72 - 测试用例qs_V1_class_index断言完毕！！
 期待obj返回消息体4
 实际obj返回消息体4
2021-03-02 16:40:29 INFO  ApiTestCaseModel:63 - 测试用例qs_V1_class_personData断言完毕！！
 返回消息体msg-----成功
2021-03-02 16:40:29 INFO  ApiTestCaseModel:66 - 测试用例qs_V1_class_personData断言完毕！！
 返回消息体code-----0
2021-03-02 16:40:29 INFO  ApiTestCaseModel:72 - 测试用例qs_V1_class_personData断言完毕！！
 期待obj返回消息体10
 实际obj返回消息体10
2021-03-02 16:40:29 INFO  ApiTestCaseModel:63 - 测试用例qs_V1_class_classDetail_classData断言完毕！！
 返回消息体msg-----成功
2021-03-02 16:40:29 INFO  ApiTestCaseModel:66 - 测试用例qs_V1_class_classDetail_classData断言完毕！！
 返回消息体code-----0
2021-03-02 16:40:29 INFO  ApiTestCaseModel:72 - 测试用例qs_V1_class_classDetail_classData断言完毕！！
 期待obj返回消息体5
 实际obj返回消息体5
2021-03-02 16:40:29 INFO  ApiTestCaseModel:63 - 测试用例qs_V1_class_classDetail_classReport断言完毕！！
 返回消息体msg-----成功
2021-03-02 16:40:29 INFO  ApiTestCaseModel:66 - 测试用例qs_V1_class_classDetail_classReport断言完毕！！
 返回消息体code-----0
2021-03-02 16:40:29 INFO  ApiTestCaseModel:72 - 测试用例qs_V1_class_classDetail_classReport断言完毕！！
 期待obj返回消息体8
 实际obj返回消息体8
2021-03-02 16:40:29 INFO  ApiTestCaseModel:63 - 测试用例qs_V1_class_classDetail_classRank断言完毕！！
 返回消息体msg-----成功
2021-03-02 16:40:29 INFO  ApiTestCaseModel:66 - 测试用例qs_V1_class_classDetail_classRank断言完毕！！
 返回消息体code-----0
2021-03-02 16:40:29 INFO  ApiTestCaseModel:72 - 测试用例qs_V1_class_classDetail_classRank断言完毕！！
 期待obj返回消息体1
 实际obj返回消息体1
2021-03-02 16:40:30 INFO  ApiTestCaseModel:63 - 测试用例qs_V1_class_encourage断言完毕！！
 返回消息体msg-----成功
2021-03-02 16:40:30 INFO  ApiTestCaseModel:66 - 测试用例qs_V1_class_encourage断言完毕！！
 返回消息体code-----0
2021-03-02 16:40:30 INFO  ApiTestCaseModel:69 - 返回消息obj体中为空，无需断言
2021-03-02 16:40:30 INFO  ApiTestCaseModel:63 - 测试用例qs_V1_exam_removeWrongQuesByUser断言完毕！！
 返回消息体msg-----成功
2021-03-02 16:40:30 INFO  ApiTestCaseModel:66 - 测试用例qs_V1_exam_removeWrongQuesByUser断言完毕！！
 返回消息体code-----0
2021-03-02 16:40:30 INFO  ApiTestCaseModel:72 - 测试用例qs_V1_exam_removeWrongQuesByUser断言完毕！！
 期待obj返回消息体1
 实际obj返回消息体1
2021-03-02 16:40:30 INFO  ApiTestCaseModel:63 - 测试用例qs_V1_exam_paperRecordList断言完毕！！
 返回消息体msg-----成功
2021-03-02 16:40:30 INFO  ApiTestCaseModel:66 - 测试用例qs_V1_exam_paperRecordList断言完毕！！
 返回消息体code-----0
2021-03-02 16:40:30 INFO  ApiTestCaseModel:72 - 测试用例qs_V1_exam_paperRecordList断言完毕！！
 期待obj返回消息体5
 实际obj返回消息体5
2021-03-02 16:40:30 INFO  ApiTestCaseModel:63 - 测试用例qs_V1_exam_wrongQuesByKp断言完毕！！
 返回消息体msg-----成功
2021-03-02 16:40:30 INFO  ApiTestCaseModel:66 - 测试用例qs_V1_exam_wrongQuesByKp断言完毕！！
 返回消息体code-----0
2021-03-02 16:40:30 INFO  ApiTestCaseModel:72 - 测试用例qs_V1_exam_wrongQuesByKp断言完毕！！
 期待obj返回消息体2
 实际obj返回消息体2
2021-03-02 16:40:31 INFO  ApiTestCaseModel:63 - 测试用例qs_V1_exam_smartGoToExam断言完毕！！
 返回消息体msg-----成功
2021-03-02 16:40:31 INFO  ApiTestCaseModel:66 - 测试用例qs_V1_exam_smartGoToExam断言完毕！！
 返回消息体code-----0
2021-03-02 16:40:31 INFO  ApiTestCaseModel:72 - 测试用例qs_V1_exam_smartGoToExam断言完毕！！
 期待obj返回消息体5
 实际obj返回消息体5
2021-03-02 16:40:31 INFO  ApiTestCaseModel:63 - 测试用例qs_V1_exam_cacheAnswer断言完毕！！
 返回消息体msg-----成功
2021-03-02 16:40:31 INFO  ApiTestCaseModel:66 - 测试用例qs_V1_exam_cacheAnswer断言完毕！！
 返回消息体code-----0
2021-03-02 16:40:31 INFO  ApiTestCaseModel:69 - 返回消息obj体中为空，无需断言
2021-03-02 16:40:31 INFO  ApiTestCaseModel:63 - 测试用例qs_V1_exam_correctionTypeList断言完毕！！
 返回消息体msg-----成功
2021-03-02 16:40:31 INFO  ApiTestCaseModel:66 - 测试用例qs_V1_exam_correctionTypeList断言完毕！！
 返回消息体code-----0
2021-03-02 16:40:31 INFO  ApiTestCaseModel:72 - 测试用例qs_V1_exam_correctionTypeList断言完毕！！
 期待obj返回消息体1
 实际obj返回消息体1
2021-03-02 16:40:32 INFO  ApiTestCaseModel:63 - 测试用例qs_V1_exam_subjectListByUserExtendId断言完毕！！
 返回消息体msg-----成功
2021-03-02 16:40:32 INFO  ApiTestCaseModel:66 - 测试用例qs_V1_exam_subjectListByUserExtendId断言完毕！！
 返回消息体code-----0
2021-03-02 16:40:32 INFO  ApiTestCaseModel:72 - 测试用例qs_V1_exam_subjectListByUserExtendId断言完毕！！
 期待obj返回消息体1
 实际obj返回消息体1
2021-03-02 16:40:32 INFO  ApiTestCaseModel:63 - 测试用例qs_V1_exam_getVideoPlayInfo断言完毕！！
 返回消息体msg-----成功
2021-03-02 16:40:32 INFO  ApiTestCaseModel:66 - 测试用例qs_V1_exam_getVideoPlayInfo断言完毕！！
 返回消息体code-----0
2021-03-02 16:40:32 INFO  ApiTestCaseModel:72 - 测试用例qs_V1_exam_getVideoPlayInfo断言完毕！！
 期待obj返回消息体4
 实际obj返回消息体4
2021-03-02 16:40:32 INFO  ApiTestCaseModel:63 - 测试用例qs_V1_exam_collectQues断言完毕！！
 返回消息体msg-----成功
2021-03-02 16:40:32 INFO  ApiTestCaseModel:66 - 测试用例qs_V1_exam_collectQues断言完毕！！
 返回消息体code-----0
2021-03-02 16:40:32 INFO  ApiTestCaseModel:69 - 返回消息obj体中为空，无需断言
2021-03-02 16:40:32 INFO  ApiTestCaseModel:63 - 测试用例qs_V1_exam_unCollectQues断言完毕！！
 返回消息体msg-----成功
2021-03-02 16:40:32 INFO  ApiTestCaseModel:66 - 测试用例qs_V1_exam_unCollectQues断言完毕！！
 返回消息体code-----0
2021-03-02 16:40:32 INFO  ApiTestCaseModel:69 - 返回消息obj体中为空，无需断言
2021-03-02 16:40:32 INFO  ApiTestCaseModel:63 - 测试用例qs_V1_exam_examIndex断言完毕！！
 返回消息体msg-----成功
2021-03-02 16:40:32 INFO  ApiTestCaseModel:66 - 测试用例qs_V1_exam_examIndex断言完毕！！
 返回消息体code-----0
2021-03-02 16:40:32 INFO  ApiTestCaseModel:72 - 测试用例qs_V1_exam_examIndex断言完毕！！
 期待obj返回消息体5
 实际obj返回消息体5
2021-03-02 16:40:33 INFO  ApiTestCaseModel:63 - 测试用例qs_V1_exam_smartExam断言完毕！！
 返回消息体msg-----成功
2021-03-02 16:40:33 INFO  ApiTestCaseModel:66 - 测试用例qs_V1_exam_smartExam断言完毕！！
 返回消息体code-----0
2021-03-02 16:40:33 INFO  ApiTestCaseModel:72 - 测试用例qs_V1_exam_smartExam断言完毕！！
 期待obj返回消息体3
 实际obj返回消息体3
2021-03-02 16:40:33 INFO  ApiTestCaseModel:63 - 测试用例qs_V1_exam_wrongQuesByQuesType断言完毕！！
 返回消息体msg-----成功
2021-03-02 16:40:33 INFO  ApiTestCaseModel:66 - 测试用例qs_V1_exam_wrongQuesByQuesType断言完毕！！
 返回消息体code-----0
2021-03-02 16:40:33 INFO  ApiTestCaseModel:72 - 测试用例qs_V1_exam_wrongQuesByQuesType断言完毕！！
 期待obj返回消息体2
 实际obj返回消息体2
2021-03-02 16:40:34 INFO  ApiTestCaseModel:63 - 测试用例qs_V1_exam_examAnalysis断言完毕！！
 返回消息体msg-----成功
2021-03-02 16:40:34 INFO  ApiTestCaseModel:66 - 测试用例qs_V1_exam_examAnalysis断言完毕！！
 返回消息体code-----0
2021-03-02 16:40:34 INFO  ApiTestCaseModel:72 - 测试用例qs_V1_exam_examAnalysis断言完毕！！
 期待obj返回消息体2
 实际obj返回消息体2
2021-03-02 16:40:34 INFO  ApiTestCaseModel:63 - 测试用例qs_V1_exam_wrongQuesDetail断言完毕！！
 返回消息体msg-----成功
2021-03-02 16:40:34 INFO  ApiTestCaseModel:66 - 测试用例qs_V1_exam_wrongQuesDetail断言完毕！！
 返回消息体code-----0
2021-03-02 16:40:34 INFO  ApiTestCaseModel:72 - 测试用例qs_V1_exam_wrongQuesDetail断言完毕！！
 期待obj返回消息体5
 实际obj返回消息体5
2021-03-02 16:40:35 INFO  ApiTestCaseModel:63 - 测试用例qs_V1_exam_recordView断言完毕！！
 返回消息体msg-----成功
2021-03-02 16:40:35 INFO  ApiTestCaseModel:66 - 测试用例qs_V1_exam_recordView断言完毕！！
 返回消息体code-----0
2021-03-02 16:40:35 INFO  ApiTestCaseModel:72 - 测试用例qs_V1_exam_recordView断言完毕！！
 期待obj返回消息体15
 实际obj返回消息体15
2021-03-02 16:40:35 INFO  ApiTestCaseModel:63 - 测试用例qs_V1_exam_collectQues断言完毕！！
 返回消息体msg-----成功
2021-03-02 16:40:35 INFO  ApiTestCaseModel:66 - 测试用例qs_V1_exam_collectQues断言完毕！！
 返回消息体code-----0
2021-03-02 16:40:35 INFO  ApiTestCaseModel:69 - 返回消息obj体中为空，无需断言
2021-03-02 16:40:35 INFO  ApiTestCaseModel:63 - 测试用例qs_V1_exam_unCollectQues断言完毕！！
 返回消息体msg-----成功
2021-03-02 16:40:35 INFO  ApiTestCaseModel:66 - 测试用例qs_V1_exam_unCollectQues断言完毕！！
 返回消息体code-----0
2021-03-02 16:40:35 INFO  ApiTestCaseModel:69 - 返回消息obj体中为空，无需断言
2021-03-02 16:40:36 INFO  ApiTestCaseModel:63 - 测试用例qs_V1_exam_goToExam断言完毕！！
 返回消息体msg-----成功
2021-03-02 16:40:36 INFO  ApiTestCaseModel:66 - 测试用例qs_V1_exam_goToExam断言完毕！！
 返回消息体code-----0
2021-03-02 16:40:36 INFO  ApiTestCaseModel:72 - 测试用例qs_V1_exam_goToExam断言完毕！！
 期待obj返回消息体5
 实际obj返回消息体5
2021-03-02 16:40:36 INFO  ApiTestCaseModel:63 - 测试用例qs_V1_exam_paperListByPaperType断言完毕！！
 返回消息体msg-----成功
2021-03-02 16:40:36 INFO  ApiTestCaseModel:66 - 测试用例qs_V1_exam_paperListByPaperType断言完毕！！
 返回消息体code-----0
2021-03-02 16:40:36 INFO  ApiTestCaseModel:72 - 测试用例qs_V1_exam_paperListByPaperType断言完毕！！
 期待obj返回消息体1
 实际obj返回消息体1
2021-03-02 16:40:36 INFO  ApiTestCaseModel:63 - 测试用例qs_V1_exam_questionInfo断言完毕！！
 返回消息体msg-----成功
2021-03-02 16:40:36 INFO  ApiTestCaseModel:66 - 测试用例qs_V1_exam_questionInfo断言完毕！！
 返回消息体code-----0
2021-03-02 16:40:36 INFO  ApiTestCaseModel:72 - 测试用例qs_V1_exam_questionInfo断言完毕！！
 期待obj返回消息体2
 实际obj返回消息体2
2021-03-02 16:40:36 INFO  ApiTestCaseModel:63 - 测试用例qs_V1_commentLable_commentLableList断言完毕！！
 返回消息体msg-----成功
2021-03-02 16:40:36 INFO  ApiTestCaseModel:66 - 测试用例qs_V1_commentLable_commentLableList断言完毕！！
 返回消息体code-----0
2021-03-02 16:40:36 INFO  ApiTestCaseModel:72 - 测试用例qs_V1_commentLable_commentLableList断言完毕！！
 期待obj返回消息体2
 实际obj返回消息体2
2021-03-02 16:40:36 INFO  ApiTestCaseModel:63 - 测试用例qs_V1_setting_learnProgress断言完毕！！
 返回消息体msg-----成功
2021-03-02 16:40:36 INFO  ApiTestCaseModel:66 - 测试用例qs_V1_setting_learnProgress断言完毕！！
 返回消息体code-----0
2021-03-02 16:40:36 INFO  ApiTestCaseModel:72 - 测试用例qs_V1_setting_learnProgress断言完毕！！
 期待obj返回消息体2
 实际obj返回消息体2
2021-03-02 16:40:36 INFO  ApiTestCaseModel:63 - 测试用例qs_V1_setting_learnPlanSwitch断言完毕！！
 返回消息体msg-----成功
2021-03-02 16:40:36 INFO  ApiTestCaseModel:66 - 测试用例qs_V1_setting_learnPlanSwitch断言完毕！！
 返回消息体code-----0
2021-03-02 16:40:37 INFO  ApiTestCaseModel:72 - 测试用例qs_V1_setting_learnPlanSwitch断言完毕！！
 期待obj返回消息体2
 实际obj返回消息体2
2021-03-02 16:40:37 INFO  ApiTestCaseModel:63 - 测试用例qs_V1_setting_switchTeacher断言完毕！！
 返回消息体msg-----成功
2021-03-02 16:40:37 INFO  ApiTestCaseModel:66 - 测试用例qs_V1_setting_switchTeacher断言完毕！！
 返回消息体code-----0
2021-03-02 16:40:37 INFO  ApiTestCaseModel:72 - 测试用例qs_V1_setting_switchTeacher断言完毕！！
 期待obj返回消息体1
 实际obj返回消息体1
2021-03-02 16:40:37 INFO  ApiTestCaseModel:63 - 测试用例qs_V1_setting_classSwitch断言完毕！！
 返回消息体msg-----成功
2021-03-02 16:40:37 INFO  ApiTestCaseModel:66 - 测试用例qs_V1_setting_classSwitch断言完毕！！
 返回消息体code-----0
2021-03-02 16:40:37 INFO  ApiTestCaseModel:72 - 测试用例qs_V1_setting_classSwitch断言完毕！！
 期待obj返回消息体1
 实际obj返回消息体1
2021-03-02 16:40:38 INFO  ApiTestCaseModel:63 - 测试用例qs_V1_setting_learnPlanSwitchSubmit断言完毕！！
 返回消息体msg-----成功
2021-03-02 16:40:38 INFO  ApiTestCaseModel:66 - 测试用例qs_V1_setting_learnPlanSwitchSubmit断言完毕！！
 返回消息体code-----0
2021-03-02 16:40:38 INFO  ApiTestCaseModel:69 - 返回消息obj体中为空，无需断言
2021-03-02 16:40:38 INFO  ApiTestCaseModel:63 - 测试用例qs_V1_setting_learnTime断言完毕！！
 返回消息体msg-----成功
2021-03-02 16:40:38 INFO  ApiTestCaseModel:66 - 测试用例qs_V1_setting_learnTime断言完毕！！
 返回消息体code-----0
2021-03-02 16:40:38 INFO  ApiTestCaseModel:72 - 测试用例qs_V1_setting_learnTime断言完毕！！
 期待obj返回消息体3
 实际obj返回消息体3
2021-03-02 16:40:39 INFO  ApiTestCaseModel:63 - 测试用例qs_V1_setting_learnCycleSubmit断言完毕！！
 返回消息体msg-----成功
2021-03-02 16:40:39 INFO  ApiTestCaseModel:66 - 测试用例qs_V1_setting_learnCycleSubmit断言完毕！！
 返回消息体code-----0
2021-03-02 16:40:39 INFO  ApiTestCaseModel:69 - 返回消息obj体中为空，无需断言
2021-03-02 16:40:39 INFO  ApiTestCaseModel:63 - 测试用例qs_V1_setting_learnMethodSubmit断言完毕！！
 返回消息体msg-----成功
2021-03-02 16:40:39 INFO  ApiTestCaseModel:66 - 测试用例qs_V1_setting_learnMethodSubmit断言完毕！！
 返回消息体code-----0
2021-03-02 16:40:39 INFO  ApiTestCaseModel:69 - 返回消息obj体中为空，无需断言
2021-03-02 16:40:39 INFO  ApiTestCaseModel:63 - 测试用例qs_V1_setting_restCycleSubmit断言完毕！！
 返回消息体msg-----成功
2021-03-02 16:40:39 INFO  ApiTestCaseModel:66 - 测试用例qs_V1_setting_restCycleSubmit断言完毕！！
 返回消息体code-----0
2021-03-02 16:40:39 INFO  ApiTestCaseModel:69 - 返回消息obj体中为空，无需断言
2021-03-02 16:40:39 INFO  ApiTestCaseModel:63 - 测试用例qs_V1_setting_learnMethod断言完毕！！
 返回消息体msg-----成功
2021-03-02 16:40:39 INFO  ApiTestCaseModel:66 - 测试用例qs_V1_setting_learnMethod断言完毕！！
 返回消息体code-----0
2021-03-02 16:40:39 INFO  ApiTestCaseModel:72 - 测试用例qs_V1_setting_learnMethod断言完毕！！
 期待obj返回消息体3
 实际obj返回消息体3
2021-03-02 16:40:40 INFO  ApiTestCaseModel:63 - 测试用例qs_V1_setting_index断言完毕！！
 返回消息体msg-----成功
2021-03-02 16:40:40 INFO  ApiTestCaseModel:66 - 测试用例qs_V1_setting_index断言完毕！！
 返回消息体code-----0
2021-03-02 16:40:40 INFO  ApiTestCaseModel:72 - 测试用例qs_V1_setting_index断言完毕！！
 期待obj返回消息体2
 实际obj返回消息体2
2021-03-02 16:40:40 INFO  ApiTestCaseModel:63 - 测试用例qs_V1_setting_autoCache断言完毕！！
 返回消息体msg-----成功
2021-03-02 16:40:40 INFO  ApiTestCaseModel:66 - 测试用例qs_V1_setting_autoCache断言完毕！！
 返回消息体code-----0
2021-03-02 16:40:40 INFO  ApiTestCaseModel:72 - 测试用例qs_V1_setting_autoCache断言完毕！！
 期待obj返回消息体1
 实际obj返回消息体1
2021-03-02 16:40:41 INFO  ApiTestCaseModel:63 - 测试用例qs_V1_setting_switchTeacherSubmit断言完毕！！
 返回消息体msg-----成功
2021-03-02 16:40:41 INFO  ApiTestCaseModel:66 - 测试用例qs_V1_setting_switchTeacherSubmit断言完毕！！
 返回消息体code-----0
2021-03-02 16:40:41 INFO  ApiTestCaseModel:69 - 返回消息obj体中为空，无需断言
2021-03-02 16:40:41 INFO  ApiTestCaseModel:63 - 测试用例qs_V1_setting_classSwitchSubmit断言完毕！！
 返回消息体msg-----成功
2021-03-02 16:40:41 INFO  ApiTestCaseModel:66 - 测试用例qs_V1_setting_classSwitchSubmit断言完毕！！
 返回消息体code-----0
2021-03-02 16:40:41 INFO  ApiTestCaseModel:69 - 返回消息obj体中为空，无需断言
2021-03-02 16:40:41 INFO  ApiTestCaseModel:63 - 测试用例qs_V1_setting_learnProgressSubmit断言完毕！！
 返回消息体msg-----成功
2021-03-02 16:40:41 INFO  ApiTestCaseModel:66 - 测试用例qs_V1_setting_learnProgressSubmit断言完毕！！
 返回消息体code-----0
2021-03-02 16:40:41 INFO  ApiTestCaseModel:69 - 返回消息obj体中为空，无需断言
2021-03-02 16:40:42 INFO  ApiTestCaseModel:63 - 测试用例qs_V1_replyComment_getCommentView断言完毕！！
 返回消息体msg-----成功
2021-03-02 16:40:42 INFO  ApiTestCaseModel:66 - 测试用例qs_V1_replyComment_getCommentView断言完毕！！
 返回消息体code-----0
2021-03-02 16:40:42 INFO  ApiTestCaseModel:72 - 测试用例qs_V1_replyComment_getCommentView断言完毕！！
 期待obj返回消息体4
 实际obj返回消息体4
2021-03-02 16:40:42 INFO  ApiTestCaseModel:63 - 测试用例qs_V2_study_startStudyQues断言完毕！！
 返回消息体msg-----成功
2021-03-02 16:40:42 INFO  ApiTestCaseModel:66 - 测试用例qs_V2_study_startStudyQues断言完毕！！
 返回消息体code-----0
2021-03-02 16:40:42 INFO  ApiTestCaseModel:72 - 测试用例qs_V2_study_startStudyQues断言完毕！！
 期待obj返回消息体2
 实际obj返回消息体2
2021-03-02 16:40:42 INFO  ApiTestCaseModel:63 - 测试用例qs_V2_course_courseByLectureId断言完毕！！
 返回消息体msg-----成功
2021-03-02 16:40:42 INFO  ApiTestCaseModel:66 - 测试用例qs_V2_course_courseByLectureId断言完毕！！
 返回消息体code-----0
2021-03-02 16:40:42 INFO  ApiTestCaseModel:72 - 测试用例qs_V2_course_courseByLectureId断言完毕！！
 期待obj返回消息体7
 实际obj返回消息体7
2021-03-02 16:40:42 INFO  ApiTestCaseModel:63 - 测试用例qs_V2_activation_submitQues断言完毕！！
 返回消息体msg-----成功
2021-03-02 16:40:42 INFO  ApiTestCaseModel:66 - 测试用例qs_V2_activation_submitQues断言完毕！！
 返回消息体code-----0
2021-03-02 16:40:42 INFO  ApiTestCaseModel:72 - 测试用例qs_V2_activation_submitQues断言完毕！！
 期待obj返回消息体4
 实际obj返回消息体4
2021-03-02 16:40:43 INFO  ApiTestCaseModel:63 - 测试用例qs_V2_activation_questionsAndAnswers断言完毕！！
 返回消息体msg-----成功
2021-03-02 16:40:43 INFO  ApiTestCaseModel:66 - 测试用例qs_V2_activation_questionsAndAnswers断言完毕！！
 返回消息体code-----0
2021-03-02 16:40:43 INFO  ApiTestCaseModel:72 - 测试用例qs_V2_activation_questionsAndAnswers断言完毕！！
 期待obj返回消息体3
 实际obj返回消息体3
2021-03-02 16:40:43 INFO  ApiTestCaseModel:63 - 测试用例qs_V2_knowledgePoint_unlockKpList断言完毕！！
 返回消息体msg-----成功
2021-03-02 16:40:43 INFO  ApiTestCaseModel:66 - 测试用例qs_V2_knowledgePoint_unlockKpList断言完毕！！
 返回消息体code-----0
2021-03-02 16:40:43 INFO  ApiTestCaseModel:72 - 测试用例qs_V2_knowledgePoint_unlockKpList断言完毕！！
 期待obj返回消息体3
 实际obj返回消息体3
2021-03-02 16:40:43 INFO  ApiTestCaseModel:63 - 测试用例qs_V2_knowledgePoint_kpDetailListByKpIds断言完毕！！
 返回消息体msg-----成功
2021-03-02 16:40:43 INFO  ApiTestCaseModel:66 - 测试用例qs_V2_knowledgePoint_kpDetailListByKpIds断言完毕！！
 返回消息体code-----0
2021-03-02 16:40:43 INFO  ApiTestCaseModel:72 - 测试用例qs_V2_knowledgePoint_kpDetailListByKpIds断言完毕！！
 期待obj返回消息体1
 实际obj返回消息体1
2021-03-02 16:40:44 INFO  ApiTestCaseModel:63 - 测试用例qs_V2_class_index断言完毕！！
 返回消息体msg-----成功
2021-03-02 16:40:44 INFO  ApiTestCaseModel:66 - 测试用例qs_V2_class_index断言完毕！！
 返回消息体code-----0
2021-03-02 16:40:44 INFO  ApiTestCaseModel:72 - 测试用例qs_V2_class_index断言完毕！！
 期待obj返回消息体4
 实际obj返回消息体4
2021-03-02 16:40:44 INFO  ApiTestCaseModel:63 - 测试用例qs_V2_exam_recordView断言完毕！！
 返回消息体msg-----成功
2021-03-02 16:40:44 INFO  ApiTestCaseModel:66 - 测试用例qs_V2_exam_recordView断言完毕！！
 返回消息体code-----0
2021-03-02 16:40:44 INFO  ApiTestCaseModel:72 - 测试用例qs_V2_exam_recordView断言完毕！！
 期待obj返回消息体15
 实际obj返回消息体15
2021-03-02 16:40:44 INFO  ApiTestCaseModel:63 - 测试用例qs_V2_exam_goToExam断言完毕！！
 返回消息体msg-----成功
2021-03-02 16:40:44 INFO  ApiTestCaseModel:66 - 测试用例qs_V2_exam_goToExam断言完毕！！
 返回消息体code-----0
2021-03-02 16:40:44 INFO  ApiTestCaseModel:72 - 测试用例qs_V2_exam_goToExam断言完毕！！
 期待obj返回消息体5
 实际obj返回消息体5
2021-03-02 16:40:45 INFO  ApiTestCaseModel:63 - 测试用例qs_V2_setting_switchTeacher断言完毕！！
 返回消息体msg-----成功
2021-03-02 16:40:45 INFO  ApiTestCaseModel:66 - 测试用例qs_V2_setting_switchTeacher断言完毕！！
 返回消息体code-----0
2021-03-02 16:40:45 INFO  ApiTestCaseModel:72 - 测试用例qs_V2_setting_switchTeacher断言完毕！！
 期待obj返回消息体1
 实际obj返回消息体1
2021-03-02 16:40:45 INFO  ApiTestCaseModel:63 - 测试用例qs_V3_study_startStudyQues断言完毕！！
 返回消息体msg-----成功
2021-03-02 16:40:45 INFO  ApiTestCaseModel:66 - 测试用例qs_V3_study_startStudyQues断言完毕！！
 返回消息体code-----0
2021-03-02 16:40:45 INFO  ApiTestCaseModel:72 - 测试用例qs_V3_study_startStudyQues断言完毕！！
 期待obj返回消息体2
 实际obj返回消息体2
2021-03-02 16:40:45 INFO  ApiTestCaseModel:63 - 测试用例qs_V3_study_index断言完毕！！
 返回消息体msg-----成功
2021-03-02 16:40:45 INFO  ApiTestCaseModel:66 - 测试用例qs_V3_study_index断言完毕！！
 返回消息体code-----0
2021-03-02 16:40:45 INFO  ApiTestCaseModel:72 - 测试用例qs_V3_study_index断言完毕！！
 期待obj返回消息体3
 实际obj返回消息体3
2021-03-02 16:40:45 INFO  ApiTestCaseModel:63 - 测试用例qs_V3_curriculum_classSchedule断言完毕！！
 返回消息体msg-----成功
2021-03-02 16:40:45 INFO  ApiTestCaseModel:66 - 测试用例qs_V3_curriculum_classSchedule断言完毕！！
 返回消息体code-----0
2021-03-02 16:40:45 INFO  ApiTestCaseModel:69 - 返回消息obj体中为空，无需断言
2021-03-02 16:40:46 INFO  ApiTestCaseModel:63 - 测试用例qs_V3_curriculum_dayList断言完毕！！
 返回消息体msg-----成功
2021-03-02 16:40:46 INFO  ApiTestCaseModel:66 - 测试用例qs_V3_curriculum_dayList断言完毕！！
 返回消息体code-----0
2021-03-02 16:40:46 INFO  ApiTestCaseModel:72 - 测试用例qs_V3_curriculum_dayList断言完毕！！
 期待obj返回消息体1
 实际obj返回消息体1
2021-03-02 16:40:46 INFO  ApiTestCaseModel:63 - 测试用例qs_V3_shop_redeemNow断言完毕！！
 返回消息体msg-----成功
2021-03-02 16:40:46 INFO  ApiTestCaseModel:66 - 测试用例qs_V3_shop_redeemNow断言完毕！！
 返回消息体code-----0
2021-03-02 16:40:46 INFO  ApiTestCaseModel:72 - 测试用例qs_V3_shop_redeemNow断言完毕！！
 期待obj返回消息体5
 实际obj返回消息体5
2021-03-02 16:40:47 INFO  ApiTestCaseModel:63 - 测试用例qs_V3_shop_index断言完毕！！
 返回消息体msg-----成功
2021-03-02 16:40:47 INFO  ApiTestCaseModel:66 - 测试用例qs_V3_shop_index断言完毕！！
 返回消息体code-----0
2021-03-02 16:40:47 INFO  ApiTestCaseModel:72 - 测试用例qs_V3_shop_index断言完毕！！
 期待obj返回消息体6
 实际obj返回消息体6
2021-03-02 16:40:47 INFO  ApiTestCaseModel:63 - 测试用例qs_V3_shop_redeemRecords断言完毕！！
 返回消息体msg-----成功
2021-03-02 16:40:47 INFO  ApiTestCaseModel:66 - 测试用例qs_V3_shop_redeemRecords断言完毕！！
 返回消息体code-----0
2021-03-02 16:40:47 INFO  ApiTestCaseModel:63 - 测试用例qs_V3_chatRecord_chatRecordList断言完毕！！
 返回消息体msg-----成功
2021-03-02 16:40:47 INFO  ApiTestCaseModel:66 - 测试用例qs_V3_chatRecord_chatRecordList断言完毕！！
 返回消息体code-----0
2021-03-02 16:40:47 INFO  ApiTestCaseModel:72 - 测试用例qs_V3_chatRecord_chatRecordList断言完毕！！
 期待obj返回消息体5
 实际obj返回消息体5
2021-03-02 16:40:48 INFO  ApiTestCaseModel:63 - 测试用例qs_V3_task_voucherData断言完毕！！
 返回消息体msg-----成功
2021-03-02 16:40:48 INFO  ApiTestCaseModel:66 - 测试用例qs_V3_task_voucherData断言完毕！！
 返回消息体code-----0
2021-03-02 16:40:48 INFO  ApiTestCaseModel:72 - 测试用例qs_V3_task_voucherData断言完毕！！
 期待obj返回消息体6
 实际obj返回消息体6
2021-03-02 16:40:48 INFO  ApiTestCaseModel:63 - 测试用例qs_V3_task_creditData断言完毕！！
 返回消息体msg-----成功
2021-03-02 16:40:48 INFO  ApiTestCaseModel:66 - 测试用例qs_V3_task_creditData断言完毕！！
 返回消息体code-----0
2021-03-02 16:40:48 INFO  ApiTestCaseModel:72 - 测试用例qs_V3_task_creditData断言完毕！！
 期待obj返回消息体6
 实际obj返回消息体6
2021-03-02 16:40:48 INFO  ApiTestCaseModel:63 - 测试用例qs_V3_class_classDetail_classData断言完毕！！
 返回消息体msg-----成功
2021-03-02 16:40:48 INFO  ApiTestCaseModel:66 - 测试用例qs_V3_class_classDetail_classData断言完毕！！
 返回消息体code-----0
2021-03-02 16:40:48 INFO  ApiTestCaseModel:72 - 测试用例qs_V3_class_classDetail_classData断言完毕！！
 期待obj返回消息体5
 实际obj返回消息体5
2021-03-02 16:40:48 INFO  ApiTestCaseModel:63 - 测试用例qs_V3_setting_renewActive断言完毕！！
 返回消息体msg-----成功
2021-03-02 16:40:48 INFO  ApiTestCaseModel:66 - 测试用例qs_V3_setting_renewActive断言完毕！！
 返回消息体code-----0
2021-03-03 13:15:15 INFO  ApiTestCaseModel:63 - 测试用例qs_V1_replyComment_submitComment断言完毕！！
 返回消息体msg-----成功
2021-03-03 13:15:15 INFO  ApiTestCaseModel:66 - 测试用例qs_V1_replyComment_submitComment断言完毕！！
 返回消息体code-----0
2021-03-03 13:15:15 INFO  ApiTestCaseModel:69 - 返回消息obj体中为空，无需断言
2021-03-03 13:48:44 INFO  ApiTestCaseModel:63 - 测试用例qs_V1_study_startStudyQues断言完毕！！
 返回消息体msg-----成功
2021-03-03 13:48:44 INFO  ApiTestCaseModel:66 - 测试用例qs_V1_study_startStudyQues断言完毕！！
 返回消息体code-----0
2021-03-03 13:48:45 INFO  ApiTestCaseModel:72 - 测试用例qs_V1_study_startStudyQues断言完毕！！
 期待obj返回消息体1
 实际obj返回消息体1
2021-03-03 13:48:45 INFO  ApiTestCaseModel:63 - 测试用例qs_V1_study_index断言完毕！！
 返回消息体msg-----成功
2021-03-03 13:48:45 INFO  ApiTestCaseModel:66 - 测试用例qs_V1_study_index断言完毕！！
 返回消息体code-----0
2021-03-03 13:48:45 INFO  ApiTestCaseModel:72 - 测试用例qs_V1_study_index断言完毕！！
 期待obj返回消息体3
 实际obj返回消息体3
2021-03-03 13:48:46 INFO  ApiTestCaseModel:63 - 测试用例qs_V1_study_getTodayLecture断言完毕！！
 返回消息体msg-----成功
2021-03-03 13:48:46 INFO  ApiTestCaseModel:66 - 测试用例qs_V1_study_getTodayLecture断言完毕！！
 返回消息体code-----0
2021-03-03 13:48:46 INFO  ApiTestCaseModel:72 - 测试用例qs_V1_study_getTodayLecture断言完毕！！
 期待obj返回消息体1
 实际obj返回消息体1
2021-03-03 13:48:46 INFO  ApiTestCaseModel:63 - 测试用例qs_V1_study_systemStatus断言完毕！！
 返回消息体msg-----成功
2021-03-03 13:48:46 INFO  ApiTestCaseModel:66 - 测试用例qs_V1_study_systemStatus断言完毕！！
 返回消息体code-----0
2021-03-03 13:48:46 INFO  ApiTestCaseModel:72 - 测试用例qs_V1_study_systemStatus断言完毕！！
 期待obj返回消息体9
 实际obj返回消息体9
2021-03-03 13:48:48 INFO  ApiTestCaseModel:63 - 测试用例qs_V1_study_shareStudyReport断言完毕！！
 返回消息体msg-----成功
2021-03-03 13:48:48 INFO  ApiTestCaseModel:66 - 测试用例qs_V1_study_shareStudyReport断言完毕！！
 返回消息体code-----0
2021-03-03 13:48:48 INFO  ApiTestCaseModel:72 - 测试用例qs_V1_study_shareStudyReport断言完毕！！
 期待obj返回消息体1
 实际obj返回消息体1
2021-03-03 13:48:48 INFO  ApiTestCaseModel:63 - 测试用例qs_V1_study_startStudyAnswer断言完毕！！
 返回消息体msg-----成功
2021-03-03 13:48:48 INFO  ApiTestCaseModel:66 - 测试用例qs_V1_study_startStudyAnswer断言完毕！！
 返回消息体code-----0
2021-03-03 13:48:48 INFO  ApiTestCaseModel:72 - 测试用例qs_V1_study_startStudyAnswer断言完毕！！
 期待obj返回消息体2
 实际obj返回消息体2
2021-03-03 13:48:49 INFO  ApiTestCaseModel:63 - 测试用例qs_V1_course_courseTimeConfig断言完毕！！
 返回消息体msg-----成功
2021-03-03 13:48:49 INFO  ApiTestCaseModel:66 - 测试用例qs_V1_course_courseTimeConfig断言完毕！！
 返回消息体code-----0
2021-03-03 13:48:49 INFO  ApiTestCaseModel:72 - 测试用例qs_V1_course_courseTimeConfig断言完毕！！
 期待obj返回消息体2
 实际obj返回消息体2
2021-03-03 13:48:49 INFO  ApiTestCaseModel:63 - 测试用例qs_V1_course_resetRoomUserStatus断言完毕！！
 返回消息体msg-----成功
2021-03-03 13:48:49 INFO  ApiTestCaseModel:66 - 测试用例qs_V1_course_resetRoomUserStatus断言完毕！！
 返回消息体code-----0
2021-03-03 13:48:49 INFO  ApiTestCaseModel:69 - 返回消息obj体中为空，无需断言
2021-03-03 13:48:50 INFO  ApiTestCaseModel:63 - 测试用例qs_V1_course_courseByKpId断言完毕！！
 返回消息体msg-----成功
2021-03-03 13:48:50 INFO  ApiTestCaseModel:66 - 测试用例qs_V1_course_courseByKpId断言完毕！！
 返回消息体code-----0
2021-03-03 13:48:50 INFO  ApiTestCaseModel:72 - 测试用例qs_V1_course_courseByKpId断言完毕！！
 期待obj返回消息体8
 实际obj返回消息体8
2021-03-03 13:48:50 INFO  ApiTestCaseModel:63 - 测试用例qs_V1_course_courseByLectureId断言完毕！！
 返回消息体msg-----成功
2021-03-03 13:48:50 INFO  ApiTestCaseModel:66 - 测试用例qs_V1_course_courseByLectureId断言完毕！！
 返回消息体code-----0
2021-03-03 13:48:50 INFO  ApiTestCaseModel:72 - 测试用例qs_V1_course_courseByLectureId断言完毕！！
 期待obj返回消息体7
 实际obj返回消息体7
2021-03-03 13:48:50 INFO  ApiTestCaseModel:63 - 测试用例qs_V1_course_teacherListByLectureId断言完毕！！
 返回消息体msg-----成功
2021-03-03 13:48:50 INFO  ApiTestCaseModel:66 - 测试用例qs_V1_course_teacherListByLectureId断言完毕！！
 返回消息体code-----0
2021-03-03 13:48:50 INFO  ApiTestCaseModel:72 - 测试用例qs_V1_course_teacherListByLectureId断言完毕！！
 期待obj返回消息体1
 实际obj返回消息体1
2021-03-03 13:48:50 INFO  ApiTestCaseModel:63 - 测试用例qs_V1_course_doShareRoom断言完毕！！
 返回消息体msg-----成功
2021-03-03 13:48:50 INFO  ApiTestCaseModel:66 - 测试用例qs_V1_course_doShareRoom断言完毕！！
 返回消息体code-----0
2021-03-03 13:48:50 INFO  ApiTestCaseModel:69 - 返回消息obj体中为空，无需断言
2021-03-03 13:48:51 INFO  ApiTestCaseModel:63 - 测试用例qs_V1_course_submitTimeConfigAnswer断言完毕！！
 返回消息体msg-----成功
2021-03-03 13:48:51 INFO  ApiTestCaseModel:66 - 测试用例qs_V1_course_submitTimeConfigAnswer断言完毕！！
 返回消息体code-----0
2021-03-03 13:48:51 INFO  ApiTestCaseModel:69 - 返回消息obj体中为空，无需断言
2021-03-03 13:48:51 INFO  ApiTestCaseModel:63 - 测试用例qs_V1_course_genUserSign断言完毕！！
 返回消息体msg-----成功
2021-03-03 13:48:51 INFO  ApiTestCaseModel:66 - 测试用例qs_V1_course_genUserSign断言完毕！！
 返回消息体code-----0
2021-03-03 13:48:51 INFO  ApiTestCaseModel:72 - 测试用例qs_V1_course_genUserSign断言完毕！！
 期待obj返回消息体1
 实际obj返回消息体1
2021-03-03 13:48:51 INFO  ApiTestCaseModel:63 - 测试用例qs_V1_course_getLecturePlayInfoByRoomId断言完毕！！
 返回消息体msg-----成功
2021-03-03 13:48:51 INFO  ApiTestCaseModel:66 - 测试用例qs_V1_course_getLecturePlayInfoByRoomId断言完毕！！
 返回消息体code-----0
2021-03-03 13:48:51 INFO  ApiTestCaseModel:72 - 测试用例qs_V1_course_getLecturePlayInfoByRoomId断言完毕！！
 期待obj返回消息体19
 实际obj返回消息体19
2021-03-03 13:48:52 INFO  ApiTestCaseModel:63 - 测试用例qs_V1_course_lectureVideoInfo断言完毕！！
 返回消息体msg-----成功
2021-03-03 13:48:52 INFO  ApiTestCaseModel:66 - 测试用例qs_V1_course_lectureVideoInfo断言完毕！！
 返回消息体code-----0
2021-03-03 13:48:52 INFO  ApiTestCaseModel:72 - 测试用例qs_V1_course_lectureVideoInfo断言完毕！！
 期待obj返回消息体6
 实际obj返回消息体6
2021-03-03 13:48:52 INFO  ApiTestCaseModel:63 - 测试用例qs_V1_course_kpCardByLectureId断言完毕！！
 返回消息体msg-----成功
2021-03-03 13:48:52 INFO  ApiTestCaseModel:66 - 测试用例qs_V1_course_kpCardByLectureId断言完毕！！
 返回消息体code-----0
2021-03-03 13:48:52 INFO  ApiTestCaseModel:72 - 测试用例qs_V1_course_kpCardByLectureId断言完毕！！
 期待obj返回消息体1
 实际obj返回消息体1
2021-03-03 13:48:54 INFO  ApiTestCaseModel:63 - 测试用例qs_V1_course_roomListByLectureIds断言完毕！！
 返回消息体msg-----成功
2021-03-03 13:48:54 INFO  ApiTestCaseModel:66 - 测试用例qs_V1_course_roomListByLectureIds断言完毕！！
 返回消息体code-----0
2021-03-03 13:48:54 INFO  ApiTestCaseModel:72 - 测试用例qs_V1_course_roomListByLectureIds断言完毕！！
 期待obj返回消息体1
 实际obj返回消息体1
2021-03-03 13:48:54 INFO  ApiTestCaseModel:63 - 测试用例qs_V1_course_courseHandoutByLectureId断言完毕！！
 返回消息体msg-----成功
2021-03-03 13:48:54 INFO  ApiTestCaseModel:66 - 测试用例qs_V1_course_courseHandoutByLectureId断言完毕！！
 返回消息体code-----0
2021-03-03 13:48:54 INFO  ApiTestCaseModel:72 - 测试用例qs_V1_course_courseHandoutByLectureId断言完毕！！
 期待obj返回消息体7
 实际obj返回消息体7
2021-03-03 13:48:54 INFO  ApiTestCaseModel:63 - 测试用例qs_V1_course_syncTimeConfig断言完毕！！
 返回消息体msg-----成功
2021-03-03 13:48:54 INFO  ApiTestCaseModel:66 - 测试用例qs_V1_course_syncTimeConfig断言完毕！！
 返回消息体code-----0
2021-03-03 13:48:54 INFO  ApiTestCaseModel:69 - 返回消息obj体中为空，无需断言
2021-03-03 13:48:55 INFO  ApiTestCaseModel:63 - 测试用例qs_V1_course_syncCourseRecord断言完毕！！
 返回消息体msg-----成功
2021-03-03 13:48:55 INFO  ApiTestCaseModel:66 - 测试用例qs_V1_course_syncCourseRecord断言完毕！！
 返回消息体code-----0
2021-03-03 13:48:55 INFO  ApiTestCaseModel:69 - 返回消息obj体中为空，无需断言
2021-03-03 13:48:57 INFO  ApiTestCaseModel:63 - 测试用例qs_V1_course_createRoom断言完毕！！
 返回消息体msg-----成功
2021-03-03 13:48:57 INFO  ApiTestCaseModel:66 - 测试用例qs_V1_course_createRoom断言完毕！！
 返回消息体code-----0
2021-03-03 13:48:57 INFO  ApiTestCaseModel:72 - 测试用例qs_V1_course_createRoom断言完毕！！
 期待obj返回消息体6
 实际obj返回消息体6
2021-03-03 13:48:57 INFO  ApiTestCaseModel:63 - 测试用例qs_V1_course_lectureVideoInfoWithLog断言完毕！！
 返回消息体msg-----成功
2021-03-03 13:48:57 INFO  ApiTestCaseModel:66 - 测试用例qs_V1_course_lectureVideoInfoWithLog断言完毕！！
 返回消息体code-----0
2021-03-03 13:48:57 INFO  ApiTestCaseModel:72 - 测试用例qs_V1_course_lectureVideoInfoWithLog断言完毕！！
 期待obj返回消息体4
 实际obj返回消息体4
2021-03-03 13:48:59 INFO  ApiTestCaseModel:63 - 测试用例qs_V1_solve_solveDetail断言完毕！！
 返回消息体msg-----成功
2021-03-03 13:48:59 INFO  ApiTestCaseModel:66 - 测试用例qs_V1_solve_solveDetail断言完毕！！
 返回消息体code-----0
2021-03-03 13:48:59 INFO  ApiTestCaseModel:72 - 测试用例qs_V1_solve_solveDetail断言完毕！！
 期待obj返回消息体9
 实际obj返回消息体9
2021-03-03 13:48:59 INFO  ApiTestCaseModel:63 - 测试用例qs_V1_solve_askAndReplyList断言完毕！！
 返回消息体msg-----成功
2021-03-03 13:48:59 INFO  ApiTestCaseModel:66 - 测试用例qs_V1_solve_askAndReplyList断言完毕！！
 返回消息体code-----0
2021-03-03 13:48:59 INFO  ApiTestCaseModel:72 - 测试用例qs_V1_solve_askAndReplyList断言完毕！！
 期待obj返回消息体1
 实际obj返回消息体1
2021-03-03 13:49:00 INFO  ApiTestCaseModel:63 - 测试用例qs_V1_solve_saveAskQuestion断言完毕！！
 返回消息体msg-----成功
2021-03-03 13:49:00 INFO  ApiTestCaseModel:66 - 测试用例qs_V1_solve_saveAskQuestion断言完毕！！
 返回消息体code-----0
2021-03-03 13:49:00 INFO  ApiTestCaseModel:69 - 返回消息obj体中为空，无需断言
2021-03-03 13:49:00 INFO  ApiTestCaseModel:63 - 测试用例qs_V1_solve_saveAgainAskQuestion断言完毕！！
 返回消息体msg-----成功
2021-03-03 13:49:00 INFO  ApiTestCaseModel:66 - 测试用例qs_V1_solve_saveAgainAskQuestion断言完毕！！
 返回消息体code-----0
2021-03-03 13:49:00 INFO  ApiTestCaseModel:69 - 返回消息obj体中为空，无需断言
2021-03-03 13:49:00 INFO  ApiTestCaseModel:63 - 测试用例qs_V1_solve_getReplyExpireMsg断言完毕！！
 返回消息体msg-----成功
2021-03-03 13:49:00 INFO  ApiTestCaseModel:66 - 测试用例qs_V1_solve_getReplyExpireMsg断言完毕！！
 返回消息体code-----0
2021-03-03 13:49:00 INFO  ApiTestCaseModel:72 - 测试用例qs_V1_solve_getReplyExpireMsg断言完毕！！
 期待obj返回消息体1
 实际obj返回消息体1
2021-03-03 13:49:00 INFO  ApiTestCaseModel:63 - 测试用例qs_V1_solve_saveSolveDetail断言完毕！！
 返回消息体msg-----成功
2021-03-03 13:49:00 INFO  ApiTestCaseModel:66 - 测试用例qs_V1_solve_saveSolveDetail断言完毕！！
 返回消息体code-----0
2021-03-03 13:49:00 INFO  ApiTestCaseModel:69 - 返回消息obj体中为空，无需断言
2021-03-03 13:49:01 INFO  ApiTestCaseModel:63 - 测试用例qs_V1_solve_myAnswerList断言完毕！！
 返回消息体msg-----成功
2021-03-03 13:49:01 INFO  ApiTestCaseModel:66 - 测试用例qs_V1_solve_myAnswerList断言完毕！！
 返回消息体code-----0
2021-03-03 13:49:01 INFO  ApiTestCaseModel:72 - 测试用例qs_V1_solve_myAnswerList断言完毕！！
 期待obj返回消息体5
 实际obj返回消息体5
2021-03-03 13:49:01 INFO  ApiTestCaseModel:63 - 测试用例qs_V1_solve_cancelSolve断言完毕！！
 返回消息体msg-----成功
2021-03-03 13:49:01 INFO  ApiTestCaseModel:66 - 测试用例qs_V1_solve_cancelSolve断言完毕！！
 返回消息体code-----0
2021-03-03 13:49:01 INFO  ApiTestCaseModel:72 - 测试用例qs_V1_solve_cancelSolve断言完毕！！
 期待obj返回消息体1
 实际obj返回消息体1
2021-03-03 13:49:01 INFO  ApiTestCaseModel:63 - 测试用例qs_V1_solve_leftAskNum断言完毕！！
 返回消息体msg-----成功
2021-03-03 13:49:01 INFO  ApiTestCaseModel:66 - 测试用例qs_V1_solve_leftAskNum断言完毕！！
 返回消息体code-----0
2021-03-03 13:49:01 INFO  ApiTestCaseModel:72 - 测试用例qs_V1_solve_leftAskNum断言完毕！！
 期待obj返回消息体3
 实际obj返回消息体3
2021-03-03 13:49:02 INFO  ApiTestCaseModel:63 - 测试用例qs_V1_curriculum_dayList断言完毕！！
 返回消息体msg-----成功
2021-03-03 13:49:02 INFO  ApiTestCaseModel:66 - 测试用例qs_V1_curriculum_dayList断言完毕！！
 返回消息体code-----0
2021-03-03 13:49:02 INFO  ApiTestCaseModel:72 - 测试用例qs_V1_curriculum_dayList断言完毕！！
 期待obj返回消息体1
 实际obj返回消息体1
2021-03-03 13:49:02 INFO  ApiTestCaseModel:63 - 测试用例qs_V1_shop_prizeExchange断言完毕！！
 返回消息体msg-----成功
2021-03-03 13:49:02 INFO  ApiTestCaseModel:66 - 测试用例qs_V1_shop_prizeExchange断言完毕！！
 返回消息体code-----0
2021-03-03 13:49:02 INFO  ApiTestCaseModel:72 - 测试用例qs_V1_shop_prizeExchange断言完毕！！
 期待obj返回消息体1
 实际obj返回消息体1
2021-03-03 13:49:03 INFO  ApiTestCaseModel:63 - 测试用例qs_V1_shop_index断言完毕！！
 返回消息体msg-----成功
2021-03-03 13:49:03 INFO  ApiTestCaseModel:66 - 测试用例qs_V1_shop_index断言完毕！！
 返回消息体code-----0
2021-03-03 13:49:03 INFO  ApiTestCaseModel:72 - 测试用例qs_V1_shop_index断言完毕！！
 期待obj返回消息体4
 实际obj返回消息体4
2021-03-03 13:49:04 INFO  ApiTestCaseModel:63 - 测试用例qs_V1_activation_completeActivation断言完毕！！
 返回消息体msg-----成功
2021-03-03 13:49:04 INFO  ApiTestCaseModel:66 - 测试用例qs_V1_activation_completeActivation断言完毕！！
 返回消息体code-----0
2021-03-03 13:49:04 INFO  ApiTestCaseModel:72 - 测试用例qs_V1_activation_completeActivation断言完毕！！
 期待obj返回消息体1
 实际obj返回消息体1
2021-03-03 13:49:05 INFO  ApiTestCaseModel:63 - 测试用例qs_V1_activation_questionsAndAnswers断言完毕！！
 返回消息体msg-----成功
2021-03-03 13:49:05 INFO  ApiTestCaseModel:66 - 测试用例qs_V1_activation_questionsAndAnswers断言完毕！！
 返回消息体code-----0
2021-03-03 13:49:05 INFO  ApiTestCaseModel:72 - 测试用例qs_V1_activation_questionsAndAnswers断言完毕！！
 期待obj返回消息体3
 实际obj返回消息体3
2021-03-03 13:49:07 INFO  ApiTestCaseModel:63 - 测试用例qs_V1_activation_shareLearnPlan断言完毕！！
 返回消息体msg-----成功
2021-03-03 13:49:07 INFO  ApiTestCaseModel:66 - 测试用例qs_V1_activation_shareLearnPlan断言完毕！！
 返回消息体code-----0
2021-03-03 13:49:08 INFO  ApiTestCaseModel:63 - 测试用例qs_V1_activation_normalMode断言完毕！！
 返回消息体msg-----成功
2021-03-03 13:49:08 INFO  ApiTestCaseModel:66 - 测试用例qs_V1_activation_normalMode断言完毕！！
 返回消息体code-----0
2021-03-03 13:49:08 INFO  ApiTestCaseModel:72 - 测试用例qs_V1_activation_normalMode断言完毕！！
 期待obj返回消息体1
 实际obj返回消息体1
2021-03-03 13:49:08 INFO  ApiTestCaseModel:63 - 测试用例qs_V1_activation_submitQues断言完毕！！
 返回消息体msg-----成功
2021-03-03 13:49:08 INFO  ApiTestCaseModel:66 - 测试用例qs_V1_activation_submitQues断言完毕！！
 返回消息体code-----0
2021-03-03 13:49:08 INFO  ApiTestCaseModel:72 - 测试用例qs_V1_activation_submitQues断言完毕！！
 期待obj返回消息体4
 实际obj返回消息体4
2021-03-03 13:49:08 INFO  ApiTestCaseModel:63 - 测试用例qs_V1_activation_renewActivation断言完毕！！
 返回消息体msg-----成功
2021-03-03 13:49:08 INFO  ApiTestCaseModel:66 - 测试用例qs_V1_activation_renewActivation断言完毕！！
 返回消息体code-----0
2021-03-03 13:49:08 INFO  ApiTestCaseModel:72 - 测试用例qs_V1_activation_renewActivation断言完毕！！
 期待obj返回消息体0
 实际obj返回消息体0
2021-03-03 13:49:08 INFO  ApiTestCaseModel:63 - 测试用例qs_V1_activation_cancelQues断言完毕！！
 返回消息体msg-----成功
2021-03-03 13:49:08 INFO  ApiTestCaseModel:66 - 测试用例qs_V1_activation_cancelQues断言完毕！！
 返回消息体code-----0
2021-03-03 13:49:08 INFO  ApiTestCaseModel:72 - 测试用例qs_V1_activation_cancelQues断言完毕！！
 期待obj返回消息体0
 实际obj返回消息体0
2021-03-03 13:49:08 INFO  ApiTestCaseModel:63 - 测试用例qs_V1_knowledgePoint_syncKpVoiceRecord断言完毕！！
 返回消息体msg-----成功
2021-03-03 13:49:08 INFO  ApiTestCaseModel:66 - 测试用例qs_V1_knowledgePoint_syncKpVoiceRecord断言完毕！！
 返回消息体code-----0
2021-03-03 13:49:08 INFO  ApiTestCaseModel:69 - 返回消息obj体中为空，无需断言
2021-03-03 13:49:09 INFO  ApiTestCaseModel:63 - 测试用例qs_V1_knowledgePoint_selfModeKpList断言完毕！！
 返回消息体msg-----成功
2021-03-03 13:49:09 INFO  ApiTestCaseModel:66 - 测试用例qs_V1_knowledgePoint_selfModeKpList断言完毕！！
 返回消息体code-----0
2021-03-03 13:49:09 INFO  ApiTestCaseModel:72 - 测试用例qs_V1_knowledgePoint_selfModeKpList断言完毕！！
 期待obj返回消息体1
 实际obj返回消息体1
2021-03-03 13:49:09 INFO  ApiTestCaseModel:63 - 测试用例qs_V1_knowledgePoint_unlockKpList断言完毕！！
 返回消息体msg-----成功
2021-03-03 13:49:09 INFO  ApiTestCaseModel:66 - 测试用例qs_V1_knowledgePoint_unlockKpList断言完毕！！
 返回消息体code-----0
2021-03-03 13:49:09 INFO  ApiTestCaseModel:72 - 测试用例qs_V1_knowledgePoint_unlockKpList断言完毕！！
 期待obj返回消息体3
 实际obj返回消息体3
2021-03-03 13:49:09 INFO  ApiTestCaseModel:63 - 测试用例qs_V1_knowledgePoint_selfModeChooseKp断言完毕！！
 返回消息体msg-----成功
2021-03-03 13:49:09 INFO  ApiTestCaseModel:66 - 测试用例qs_V1_knowledgePoint_selfModeChooseKp断言完毕！！
 返回消息体code-----0
2021-03-03 13:49:09 INFO  ApiTestCaseModel:69 - 返回消息obj体中为空，无需断言
2021-03-03 13:49:09 INFO  ApiTestCaseModel:63 - 测试用例qs_V1_knowledgePoint_genKpListByMode断言完毕！！
 返回消息体msg-----成功
2021-03-03 13:49:09 INFO  ApiTestCaseModel:66 - 测试用例qs_V1_knowledgePoint_genKpListByMode断言完毕！！
 返回消息体code-----0
2021-03-03 13:49:09 INFO  ApiTestCaseModel:72 - 测试用例qs_V1_knowledgePoint_genKpListByMode断言完毕！！
 期待obj返回消息体1
 实际obj返回消息体1
2021-03-03 13:49:10 INFO  ApiTestCaseModel:63 - 测试用例qs_V1_knowledgePoint_kpDetailListByKpIds断言完毕！！
 返回消息体msg-----成功
2021-03-03 13:49:10 INFO  ApiTestCaseModel:66 - 测试用例qs_V1_knowledgePoint_kpDetailListByKpIds断言完毕！！
 返回消息体code-----0
2021-03-03 13:49:10 INFO  ApiTestCaseModel:72 - 测试用例qs_V1_knowledgePoint_kpDetailListByKpIds断言完毕！！
 期待obj返回消息体1
 实际obj返回消息体1
2021-03-03 13:49:10 INFO  ApiTestCaseModel:63 - 测试用例qs_V1_knowledgePoint_getKpVedioByKpId断言完毕！！
 返回消息体msg-----成功
2021-03-03 13:49:10 INFO  ApiTestCaseModel:66 - 测试用例qs_V1_knowledgePoint_getKpVedioByKpId断言完毕！！
 返回消息体code-----0
2021-03-03 13:49:10 INFO  ApiTestCaseModel:72 - 测试用例qs_V1_knowledgePoint_getKpVedioByKpId断言完毕！！
 期待obj返回消息体2
 实际obj返回消息体2
2021-03-03 13:49:10 INFO  ApiTestCaseModel:63 - 测试用例qs_V1_knowledgePoint_kpNoteByUserId断言完毕！！
 返回消息体msg-----成功
2021-03-03 13:49:10 INFO  ApiTestCaseModel:66 - 测试用例qs_V1_knowledgePoint_kpNoteByUserId断言完毕！！
 返回消息体code-----0
2021-03-03 13:49:10 INFO  ApiTestCaseModel:69 - 返回消息obj体中为空，无需断言
2021-03-03 13:49:10 INFO  ApiTestCaseModel:63 - 测试用例qs_V1_solveDetailCollection_collectionStatus断言完毕！！
 返回消息体msg-----成功
2021-03-03 13:49:10 INFO  ApiTestCaseModel:66 - 测试用例qs_V1_solveDetailCollection_collectionStatus断言完毕！！
 返回消息体code-----0
2021-03-03 13:49:10 INFO  ApiTestCaseModel:69 - 返回消息obj体中为空，无需断言
2021-03-03 13:49:10 INFO  ApiTestCaseModel:63 - 测试用例qs_V1_solveDetailCollection_collectionStatus断言完毕！！
 返回消息体msg-----成功
2021-03-03 13:49:10 INFO  ApiTestCaseModel:66 - 测试用例qs_V1_solveDetailCollection_collectionStatus断言完毕！！
 返回消息体code-----0
2021-03-03 13:49:10 INFO  ApiTestCaseModel:69 - 返回消息obj体中为空，无需断言
2021-03-03 13:49:11 INFO  ApiTestCaseModel:63 - 测试用例qs_V1_solveDetailCollection_myCollection断言完毕！！
 返回消息体msg-----成功
2021-03-03 13:49:11 INFO  ApiTestCaseModel:66 - 测试用例qs_V1_solveDetailCollection_myCollection断言完毕！！
 返回消息体code-----0
2021-03-03 13:49:11 INFO  ApiTestCaseModel:72 - 测试用例qs_V1_solveDetailCollection_myCollection断言完毕！！
 期待obj返回消息体5
 实际obj返回消息体5
2021-03-03 13:49:11 INFO  ApiTestCaseModel:63 - 测试用例qs_V1_task_index断言完毕！！
 返回消息体msg-----成功
2021-03-03 13:49:11 INFO  ApiTestCaseModel:66 - 测试用例qs_V1_task_index断言完毕！！
 返回消息体code-----0
2021-03-03 13:49:11 INFO  ApiTestCaseModel:72 - 测试用例qs_V1_task_index断言完毕！！
 期待obj返回消息体2
 实际obj返回消息体2
2021-03-03 13:49:11 INFO  ApiTestCaseModel:63 - 测试用例qs_V1_task_creditDetails断言完毕！！
 返回消息体msg-----成功
2021-03-03 13:49:11 INFO  ApiTestCaseModel:66 - 测试用例qs_V1_task_creditDetails断言完毕！！
 返回消息体code-----0
2021-03-03 13:49:11 INFO  ApiTestCaseModel:72 - 测试用例qs_V1_task_creditDetails断言完毕！！
 期待obj返回消息体5
 实际obj返回消息体5
2021-03-03 13:49:12 INFO  ApiTestCaseModel:63 - 测试用例qs_V1_class_index断言完毕！！
 返回消息体msg-----成功
2021-03-03 13:49:12 INFO  ApiTestCaseModel:66 - 测试用例qs_V1_class_index断言完毕！！
 返回消息体code-----0
2021-03-03 13:49:12 INFO  ApiTestCaseModel:72 - 测试用例qs_V1_class_index断言完毕！！
 期待obj返回消息体4
 实际obj返回消息体4
2021-03-03 13:49:13 INFO  ApiTestCaseModel:63 - 测试用例qs_V1_class_personData断言完毕！！
 返回消息体msg-----成功
2021-03-03 13:49:13 INFO  ApiTestCaseModel:66 - 测试用例qs_V1_class_personData断言完毕！！
 返回消息体code-----0
2021-03-03 13:49:13 INFO  ApiTestCaseModel:72 - 测试用例qs_V1_class_personData断言完毕！！
 期待obj返回消息体10
 实际obj返回消息体10
2021-03-03 13:49:13 INFO  ApiTestCaseModel:63 - 测试用例qs_V1_class_classDetail_classData断言完毕！！
 返回消息体msg-----成功
2021-03-03 13:49:13 INFO  ApiTestCaseModel:66 - 测试用例qs_V1_class_classDetail_classData断言完毕！！
 返回消息体code-----0
2021-03-03 13:49:13 INFO  ApiTestCaseModel:72 - 测试用例qs_V1_class_classDetail_classData断言完毕！！
 期待obj返回消息体5
 实际obj返回消息体5
2021-03-03 13:49:13 INFO  ApiTestCaseModel:63 - 测试用例qs_V1_class_classDetail_classReport断言完毕！！
 返回消息体msg-----成功
2021-03-03 13:49:13 INFO  ApiTestCaseModel:66 - 测试用例qs_V1_class_classDetail_classReport断言完毕！！
 返回消息体code-----0
2021-03-03 13:49:13 INFO  ApiTestCaseModel:72 - 测试用例qs_V1_class_classDetail_classReport断言完毕！！
 期待obj返回消息体8
 实际obj返回消息体8
2021-03-03 13:49:14 INFO  ApiTestCaseModel:63 - 测试用例qs_V1_class_classDetail_classRank断言完毕！！
 返回消息体msg-----成功
2021-03-03 13:49:14 INFO  ApiTestCaseModel:66 - 测试用例qs_V1_class_classDetail_classRank断言完毕！！
 返回消息体code-----0
2021-03-03 13:49:14 INFO  ApiTestCaseModel:72 - 测试用例qs_V1_class_classDetail_classRank断言完毕！！
 期待obj返回消息体1
 实际obj返回消息体1
2021-03-03 13:49:15 INFO  ApiTestCaseModel:63 - 测试用例qs_V1_class_encourage断言完毕！！
 返回消息体msg-----成功
2021-03-03 13:49:15 INFO  ApiTestCaseModel:66 - 测试用例qs_V1_class_encourage断言完毕！！
 返回消息体code-----0
2021-03-03 13:49:15 INFO  ApiTestCaseModel:69 - 返回消息obj体中为空，无需断言
2021-03-03 13:49:15 INFO  ApiTestCaseModel:63 - 测试用例qs_V1_exam_removeWrongQuesByUser断言完毕！！
 返回消息体msg-----成功
2021-03-03 13:49:15 INFO  ApiTestCaseModel:66 - 测试用例qs_V1_exam_removeWrongQuesByUser断言完毕！！
 返回消息体code-----0
2021-03-03 13:49:15 INFO  ApiTestCaseModel:72 - 测试用例qs_V1_exam_removeWrongQuesByUser断言完毕！！
 期待obj返回消息体1
 实际obj返回消息体1
2021-03-03 13:49:15 INFO  ApiTestCaseModel:63 - 测试用例qs_V1_exam_paperRecordList断言完毕！！
 返回消息体msg-----成功
2021-03-03 13:49:15 INFO  ApiTestCaseModel:66 - 测试用例qs_V1_exam_paperRecordList断言完毕！！
 返回消息体code-----0
2021-03-03 13:49:15 INFO  ApiTestCaseModel:72 - 测试用例qs_V1_exam_paperRecordList断言完毕！！
 期待obj返回消息体5
 实际obj返回消息体5
2021-03-03 13:49:15 INFO  ApiTestCaseModel:63 - 测试用例qs_V1_exam_wrongQuesByKp断言完毕！！
 返回消息体msg-----成功
2021-03-03 13:49:15 INFO  ApiTestCaseModel:66 - 测试用例qs_V1_exam_wrongQuesByKp断言完毕！！
 返回消息体code-----0
2021-03-03 13:49:15 INFO  ApiTestCaseModel:72 - 测试用例qs_V1_exam_wrongQuesByKp断言完毕！！
 期待obj返回消息体2
 实际obj返回消息体2
2021-03-03 13:49:16 INFO  ApiTestCaseModel:63 - 测试用例qs_V1_exam_smartGoToExam断言完毕！！
 返回消息体msg-----成功
2021-03-03 13:49:16 INFO  ApiTestCaseModel:66 - 测试用例qs_V1_exam_smartGoToExam断言完毕！！
 返回消息体code-----0
2021-03-03 13:49:16 INFO  ApiTestCaseModel:72 - 测试用例qs_V1_exam_smartGoToExam断言完毕！！
 期待obj返回消息体5
 实际obj返回消息体5
2021-03-03 13:49:16 INFO  ApiTestCaseModel:63 - 测试用例qs_V1_exam_cacheAnswer断言完毕！！
 返回消息体msg-----成功
2021-03-03 13:49:16 INFO  ApiTestCaseModel:66 - 测试用例qs_V1_exam_cacheAnswer断言完毕！！
 返回消息体code-----0
2021-03-03 13:49:16 INFO  ApiTestCaseModel:69 - 返回消息obj体中为空，无需断言
2021-03-03 13:49:18 INFO  ApiTestCaseModel:63 - 测试用例qs_V1_exam_correctionTypeList断言完毕！！
 返回消息体msg-----成功
2021-03-03 13:49:18 INFO  ApiTestCaseModel:66 - 测试用例qs_V1_exam_correctionTypeList断言完毕！！
 返回消息体code-----0
2021-03-03 13:49:18 INFO  ApiTestCaseModel:72 - 测试用例qs_V1_exam_correctionTypeList断言完毕！！
 期待obj返回消息体1
 实际obj返回消息体1
2021-03-03 13:49:18 INFO  ApiTestCaseModel:63 - 测试用例qs_V1_exam_subjectListByUserExtendId断言完毕！！
 返回消息体msg-----成功
2021-03-03 13:49:18 INFO  ApiTestCaseModel:66 - 测试用例qs_V1_exam_subjectListByUserExtendId断言完毕！！
 返回消息体code-----0
2021-03-03 13:49:18 INFO  ApiTestCaseModel:72 - 测试用例qs_V1_exam_subjectListByUserExtendId断言完毕！！
 期待obj返回消息体1
 实际obj返回消息体1
2021-03-03 13:49:18 INFO  ApiTestCaseModel:63 - 测试用例qs_V1_exam_getVideoPlayInfo断言完毕！！
 返回消息体msg-----成功
2021-03-03 13:49:18 INFO  ApiTestCaseModel:66 - 测试用例qs_V1_exam_getVideoPlayInfo断言完毕！！
 返回消息体code-----0
2021-03-03 13:49:18 INFO  ApiTestCaseModel:72 - 测试用例qs_V1_exam_getVideoPlayInfo断言完毕！！
 期待obj返回消息体4
 实际obj返回消息体4
2021-03-03 13:49:19 INFO  ApiTestCaseModel:63 - 测试用例qs_V1_exam_collectQues断言完毕！！
 返回消息体msg-----成功
2021-03-03 13:49:19 INFO  ApiTestCaseModel:66 - 测试用例qs_V1_exam_collectQues断言完毕！！
 返回消息体code-----0
2021-03-03 13:49:19 INFO  ApiTestCaseModel:69 - 返回消息obj体中为空，无需断言
2021-03-03 13:49:19 INFO  ApiTestCaseModel:63 - 测试用例qs_V1_exam_unCollectQues断言完毕！！
 返回消息体msg-----成功
2021-03-03 13:49:19 INFO  ApiTestCaseModel:66 - 测试用例qs_V1_exam_unCollectQues断言完毕！！
 返回消息体code-----0
2021-03-03 13:49:19 INFO  ApiTestCaseModel:69 - 返回消息obj体中为空，无需断言
2021-03-03 13:49:19 INFO  ApiTestCaseModel:63 - 测试用例qs_V1_exam_examIndex断言完毕！！
 返回消息体msg-----成功
2021-03-03 13:49:19 INFO  ApiTestCaseModel:66 - 测试用例qs_V1_exam_examIndex断言完毕！！
 返回消息体code-----0
2021-03-03 13:49:19 INFO  ApiTestCaseModel:72 - 测试用例qs_V1_exam_examIndex断言完毕！！
 期待obj返回消息体5
 实际obj返回消息体5
2021-03-03 13:49:20 INFO  ApiTestCaseModel:63 - 测试用例qs_V1_exam_smartExam断言完毕！！
 返回消息体msg-----成功
2021-03-03 13:49:20 INFO  ApiTestCaseModel:66 - 测试用例qs_V1_exam_smartExam断言完毕！！
 返回消息体code-----0
2021-03-03 13:49:20 INFO  ApiTestCaseModel:72 - 测试用例qs_V1_exam_smartExam断言完毕！！
 期待obj返回消息体3
 实际obj返回消息体3
2021-03-03 13:49:20 INFO  ApiTestCaseModel:63 - 测试用例qs_V1_exam_wrongQuesByQuesType断言完毕！！
 返回消息体msg-----成功
2021-03-03 13:49:20 INFO  ApiTestCaseModel:66 - 测试用例qs_V1_exam_wrongQuesByQuesType断言完毕！！
 返回消息体code-----0
2021-03-03 13:49:20 INFO  ApiTestCaseModel:72 - 测试用例qs_V1_exam_wrongQuesByQuesType断言完毕！！
 期待obj返回消息体2
 实际obj返回消息体2
2021-03-03 13:49:21 INFO  ApiTestCaseModel:63 - 测试用例qs_V1_exam_examAnalysis断言完毕！！
 返回消息体msg-----成功
2021-03-03 13:49:21 INFO  ApiTestCaseModel:66 - 测试用例qs_V1_exam_examAnalysis断言完毕！！
 返回消息体code-----0
2021-03-03 13:49:21 INFO  ApiTestCaseModel:72 - 测试用例qs_V1_exam_examAnalysis断言完毕！！
 期待obj返回消息体2
 实际obj返回消息体2
2021-03-03 13:49:21 INFO  ApiTestCaseModel:63 - 测试用例qs_V1_exam_wrongQuesDetail断言完毕！！
 返回消息体msg-----成功
2021-03-03 13:49:21 INFO  ApiTestCaseModel:66 - 测试用例qs_V1_exam_wrongQuesDetail断言完毕！！
 返回消息体code-----0
2021-03-03 13:49:21 INFO  ApiTestCaseModel:72 - 测试用例qs_V1_exam_wrongQuesDetail断言完毕！！
 期待obj返回消息体5
 实际obj返回消息体5
2021-03-03 13:49:21 INFO  ApiTestCaseModel:63 - 测试用例qs_V1_exam_recordView断言完毕！！
 返回消息体msg-----成功
2021-03-03 13:49:21 INFO  ApiTestCaseModel:66 - 测试用例qs_V1_exam_recordView断言完毕！！
 返回消息体code-----0
2021-03-03 13:49:21 INFO  ApiTestCaseModel:72 - 测试用例qs_V1_exam_recordView断言完毕！！
 期待obj返回消息体15
 实际obj返回消息体15
2021-03-03 13:49:21 INFO  ApiTestCaseModel:63 - 测试用例qs_V1_exam_collectQues断言完毕！！
 返回消息体msg-----成功
2021-03-03 13:49:21 INFO  ApiTestCaseModel:66 - 测试用例qs_V1_exam_collectQues断言完毕！！
 返回消息体code-----0
2021-03-03 13:49:21 INFO  ApiTestCaseModel:69 - 返回消息obj体中为空，无需断言
2021-03-03 13:49:22 INFO  ApiTestCaseModel:63 - 测试用例qs_V1_exam_unCollectQues断言完毕！！
 返回消息体msg-----成功
2021-03-03 13:49:22 INFO  ApiTestCaseModel:66 - 测试用例qs_V1_exam_unCollectQues断言完毕！！
 返回消息体code-----0
2021-03-03 13:49:22 INFO  ApiTestCaseModel:69 - 返回消息obj体中为空，无需断言
2021-03-03 13:49:22 INFO  ApiTestCaseModel:63 - 测试用例qs_V1_exam_goToExam断言完毕！！
 返回消息体msg-----成功
2021-03-03 13:49:22 INFO  ApiTestCaseModel:66 - 测试用例qs_V1_exam_goToExam断言完毕！！
 返回消息体code-----0
2021-03-03 13:49:22 INFO  ApiTestCaseModel:72 - 测试用例qs_V1_exam_goToExam断言完毕！！
 期待obj返回消息体5
 实际obj返回消息体5
2021-03-03 13:49:22 INFO  ApiTestCaseModel:63 - 测试用例qs_V1_exam_paperListByPaperType断言完毕！！
 返回消息体msg-----成功
2021-03-03 13:49:22 INFO  ApiTestCaseModel:66 - 测试用例qs_V1_exam_paperListByPaperType断言完毕！！
 返回消息体code-----0
2021-03-03 13:49:22 INFO  ApiTestCaseModel:72 - 测试用例qs_V1_exam_paperListByPaperType断言完毕！！
 期待obj返回消息体1
 实际obj返回消息体1
2021-03-03 13:49:23 INFO  ApiTestCaseModel:63 - 测试用例qs_V1_exam_questionInfo断言完毕！！
 返回消息体msg-----成功
2021-03-03 13:49:23 INFO  ApiTestCaseModel:66 - 测试用例qs_V1_exam_questionInfo断言完毕！！
 返回消息体code-----0
2021-03-03 13:49:23 INFO  ApiTestCaseModel:72 - 测试用例qs_V1_exam_questionInfo断言完毕！！
 期待obj返回消息体2
 实际obj返回消息体2
2021-03-03 13:49:23 INFO  ApiTestCaseModel:63 - 测试用例qs_V1_commentLable_commentLableList断言完毕！！
 返回消息体msg-----成功
2021-03-03 13:49:23 INFO  ApiTestCaseModel:66 - 测试用例qs_V1_commentLable_commentLableList断言完毕！！
 返回消息体code-----0
2021-03-03 13:49:23 INFO  ApiTestCaseModel:72 - 测试用例qs_V1_commentLable_commentLableList断言完毕！！
 期待obj返回消息体2
 实际obj返回消息体2
2021-03-03 13:49:23 INFO  ApiTestCaseModel:63 - 测试用例qs_V1_setting_learnProgress断言完毕！！
 返回消息体msg-----成功
2021-03-03 13:49:23 INFO  ApiTestCaseModel:66 - 测试用例qs_V1_setting_learnProgress断言完毕！！
 返回消息体code-----0
2021-03-03 13:49:23 INFO  ApiTestCaseModel:72 - 测试用例qs_V1_setting_learnProgress断言完毕！！
 期待obj返回消息体2
 实际obj返回消息体2
2021-03-03 13:49:23 INFO  ApiTestCaseModel:63 - 测试用例qs_V1_setting_learnPlanSwitch断言完毕！！
 返回消息体msg-----成功
2021-03-03 13:49:23 INFO  ApiTestCaseModel:66 - 测试用例qs_V1_setting_learnPlanSwitch断言完毕！！
 返回消息体code-----0
2021-03-03 13:49:23 INFO  ApiTestCaseModel:72 - 测试用例qs_V1_setting_learnPlanSwitch断言完毕！！
 期待obj返回消息体2
 实际obj返回消息体2
2021-03-03 13:49:24 INFO  ApiTestCaseModel:63 - 测试用例qs_V1_setting_switchTeacher断言完毕！！
 返回消息体msg-----成功
2021-03-03 13:49:24 INFO  ApiTestCaseModel:66 - 测试用例qs_V1_setting_switchTeacher断言完毕！！
 返回消息体code-----0
2021-03-03 13:49:24 INFO  ApiTestCaseModel:72 - 测试用例qs_V1_setting_switchTeacher断言完毕！！
 期待obj返回消息体1
 实际obj返回消息体1
2021-03-03 13:49:24 INFO  ApiTestCaseModel:63 - 测试用例qs_V1_setting_classSwitch断言完毕！！
 返回消息体msg-----成功
2021-03-03 13:49:24 INFO  ApiTestCaseModel:66 - 测试用例qs_V1_setting_classSwitch断言完毕！！
 返回消息体code-----0
2021-03-03 13:49:24 INFO  ApiTestCaseModel:72 - 测试用例qs_V1_setting_classSwitch断言完毕！！
 期待obj返回消息体1
 实际obj返回消息体1
2021-03-03 13:49:25 INFO  ApiTestCaseModel:63 - 测试用例qs_V1_setting_learnPlanSwitchSubmit断言完毕！！
 返回消息体msg-----成功
2021-03-03 13:49:25 INFO  ApiTestCaseModel:66 - 测试用例qs_V1_setting_learnPlanSwitchSubmit断言完毕！！
 返回消息体code-----0
2021-03-03 13:49:25 INFO  ApiTestCaseModel:69 - 返回消息obj体中为空，无需断言
2021-03-03 13:49:25 INFO  ApiTestCaseModel:63 - 测试用例qs_V1_setting_learnTime断言完毕！！
 返回消息体msg-----成功
2021-03-03 13:49:25 INFO  ApiTestCaseModel:66 - 测试用例qs_V1_setting_learnTime断言完毕！！
 返回消息体code-----0
2021-03-03 13:49:25 INFO  ApiTestCaseModel:72 - 测试用例qs_V1_setting_learnTime断言完毕！！
 期待obj返回消息体3
 实际obj返回消息体3
2021-03-03 13:49:26 INFO  ApiTestCaseModel:63 - 测试用例qs_V1_setting_learnCycleSubmit断言完毕！！
 返回消息体msg-----成功
2021-03-03 13:49:26 INFO  ApiTestCaseModel:66 - 测试用例qs_V1_setting_learnCycleSubmit断言完毕！！
 返回消息体code-----0
2021-03-03 13:49:26 INFO  ApiTestCaseModel:69 - 返回消息obj体中为空，无需断言
2021-03-03 13:49:26 INFO  ApiTestCaseModel:63 - 测试用例qs_V1_setting_learnMethodSubmit断言完毕！！
 返回消息体msg-----成功
2021-03-03 13:49:26 INFO  ApiTestCaseModel:66 - 测试用例qs_V1_setting_learnMethodSubmit断言完毕！！
 返回消息体code-----0
2021-03-03 13:49:26 INFO  ApiTestCaseModel:69 - 返回消息obj体中为空，无需断言
2021-03-03 13:49:26 INFO  ApiTestCaseModel:63 - 测试用例qs_V1_setting_restCycleSubmit断言完毕！！
 返回消息体msg-----成功
2021-03-03 13:49:26 INFO  ApiTestCaseModel:66 - 测试用例qs_V1_setting_restCycleSubmit断言完毕！！
 返回消息体code-----0
2021-03-03 13:49:26 INFO  ApiTestCaseModel:69 - 返回消息obj体中为空，无需断言
2021-03-03 13:49:27 INFO  ApiTestCaseModel:63 - 测试用例qs_V1_setting_learnMethod断言完毕！！
 返回消息体msg-----成功
2021-03-03 13:49:27 INFO  ApiTestCaseModel:66 - 测试用例qs_V1_setting_learnMethod断言完毕！！
 返回消息体code-----0
2021-03-03 13:49:27 INFO  ApiTestCaseModel:72 - 测试用例qs_V1_setting_learnMethod断言完毕！！
 期待obj返回消息体3
 实际obj返回消息体3
2021-03-03 13:49:27 INFO  ApiTestCaseModel:63 - 测试用例qs_V1_setting_index断言完毕！！
 返回消息体msg-----成功
2021-03-03 13:49:27 INFO  ApiTestCaseModel:66 - 测试用例qs_V1_setting_index断言完毕！！
 返回消息体code-----0
2021-03-03 13:49:27 INFO  ApiTestCaseModel:72 - 测试用例qs_V1_setting_index断言完毕！！
 期待obj返回消息体2
 实际obj返回消息体2
2021-03-03 13:49:27 INFO  ApiTestCaseModel:63 - 测试用例qs_V1_setting_autoCache断言完毕！！
 返回消息体msg-----成功
2021-03-03 13:49:27 INFO  ApiTestCaseModel:66 - 测试用例qs_V1_setting_autoCache断言完毕！！
 返回消息体code-----0
2021-03-03 13:49:27 INFO  ApiTestCaseModel:72 - 测试用例qs_V1_setting_autoCache断言完毕！！
 期待obj返回消息体1
 实际obj返回消息体1
2021-03-03 13:49:29 INFO  ApiTestCaseModel:63 - 测试用例qs_V1_setting_switchTeacherSubmit断言完毕！！
 返回消息体msg-----成功
2021-03-03 13:49:29 INFO  ApiTestCaseModel:66 - 测试用例qs_V1_setting_switchTeacherSubmit断言完毕！！
 返回消息体code-----0
2021-03-03 13:49:29 INFO  ApiTestCaseModel:69 - 返回消息obj体中为空，无需断言
2021-03-03 13:49:29 INFO  ApiTestCaseModel:63 - 测试用例qs_V1_setting_classSwitchSubmit断言完毕！！
 返回消息体msg-----成功
2021-03-03 13:49:29 INFO  ApiTestCaseModel:66 - 测试用例qs_V1_setting_classSwitchSubmit断言完毕！！
 返回消息体code-----0
2021-03-03 13:49:29 INFO  ApiTestCaseModel:69 - 返回消息obj体中为空，无需断言
2021-03-03 13:49:30 INFO  ApiTestCaseModel:63 - 测试用例qs_V1_setting_learnProgressSubmit断言完毕！！
 返回消息体msg-----成功
2021-03-03 13:49:30 INFO  ApiTestCaseModel:66 - 测试用例qs_V1_setting_learnProgressSubmit断言完毕！！
 返回消息体code-----0
2021-03-03 13:49:30 INFO  ApiTestCaseModel:69 - 返回消息obj体中为空，无需断言
2021-03-03 13:49:31 INFO  ApiTestCaseModel:63 - 测试用例qs_V1_replyComment_getCommentView断言完毕！！
 返回消息体msg-----成功
2021-03-03 13:49:31 INFO  ApiTestCaseModel:66 - 测试用例qs_V1_replyComment_getCommentView断言完毕！！
 返回消息体code-----0
2021-03-03 13:49:31 INFO  ApiTestCaseModel:72 - 测试用例qs_V1_replyComment_getCommentView断言完毕！！
 期待obj返回消息体4
 实际obj返回消息体4
2021-03-03 13:49:32 INFO  ApiTestCaseModel:63 - 测试用例qs_V1_replyComment_submitComment断言完毕！！
 返回消息体msg-----成功
2021-03-03 13:49:32 INFO  ApiTestCaseModel:66 - 测试用例qs_V1_replyComment_submitComment断言完毕！！
 返回消息体code-----0
2021-03-03 13:49:32 INFO  ApiTestCaseModel:69 - 返回消息obj体中为空，无需断言
2021-03-03 13:49:32 INFO  ApiTestCaseModel:63 - 测试用例qs_V2_study_startStudyQues断言完毕！！
 返回消息体msg-----成功
2021-03-03 13:49:32 INFO  ApiTestCaseModel:66 - 测试用例qs_V2_study_startStudyQues断言完毕！！
 返回消息体code-----0
2021-03-03 13:49:32 INFO  ApiTestCaseModel:72 - 测试用例qs_V2_study_startStudyQues断言完毕！！
 期待obj返回消息体2
 实际obj返回消息体2
2021-03-03 13:49:37 INFO  ApiTestCaseModel:63 - 测试用例qs_V2_course_courseByLectureId断言完毕！！
 返回消息体msg-----成功
2021-03-03 13:49:37 INFO  ApiTestCaseModel:66 - 测试用例qs_V2_course_courseByLectureId断言完毕！！
 返回消息体code-----0
2021-03-03 13:49:37 INFO  ApiTestCaseModel:72 - 测试用例qs_V2_course_courseByLectureId断言完毕！！
 期待obj返回消息体7
 实际obj返回消息体7
2021-03-03 13:49:37 INFO  ApiTestCaseModel:63 - 测试用例qs_V2_activation_submitQues断言完毕！！
 返回消息体msg-----成功
2021-03-03 13:49:37 INFO  ApiTestCaseModel:66 - 测试用例qs_V2_activation_submitQues断言完毕！！
 返回消息体code-----0
2021-03-03 13:49:37 INFO  ApiTestCaseModel:72 - 测试用例qs_V2_activation_submitQues断言完毕！！
 期待obj返回消息体4
 实际obj返回消息体4
2021-03-03 13:49:38 INFO  ApiTestCaseModel:63 - 测试用例qs_V2_activation_questionsAndAnswers断言完毕！！
 返回消息体msg-----成功
2021-03-03 13:49:38 INFO  ApiTestCaseModel:66 - 测试用例qs_V2_activation_questionsAndAnswers断言完毕！！
 返回消息体code-----0
2021-03-03 13:49:38 INFO  ApiTestCaseModel:72 - 测试用例qs_V2_activation_questionsAndAnswers断言完毕！！
 期待obj返回消息体3
 实际obj返回消息体3
2021-03-03 13:49:38 INFO  ApiTestCaseModel:63 - 测试用例qs_V2_knowledgePoint_unlockKpList断言完毕！！
 返回消息体msg-----成功
2021-03-03 13:49:38 INFO  ApiTestCaseModel:66 - 测试用例qs_V2_knowledgePoint_unlockKpList断言完毕！！
 返回消息体code-----0
2021-03-03 13:49:38 INFO  ApiTestCaseModel:72 - 测试用例qs_V2_knowledgePoint_unlockKpList断言完毕！！
 期待obj返回消息体3
 实际obj返回消息体3
2021-03-03 13:49:38 INFO  ApiTestCaseModel:63 - 测试用例qs_V2_knowledgePoint_kpDetailListByKpIds断言完毕！！
 返回消息体msg-----成功
2021-03-03 13:49:38 INFO  ApiTestCaseModel:66 - 测试用例qs_V2_knowledgePoint_kpDetailListByKpIds断言完毕！！
 返回消息体code-----0
2021-03-03 13:49:38 INFO  ApiTestCaseModel:72 - 测试用例qs_V2_knowledgePoint_kpDetailListByKpIds断言完毕！！
 期待obj返回消息体1
 实际obj返回消息体1
2021-03-03 13:49:39 INFO  ApiTestCaseModel:63 - 测试用例qs_V2_class_index断言完毕！！
 返回消息体msg-----成功
2021-03-03 13:49:39 INFO  ApiTestCaseModel:66 - 测试用例qs_V2_class_index断言完毕！！
 返回消息体code-----0
2021-03-03 13:49:39 INFO  ApiTestCaseModel:72 - 测试用例qs_V2_class_index断言完毕！！
 期待obj返回消息体4
 实际obj返回消息体4
2021-03-03 13:49:42 INFO  ApiTestCaseModel:63 - 测试用例qs_V2_exam_recordView断言完毕！！
 返回消息体msg-----成功
2021-03-03 13:49:42 INFO  ApiTestCaseModel:66 - 测试用例qs_V2_exam_recordView断言完毕！！
 返回消息体code-----0
2021-03-03 13:49:42 INFO  ApiTestCaseModel:72 - 测试用例qs_V2_exam_recordView断言完毕！！
 期待obj返回消息体15
 实际obj返回消息体15
2021-03-03 13:49:43 INFO  ApiTestCaseModel:63 - 测试用例qs_V2_exam_goToExam断言完毕！！
 返回消息体msg-----成功
2021-03-03 13:49:43 INFO  ApiTestCaseModel:66 - 测试用例qs_V2_exam_goToExam断言完毕！！
 返回消息体code-----0
2021-03-03 13:49:43 INFO  ApiTestCaseModel:72 - 测试用例qs_V2_exam_goToExam断言完毕！！
 期待obj返回消息体5
 实际obj返回消息体5
2021-03-03 13:49:43 INFO  ApiTestCaseModel:63 - 测试用例qs_V2_setting_switchTeacher断言完毕！！
 返回消息体msg-----成功
2021-03-03 13:49:43 INFO  ApiTestCaseModel:66 - 测试用例qs_V2_setting_switchTeacher断言完毕！！
 返回消息体code-----0
2021-03-03 13:49:43 INFO  ApiTestCaseModel:72 - 测试用例qs_V2_setting_switchTeacher断言完毕！！
 期待obj返回消息体1
 实际obj返回消息体1
2021-03-03 13:49:43 INFO  ApiTestCaseModel:63 - 测试用例qs_V3_study_updateStudyStatusAndChatRecord断言完毕！！
 返回消息体msg-----成功
2021-03-03 13:49:43 INFO  ApiTestCaseModel:66 - 测试用例qs_V3_study_updateStudyStatusAndChatRecord断言完毕！！
 返回消息体code-----0
2021-03-03 13:49:43 INFO  ApiTestCaseModel:72 - 测试用例qs_V3_study_updateStudyStatusAndChatRecord断言完毕！！
 期待obj返回消息体0
 实际obj返回消息体0
2021-03-03 13:49:43 INFO  ApiTestCaseModel:63 - 测试用例qs_V3_study_startStudyQues断言完毕！！
 返回消息体msg-----成功
2021-03-03 13:49:43 INFO  ApiTestCaseModel:66 - 测试用例qs_V3_study_startStudyQues断言完毕！！
 返回消息体code-----0
2021-03-03 13:49:43 INFO  ApiTestCaseModel:72 - 测试用例qs_V3_study_startStudyQues断言完毕！！
 期待obj返回消息体2
 实际obj返回消息体2
2021-03-03 13:49:44 INFO  ApiTestCaseModel:63 - 测试用例qs_V3_study_startStudyAnswer断言完毕！！
 返回消息体msg-----成功
2021-03-03 13:49:44 INFO  ApiTestCaseModel:66 - 测试用例qs_V3_study_startStudyAnswer断言完毕！！
 返回消息体code-----0
2021-03-03 13:49:44 INFO  ApiTestCaseModel:72 - 测试用例qs_V3_study_startStudyAnswer断言完毕！！
 期待obj返回消息体2
 实际obj返回消息体2
2021-03-03 13:49:44 INFO  ApiTestCaseModel:63 - 测试用例qs_V3_study_index断言完毕！！
 返回消息体msg-----成功
2021-03-03 13:49:44 INFO  ApiTestCaseModel:66 - 测试用例qs_V3_study_index断言完毕！！
 返回消息体code-----0
2021-03-03 13:49:44 INFO  ApiTestCaseModel:72 - 测试用例qs_V3_study_index断言完毕！！
 期待obj返回消息体3
 实际obj返回消息体3
2021-03-03 13:49:44 INFO  ApiTestCaseModel:63 - 测试用例qs_V3_curriculum_classSchedule断言完毕！！
 返回消息体msg-----成功
2021-03-03 13:49:44 INFO  ApiTestCaseModel:66 - 测试用例qs_V3_curriculum_classSchedule断言完毕！！
 返回消息体code-----0
2021-03-03 13:49:44 INFO  ApiTestCaseModel:69 - 返回消息obj体中为空，无需断言
2021-03-03 13:49:44 INFO  ApiTestCaseModel:63 - 测试用例qs_V3_curriculum_dayList断言完毕！！
 返回消息体msg-----成功
2021-03-03 13:49:44 INFO  ApiTestCaseModel:66 - 测试用例qs_V3_curriculum_dayList断言完毕！！
 返回消息体code-----0
2021-03-03 13:49:44 INFO  ApiTestCaseModel:72 - 测试用例qs_V3_curriculum_dayList断言完毕！！
 期待obj返回消息体1
 实际obj返回消息体1
2021-03-03 13:49:45 INFO  ApiTestCaseModel:63 - 测试用例qs_V3_marketingMessage_getMarketingMessageDetail断言完毕！！
 返回消息体msg-----成功
2021-03-03 13:49:45 INFO  ApiTestCaseModel:66 - 测试用例qs_V3_marketingMessage_getMarketingMessageDetail断言完毕！！
 返回消息体code-----0
2021-03-03 13:49:45 INFO  ApiTestCaseModel:72 - 测试用例qs_V3_marketingMessage_getMarketingMessageDetail断言完毕！！
 期待obj返回消息体3
 实际obj返回消息体3
2021-03-03 13:49:45 INFO  ApiTestCaseModel:63 - 测试用例qs_V3_shop_redeemNow断言完毕！！
 返回消息体msg-----成功
2021-03-03 13:49:45 INFO  ApiTestCaseModel:66 - 测试用例qs_V3_shop_redeemNow断言完毕！！
 返回消息体code-----0
2021-03-03 13:49:45 INFO  ApiTestCaseModel:72 - 测试用例qs_V3_shop_redeemNow断言完毕！！
 期待obj返回消息体5
 实际obj返回消息体5
2021-03-03 13:49:45 INFO  ApiTestCaseModel:63 - 测试用例qs_V3_shop_index断言完毕！！
 返回消息体msg-----成功
2021-03-03 13:49:45 INFO  ApiTestCaseModel:66 - 测试用例qs_V3_shop_index断言完毕！！
 返回消息体code-----0
2021-03-03 13:49:45 INFO  ApiTestCaseModel:72 - 测试用例qs_V3_shop_index断言完毕！！
 期待obj返回消息体6
 实际obj返回消息体6
2021-03-03 13:49:46 INFO  ApiTestCaseModel:63 - 测试用例qs_V3_shop_redeemRecords断言完毕！！
 返回消息体msg-----成功
2021-03-03 13:49:46 INFO  ApiTestCaseModel:66 - 测试用例qs_V3_shop_redeemRecords断言完毕！！
 返回消息体code-----0
2021-03-03 13:49:46 INFO  ApiTestCaseModel:63 - 测试用例qs_V3_shop_confirmRedemption断言完毕！！
 返回消息体msg-----成功
2021-03-03 13:49:46 INFO  ApiTestCaseModel:66 - 测试用例qs_V3_shop_confirmRedemption断言完毕！！
 返回消息体code-----0
2021-03-03 13:49:46 INFO  ApiTestCaseModel:72 - 测试用例qs_V3_shop_confirmRedemption断言完毕！！
 期待obj返回消息体3
 实际obj返回消息体3
2021-03-03 13:49:46 INFO  ApiTestCaseModel:63 - 测试用例qs_V3_chatRecord_chatRecordList断言完毕！！
 返回消息体msg-----成功
2021-03-03 13:49:46 INFO  ApiTestCaseModel:66 - 测试用例qs_V3_chatRecord_chatRecordList断言完毕！！
 返回消息体code-----0
2021-03-03 13:49:46 INFO  ApiTestCaseModel:72 - 测试用例qs_V3_chatRecord_chatRecordList断言完毕！！
 期待obj返回消息体5
 实际obj返回消息体5
2021-03-03 13:49:47 INFO  ApiTestCaseModel:63 - 测试用例qs_V3_task_voucherData断言完毕！！
 返回消息体msg-----成功
2021-03-03 13:49:47 INFO  ApiTestCaseModel:66 - 测试用例qs_V3_task_voucherData断言完毕！！
 返回消息体code-----0
2021-03-03 13:49:47 INFO  ApiTestCaseModel:72 - 测试用例qs_V3_task_voucherData断言完毕！！
 期待obj返回消息体6
 实际obj返回消息体6
2021-03-03 13:49:47 INFO  ApiTestCaseModel:63 - 测试用例qs_V3_task_creditData断言完毕！！
 返回消息体msg-----成功
2021-03-03 13:49:47 INFO  ApiTestCaseModel:66 - 测试用例qs_V3_task_creditData断言完毕！！
 返回消息体code-----0
2021-03-03 13:49:47 INFO  ApiTestCaseModel:72 - 测试用例qs_V3_task_creditData断言完毕！！
 期待obj返回消息体6
 实际obj返回消息体6
2021-03-03 13:49:47 INFO  ApiTestCaseModel:63 - 测试用例qs_V3_class_classDetail_classData断言完毕！！
 返回消息体msg-----成功
2021-03-03 13:49:47 INFO  ApiTestCaseModel:66 - 测试用例qs_V3_class_classDetail_classData断言完毕！！
 返回消息体code-----0
2021-03-03 13:49:47 INFO  ApiTestCaseModel:72 - 测试用例qs_V3_class_classDetail_classData断言完毕！！
 期待obj返回消息体5
 实际obj返回消息体5
2021-03-03 13:49:48 INFO  ApiTestCaseModel:63 - 测试用例qs_V3_setting_renewActive断言完毕！！
 返回消息体msg-----成功
2021-03-03 13:49:48 INFO  ApiTestCaseModel:66 - 测试用例qs_V3_setting_renewActive断言完毕！！
 返回消息体code-----0
2021-03-03 15:14:31 INFO  ApiTestCaseModel:63 - 测试用例qs_V1_study_startStudyQues断言完毕！！
 返回消息体msg-----成功
2021-03-03 15:14:31 INFO  ApiTestCaseModel:66 - 测试用例qs_V1_study_startStudyQues断言完毕！！
 返回消息体code-----0
2021-03-03 15:14:31 INFO  ApiTestCaseModel:72 - 测试用例qs_V1_study_startStudyQues断言完毕！！
 期待obj返回消息体1
 实际obj返回消息体1
2021-03-03 15:14:31 INFO  ApiTestCaseModel:63 - 测试用例qs_V1_study_index断言完毕！！
 返回消息体msg-----成功
2021-03-03 15:14:31 INFO  ApiTestCaseModel:66 - 测试用例qs_V1_study_index断言完毕！！
 返回消息体code-----0
2021-03-03 15:14:31 INFO  ApiTestCaseModel:72 - 测试用例qs_V1_study_index断言完毕！！
 期待obj返回消息体3
 实际obj返回消息体3
2021-03-03 15:14:31 INFO  ApiTestCaseModel:63 - 测试用例qs_V1_study_getTodayLecture断言完毕！！
 返回消息体msg-----成功
2021-03-03 15:14:32 INFO  ApiTestCaseModel:66 - 测试用例qs_V1_study_getTodayLecture断言完毕！！
 返回消息体code-----0
2021-03-03 15:14:32 INFO  ApiTestCaseModel:72 - 测试用例qs_V1_study_getTodayLecture断言完毕！！
 期待obj返回消息体1
 实际obj返回消息体1
2021-03-03 15:14:32 INFO  ApiTestCaseModel:63 - 测试用例qs_V1_study_systemStatus断言完毕！！
 返回消息体msg-----成功
2021-03-03 15:14:32 INFO  ApiTestCaseModel:66 - 测试用例qs_V1_study_systemStatus断言完毕！！
 返回消息体code-----0
2021-03-03 15:14:32 INFO  ApiTestCaseModel:72 - 测试用例qs_V1_study_systemStatus断言完毕！！
 期待obj返回消息体9
 实际obj返回消息体9
2021-03-03 15:14:33 INFO  ApiTestCaseModel:63 - 测试用例qs_V1_study_shareStudyReport断言完毕！！
 返回消息体msg-----成功
2021-03-03 15:14:33 INFO  ApiTestCaseModel:66 - 测试用例qs_V1_study_shareStudyReport断言完毕！！
 返回消息体code-----0
2021-03-03 15:14:33 INFO  ApiTestCaseModel:72 - 测试用例qs_V1_study_shareStudyReport断言完毕！！
 期待obj返回消息体1
 实际obj返回消息体1
2021-03-03 15:14:33 INFO  ApiTestCaseModel:63 - 测试用例qs_V1_study_startStudyAnswer断言完毕！！
 返回消息体msg-----成功
2021-03-03 15:14:33 INFO  ApiTestCaseModel:66 - 测试用例qs_V1_study_startStudyAnswer断言完毕！！
 返回消息体code-----0
2021-03-03 15:14:33 INFO  ApiTestCaseModel:72 - 测试用例qs_V1_study_startStudyAnswer断言完毕！！
 期待obj返回消息体2
 实际obj返回消息体2
2021-03-03 15:14:34 INFO  ApiTestCaseModel:63 - 测试用例qs_V1_course_courseTimeConfig断言完毕！！
 返回消息体msg-----成功
2021-03-03 15:14:34 INFO  ApiTestCaseModel:66 - 测试用例qs_V1_course_courseTimeConfig断言完毕！！
 返回消息体code-----0
2021-03-03 15:14:34 INFO  ApiTestCaseModel:72 - 测试用例qs_V1_course_courseTimeConfig断言完毕！！
 期待obj返回消息体2
 实际obj返回消息体2
2021-03-03 15:14:34 INFO  ApiTestCaseModel:63 - 测试用例qs_V1_course_resetRoomUserStatus断言完毕！！
 返回消息体msg-----成功
2021-03-03 15:14:34 INFO  ApiTestCaseModel:66 - 测试用例qs_V1_course_resetRoomUserStatus断言完毕！！
 返回消息体code-----0
2021-03-03 15:14:34 INFO  ApiTestCaseModel:69 - 返回消息obj体中为空，无需断言
2021-03-03 15:14:34 INFO  ApiTestCaseModel:63 - 测试用例qs_V1_course_courseByKpId断言完毕！！
 返回消息体msg-----成功
2021-03-03 15:14:34 INFO  ApiTestCaseModel:66 - 测试用例qs_V1_course_courseByKpId断言完毕！！
 返回消息体code-----0
2021-03-03 15:14:34 INFO  ApiTestCaseModel:72 - 测试用例qs_V1_course_courseByKpId断言完毕！！
 期待obj返回消息体8
 实际obj返回消息体8
2021-03-03 15:14:34 INFO  ApiTestCaseModel:63 - 测试用例qs_V1_course_courseByLectureId断言完毕！！
 返回消息体msg-----成功
2021-03-03 15:14:34 INFO  ApiTestCaseModel:66 - 测试用例qs_V1_course_courseByLectureId断言完毕！！
 返回消息体code-----0
2021-03-03 15:14:35 INFO  ApiTestCaseModel:72 - 测试用例qs_V1_course_courseByLectureId断言完毕！！
 期待obj返回消息体7
 实际obj返回消息体7
2021-03-03 15:14:35 INFO  ApiTestCaseModel:63 - 测试用例qs_V1_course_teacherListByLectureId断言完毕！！
 返回消息体msg-----成功
2021-03-03 15:14:35 INFO  ApiTestCaseModel:66 - 测试用例qs_V1_course_teacherListByLectureId断言完毕！！
 返回消息体code-----0
2021-03-03 15:14:35 INFO  ApiTestCaseModel:72 - 测试用例qs_V1_course_teacherListByLectureId断言完毕！！
 期待obj返回消息体1
 实际obj返回消息体1
2021-03-03 15:14:35 INFO  ApiTestCaseModel:63 - 测试用例qs_V1_course_doShareRoom断言完毕！！
 返回消息体msg-----成功
2021-03-03 15:14:35 INFO  ApiTestCaseModel:66 - 测试用例qs_V1_course_doShareRoom断言完毕！！
 返回消息体code-----0
2021-03-03 15:14:35 INFO  ApiTestCaseModel:69 - 返回消息obj体中为空，无需断言
2021-03-03 15:14:35 INFO  ApiTestCaseModel:63 - 测试用例qs_V1_course_submitTimeConfigAnswer断言完毕！！
 返回消息体msg-----成功
2021-03-03 15:14:35 INFO  ApiTestCaseModel:66 - 测试用例qs_V1_course_submitTimeConfigAnswer断言完毕！！
 返回消息体code-----0
2021-03-03 15:14:35 INFO  ApiTestCaseModel:69 - 返回消息obj体中为空，无需断言
2021-03-03 15:14:35 INFO  ApiTestCaseModel:63 - 测试用例qs_V1_course_genUserSign断言完毕！！
 返回消息体msg-----成功
2021-03-03 15:14:35 INFO  ApiTestCaseModel:66 - 测试用例qs_V1_course_genUserSign断言完毕！！
 返回消息体code-----0
2021-03-03 15:14:35 INFO  ApiTestCaseModel:72 - 测试用例qs_V1_course_genUserSign断言完毕！！
 期待obj返回消息体1
 实际obj返回消息体1
2021-03-03 15:14:36 INFO  ApiTestCaseModel:63 - 测试用例qs_V1_course_getLecturePlayInfoByRoomId断言完毕！！
 返回消息体msg-----成功
2021-03-03 15:14:36 INFO  ApiTestCaseModel:66 - 测试用例qs_V1_course_getLecturePlayInfoByRoomId断言完毕！！
 返回消息体code-----0
2021-03-03 15:14:36 INFO  ApiTestCaseModel:72 - 测试用例qs_V1_course_getLecturePlayInfoByRoomId断言完毕！！
 期待obj返回消息体19
 实际obj返回消息体19
2021-03-03 15:14:36 INFO  ApiTestCaseModel:63 - 测试用例qs_V1_course_lectureVideoInfo断言完毕！！
 返回消息体msg-----成功
2021-03-03 15:14:36 INFO  ApiTestCaseModel:66 - 测试用例qs_V1_course_lectureVideoInfo断言完毕！！
 返回消息体code-----0
2021-03-03 15:14:36 INFO  ApiTestCaseModel:72 - 测试用例qs_V1_course_lectureVideoInfo断言完毕！！
 期待obj返回消息体6
 实际obj返回消息体6
2021-03-03 15:14:36 INFO  ApiTestCaseModel:63 - 测试用例qs_V1_course_kpCardByLectureId断言完毕！！
 返回消息体msg-----成功
2021-03-03 15:14:36 INFO  ApiTestCaseModel:66 - 测试用例qs_V1_course_kpCardByLectureId断言完毕！！
 返回消息体code-----0
2021-03-03 15:14:36 INFO  ApiTestCaseModel:72 - 测试用例qs_V1_course_kpCardByLectureId断言完毕！！
 期待obj返回消息体1
 实际obj返回消息体1
2021-03-03 15:14:36 INFO  ApiTestCaseModel:63 - 测试用例qs_V1_course_roomListByLectureIds断言完毕！！
 返回消息体msg-----成功
2021-03-03 15:14:36 INFO  ApiTestCaseModel:66 - 测试用例qs_V1_course_roomListByLectureIds断言完毕！！
 返回消息体code-----0
2021-03-03 15:14:36 INFO  ApiTestCaseModel:72 - 测试用例qs_V1_course_roomListByLectureIds断言完毕！！
 期待obj返回消息体1
 实际obj返回消息体1
2021-03-03 15:14:37 INFO  ApiTestCaseModel:63 - 测试用例qs_V1_course_courseHandoutByLectureId断言完毕！！
 返回消息体msg-----成功
2021-03-03 15:14:37 INFO  ApiTestCaseModel:66 - 测试用例qs_V1_course_courseHandoutByLectureId断言完毕！！
 返回消息体code-----0
2021-03-03 15:14:37 INFO  ApiTestCaseModel:72 - 测试用例qs_V1_course_courseHandoutByLectureId断言完毕！！
 期待obj返回消息体7
 实际obj返回消息体7
2021-03-03 15:14:37 INFO  ApiTestCaseModel:63 - 测试用例qs_V1_course_syncTimeConfig断言完毕！！
 返回消息体msg-----成功
2021-03-03 15:14:37 INFO  ApiTestCaseModel:66 - 测试用例qs_V1_course_syncTimeConfig断言完毕！！
 返回消息体code-----0
2021-03-03 15:14:37 INFO  ApiTestCaseModel:69 - 返回消息obj体中为空，无需断言
2021-03-03 15:14:37 INFO  ApiTestCaseModel:63 - 测试用例qs_V1_course_syncCourseRecord断言完毕！！
 返回消息体msg-----成功
2021-03-03 15:14:37 INFO  ApiTestCaseModel:66 - 测试用例qs_V1_course_syncCourseRecord断言完毕！！
 返回消息体code-----0
2021-03-03 15:14:37 INFO  ApiTestCaseModel:69 - 返回消息obj体中为空，无需断言
2021-03-03 15:14:40 INFO  ApiTestCaseModel:63 - 测试用例qs_V1_course_createRoom断言完毕！！
 返回消息体msg-----成功
2021-03-03 15:14:40 INFO  ApiTestCaseModel:66 - 测试用例qs_V1_course_createRoom断言完毕！！
 返回消息体code-----0
2021-03-03 15:14:40 INFO  ApiTestCaseModel:72 - 测试用例qs_V1_course_createRoom断言完毕！！
 期待obj返回消息体6
 实际obj返回消息体6
2021-03-03 15:14:40 INFO  ApiTestCaseModel:63 - 测试用例qs_V1_course_lectureVideoInfoWithLog断言完毕！！
 返回消息体msg-----成功
2021-03-03 15:14:40 INFO  ApiTestCaseModel:66 - 测试用例qs_V1_course_lectureVideoInfoWithLog断言完毕！！
 返回消息体code-----0
2021-03-03 15:14:40 INFO  ApiTestCaseModel:72 - 测试用例qs_V1_course_lectureVideoInfoWithLog断言完毕！！
 期待obj返回消息体4
 实际obj返回消息体4
2021-03-03 15:14:40 INFO  ApiTestCaseModel:63 - 测试用例qs_V1_solve_solveDetail断言完毕！！
 返回消息体msg-----成功
2021-03-03 15:14:40 INFO  ApiTestCaseModel:66 - 测试用例qs_V1_solve_solveDetail断言完毕！！
 返回消息体code-----0
2021-03-03 15:14:40 INFO  ApiTestCaseModel:72 - 测试用例qs_V1_solve_solveDetail断言完毕！！
 期待obj返回消息体9
 实际obj返回消息体9
2021-03-03 15:14:40 INFO  ApiTestCaseModel:63 - 测试用例qs_V1_solve_askAndReplyList断言完毕！！
 返回消息体msg-----成功
2021-03-03 15:14:40 INFO  ApiTestCaseModel:66 - 测试用例qs_V1_solve_askAndReplyList断言完毕！！
 返回消息体code-----0
2021-03-03 15:14:40 INFO  ApiTestCaseModel:72 - 测试用例qs_V1_solve_askAndReplyList断言完毕！！
 期待obj返回消息体1
 实际obj返回消息体1
2021-03-03 15:14:41 INFO  ApiTestCaseModel:63 - 测试用例qs_V1_solve_saveAskQuestion断言完毕！！
 返回消息体msg-----成功
2021-03-03 15:14:41 INFO  ApiTestCaseModel:66 - 测试用例qs_V1_solve_saveAskQuestion断言完毕！！
 返回消息体code-----0
2021-03-03 15:14:41 INFO  ApiTestCaseModel:69 - 返回消息obj体中为空，无需断言
2021-03-03 15:14:41 INFO  ApiTestCaseModel:63 - 测试用例qs_V1_solve_saveAgainAskQuestion断言完毕！！
 返回消息体msg-----成功
2021-03-03 15:14:41 INFO  ApiTestCaseModel:66 - 测试用例qs_V1_solve_saveAgainAskQuestion断言完毕！！
 返回消息体code-----0
2021-03-03 15:14:41 INFO  ApiTestCaseModel:69 - 返回消息obj体中为空，无需断言
2021-03-03 15:14:41 INFO  ApiTestCaseModel:63 - 测试用例qs_V1_solve_getReplyExpireMsg断言完毕！！
 返回消息体msg-----成功
2021-03-03 15:14:41 INFO  ApiTestCaseModel:66 - 测试用例qs_V1_solve_getReplyExpireMsg断言完毕！！
 返回消息体code-----0
2021-03-03 15:14:41 INFO  ApiTestCaseModel:72 - 测试用例qs_V1_solve_getReplyExpireMsg断言完毕！！
 期待obj返回消息体1
 实际obj返回消息体1
2021-03-03 15:14:41 INFO  ApiTestCaseModel:63 - 测试用例qs_V1_solve_saveSolveDetail断言完毕！！
 返回消息体msg-----成功
2021-03-03 15:14:41 INFO  ApiTestCaseModel:66 - 测试用例qs_V1_solve_saveSolveDetail断言完毕！！
 返回消息体code-----0
2021-03-03 15:14:41 INFO  ApiTestCaseModel:69 - 返回消息obj体中为空，无需断言
2021-03-03 15:14:42 INFO  ApiTestCaseModel:63 - 测试用例qs_V1_solve_myAnswerList断言完毕！！
 返回消息体msg-----成功
2021-03-03 15:14:42 INFO  ApiTestCaseModel:66 - 测试用例qs_V1_solve_myAnswerList断言完毕！！
 返回消息体code-----0
2021-03-03 15:14:42 INFO  ApiTestCaseModel:72 - 测试用例qs_V1_solve_myAnswerList断言完毕！！
 期待obj返回消息体5
 实际obj返回消息体5
2021-03-03 15:14:42 INFO  ApiTestCaseModel:63 - 测试用例qs_V1_solve_cancelSolve断言完毕！！
 返回消息体msg-----成功
2021-03-03 15:14:42 INFO  ApiTestCaseModel:66 - 测试用例qs_V1_solve_cancelSolve断言完毕！！
 返回消息体code-----0
2021-03-03 15:14:42 INFO  ApiTestCaseModel:72 - 测试用例qs_V1_solve_cancelSolve断言完毕！！
 期待obj返回消息体1
 实际obj返回消息体1
2021-03-03 15:14:42 INFO  ApiTestCaseModel:63 - 测试用例qs_V1_solve_leftAskNum断言完毕！！
 返回消息体msg-----成功
2021-03-03 15:14:42 INFO  ApiTestCaseModel:66 - 测试用例qs_V1_solve_leftAskNum断言完毕！！
 返回消息体code-----0
2021-03-03 15:14:42 INFO  ApiTestCaseModel:72 - 测试用例qs_V1_solve_leftAskNum断言完毕！！
 期待obj返回消息体3
 实际obj返回消息体3
2021-03-03 15:14:43 INFO  ApiTestCaseModel:63 - 测试用例qs_V1_curriculum_dayList断言完毕！！
 返回消息体msg-----成功
2021-03-03 15:14:43 INFO  ApiTestCaseModel:66 - 测试用例qs_V1_curriculum_dayList断言完毕！！
 返回消息体code-----0
2021-03-03 15:14:43 INFO  ApiTestCaseModel:72 - 测试用例qs_V1_curriculum_dayList断言完毕！！
 期待obj返回消息体1
 实际obj返回消息体1
2021-03-03 15:14:43 INFO  ApiTestCaseModel:63 - 测试用例qs_V1_shop_prizeExchange断言完毕！！
 返回消息体msg-----成功
2021-03-03 15:14:43 INFO  ApiTestCaseModel:66 - 测试用例qs_V1_shop_prizeExchange断言完毕！！
 返回消息体code-----0
2021-03-03 15:14:43 INFO  ApiTestCaseModel:72 - 测试用例qs_V1_shop_prizeExchange断言完毕！！
 期待obj返回消息体1
 实际obj返回消息体1
2021-03-03 15:14:43 INFO  ApiTestCaseModel:63 - 测试用例qs_V1_shop_index断言完毕！！
 返回消息体msg-----成功
2021-03-03 15:14:43 INFO  ApiTestCaseModel:66 - 测试用例qs_V1_shop_index断言完毕！！
 返回消息体code-----0
2021-03-03 15:14:43 INFO  ApiTestCaseModel:72 - 测试用例qs_V1_shop_index断言完毕！！
 期待obj返回消息体4
 实际obj返回消息体4
2021-03-03 15:14:45 INFO  ApiTestCaseModel:63 - 测试用例qs_V1_activation_completeActivation断言完毕！！
 返回消息体msg-----成功
2021-03-03 15:14:45 INFO  ApiTestCaseModel:66 - 测试用例qs_V1_activation_completeActivation断言完毕！！
 返回消息体code-----0
2021-03-03 15:14:45 INFO  ApiTestCaseModel:72 - 测试用例qs_V1_activation_completeActivation断言完毕！！
 期待obj返回消息体1
 实际obj返回消息体1
2021-03-03 15:14:45 INFO  ApiTestCaseModel:63 - 测试用例qs_V1_activation_questionsAndAnswers断言完毕！！
 返回消息体msg-----成功
2021-03-03 15:14:45 INFO  ApiTestCaseModel:66 - 测试用例qs_V1_activation_questionsAndAnswers断言完毕！！
 返回消息体code-----0
2021-03-03 15:14:45 INFO  ApiTestCaseModel:72 - 测试用例qs_V1_activation_questionsAndAnswers断言完毕！！
 期待obj返回消息体3
 实际obj返回消息体3
2021-03-03 15:14:46 INFO  ApiTestCaseModel:63 - 测试用例qs_V1_activation_shareLearnPlan断言完毕！！
 返回消息体msg-----成功
2021-03-03 15:14:46 INFO  ApiTestCaseModel:66 - 测试用例qs_V1_activation_shareLearnPlan断言完毕！！
 返回消息体code-----0
2021-03-03 15:14:46 INFO  ApiTestCaseModel:63 - 测试用例qs_V1_activation_normalMode断言完毕！！
 返回消息体msg-----成功
2021-03-03 15:14:46 INFO  ApiTestCaseModel:66 - 测试用例qs_V1_activation_normalMode断言完毕！！
 返回消息体code-----0
2021-03-03 15:14:46 INFO  ApiTestCaseModel:72 - 测试用例qs_V1_activation_normalMode断言完毕！！
 期待obj返回消息体1
 实际obj返回消息体1
2021-03-03 15:14:46 INFO  ApiTestCaseModel:63 - 测试用例qs_V1_activation_submitQues断言完毕！！
 返回消息体msg-----成功
2021-03-03 15:14:46 INFO  ApiTestCaseModel:66 - 测试用例qs_V1_activation_submitQues断言完毕！！
 返回消息体code-----0
2021-03-03 15:14:46 INFO  ApiTestCaseModel:72 - 测试用例qs_V1_activation_submitQues断言完毕！！
 期待obj返回消息体4
 实际obj返回消息体4
2021-03-03 15:14:47 INFO  ApiTestCaseModel:63 - 测试用例qs_V1_activation_renewActivation断言完毕！！
 返回消息体msg-----成功
2021-03-03 15:14:47 INFO  ApiTestCaseModel:66 - 测试用例qs_V1_activation_renewActivation断言完毕！！
 返回消息体code-----0
2021-03-03 15:14:47 INFO  ApiTestCaseModel:72 - 测试用例qs_V1_activation_renewActivation断言完毕！！
 期待obj返回消息体0
 实际obj返回消息体0
2021-03-03 15:14:47 INFO  ApiTestCaseModel:63 - 测试用例qs_V1_activation_cancelQues断言完毕！！
 返回消息体msg-----成功
2021-03-03 15:14:47 INFO  ApiTestCaseModel:66 - 测试用例qs_V1_activation_cancelQues断言完毕！！
 返回消息体code-----0
2021-03-03 15:14:47 INFO  ApiTestCaseModel:72 - 测试用例qs_V1_activation_cancelQues断言完毕！！
 期待obj返回消息体0
 实际obj返回消息体0
2021-03-03 15:14:47 INFO  ApiTestCaseModel:63 - 测试用例qs_V1_knowledgePoint_syncKpVoiceRecord断言完毕！！
 返回消息体msg-----成功
2021-03-03 15:14:47 INFO  ApiTestCaseModel:66 - 测试用例qs_V1_knowledgePoint_syncKpVoiceRecord断言完毕！！
 返回消息体code-----0
2021-03-03 15:14:47 INFO  ApiTestCaseModel:69 - 返回消息obj体中为空，无需断言
2021-03-03 15:14:47 INFO  ApiTestCaseModel:63 - 测试用例qs_V1_knowledgePoint_selfModeKpList断言完毕！！
 返回消息体msg-----成功
2021-03-03 15:14:47 INFO  ApiTestCaseModel:66 - 测试用例qs_V1_knowledgePoint_selfModeKpList断言完毕！！
 返回消息体code-----0
2021-03-03 15:14:47 INFO  ApiTestCaseModel:72 - 测试用例qs_V1_knowledgePoint_selfModeKpList断言完毕！！
 期待obj返回消息体1
 实际obj返回消息体1
2021-03-03 15:14:48 INFO  ApiTestCaseModel:63 - 测试用例qs_V1_knowledgePoint_unlockKpList断言完毕！！
 返回消息体msg-----成功
2021-03-03 15:14:48 INFO  ApiTestCaseModel:66 - 测试用例qs_V1_knowledgePoint_unlockKpList断言完毕！！
 返回消息体code-----0
2021-03-03 15:14:48 INFO  ApiTestCaseModel:72 - 测试用例qs_V1_knowledgePoint_unlockKpList断言完毕！！
 期待obj返回消息体3
 实际obj返回消息体3
2021-03-03 15:14:48 INFO  ApiTestCaseModel:63 - 测试用例qs_V1_knowledgePoint_selfModeChooseKp断言完毕！！
 返回消息体msg-----成功
2021-03-03 15:14:48 INFO  ApiTestCaseModel:66 - 测试用例qs_V1_knowledgePoint_selfModeChooseKp断言完毕！！
 返回消息体code-----0
2021-03-03 15:14:48 INFO  ApiTestCaseModel:69 - 返回消息obj体中为空，无需断言
2021-03-03 15:14:48 INFO  ApiTestCaseModel:63 - 测试用例qs_V1_knowledgePoint_genKpListByMode断言完毕！！
 返回消息体msg-----成功
2021-03-03 15:14:48 INFO  ApiTestCaseModel:66 - 测试用例qs_V1_knowledgePoint_genKpListByMode断言完毕！！
 返回消息体code-----0
2021-03-03 15:14:48 INFO  ApiTestCaseModel:72 - 测试用例qs_V1_knowledgePoint_genKpListByMode断言完毕！！
 期待obj返回消息体1
 实际obj返回消息体1
2021-03-03 15:14:48 INFO  ApiTestCaseModel:63 - 测试用例qs_V1_knowledgePoint_kpDetailListByKpIds断言完毕！！
 返回消息体msg-----成功
2021-03-03 15:14:48 INFO  ApiTestCaseModel:66 - 测试用例qs_V1_knowledgePoint_kpDetailListByKpIds断言完毕！！
 返回消息体code-----0
2021-03-03 15:14:48 INFO  ApiTestCaseModel:72 - 测试用例qs_V1_knowledgePoint_kpDetailListByKpIds断言完毕！！
 期待obj返回消息体1
 实际obj返回消息体1
2021-03-03 15:14:48 INFO  ApiTestCaseModel:63 - 测试用例qs_V1_knowledgePoint_getKpVedioByKpId断言完毕！！
 返回消息体msg-----成功
2021-03-03 15:14:48 INFO  ApiTestCaseModel:66 - 测试用例qs_V1_knowledgePoint_getKpVedioByKpId断言完毕！！
 返回消息体code-----0
2021-03-03 15:14:49 INFO  ApiTestCaseModel:72 - 测试用例qs_V1_knowledgePoint_getKpVedioByKpId断言完毕！！
 期待obj返回消息体2
 实际obj返回消息体2
2021-03-03 15:14:49 INFO  ApiTestCaseModel:63 - 测试用例qs_V1_knowledgePoint_kpNoteByUserId断言完毕！！
 返回消息体msg-----成功
2021-03-03 15:14:49 INFO  ApiTestCaseModel:66 - 测试用例qs_V1_knowledgePoint_kpNoteByUserId断言完毕！！
 返回消息体code-----0
2021-03-03 15:14:49 INFO  ApiTestCaseModel:69 - 返回消息obj体中为空，无需断言
2021-03-03 15:14:49 INFO  ApiTestCaseModel:63 - 测试用例qs_V1_solveDetailCollection_collectionStatus断言完毕！！
 返回消息体msg-----成功
2021-03-03 15:14:49 INFO  ApiTestCaseModel:66 - 测试用例qs_V1_solveDetailCollection_collectionStatus断言完毕！！
 返回消息体code-----0
2021-03-03 15:14:49 INFO  ApiTestCaseModel:69 - 返回消息obj体中为空，无需断言
2021-03-03 15:14:49 INFO  ApiTestCaseModel:63 - 测试用例qs_V1_solveDetailCollection_collectionStatus断言完毕！！
 返回消息体msg-----成功
2021-03-03 15:14:49 INFO  ApiTestCaseModel:66 - 测试用例qs_V1_solveDetailCollection_collectionStatus断言完毕！！
 返回消息体code-----0
2021-03-03 15:14:49 INFO  ApiTestCaseModel:69 - 返回消息obj体中为空，无需断言
2021-03-03 15:14:49 INFO  ApiTestCaseModel:63 - 测试用例qs_V1_solveDetailCollection_myCollection断言完毕！！
 返回消息体msg-----成功
2021-03-03 15:14:49 INFO  ApiTestCaseModel:66 - 测试用例qs_V1_solveDetailCollection_myCollection断言完毕！！
 返回消息体code-----0
2021-03-03 15:14:49 INFO  ApiTestCaseModel:72 - 测试用例qs_V1_solveDetailCollection_myCollection断言完毕！！
 期待obj返回消息体5
 实际obj返回消息体5
2021-03-03 15:14:49 INFO  ApiTestCaseModel:63 - 测试用例qs_V1_task_index断言完毕！！
 返回消息体msg-----成功
2021-03-03 15:14:49 INFO  ApiTestCaseModel:66 - 测试用例qs_V1_task_index断言完毕！！
 返回消息体code-----0
2021-03-03 15:14:49 INFO  ApiTestCaseModel:72 - 测试用例qs_V1_task_index断言完毕！！
 期待obj返回消息体2
 实际obj返回消息体2
2021-03-03 15:14:50 INFO  ApiTestCaseModel:63 - 测试用例qs_V1_task_creditDetails断言完毕！！
 返回消息体msg-----成功
2021-03-03 15:14:50 INFO  ApiTestCaseModel:66 - 测试用例qs_V1_task_creditDetails断言完毕！！
 返回消息体code-----0
2021-03-03 15:14:50 INFO  ApiTestCaseModel:72 - 测试用例qs_V1_task_creditDetails断言完毕！！
 期待obj返回消息体5
 实际obj返回消息体5
2021-03-03 15:14:50 INFO  ApiTestCaseModel:63 - 测试用例qs_V1_class_index断言完毕！！
 返回消息体msg-----成功
2021-03-03 15:14:50 INFO  ApiTestCaseModel:66 - 测试用例qs_V1_class_index断言完毕！！
 返回消息体code-----0
2021-03-03 15:14:50 INFO  ApiTestCaseModel:72 - 测试用例qs_V1_class_index断言完毕！！
 期待obj返回消息体4
 实际obj返回消息体4
2021-03-03 15:14:51 INFO  ApiTestCaseModel:63 - 测试用例qs_V1_class_personData断言完毕！！
 返回消息体msg-----成功
2021-03-03 15:14:51 INFO  ApiTestCaseModel:66 - 测试用例qs_V1_class_personData断言完毕！！
 返回消息体code-----0
2021-03-03 15:14:51 INFO  ApiTestCaseModel:72 - 测试用例qs_V1_class_personData断言完毕！！
 期待obj返回消息体10
 实际obj返回消息体10
2021-03-03 15:14:51 INFO  ApiTestCaseModel:63 - 测试用例qs_V1_class_classDetail_classData断言完毕！！
 返回消息体msg-----成功
2021-03-03 15:14:51 INFO  ApiTestCaseModel:66 - 测试用例qs_V1_class_classDetail_classData断言完毕！！
 返回消息体code-----0
2021-03-03 15:14:51 INFO  ApiTestCaseModel:72 - 测试用例qs_V1_class_classDetail_classData断言完毕！！
 期待obj返回消息体5
 实际obj返回消息体5
2021-03-03 15:14:51 INFO  ApiTestCaseModel:63 - 测试用例qs_V1_class_classDetail_classReport断言完毕！！
 返回消息体msg-----成功
2021-03-03 15:14:51 INFO  ApiTestCaseModel:66 - 测试用例qs_V1_class_classDetail_classReport断言完毕！！
 返回消息体code-----0
2021-03-03 15:14:51 INFO  ApiTestCaseModel:72 - 测试用例qs_V1_class_classDetail_classReport断言完毕！！
 期待obj返回消息体8
 实际obj返回消息体8
2021-03-03 15:14:51 INFO  ApiTestCaseModel:63 - 测试用例qs_V1_class_classDetail_classRank断言完毕！！
 返回消息体msg-----成功
2021-03-03 15:14:51 INFO  ApiTestCaseModel:66 - 测试用例qs_V1_class_classDetail_classRank断言完毕！！
 返回消息体code-----0
2021-03-03 15:14:51 INFO  ApiTestCaseModel:72 - 测试用例qs_V1_class_classDetail_classRank断言完毕！！
 期待obj返回消息体1
 实际obj返回消息体1
2021-03-03 15:14:52 INFO  ApiTestCaseModel:63 - 测试用例qs_V1_class_encourage断言完毕！！
 返回消息体msg-----成功
2021-03-03 15:14:52 INFO  ApiTestCaseModel:66 - 测试用例qs_V1_class_encourage断言完毕！！
 返回消息体code-----0
2021-03-03 15:14:52 INFO  ApiTestCaseModel:69 - 返回消息obj体中为空，无需断言
2021-03-03 15:14:52 INFO  ApiTestCaseModel:63 - 测试用例qs_V1_exam_removeWrongQuesByUser断言完毕！！
 返回消息体msg-----成功
2021-03-03 15:14:52 INFO  ApiTestCaseModel:66 - 测试用例qs_V1_exam_removeWrongQuesByUser断言完毕！！
 返回消息体code-----0
2021-03-03 15:14:52 INFO  ApiTestCaseModel:72 - 测试用例qs_V1_exam_removeWrongQuesByUser断言完毕！！
 期待obj返回消息体1
 实际obj返回消息体1
2021-03-03 15:14:52 INFO  ApiTestCaseModel:63 - 测试用例qs_V1_exam_paperRecordList断言完毕！！
 返回消息体msg-----成功
2021-03-03 15:14:52 INFO  ApiTestCaseModel:66 - 测试用例qs_V1_exam_paperRecordList断言完毕！！
 返回消息体code-----0
2021-03-03 15:14:52 INFO  ApiTestCaseModel:72 - 测试用例qs_V1_exam_paperRecordList断言完毕！！
 期待obj返回消息体5
 实际obj返回消息体5
2021-03-03 15:14:52 INFO  ApiTestCaseModel:63 - 测试用例qs_V1_exam_wrongQuesByKp断言完毕！！
 返回消息体msg-----成功
2021-03-03 15:14:52 INFO  ApiTestCaseModel:66 - 测试用例qs_V1_exam_wrongQuesByKp断言完毕！！
 返回消息体code-----0
2021-03-03 15:14:52 INFO  ApiTestCaseModel:72 - 测试用例qs_V1_exam_wrongQuesByKp断言完毕！！
 期待obj返回消息体2
 实际obj返回消息体2
2021-03-03 15:14:53 INFO  ApiTestCaseModel:63 - 测试用例qs_V1_exam_smartGoToExam断言完毕！！
 返回消息体msg-----成功
2021-03-03 15:14:53 INFO  ApiTestCaseModel:66 - 测试用例qs_V1_exam_smartGoToExam断言完毕！！
 返回消息体code-----0
2021-03-03 15:14:53 INFO  ApiTestCaseModel:72 - 测试用例qs_V1_exam_smartGoToExam断言完毕！！
 期待obj返回消息体5
 实际obj返回消息体5
2021-03-03 15:14:53 INFO  ApiTestCaseModel:63 - 测试用例qs_V1_exam_cacheAnswer断言完毕！！
 返回消息体msg-----成功
2021-03-03 15:14:53 INFO  ApiTestCaseModel:66 - 测试用例qs_V1_exam_cacheAnswer断言完毕！！
 返回消息体code-----0
2021-03-03 15:14:53 INFO  ApiTestCaseModel:69 - 返回消息obj体中为空，无需断言
2021-03-03 15:14:54 INFO  ApiTestCaseModel:63 - 测试用例qs_V1_exam_correctionTypeList断言完毕！！
 返回消息体msg-----成功
2021-03-03 15:14:54 INFO  ApiTestCaseModel:66 - 测试用例qs_V1_exam_correctionTypeList断言完毕！！
 返回消息体code-----0
2021-03-03 15:14:54 INFO  ApiTestCaseModel:72 - 测试用例qs_V1_exam_correctionTypeList断言完毕！！
 期待obj返回消息体1
 实际obj返回消息体1
2021-03-03 15:14:54 INFO  ApiTestCaseModel:63 - 测试用例qs_V1_exam_subjectListByUserExtendId断言完毕！！
 返回消息体msg-----成功
2021-03-03 15:14:54 INFO  ApiTestCaseModel:66 - 测试用例qs_V1_exam_subjectListByUserExtendId断言完毕！！
 返回消息体code-----0
2021-03-03 15:14:54 INFO  ApiTestCaseModel:72 - 测试用例qs_V1_exam_subjectListByUserExtendId断言完毕！！
 期待obj返回消息体1
 实际obj返回消息体1
2021-03-03 15:14:56 INFO  ApiTestCaseModel:63 - 测试用例qs_V1_exam_getVideoPlayInfo断言完毕！！
 返回消息体msg-----成功
2021-03-03 15:14:56 INFO  ApiTestCaseModel:66 - 测试用例qs_V1_exam_getVideoPlayInfo断言完毕！！
 返回消息体code-----0
2021-03-03 15:14:56 INFO  ApiTestCaseModel:72 - 测试用例qs_V1_exam_getVideoPlayInfo断言完毕！！
 期待obj返回消息体4
 实际obj返回消息体4
2021-03-03 15:14:56 INFO  ApiTestCaseModel:63 - 测试用例qs_V1_exam_collectQues断言完毕！！
 返回消息体msg-----成功
2021-03-03 15:14:56 INFO  ApiTestCaseModel:66 - 测试用例qs_V1_exam_collectQues断言完毕！！
 返回消息体code-----0
2021-03-03 15:14:56 INFO  ApiTestCaseModel:69 - 返回消息obj体中为空，无需断言
2021-03-03 15:14:56 INFO  ApiTestCaseModel:63 - 测试用例qs_V1_exam_unCollectQues断言完毕！！
 返回消息体msg-----成功
2021-03-03 15:14:56 INFO  ApiTestCaseModel:66 - 测试用例qs_V1_exam_unCollectQues断言完毕！！
 返回消息体code-----0
2021-03-03 15:14:56 INFO  ApiTestCaseModel:69 - 返回消息obj体中为空，无需断言
2021-03-03 15:14:56 INFO  ApiTestCaseModel:63 - 测试用例qs_V1_exam_examIndex断言完毕！！
 返回消息体msg-----成功
2021-03-03 15:14:56 INFO  ApiTestCaseModel:66 - 测试用例qs_V1_exam_examIndex断言完毕！！
 返回消息体code-----0
2021-03-03 15:14:56 INFO  ApiTestCaseModel:72 - 测试用例qs_V1_exam_examIndex断言完毕！！
 期待obj返回消息体5
 实际obj返回消息体5
2021-03-03 15:14:57 INFO  ApiTestCaseModel:63 - 测试用例qs_V1_exam_smartExam断言完毕！！
 返回消息体msg-----成功
2021-03-03 15:14:57 INFO  ApiTestCaseModel:66 - 测试用例qs_V1_exam_smartExam断言完毕！！
 返回消息体code-----0
2021-03-03 15:14:57 INFO  ApiTestCaseModel:72 - 测试用例qs_V1_exam_smartExam断言完毕！！
 期待obj返回消息体3
 实际obj返回消息体3
2021-03-03 15:14:57 INFO  ApiTestCaseModel:63 - 测试用例qs_V1_exam_wrongQuesByQuesType断言完毕！！
 返回消息体msg-----成功
2021-03-03 15:14:57 INFO  ApiTestCaseModel:66 - 测试用例qs_V1_exam_wrongQuesByQuesType断言完毕！！
 返回消息体code-----0
2021-03-03 15:14:57 INFO  ApiTestCaseModel:72 - 测试用例qs_V1_exam_wrongQuesByQuesType断言完毕！！
 期待obj返回消息体2
 实际obj返回消息体2
2021-03-03 15:14:57 INFO  ApiTestCaseModel:63 - 测试用例qs_V1_exam_examAnalysis断言完毕！！
 返回消息体msg-----成功
2021-03-03 15:14:57 INFO  ApiTestCaseModel:66 - 测试用例qs_V1_exam_examAnalysis断言完毕！！
 返回消息体code-----0
2021-03-03 15:14:57 INFO  ApiTestCaseModel:72 - 测试用例qs_V1_exam_examAnalysis断言完毕！！
 期待obj返回消息体2
 实际obj返回消息体2
2021-03-03 15:14:58 INFO  ApiTestCaseModel:63 - 测试用例qs_V1_exam_wrongQuesDetail断言完毕！！
 返回消息体msg-----成功
2021-03-03 15:14:58 INFO  ApiTestCaseModel:66 - 测试用例qs_V1_exam_wrongQuesDetail断言完毕！！
 返回消息体code-----0
2021-03-03 15:14:58 INFO  ApiTestCaseModel:72 - 测试用例qs_V1_exam_wrongQuesDetail断言完毕！！
 期待obj返回消息体5
 实际obj返回消息体5
2021-03-03 15:14:58 INFO  ApiTestCaseModel:63 - 测试用例qs_V1_exam_recordView断言完毕！！
 返回消息体msg-----成功
2021-03-03 15:14:58 INFO  ApiTestCaseModel:66 - 测试用例qs_V1_exam_recordView断言完毕！！
 返回消息体code-----0
2021-03-03 15:14:58 INFO  ApiTestCaseModel:72 - 测试用例qs_V1_exam_recordView断言完毕！！
 期待obj返回消息体15
 实际obj返回消息体15
2021-03-03 15:14:58 INFO  ApiTestCaseModel:63 - 测试用例qs_V1_exam_collectQues断言完毕！！
 返回消息体msg-----成功
2021-03-03 15:14:58 INFO  ApiTestCaseModel:66 - 测试用例qs_V1_exam_collectQues断言完毕！！
 返回消息体code-----0
2021-03-03 15:14:58 INFO  ApiTestCaseModel:69 - 返回消息obj体中为空，无需断言
2021-03-03 15:14:58 INFO  ApiTestCaseModel:63 - 测试用例qs_V1_exam_unCollectQues断言完毕！！
 返回消息体msg-----成功
2021-03-03 15:14:58 INFO  ApiTestCaseModel:66 - 测试用例qs_V1_exam_unCollectQues断言完毕！！
 返回消息体code-----0
2021-03-03 15:14:58 INFO  ApiTestCaseModel:69 - 返回消息obj体中为空，无需断言
2021-03-03 15:14:59 INFO  ApiTestCaseModel:63 - 测试用例qs_V1_exam_goToExam断言完毕！！
 返回消息体msg-----成功
2021-03-03 15:14:59 INFO  ApiTestCaseModel:66 - 测试用例qs_V1_exam_goToExam断言完毕！！
 返回消息体code-----0
2021-03-03 15:14:59 INFO  ApiTestCaseModel:72 - 测试用例qs_V1_exam_goToExam断言完毕！！
 期待obj返回消息体5
 实际obj返回消息体5
2021-03-03 15:14:59 INFO  ApiTestCaseModel:63 - 测试用例qs_V1_exam_paperListByPaperType断言完毕！！
 返回消息体msg-----成功
2021-03-03 15:14:59 INFO  ApiTestCaseModel:66 - 测试用例qs_V1_exam_paperListByPaperType断言完毕！！
 返回消息体code-----0
2021-03-03 15:14:59 INFO  ApiTestCaseModel:72 - 测试用例qs_V1_exam_paperListByPaperType断言完毕！！
 期待obj返回消息体1
 实际obj返回消息体1
2021-03-03 15:14:59 INFO  ApiTestCaseModel:63 - 测试用例qs_V1_exam_questionInfo断言完毕！！
 返回消息体msg-----成功
2021-03-03 15:14:59 INFO  ApiTestCaseModel:66 - 测试用例qs_V1_exam_questionInfo断言完毕！！
 返回消息体code-----0
2021-03-03 15:14:59 INFO  ApiTestCaseModel:72 - 测试用例qs_V1_exam_questionInfo断言完毕！！
 期待obj返回消息体2
 实际obj返回消息体2
2021-03-03 15:14:59 INFO  ApiTestCaseModel:63 - 测试用例qs_V1_commentLable_commentLableList断言完毕！！
 返回消息体msg-----成功
2021-03-03 15:14:59 INFO  ApiTestCaseModel:66 - 测试用例qs_V1_commentLable_commentLableList断言完毕！！
 返回消息体code-----0
2021-03-03 15:14:59 INFO  ApiTestCaseModel:72 - 测试用例qs_V1_commentLable_commentLableList断言完毕！！
 期待obj返回消息体2
 实际obj返回消息体2
2021-03-03 15:15:00 INFO  ApiTestCaseModel:63 - 测试用例qs_V1_setting_learnProgress断言完毕！！
 返回消息体msg-----成功
2021-03-03 15:15:00 INFO  ApiTestCaseModel:66 - 测试用例qs_V1_setting_learnProgress断言完毕！！
 返回消息体code-----0
2021-03-03 15:15:00 INFO  ApiTestCaseModel:72 - 测试用例qs_V1_setting_learnProgress断言完毕！！
 期待obj返回消息体2
 实际obj返回消息体2
2021-03-03 15:15:00 INFO  ApiTestCaseModel:63 - 测试用例qs_V1_setting_learnPlanSwitch断言完毕！！
 返回消息体msg-----成功
2021-03-03 15:15:00 INFO  ApiTestCaseModel:66 - 测试用例qs_V1_setting_learnPlanSwitch断言完毕！！
 返回消息体code-----0
2021-03-03 15:15:00 INFO  ApiTestCaseModel:72 - 测试用例qs_V1_setting_learnPlanSwitch断言完毕！！
 期待obj返回消息体2
 实际obj返回消息体2
2021-03-03 15:15:00 INFO  ApiTestCaseModel:63 - 测试用例qs_V1_setting_switchTeacher断言完毕！！
 返回消息体msg-----成功
2021-03-03 15:15:00 INFO  ApiTestCaseModel:66 - 测试用例qs_V1_setting_switchTeacher断言完毕！！
 返回消息体code-----0
2021-03-03 15:15:00 INFO  ApiTestCaseModel:72 - 测试用例qs_V1_setting_switchTeacher断言完毕！！
 期待obj返回消息体1
 实际obj返回消息体1
2021-03-03 15:15:00 INFO  ApiTestCaseModel:63 - 测试用例qs_V1_setting_classSwitch断言完毕！！
 返回消息体msg-----成功
2021-03-03 15:15:00 INFO  ApiTestCaseModel:66 - 测试用例qs_V1_setting_classSwitch断言完毕！！
 返回消息体code-----0
2021-03-03 15:15:00 INFO  ApiTestCaseModel:72 - 测试用例qs_V1_setting_classSwitch断言完毕！！
 期待obj返回消息体1
 实际obj返回消息体1
2021-03-03 15:15:01 INFO  ApiTestCaseModel:63 - 测试用例qs_V1_setting_learnPlanSwitchSubmit断言完毕！！
 返回消息体msg-----成功
2021-03-03 15:15:01 INFO  ApiTestCaseModel:66 - 测试用例qs_V1_setting_learnPlanSwitchSubmit断言完毕！！
 返回消息体code-----0
2021-03-03 15:15:01 INFO  ApiTestCaseModel:69 - 返回消息obj体中为空，无需断言
2021-03-03 15:15:01 INFO  ApiTestCaseModel:63 - 测试用例qs_V1_setting_learnTime断言完毕！！
 返回消息体msg-----成功
2021-03-03 15:15:01 INFO  ApiTestCaseModel:66 - 测试用例qs_V1_setting_learnTime断言完毕！！
 返回消息体code-----0
2021-03-03 15:15:01 INFO  ApiTestCaseModel:72 - 测试用例qs_V1_setting_learnTime断言完毕！！
 期待obj返回消息体3
 实际obj返回消息体3
2021-03-03 15:15:02 INFO  ApiTestCaseModel:63 - 测试用例qs_V1_setting_learnCycleSubmit断言完毕！！
 返回消息体msg-----成功
2021-03-03 15:15:02 INFO  ApiTestCaseModel:66 - 测试用例qs_V1_setting_learnCycleSubmit断言完毕！！
 返回消息体code-----0
2021-03-03 15:15:02 INFO  ApiTestCaseModel:69 - 返回消息obj体中为空，无需断言
2021-03-03 15:15:02 INFO  ApiTestCaseModel:63 - 测试用例qs_V1_setting_learnMethodSubmit断言完毕！！
 返回消息体msg-----成功
2021-03-03 15:15:02 INFO  ApiTestCaseModel:66 - 测试用例qs_V1_setting_learnMethodSubmit断言完毕！！
 返回消息体code-----0
2021-03-03 15:15:02 INFO  ApiTestCaseModel:69 - 返回消息obj体中为空，无需断言
2021-03-03 15:15:03 INFO  ApiTestCaseModel:63 - 测试用例qs_V1_setting_restCycleSubmit断言完毕！！
 返回消息体msg-----成功
2021-03-03 15:15:03 INFO  ApiTestCaseModel:66 - 测试用例qs_V1_setting_restCycleSubmit断言完毕！！
 返回消息体code-----0
2021-03-03 15:15:03 INFO  ApiTestCaseModel:69 - 返回消息obj体中为空，无需断言
2021-03-03 15:15:03 INFO  ApiTestCaseModel:63 - 测试用例qs_V1_setting_learnMethod断言完毕！！
 返回消息体msg-----成功
2021-03-03 15:15:03 INFO  ApiTestCaseModel:66 - 测试用例qs_V1_setting_learnMethod断言完毕！！
 返回消息体code-----0
2021-03-03 15:15:03 INFO  ApiTestCaseModel:72 - 测试用例qs_V1_setting_learnMethod断言完毕！！
 期待obj返回消息体3
 实际obj返回消息体3
2021-03-03 15:15:03 INFO  ApiTestCaseModel:63 - 测试用例qs_V1_setting_index断言完毕！！
 返回消息体msg-----成功
2021-03-03 15:15:03 INFO  ApiTestCaseModel:66 - 测试用例qs_V1_setting_index断言完毕！！
 返回消息体code-----0
2021-03-03 15:15:03 INFO  ApiTestCaseModel:72 - 测试用例qs_V1_setting_index断言完毕！！
 期待obj返回消息体2
 实际obj返回消息体2
2021-03-03 15:15:03 INFO  ApiTestCaseModel:63 - 测试用例qs_V1_setting_autoCache断言完毕！！
 返回消息体msg-----成功
2021-03-03 15:15:03 INFO  ApiTestCaseModel:66 - 测试用例qs_V1_setting_autoCache断言完毕！！
 返回消息体code-----0
2021-03-03 15:15:03 INFO  ApiTestCaseModel:72 - 测试用例qs_V1_setting_autoCache断言完毕！！
 期待obj返回消息体1
 实际obj返回消息体1
2021-03-03 15:15:04 INFO  ApiTestCaseModel:63 - 测试用例qs_V1_setting_switchTeacherSubmit断言完毕！！
 返回消息体msg-----成功
2021-03-03 15:15:04 INFO  ApiTestCaseModel:66 - 测试用例qs_V1_setting_switchTeacherSubmit断言完毕！！
 返回消息体code-----0
2021-03-03 15:15:04 INFO  ApiTestCaseModel:69 - 返回消息obj体中为空，无需断言
2021-03-03 15:15:04 INFO  ApiTestCaseModel:63 - 测试用例qs_V1_setting_classSwitchSubmit断言完毕！！
 返回消息体msg-----成功
2021-03-03 15:15:04 INFO  ApiTestCaseModel:66 - 测试用例qs_V1_setting_classSwitchSubmit断言完毕！！
 返回消息体code-----0
2021-03-03 15:15:04 INFO  ApiTestCaseModel:69 - 返回消息obj体中为空，无需断言
2021-03-03 15:15:04 INFO  ApiTestCaseModel:63 - 测试用例qs_V1_setting_learnProgressSubmit断言完毕！！
 返回消息体msg-----成功
2021-03-03 15:15:05 INFO  ApiTestCaseModel:66 - 测试用例qs_V1_setting_learnProgressSubmit断言完毕！！
 返回消息体code-----0
2021-03-03 15:15:05 INFO  ApiTestCaseModel:69 - 返回消息obj体中为空，无需断言
2021-03-03 15:15:05 INFO  ApiTestCaseModel:63 - 测试用例qs_V1_replyComment_getCommentView断言完毕！！
 返回消息体msg-----成功
2021-03-03 15:15:05 INFO  ApiTestCaseModel:66 - 测试用例qs_V1_replyComment_getCommentView断言完毕！！
 返回消息体code-----0
2021-03-03 15:15:05 INFO  ApiTestCaseModel:72 - 测试用例qs_V1_replyComment_getCommentView断言完毕！！
 期待obj返回消息体4
 实际obj返回消息体4
2021-03-03 15:15:05 INFO  ApiTestCaseModel:63 - 测试用例qs_V1_replyComment_submitComment断言完毕！！
 返回消息体msg-----成功
2021-03-03 15:15:05 INFO  ApiTestCaseModel:66 - 测试用例qs_V1_replyComment_submitComment断言完毕！！
 返回消息体code-----0
2021-03-03 15:15:05 INFO  ApiTestCaseModel:69 - 返回消息obj体中为空，无需断言
2021-03-03 15:15:05 INFO  ApiTestCaseModel:63 - 测试用例qs_V2_study_startStudyQues断言完毕！！
 返回消息体msg-----成功
2021-03-03 15:15:05 INFO  ApiTestCaseModel:66 - 测试用例qs_V2_study_startStudyQues断言完毕！！
 返回消息体code-----0
2021-03-03 15:15:05 INFO  ApiTestCaseModel:72 - 测试用例qs_V2_study_startStudyQues断言完毕！！
 期待obj返回消息体2
 实际obj返回消息体2
2021-03-03 15:15:05 INFO  ApiTestCaseModel:63 - 测试用例qs_V2_course_courseByLectureId断言完毕！！
 返回消息体msg-----成功
2021-03-03 15:15:05 INFO  ApiTestCaseModel:66 - 测试用例qs_V2_course_courseByLectureId断言完毕！！
 返回消息体code-----0
2021-03-03 15:15:05 INFO  ApiTestCaseModel:72 - 测试用例qs_V2_course_courseByLectureId断言完毕！！
 期待obj返回消息体7
 实际obj返回消息体7
2021-03-03 15:15:06 INFO  ApiTestCaseModel:63 - 测试用例qs_V2_activation_submitQues断言完毕！！
 返回消息体msg-----成功
2021-03-03 15:15:06 INFO  ApiTestCaseModel:66 - 测试用例qs_V2_activation_submitQues断言完毕！！
 返回消息体code-----0
2021-03-03 15:15:06 INFO  ApiTestCaseModel:72 - 测试用例qs_V2_activation_submitQues断言完毕！！
 期待obj返回消息体4
 实际obj返回消息体4
2021-03-03 15:15:06 INFO  ApiTestCaseModel:63 - 测试用例qs_V2_activation_questionsAndAnswers断言完毕！！
 返回消息体msg-----成功
2021-03-03 15:15:06 INFO  ApiTestCaseModel:66 - 测试用例qs_V2_activation_questionsAndAnswers断言完毕！！
 返回消息体code-----0
2021-03-03 15:15:06 INFO  ApiTestCaseModel:72 - 测试用例qs_V2_activation_questionsAndAnswers断言完毕！！
 期待obj返回消息体3
 实际obj返回消息体3
2021-03-03 15:15:06 INFO  ApiTestCaseModel:63 - 测试用例qs_V2_knowledgePoint_unlockKpList断言完毕！！
 返回消息体msg-----成功
2021-03-03 15:15:06 INFO  ApiTestCaseModel:66 - 测试用例qs_V2_knowledgePoint_unlockKpList断言完毕！！
 返回消息体code-----0
2021-03-03 15:15:06 INFO  ApiTestCaseModel:72 - 测试用例qs_V2_knowledgePoint_unlockKpList断言完毕！！
 期待obj返回消息体3
 实际obj返回消息体3
2021-03-03 15:15:07 INFO  ApiTestCaseModel:63 - 测试用例qs_V2_knowledgePoint_kpDetailListByKpIds断言完毕！！
 返回消息体msg-----成功
2021-03-03 15:15:07 INFO  ApiTestCaseModel:66 - 测试用例qs_V2_knowledgePoint_kpDetailListByKpIds断言完毕！！
 返回消息体code-----0
2021-03-03 15:15:07 INFO  ApiTestCaseModel:72 - 测试用例qs_V2_knowledgePoint_kpDetailListByKpIds断言完毕！！
 期待obj返回消息体1
 实际obj返回消息体1
2021-03-03 15:15:07 INFO  ApiTestCaseModel:63 - 测试用例qs_V2_class_index断言完毕！！
 返回消息体msg-----成功
2021-03-03 15:15:07 INFO  ApiTestCaseModel:66 - 测试用例qs_V2_class_index断言完毕！！
 返回消息体code-----0
2021-03-03 15:15:07 INFO  ApiTestCaseModel:72 - 测试用例qs_V2_class_index断言完毕！！
 期待obj返回消息体4
 实际obj返回消息体4
2021-03-03 15:15:07 INFO  ApiTestCaseModel:63 - 测试用例qs_V2_exam_recordView断言完毕！！
 返回消息体msg-----成功
2021-03-03 15:15:07 INFO  ApiTestCaseModel:66 - 测试用例qs_V2_exam_recordView断言完毕！！
 返回消息体code-----0
2021-03-03 15:15:07 INFO  ApiTestCaseModel:72 - 测试用例qs_V2_exam_recordView断言完毕！！
 期待obj返回消息体15
 实际obj返回消息体15
2021-03-03 15:15:08 INFO  ApiTestCaseModel:63 - 测试用例qs_V2_exam_goToExam断言完毕！！
 返回消息体msg-----成功
2021-03-03 15:15:08 INFO  ApiTestCaseModel:66 - 测试用例qs_V2_exam_goToExam断言完毕！！
 返回消息体code-----0
2021-03-03 15:15:08 INFO  ApiTestCaseModel:72 - 测试用例qs_V2_exam_goToExam断言完毕！！
 期待obj返回消息体5
 实际obj返回消息体5
2021-03-03 15:15:08 INFO  ApiTestCaseModel:63 - 测试用例qs_V2_setting_switchTeacher断言完毕！！
 返回消息体msg-----成功
2021-03-03 15:15:08 INFO  ApiTestCaseModel:66 - 测试用例qs_V2_setting_switchTeacher断言完毕！！
 返回消息体code-----0
2021-03-03 15:15:08 INFO  ApiTestCaseModel:72 - 测试用例qs_V2_setting_switchTeacher断言完毕！！
 期待obj返回消息体1
 实际obj返回消息体1
2021-03-03 15:15:08 INFO  ApiTestCaseModel:63 - 测试用例qs_V3_study_updateStudyStatusAndChatRecord断言完毕！！
 返回消息体msg-----成功
2021-03-03 15:15:08 INFO  ApiTestCaseModel:66 - 测试用例qs_V3_study_updateStudyStatusAndChatRecord断言完毕！！
 返回消息体code-----0
2021-03-03 15:15:08 INFO  ApiTestCaseModel:72 - 测试用例qs_V3_study_updateStudyStatusAndChatRecord断言完毕！！
 期待obj返回消息体0
 实际obj返回消息体0
2021-03-03 15:15:08 INFO  ApiTestCaseModel:63 - 测试用例qs_V3_study_startStudyQues断言完毕！！
 返回消息体msg-----成功
2021-03-03 15:15:08 INFO  ApiTestCaseModel:66 - 测试用例qs_V3_study_startStudyQues断言完毕！！
 返回消息体code-----0
2021-03-03 15:15:08 INFO  ApiTestCaseModel:72 - 测试用例qs_V3_study_startStudyQues断言完毕！！
 期待obj返回消息体2
 实际obj返回消息体2
2021-03-03 15:15:09 INFO  ApiTestCaseModel:63 - 测试用例qs_V3_study_startStudyAnswer断言完毕！！
 返回消息体msg-----成功
2021-03-03 15:15:09 INFO  ApiTestCaseModel:66 - 测试用例qs_V3_study_startStudyAnswer断言完毕！！
 返回消息体code-----0
2021-03-03 15:15:09 INFO  ApiTestCaseModel:72 - 测试用例qs_V3_study_startStudyAnswer断言完毕！！
 期待obj返回消息体2
 实际obj返回消息体2
2021-03-03 15:15:09 INFO  ApiTestCaseModel:63 - 测试用例qs_V3_study_index断言完毕！！
 返回消息体msg-----成功
2021-03-03 15:15:09 INFO  ApiTestCaseModel:66 - 测试用例qs_V3_study_index断言完毕！！
 返回消息体code-----0
2021-03-03 15:15:09 INFO  ApiTestCaseModel:72 - 测试用例qs_V3_study_index断言完毕！！
 期待obj返回消息体3
 实际obj返回消息体3
2021-03-03 15:15:09 INFO  ApiTestCaseModel:63 - 测试用例qs_V3_curriculum_classSchedule断言完毕！！
 返回消息体msg-----成功
2021-03-03 15:15:09 INFO  ApiTestCaseModel:66 - 测试用例qs_V3_curriculum_classSchedule断言完毕！！
 返回消息体code-----0
2021-03-03 15:15:09 INFO  ApiTestCaseModel:69 - 返回消息obj体中为空，无需断言
2021-03-03 15:15:09 INFO  ApiTestCaseModel:63 - 测试用例qs_V3_curriculum_dayList断言完毕！！
 返回消息体msg-----成功
2021-03-03 15:15:09 INFO  ApiTestCaseModel:66 - 测试用例qs_V3_curriculum_dayList断言完毕！！
 返回消息体code-----0
2021-03-03 15:15:09 INFO  ApiTestCaseModel:72 - 测试用例qs_V3_curriculum_dayList断言完毕！！
 期待obj返回消息体1
 实际obj返回消息体1
2021-03-03 15:15:10 INFO  ApiTestCaseModel:63 - 测试用例qs_V3_marketingMessage_getMarketingMessageDetail断言完毕！！
 返回消息体msg-----成功
2021-03-03 15:15:10 INFO  ApiTestCaseModel:66 - 测试用例qs_V3_marketingMessage_getMarketingMessageDetail断言完毕！！
 返回消息体code-----0
2021-03-03 15:15:10 INFO  ApiTestCaseModel:72 - 测试用例qs_V3_marketingMessage_getMarketingMessageDetail断言完毕！！
 期待obj返回消息体3
 实际obj返回消息体3
2021-03-03 15:15:10 INFO  ApiTestCaseModel:63 - 测试用例qs_V3_shop_redeemNow断言完毕！！
 返回消息体msg-----成功
2021-03-03 15:15:10 INFO  ApiTestCaseModel:66 - 测试用例qs_V3_shop_redeemNow断言完毕！！
 返回消息体code-----0
2021-03-03 15:15:10 INFO  ApiTestCaseModel:72 - 测试用例qs_V3_shop_redeemNow断言完毕！！
 期待obj返回消息体5
 实际obj返回消息体5
2021-03-03 15:15:10 INFO  ApiTestCaseModel:63 - 测试用例qs_V3_shop_index断言完毕！！
 返回消息体msg-----成功
2021-03-03 15:15:10 INFO  ApiTestCaseModel:66 - 测试用例qs_V3_shop_index断言完毕！！
 返回消息体code-----0
2021-03-03 15:15:10 INFO  ApiTestCaseModel:72 - 测试用例qs_V3_shop_index断言完毕！！
 期待obj返回消息体6
 实际obj返回消息体6
2021-03-03 15:15:10 INFO  ApiTestCaseModel:63 - 测试用例qs_V3_shop_redeemRecords断言完毕！！
 返回消息体msg-----成功
2021-03-03 15:15:10 INFO  ApiTestCaseModel:66 - 测试用例qs_V3_shop_redeemRecords断言完毕！！
 返回消息体code-----0
2021-03-03 15:15:11 INFO  ApiTestCaseModel:63 - 测试用例qs_V3_shop_confirmRedemption断言完毕！！
 返回消息体msg-----成功
2021-03-03 15:15:11 INFO  ApiTestCaseModel:66 - 测试用例qs_V3_shop_confirmRedemption断言完毕！！
 返回消息体code-----0
2021-03-03 15:15:11 INFO  ApiTestCaseModel:72 - 测试用例qs_V3_shop_confirmRedemption断言完毕！！
 期待obj返回消息体3
 实际obj返回消息体3
2021-03-03 15:15:11 INFO  ApiTestCaseModel:63 - 测试用例qs_V3_chatRecord_chatRecordList断言完毕！！
 返回消息体msg-----成功
2021-03-03 15:15:11 INFO  ApiTestCaseModel:66 - 测试用例qs_V3_chatRecord_chatRecordList断言完毕！！
 返回消息体code-----0
2021-03-03 15:15:11 INFO  ApiTestCaseModel:72 - 测试用例qs_V3_chatRecord_chatRecordList断言完毕！！
 期待obj返回消息体5
 实际obj返回消息体5
2021-03-03 15:15:12 INFO  ApiTestCaseModel:63 - 测试用例qs_V3_task_voucherData断言完毕！！
 返回消息体msg-----成功
2021-03-03 15:15:12 INFO  ApiTestCaseModel:66 - 测试用例qs_V3_task_voucherData断言完毕！！
 返回消息体code-----0
2021-03-03 15:15:12 INFO  ApiTestCaseModel:72 - 测试用例qs_V3_task_voucherData断言完毕！！
 期待obj返回消息体6
 实际obj返回消息体6
2021-03-03 15:15:12 INFO  ApiTestCaseModel:63 - 测试用例qs_V3_task_creditData断言完毕！！
 返回消息体msg-----成功
2021-03-03 15:15:12 INFO  ApiTestCaseModel:66 - 测试用例qs_V3_task_creditData断言完毕！！
 返回消息体code-----0
2021-03-03 15:15:12 INFO  ApiTestCaseModel:72 - 测试用例qs_V3_task_creditData断言完毕！！
 期待obj返回消息体6
 实际obj返回消息体6
2021-03-03 15:15:12 INFO  ApiTestCaseModel:63 - 测试用例qs_V3_class_classDetail_classData断言完毕！！
 返回消息体msg-----成功
2021-03-03 15:15:12 INFO  ApiTestCaseModel:66 - 测试用例qs_V3_class_classDetail_classData断言完毕！！
 返回消息体code-----0
2021-03-03 15:15:12 INFO  ApiTestCaseModel:72 - 测试用例qs_V3_class_classDetail_classData断言完毕！！
 期待obj返回消息体5
 实际obj返回消息体5
2021-03-03 15:15:12 INFO  ApiTestCaseModel:63 - 测试用例qs_V3_setting_renewActive断言完毕！！
 返回消息体msg-----成功
2021-03-03 15:15:12 INFO  ApiTestCaseModel:66 - 测试用例qs_V3_setting_renewActive断言完毕！！
 返回消息体code-----0
2021-03-03 16:15:36 INFO  ApiTestCaseModel:63 - 测试用例qs_V1_study_startStudyQues断言完毕！！
 返回消息体msg-----成功
2021-03-03 16:15:36 INFO  ApiTestCaseModel:66 - 测试用例qs_V1_study_startStudyQues断言完毕！！
 返回消息体code-----0
2021-03-03 16:15:36 INFO  ApiTestCaseModel:72 - 测试用例qs_V1_study_startStudyQues断言完毕！！
 期待obj返回消息体1
 实际obj返回消息体1
2021-03-03 16:15:37 INFO  ApiTestCaseModel:63 - 测试用例qs_V1_study_index断言完毕！！
 返回消息体msg-----成功
2021-03-03 16:15:37 INFO  ApiTestCaseModel:66 - 测试用例qs_V1_study_index断言完毕！！
 返回消息体code-----0
2021-03-03 16:15:37 INFO  ApiTestCaseModel:72 - 测试用例qs_V1_study_index断言完毕！！
 期待obj返回消息体3
 实际obj返回消息体3
2021-03-03 16:15:37 INFO  ApiTestCaseModel:63 - 测试用例qs_V1_study_getTodayLecture断言完毕！！
 返回消息体msg-----成功
2021-03-03 16:15:37 INFO  ApiTestCaseModel:66 - 测试用例qs_V1_study_getTodayLecture断言完毕！！
 返回消息体code-----0
2021-03-03 16:15:37 INFO  ApiTestCaseModel:72 - 测试用例qs_V1_study_getTodayLecture断言完毕！！
 期待obj返回消息体1
 实际obj返回消息体1
2021-03-03 16:15:37 INFO  ApiTestCaseModel:63 - 测试用例qs_V1_study_systemStatus断言完毕！！
 返回消息体msg-----成功
2021-03-03 16:15:37 INFO  ApiTestCaseModel:66 - 测试用例qs_V1_study_systemStatus断言完毕！！
 返回消息体code-----0
2021-03-03 16:15:37 INFO  ApiTestCaseModel:72 - 测试用例qs_V1_study_systemStatus断言完毕！！
 期待obj返回消息体9
 实际obj返回消息体9
2021-03-03 16:15:38 INFO  ApiTestCaseModel:63 - 测试用例qs_V1_study_shareStudyReport断言完毕！！
 返回消息体msg-----成功
2021-03-03 16:15:38 INFO  ApiTestCaseModel:66 - 测试用例qs_V1_study_shareStudyReport断言完毕！！
 返回消息体code-----0
2021-03-03 16:15:38 INFO  ApiTestCaseModel:72 - 测试用例qs_V1_study_shareStudyReport断言完毕！！
 期待obj返回消息体1
 实际obj返回消息体1
2021-03-03 16:15:38 INFO  ApiTestCaseModel:63 - 测试用例qs_V1_study_startStudyAnswer断言完毕！！
 返回消息体msg-----成功
2021-03-03 16:15:38 INFO  ApiTestCaseModel:66 - 测试用例qs_V1_study_startStudyAnswer断言完毕！！
 返回消息体code-----0
2021-03-03 16:15:38 INFO  ApiTestCaseModel:72 - 测试用例qs_V1_study_startStudyAnswer断言完毕！！
 期待obj返回消息体2
 实际obj返回消息体2
2021-03-03 16:15:39 INFO  ApiTestCaseModel:63 - 测试用例qs_V1_course_courseTimeConfig断言完毕！！
 返回消息体msg-----成功
2021-03-03 16:15:39 INFO  ApiTestCaseModel:66 - 测试用例qs_V1_course_courseTimeConfig断言完毕！！
 返回消息体code-----0
2021-03-03 16:15:39 INFO  ApiTestCaseModel:72 - 测试用例qs_V1_course_courseTimeConfig断言完毕！！
 期待obj返回消息体2
 实际obj返回消息体2
2021-03-03 16:15:39 INFO  ApiTestCaseModel:63 - 测试用例qs_V1_course_resetRoomUserStatus断言完毕！！
 返回消息体msg-----成功
2021-03-03 16:15:39 INFO  ApiTestCaseModel:66 - 测试用例qs_V1_course_resetRoomUserStatus断言完毕！！
 返回消息体code-----0
2021-03-03 16:15:39 INFO  ApiTestCaseModel:69 - 返回消息obj体中为空，无需断言
2021-03-03 16:15:40 INFO  ApiTestCaseModel:63 - 测试用例qs_V1_course_courseByKpId断言完毕！！
 返回消息体msg-----成功
2021-03-03 16:15:40 INFO  ApiTestCaseModel:66 - 测试用例qs_V1_course_courseByKpId断言完毕！！
 返回消息体code-----0
2021-03-03 16:15:40 INFO  ApiTestCaseModel:72 - 测试用例qs_V1_course_courseByKpId断言完毕！！
 期待obj返回消息体8
 实际obj返回消息体8
2021-03-03 16:15:40 INFO  ApiTestCaseModel:63 - 测试用例qs_V1_course_courseByLectureId断言完毕！！
 返回消息体msg-----成功
2021-03-03 16:15:40 INFO  ApiTestCaseModel:66 - 测试用例qs_V1_course_courseByLectureId断言完毕！！
 返回消息体code-----0
2021-03-03 16:15:40 INFO  ApiTestCaseModel:72 - 测试用例qs_V1_course_courseByLectureId断言完毕！！
 期待obj返回消息体7
 实际obj返回消息体7
2021-03-03 16:15:40 INFO  ApiTestCaseModel:63 - 测试用例qs_V1_course_teacherListByLectureId断言完毕！！
 返回消息体msg-----成功
2021-03-03 16:15:40 INFO  ApiTestCaseModel:66 - 测试用例qs_V1_course_teacherListByLectureId断言完毕！！
 返回消息体code-----0
2021-03-03 16:15:40 INFO  ApiTestCaseModel:72 - 测试用例qs_V1_course_teacherListByLectureId断言完毕！！
 期待obj返回消息体1
 实际obj返回消息体1
2021-03-03 16:15:40 INFO  ApiTestCaseModel:63 - 测试用例qs_V1_course_doShareRoom断言完毕！！
 返回消息体msg-----成功
2021-03-03 16:15:40 INFO  ApiTestCaseModel:66 - 测试用例qs_V1_course_doShareRoom断言完毕！！
 返回消息体code-----0
2021-03-03 16:15:40 INFO  ApiTestCaseModel:69 - 返回消息obj体中为空，无需断言
2021-03-03 16:15:41 INFO  ApiTestCaseModel:63 - 测试用例qs_V1_course_submitTimeConfigAnswer断言完毕！！
 返回消息体msg-----成功
2021-03-03 16:15:41 INFO  ApiTestCaseModel:66 - 测试用例qs_V1_course_submitTimeConfigAnswer断言完毕！！
 返回消息体code-----0
2021-03-03 16:15:41 INFO  ApiTestCaseModel:69 - 返回消息obj体中为空，无需断言
2021-03-03 16:15:41 INFO  ApiTestCaseModel:63 - 测试用例qs_V1_course_genUserSign断言完毕！！
 返回消息体msg-----成功
2021-03-03 16:15:41 INFO  ApiTestCaseModel:66 - 测试用例qs_V1_course_genUserSign断言完毕！！
 返回消息体code-----0
2021-03-03 16:15:41 INFO  ApiTestCaseModel:72 - 测试用例qs_V1_course_genUserSign断言完毕！！
 期待obj返回消息体1
 实际obj返回消息体1
2021-03-03 16:15:41 INFO  ApiTestCaseModel:63 - 测试用例qs_V1_course_getLecturePlayInfoByRoomId断言完毕！！
 返回消息体msg-----成功
2021-03-03 16:15:41 INFO  ApiTestCaseModel:66 - 测试用例qs_V1_course_getLecturePlayInfoByRoomId断言完毕！！
 返回消息体code-----0
2021-03-03 16:15:41 INFO  ApiTestCaseModel:72 - 测试用例qs_V1_course_getLecturePlayInfoByRoomId断言完毕！！
 期待obj返回消息体19
 实际obj返回消息体19
2021-03-03 16:15:41 INFO  ApiTestCaseModel:63 - 测试用例qs_V1_course_lectureVideoInfo断言完毕！！
 返回消息体msg-----成功
2021-03-03 16:15:41 INFO  ApiTestCaseModel:66 - 测试用例qs_V1_course_lectureVideoInfo断言完毕！！
 返回消息体code-----0
2021-03-03 16:15:41 INFO  ApiTestCaseModel:72 - 测试用例qs_V1_course_lectureVideoInfo断言完毕！！
 期待obj返回消息体6
 实际obj返回消息体6
2021-03-03 16:15:42 INFO  ApiTestCaseModel:63 - 测试用例qs_V1_course_kpCardByLectureId断言完毕！！
 返回消息体msg-----成功
2021-03-03 16:15:42 INFO  ApiTestCaseModel:66 - 测试用例qs_V1_course_kpCardByLectureId断言完毕！！
 返回消息体code-----0
2021-03-03 16:15:42 INFO  ApiTestCaseModel:72 - 测试用例qs_V1_course_kpCardByLectureId断言完毕！！
 期待obj返回消息体1
 实际obj返回消息体1
2021-03-03 16:15:42 INFO  ApiTestCaseModel:63 - 测试用例qs_V1_course_roomListByLectureIds断言完毕！！
 返回消息体msg-----成功
2021-03-03 16:15:42 INFO  ApiTestCaseModel:66 - 测试用例qs_V1_course_roomListByLectureIds断言完毕！！
 返回消息体code-----0
2021-03-03 16:15:42 INFO  ApiTestCaseModel:72 - 测试用例qs_V1_course_roomListByLectureIds断言完毕！！
 期待obj返回消息体1
 实际obj返回消息体1
2021-03-03 16:15:42 INFO  ApiTestCaseModel:63 - 测试用例qs_V1_course_courseHandoutByLectureId断言完毕！！
 返回消息体msg-----成功
2021-03-03 16:15:42 INFO  ApiTestCaseModel:66 - 测试用例qs_V1_course_courseHandoutByLectureId断言完毕！！
 返回消息体code-----0
2021-03-03 16:15:42 INFO  ApiTestCaseModel:72 - 测试用例qs_V1_course_courseHandoutByLectureId断言完毕！！
 期待obj返回消息体7
 实际obj返回消息体7
2021-03-03 16:15:42 INFO  ApiTestCaseModel:63 - 测试用例qs_V1_course_syncTimeConfig断言完毕！！
 返回消息体msg-----成功
2021-03-03 16:15:42 INFO  ApiTestCaseModel:66 - 测试用例qs_V1_course_syncTimeConfig断言完毕！！
 返回消息体code-----0
2021-03-03 16:15:42 INFO  ApiTestCaseModel:69 - 返回消息obj体中为空，无需断言
2021-03-03 16:15:43 INFO  ApiTestCaseModel:63 - 测试用例qs_V1_course_syncCourseRecord断言完毕！！
 返回消息体msg-----成功
2021-03-03 16:15:43 INFO  ApiTestCaseModel:66 - 测试用例qs_V1_course_syncCourseRecord断言完毕！！
 返回消息体code-----0
2021-03-03 16:15:43 INFO  ApiTestCaseModel:69 - 返回消息obj体中为空，无需断言
2021-03-03 17:03:46 INFO  ApiTestCaseModel:63 - 测试用例qs_V1_study_startStudyQues断言完毕！！
 返回消息体msg-----成功
2021-03-03 17:03:47 INFO  ApiTestCaseModel:66 - 测试用例qs_V1_study_startStudyQues断言完毕！！
 返回消息体code-----0
2021-03-03 17:03:47 INFO  ApiTestCaseModel:72 - 测试用例qs_V1_study_startStudyQues断言完毕！！
 期待obj返回消息体1
 实际obj返回消息体1
2021-03-03 17:03:47 INFO  ApiTestCaseModel:63 - 测试用例qs_V1_study_index断言完毕！！
 返回消息体msg-----成功
2021-03-03 17:03:47 INFO  ApiTestCaseModel:66 - 测试用例qs_V1_study_index断言完毕！！
 返回消息体code-----0
2021-03-03 17:03:47 INFO  ApiTestCaseModel:72 - 测试用例qs_V1_study_index断言完毕！！
 期待obj返回消息体3
 实际obj返回消息体3
2021-03-03 17:03:47 INFO  ApiTestCaseModel:63 - 测试用例qs_V1_study_getTodayLecture断言完毕！！
 返回消息体msg-----成功
2021-03-03 17:03:47 INFO  ApiTestCaseModel:66 - 测试用例qs_V1_study_getTodayLecture断言完毕！！
 返回消息体code-----0
2021-03-03 17:03:47 INFO  ApiTestCaseModel:72 - 测试用例qs_V1_study_getTodayLecture断言完毕！！
 期待obj返回消息体1
 实际obj返回消息体1
2021-03-03 17:03:47 INFO  ApiTestCaseModel:63 - 测试用例qs_V1_study_systemStatus断言完毕！！
 返回消息体msg-----成功
2021-03-03 17:03:47 INFO  ApiTestCaseModel:66 - 测试用例qs_V1_study_systemStatus断言完毕！！
 返回消息体code-----0
2021-03-03 17:03:47 INFO  ApiTestCaseModel:72 - 测试用例qs_V1_study_systemStatus断言完毕！！
 期待obj返回消息体9
 实际obj返回消息体9
2021-03-03 17:03:48 INFO  ApiTestCaseModel:63 - 测试用例qs_V1_study_shareStudyReport断言完毕！！
 返回消息体msg-----成功
2021-03-03 17:03:48 INFO  ApiTestCaseModel:66 - 测试用例qs_V1_study_shareStudyReport断言完毕！！
 返回消息体code-----0
2021-03-03 17:03:48 INFO  ApiTestCaseModel:72 - 测试用例qs_V1_study_shareStudyReport断言完毕！！
 期待obj返回消息体1
 实际obj返回消息体1
2021-03-03 17:03:49 INFO  ApiTestCaseModel:63 - 测试用例qs_V1_study_startStudyAnswer断言完毕！！
 返回消息体msg-----成功
2021-03-03 17:03:49 INFO  ApiTestCaseModel:66 - 测试用例qs_V1_study_startStudyAnswer断言完毕！！
 返回消息体code-----0
2021-03-03 17:03:49 INFO  ApiTestCaseModel:72 - 测试用例qs_V1_study_startStudyAnswer断言完毕！！
 期待obj返回消息体2
 实际obj返回消息体2
2021-03-03 17:03:49 INFO  ApiTestCaseModel:63 - 测试用例qs_V1_course_courseTimeConfig断言完毕！！
 返回消息体msg-----成功
2021-03-03 17:03:49 INFO  ApiTestCaseModel:66 - 测试用例qs_V1_course_courseTimeConfig断言完毕！！
 返回消息体code-----0
2021-03-03 17:03:49 INFO  ApiTestCaseModel:72 - 测试用例qs_V1_course_courseTimeConfig断言完毕！！
 期待obj返回消息体2
 实际obj返回消息体2
2021-03-03 17:03:49 INFO  ApiTestCaseModel:63 - 测试用例qs_V1_course_resetRoomUserStatus断言完毕！！
 返回消息体msg-----成功
2021-03-03 17:03:49 INFO  ApiTestCaseModel:66 - 测试用例qs_V1_course_resetRoomUserStatus断言完毕！！
 返回消息体code-----0
2021-03-03 17:03:49 INFO  ApiTestCaseModel:69 - 返回消息obj体中为空，无需断言
2021-03-03 17:03:49 INFO  ApiTestCaseModel:63 - 测试用例qs_V1_course_courseByKpId断言完毕！！
 返回消息体msg-----成功
2021-03-03 17:03:49 INFO  ApiTestCaseModel:66 - 测试用例qs_V1_course_courseByKpId断言完毕！！
 返回消息体code-----0
2021-03-03 17:03:49 INFO  ApiTestCaseModel:72 - 测试用例qs_V1_course_courseByKpId断言完毕！！
 期待obj返回消息体8
 实际obj返回消息体8
2021-03-03 17:03:50 INFO  ApiTestCaseModel:63 - 测试用例qs_V1_course_courseByLectureId断言完毕！！
 返回消息体msg-----成功
2021-03-03 17:03:50 INFO  ApiTestCaseModel:66 - 测试用例qs_V1_course_courseByLectureId断言完毕！！
 返回消息体code-----0
2021-03-03 17:03:50 INFO  ApiTestCaseModel:72 - 测试用例qs_V1_course_courseByLectureId断言完毕！！
 期待obj返回消息体7
 实际obj返回消息体7
2021-03-03 17:03:50 INFO  ApiTestCaseModel:63 - 测试用例qs_V1_course_teacherListByLectureId断言完毕！！
 返回消息体msg-----成功
2021-03-03 17:03:50 INFO  ApiTestCaseModel:66 - 测试用例qs_V1_course_teacherListByLectureId断言完毕！！
 返回消息体code-----0
2021-03-03 17:03:50 INFO  ApiTestCaseModel:72 - 测试用例qs_V1_course_teacherListByLectureId断言完毕！！
 期待obj返回消息体1
 实际obj返回消息体1
2021-03-03 17:03:50 INFO  ApiTestCaseModel:63 - 测试用例qs_V1_course_doShareRoom断言完毕！！
 返回消息体msg-----成功
2021-03-03 17:03:50 INFO  ApiTestCaseModel:66 - 测试用例qs_V1_course_doShareRoom断言完毕！！
 返回消息体code-----0
2021-03-03 17:03:50 INFO  ApiTestCaseModel:69 - 返回消息obj体中为空，无需断言
2021-03-03 17:03:50 INFO  ApiTestCaseModel:63 - 测试用例qs_V1_course_submitTimeConfigAnswer断言完毕！！
 返回消息体msg-----成功
2021-03-03 17:03:50 INFO  ApiTestCaseModel:66 - 测试用例qs_V1_course_submitTimeConfigAnswer断言完毕！！
 返回消息体code-----0
2021-03-03 17:03:50 INFO  ApiTestCaseModel:69 - 返回消息obj体中为空，无需断言
2021-03-03 17:03:50 INFO  ApiTestCaseModel:63 - 测试用例qs_V1_course_genUserSign断言完毕！！
 返回消息体msg-----成功
2021-03-03 17:03:50 INFO  ApiTestCaseModel:66 - 测试用例qs_V1_course_genUserSign断言完毕！！
 返回消息体code-----0
2021-03-03 17:03:50 INFO  ApiTestCaseModel:72 - 测试用例qs_V1_course_genUserSign断言完毕！！
 期待obj返回消息体1
 实际obj返回消息体1
2021-03-03 17:03:51 INFO  ApiTestCaseModel:63 - 测试用例qs_V1_course_getLecturePlayInfoByRoomId断言完毕！！
 返回消息体msg-----成功
2021-03-03 17:03:51 INFO  ApiTestCaseModel:66 - 测试用例qs_V1_course_getLecturePlayInfoByRoomId断言完毕！！
 返回消息体code-----0
2021-03-03 17:03:51 INFO  ApiTestCaseModel:72 - 测试用例qs_V1_course_getLecturePlayInfoByRoomId断言完毕！！
 期待obj返回消息体19
 实际obj返回消息体19
2021-03-03 17:03:51 INFO  ApiTestCaseModel:63 - 测试用例qs_V1_course_lectureVideoInfo断言完毕！！
 返回消息体msg-----成功
2021-03-03 17:03:51 INFO  ApiTestCaseModel:66 - 测试用例qs_V1_course_lectureVideoInfo断言完毕！！
 返回消息体code-----0
2021-03-03 17:03:51 INFO  ApiTestCaseModel:72 - 测试用例qs_V1_course_lectureVideoInfo断言完毕！！
 期待obj返回消息体6
 实际obj返回消息体6
2021-03-03 17:03:51 INFO  ApiTestCaseModel:63 - 测试用例qs_V1_course_kpCardByLectureId断言完毕！！
 返回消息体msg-----成功
2021-03-03 17:03:51 INFO  ApiTestCaseModel:66 - 测试用例qs_V1_course_kpCardByLectureId断言完毕！！
 返回消息体code-----0
2021-03-03 17:03:51 INFO  ApiTestCaseModel:72 - 测试用例qs_V1_course_kpCardByLectureId断言完毕！！
 期待obj返回消息体1
 实际obj返回消息体1
2021-03-03 17:03:51 INFO  ApiTestCaseModel:63 - 测试用例qs_V1_course_roomListByLectureIds断言完毕！！
 返回消息体msg-----成功
2021-03-03 17:03:51 INFO  ApiTestCaseModel:66 - 测试用例qs_V1_course_roomListByLectureIds断言完毕！！
 返回消息体code-----0
2021-03-03 17:03:51 INFO  ApiTestCaseModel:72 - 测试用例qs_V1_course_roomListByLectureIds断言完毕！！
 期待obj返回消息体1
 实际obj返回消息体1
2021-03-03 17:03:52 INFO  ApiTestCaseModel:63 - 测试用例qs_V1_course_courseHandoutByLectureId断言完毕！！
 返回消息体msg-----成功
2021-03-03 17:03:52 INFO  ApiTestCaseModel:66 - 测试用例qs_V1_course_courseHandoutByLectureId断言完毕！！
 返回消息体code-----0
2021-03-03 17:03:52 INFO  ApiTestCaseModel:72 - 测试用例qs_V1_course_courseHandoutByLectureId断言完毕！！
 期待obj返回消息体7
 实际obj返回消息体7
2021-03-03 17:03:52 INFO  ApiTestCaseModel:63 - 测试用例qs_V1_course_syncTimeConfig断言完毕！！
 返回消息体msg-----成功
2021-03-03 17:03:52 INFO  ApiTestCaseModel:66 - 测试用例qs_V1_course_syncTimeConfig断言完毕！！
 返回消息体code-----0
2021-03-03 17:03:52 INFO  ApiTestCaseModel:69 - 返回消息obj体中为空，无需断言
2021-03-03 17:03:52 INFO  ApiTestCaseModel:63 - 测试用例qs_V1_course_syncCourseRecord断言完毕！！
 返回消息体msg-----成功
2021-03-03 17:03:52 INFO  ApiTestCaseModel:66 - 测试用例qs_V1_course_syncCourseRecord断言完毕！！
 返回消息体code-----0
2021-03-03 17:03:52 INFO  ApiTestCaseModel:69 - 返回消息obj体中为空，无需断言
2021-03-03 17:03:54 INFO  ApiTestCaseModel:63 - 测试用例qs_V1_course_createRoom断言完毕！！
 返回消息体msg-----成功
2021-03-03 17:03:55 INFO  ApiTestCaseModel:66 - 测试用例qs_V1_course_createRoom断言完毕！！
 返回消息体code-----0
2021-03-03 17:03:55 INFO  ApiTestCaseModel:72 - 测试用例qs_V1_course_createRoom断言完毕！！
 期待obj返回消息体6
 实际obj返回消息体6
2021-03-03 17:03:55 INFO  ApiTestCaseModel:63 - 测试用例qs_V1_course_lectureVideoInfoWithLog断言完毕！！
 返回消息体msg-----成功
2021-03-03 17:03:55 INFO  ApiTestCaseModel:66 - 测试用例qs_V1_course_lectureVideoInfoWithLog断言完毕！！
 返回消息体code-----0
2021-03-03 17:03:55 INFO  ApiTestCaseModel:72 - 测试用例qs_V1_course_lectureVideoInfoWithLog断言完毕！！
 期待obj返回消息体4
 实际obj返回消息体4
2021-03-03 17:03:55 INFO  ApiTestCaseModel:63 - 测试用例qs_V1_solve_solveDetail断言完毕！！
 返回消息体msg-----成功
2021-03-03 17:03:55 INFO  ApiTestCaseModel:66 - 测试用例qs_V1_solve_solveDetail断言完毕！！
 返回消息体code-----0
2021-03-03 17:03:55 INFO  ApiTestCaseModel:72 - 测试用例qs_V1_solve_solveDetail断言完毕！！
 期待obj返回消息体9
 实际obj返回消息体9
2021-03-03 17:03:55 INFO  ApiTestCaseModel:63 - 测试用例qs_V1_solve_askAndReplyList断言完毕！！
 返回消息体msg-----成功
2021-03-03 17:03:55 INFO  ApiTestCaseModel:66 - 测试用例qs_V1_solve_askAndReplyList断言完毕！！
 返回消息体code-----0
2021-03-03 17:03:55 INFO  ApiTestCaseModel:72 - 测试用例qs_V1_solve_askAndReplyList断言完毕！！
 期待obj返回消息体1
 实际obj返回消息体1
2021-03-03 17:03:55 INFO  ApiTestCaseModel:63 - 测试用例qs_V1_solve_saveAskQuestion断言完毕！！
 返回消息体msg-----成功
2021-03-03 17:03:55 INFO  ApiTestCaseModel:66 - 测试用例qs_V1_solve_saveAskQuestion断言完毕！！
 返回消息体code-----0
2021-03-03 17:03:55 INFO  ApiTestCaseModel:69 - 返回消息obj体中为空，无需断言
2021-03-03 17:03:56 INFO  ApiTestCaseModel:63 - 测试用例qs_V1_solve_saveAgainAskQuestion断言完毕！！
 返回消息体msg-----成功
2021-03-03 17:03:56 INFO  ApiTestCaseModel:66 - 测试用例qs_V1_solve_saveAgainAskQuestion断言完毕！！
 返回消息体code-----0
2021-03-03 17:03:56 INFO  ApiTestCaseModel:69 - 返回消息obj体中为空，无需断言
2021-03-03 17:03:56 INFO  ApiTestCaseModel:63 - 测试用例qs_V1_solve_getReplyExpireMsg断言完毕！！
 返回消息体msg-----成功
2021-03-03 17:03:56 INFO  ApiTestCaseModel:66 - 测试用例qs_V1_solve_getReplyExpireMsg断言完毕！！
 返回消息体code-----0
2021-03-03 17:03:56 INFO  ApiTestCaseModel:72 - 测试用例qs_V1_solve_getReplyExpireMsg断言完毕！！
 期待obj返回消息体1
 实际obj返回消息体1
2021-03-03 17:03:56 INFO  ApiTestCaseModel:63 - 测试用例qs_V1_solve_saveSolveDetail断言完毕！！
 返回消息体msg-----成功
2021-03-03 17:03:56 INFO  ApiTestCaseModel:66 - 测试用例qs_V1_solve_saveSolveDetail断言完毕！！
 返回消息体code-----0
2021-03-03 17:03:56 INFO  ApiTestCaseModel:69 - 返回消息obj体中为空，无需断言
2021-03-03 17:03:56 INFO  ApiTestCaseModel:63 - 测试用例qs_V1_solve_myAnswerList断言完毕！！
 返回消息体msg-----成功
2021-03-03 17:03:56 INFO  ApiTestCaseModel:66 - 测试用例qs_V1_solve_myAnswerList断言完毕！！
 返回消息体code-----0
2021-03-03 17:03:56 INFO  ApiTestCaseModel:72 - 测试用例qs_V1_solve_myAnswerList断言完毕！！
 期待obj返回消息体5
 实际obj返回消息体5
2021-03-03 17:03:56 INFO  ApiTestCaseModel:63 - 测试用例qs_V1_solve_cancelSolve断言完毕！！
 返回消息体msg-----成功
2021-03-03 17:03:56 INFO  ApiTestCaseModel:66 - 测试用例qs_V1_solve_cancelSolve断言完毕！！
 返回消息体code-----0
2021-03-03 17:03:56 INFO  ApiTestCaseModel:72 - 测试用例qs_V1_solve_cancelSolve断言完毕！！
 期待obj返回消息体1
 实际obj返回消息体1
2021-03-03 17:03:56 INFO  ApiTestCaseModel:63 - 测试用例qs_V1_solve_leftAskNum断言完毕！！
 返回消息体msg-----成功
2021-03-03 17:03:57 INFO  ApiTestCaseModel:66 - 测试用例qs_V1_solve_leftAskNum断言完毕！！
 返回消息体code-----0
2021-03-03 17:03:57 INFO  ApiTestCaseModel:72 - 测试用例qs_V1_solve_leftAskNum断言完毕！！
 期待obj返回消息体3
 实际obj返回消息体3
2021-03-03 17:03:57 INFO  ApiTestCaseModel:63 - 测试用例qs_V1_curriculum_dayList断言完毕！！
 返回消息体msg-----成功
2021-03-03 17:03:57 INFO  ApiTestCaseModel:66 - 测试用例qs_V1_curriculum_dayList断言完毕！！
 返回消息体code-----0
2021-03-03 17:03:57 INFO  ApiTestCaseModel:72 - 测试用例qs_V1_curriculum_dayList断言完毕！！
 期待obj返回消息体1
 实际obj返回消息体1
2021-03-03 17:03:58 INFO  ApiTestCaseModel:63 - 测试用例qs_V1_shop_prizeExchange断言完毕！！
 返回消息体msg-----成功
2021-03-03 17:03:58 INFO  ApiTestCaseModel:66 - 测试用例qs_V1_shop_prizeExchange断言完毕！！
 返回消息体code-----0
2021-03-03 17:03:58 INFO  ApiTestCaseModel:72 - 测试用例qs_V1_shop_prizeExchange断言完毕！！
 期待obj返回消息体1
 实际obj返回消息体1
2021-03-03 17:03:58 INFO  ApiTestCaseModel:63 - 测试用例qs_V1_shop_index断言完毕！！
 返回消息体msg-----成功
2021-03-03 17:03:58 INFO  ApiTestCaseModel:66 - 测试用例qs_V1_shop_index断言完毕！！
 返回消息体code-----0
2021-03-03 17:03:58 INFO  ApiTestCaseModel:72 - 测试用例qs_V1_shop_index断言完毕！！
 期待obj返回消息体4
 实际obj返回消息体4
2021-03-03 17:03:58 INFO  ApiTestCaseModel:63 - 测试用例qs_V1_activation_completeActivation断言完毕！！
 返回消息体msg-----成功
2021-03-03 17:03:58 INFO  ApiTestCaseModel:66 - 测试用例qs_V1_activation_completeActivation断言完毕！！
 返回消息体code-----0
2021-03-03 17:03:58 INFO  ApiTestCaseModel:72 - 测试用例qs_V1_activation_completeActivation断言完毕！！
 期待obj返回消息体1
 实际obj返回消息体1
2021-03-03 17:03:59 INFO  ApiTestCaseModel:63 - 测试用例qs_V1_activation_questionsAndAnswers断言完毕！！
 返回消息体msg-----成功
2021-03-03 17:03:59 INFO  ApiTestCaseModel:66 - 测试用例qs_V1_activation_questionsAndAnswers断言完毕！！
 返回消息体code-----0
2021-03-03 17:03:59 INFO  ApiTestCaseModel:72 - 测试用例qs_V1_activation_questionsAndAnswers断言完毕！！
 期待obj返回消息体3
 实际obj返回消息体3
2021-03-03 17:04:00 INFO  ApiTestCaseModel:63 - 测试用例qs_V1_activation_shareLearnPlan断言完毕！！
 返回消息体msg-----成功
2021-03-03 17:04:00 INFO  ApiTestCaseModel:66 - 测试用例qs_V1_activation_shareLearnPlan断言完毕！！
 返回消息体code-----0
2021-03-03 17:04:00 INFO  ApiTestCaseModel:63 - 测试用例qs_V1_activation_normalMode断言完毕！！
 返回消息体msg-----成功
2021-03-03 17:04:00 INFO  ApiTestCaseModel:66 - 测试用例qs_V1_activation_normalMode断言完毕！！
 返回消息体code-----0
2021-03-03 17:04:00 INFO  ApiTestCaseModel:72 - 测试用例qs_V1_activation_normalMode断言完毕！！
 期待obj返回消息体1
 实际obj返回消息体1
2021-03-03 17:04:00 INFO  ApiTestCaseModel:63 - 测试用例qs_V1_activation_submitQues断言完毕！！
 返回消息体msg-----成功
2021-03-03 17:04:00 INFO  ApiTestCaseModel:66 - 测试用例qs_V1_activation_submitQues断言完毕！！
 返回消息体code-----0
2021-03-03 17:04:00 INFO  ApiTestCaseModel:72 - 测试用例qs_V1_activation_submitQues断言完毕！！
 期待obj返回消息体4
 实际obj返回消息体4
2021-03-03 17:04:00 INFO  ApiTestCaseModel:63 - 测试用例qs_V1_activation_renewActivation断言完毕！！
 返回消息体msg-----成功
2021-03-03 17:04:00 INFO  ApiTestCaseModel:66 - 测试用例qs_V1_activation_renewActivation断言完毕！！
 返回消息体code-----0
2021-03-03 17:04:00 INFO  ApiTestCaseModel:72 - 测试用例qs_V1_activation_renewActivation断言完毕！！
 期待obj返回消息体0
 实际obj返回消息体0
2021-03-03 17:04:00 INFO  ApiTestCaseModel:63 - 测试用例qs_V1_activation_cancelQues断言完毕！！
 返回消息体msg-----成功
2021-03-03 17:04:00 INFO  ApiTestCaseModel:66 - 测试用例qs_V1_activation_cancelQues断言完毕！！
 返回消息体code-----0
2021-03-03 17:04:00 INFO  ApiTestCaseModel:72 - 测试用例qs_V1_activation_cancelQues断言完毕！！
 期待obj返回消息体0
 实际obj返回消息体0
2021-03-03 17:04:01 INFO  ApiTestCaseModel:63 - 测试用例qs_V1_knowledgePoint_syncKpVoiceRecord断言完毕！！
 返回消息体msg-----成功
2021-03-03 17:04:01 INFO  ApiTestCaseModel:66 - 测试用例qs_V1_knowledgePoint_syncKpVoiceRecord断言完毕！！
 返回消息体code-----0
2021-03-03 17:04:01 INFO  ApiTestCaseModel:69 - 返回消息obj体中为空，无需断言
2021-03-03 17:04:01 INFO  ApiTestCaseModel:63 - 测试用例qs_V1_knowledgePoint_selfModeKpList断言完毕！！
 返回消息体msg-----成功
2021-03-03 17:04:01 INFO  ApiTestCaseModel:66 - 测试用例qs_V1_knowledgePoint_selfModeKpList断言完毕！！
 返回消息体code-----0
2021-03-03 17:04:01 INFO  ApiTestCaseModel:72 - 测试用例qs_V1_knowledgePoint_selfModeKpList断言完毕！！
 期待obj返回消息体1
 实际obj返回消息体1
2021-03-03 17:04:01 INFO  ApiTestCaseModel:63 - 测试用例qs_V1_knowledgePoint_unlockKpList断言完毕！！
 返回消息体msg-----成功
2021-03-03 17:04:01 INFO  ApiTestCaseModel:66 - 测试用例qs_V1_knowledgePoint_unlockKpList断言完毕！！
 返回消息体code-----0
2021-03-03 17:04:01 INFO  ApiTestCaseModel:72 - 测试用例qs_V1_knowledgePoint_unlockKpList断言完毕！！
 期待obj返回消息体3
 实际obj返回消息体3
2021-03-03 17:04:01 INFO  ApiTestCaseModel:63 - 测试用例qs_V1_knowledgePoint_selfModeChooseKp断言完毕！！
 返回消息体msg-----成功
2021-03-03 17:04:01 INFO  ApiTestCaseModel:66 - 测试用例qs_V1_knowledgePoint_selfModeChooseKp断言完毕！！
 返回消息体code-----0
2021-03-03 17:04:01 INFO  ApiTestCaseModel:69 - 返回消息obj体中为空，无需断言
2021-03-03 17:04:02 INFO  ApiTestCaseModel:63 - 测试用例qs_V1_knowledgePoint_genKpListByMode断言完毕！！
 返回消息体msg-----成功
2021-03-03 17:04:02 INFO  ApiTestCaseModel:66 - 测试用例qs_V1_knowledgePoint_genKpListByMode断言完毕！！
 返回消息体code-----0
2021-03-03 17:04:02 INFO  ApiTestCaseModel:72 - 测试用例qs_V1_knowledgePoint_genKpListByMode断言完毕！！
 期待obj返回消息体1
 实际obj返回消息体1
2021-03-03 17:04:02 INFO  ApiTestCaseModel:63 - 测试用例qs_V1_knowledgePoint_kpDetailListByKpIds断言完毕！！
 返回消息体msg-----成功
2021-03-03 17:04:02 INFO  ApiTestCaseModel:66 - 测试用例qs_V1_knowledgePoint_kpDetailListByKpIds断言完毕！！
 返回消息体code-----0
2021-03-03 17:04:02 INFO  ApiTestCaseModel:72 - 测试用例qs_V1_knowledgePoint_kpDetailListByKpIds断言完毕！！
 期待obj返回消息体1
 实际obj返回消息体1
2021-03-03 17:04:02 INFO  ApiTestCaseModel:63 - 测试用例qs_V1_knowledgePoint_getKpVedioByKpId断言完毕！！
 返回消息体msg-----成功
2021-03-03 17:04:02 INFO  ApiTestCaseModel:66 - 测试用例qs_V1_knowledgePoint_getKpVedioByKpId断言完毕！！
 返回消息体code-----0
2021-03-03 17:04:02 INFO  ApiTestCaseModel:72 - 测试用例qs_V1_knowledgePoint_getKpVedioByKpId断言完毕！！
 期待obj返回消息体2
 实际obj返回消息体2
2021-03-03 17:04:02 INFO  ApiTestCaseModel:63 - 测试用例qs_V1_knowledgePoint_kpNoteByUserId断言完毕！！
 返回消息体msg-----成功
2021-03-03 17:04:02 INFO  ApiTestCaseModel:66 - 测试用例qs_V1_knowledgePoint_kpNoteByUserId断言完毕！！
 返回消息体code-----0
2021-03-03 17:04:02 INFO  ApiTestCaseModel:69 - 返回消息obj体中为空，无需断言
2021-03-03 17:04:02 INFO  ApiTestCaseModel:63 - 测试用例qs_V1_solveDetailCollection_collectionStatus断言完毕！！
 返回消息体msg-----成功
2021-03-03 17:04:02 INFO  ApiTestCaseModel:66 - 测试用例qs_V1_solveDetailCollection_collectionStatus断言完毕！！
 返回消息体code-----0
2021-03-03 17:04:02 INFO  ApiTestCaseModel:69 - 返回消息obj体中为空，无需断言
2021-03-03 17:04:03 INFO  ApiTestCaseModel:63 - 测试用例qs_V1_solveDetailCollection_collectionStatus断言完毕！！
 返回消息体msg-----成功
2021-03-03 17:04:03 INFO  ApiTestCaseModel:66 - 测试用例qs_V1_solveDetailCollection_collectionStatus断言完毕！！
 返回消息体code-----0
2021-03-03 17:04:03 INFO  ApiTestCaseModel:69 - 返回消息obj体中为空，无需断言
2021-03-03 17:04:03 INFO  ApiTestCaseModel:63 - 测试用例qs_V1_solveDetailCollection_myCollection断言完毕！！
 返回消息体msg-----成功
2021-03-03 17:04:03 INFO  ApiTestCaseModel:66 - 测试用例qs_V1_solveDetailCollection_myCollection断言完毕！！
 返回消息体code-----0
2021-03-03 17:04:03 INFO  ApiTestCaseModel:72 - 测试用例qs_V1_solveDetailCollection_myCollection断言完毕！！
 期待obj返回消息体5
 实际obj返回消息体5
2021-03-03 17:04:03 INFO  ApiTestCaseModel:63 - 测试用例qs_V1_task_index断言完毕！！
 返回消息体msg-----成功
2021-03-03 17:04:03 INFO  ApiTestCaseModel:66 - 测试用例qs_V1_task_index断言完毕！！
 返回消息体code-----0
2021-03-03 17:04:03 INFO  ApiTestCaseModel:72 - 测试用例qs_V1_task_index断言完毕！！
 期待obj返回消息体2
 实际obj返回消息体2
2021-03-03 17:04:03 INFO  ApiTestCaseModel:63 - 测试用例qs_V1_task_creditDetails断言完毕！！
 返回消息体msg-----成功
2021-03-03 17:04:03 INFO  ApiTestCaseModel:66 - 测试用例qs_V1_task_creditDetails断言完毕！！
 返回消息体code-----0
2021-03-03 17:04:03 INFO  ApiTestCaseModel:72 - 测试用例qs_V1_task_creditDetails断言完毕！！
 期待obj返回消息体5
 实际obj返回消息体5
2021-03-03 17:04:04 INFO  ApiTestCaseModel:63 - 测试用例qs_V1_class_index断言完毕！！
 返回消息体msg-----成功
2021-03-03 17:04:04 INFO  ApiTestCaseModel:66 - 测试用例qs_V1_class_index断言完毕！！
 返回消息体code-----0
2021-03-03 17:04:04 INFO  ApiTestCaseModel:72 - 测试用例qs_V1_class_index断言完毕！！
 期待obj返回消息体4
 实际obj返回消息体4
2021-03-03 17:04:04 INFO  ApiTestCaseModel:63 - 测试用例qs_V1_class_personData断言完毕！！
 返回消息体msg-----成功
2021-03-03 17:04:04 INFO  ApiTestCaseModel:66 - 测试用例qs_V1_class_personData断言完毕！！
 返回消息体code-----0
2021-03-03 17:04:04 INFO  ApiTestCaseModel:72 - 测试用例qs_V1_class_personData断言完毕！！
 期待obj返回消息体10
 实际obj返回消息体10
2021-03-03 17:04:04 INFO  ApiTestCaseModel:63 - 测试用例qs_V1_class_classDetail_classData断言完毕！！
 返回消息体msg-----成功
2021-03-03 17:04:05 INFO  ApiTestCaseModel:66 - 测试用例qs_V1_class_classDetail_classData断言完毕！！
 返回消息体code-----0
2021-03-03 17:04:05 INFO  ApiTestCaseModel:72 - 测试用例qs_V1_class_classDetail_classData断言完毕！！
 期待obj返回消息体5
 实际obj返回消息体5
2021-03-03 17:04:05 INFO  ApiTestCaseModel:63 - 测试用例qs_V1_class_classDetail_classReport断言完毕！！
 返回消息体msg-----成功
2021-03-03 17:04:05 INFO  ApiTestCaseModel:66 - 测试用例qs_V1_class_classDetail_classReport断言完毕！！
 返回消息体code-----0
2021-03-03 17:04:05 INFO  ApiTestCaseModel:72 - 测试用例qs_V1_class_classDetail_classReport断言完毕！！
 期待obj返回消息体8
 实际obj返回消息体8
2021-03-03 17:04:05 INFO  ApiTestCaseModel:63 - 测试用例qs_V1_class_classDetail_classRank断言完毕！！
 返回消息体msg-----成功
2021-03-03 17:04:05 INFO  ApiTestCaseModel:66 - 测试用例qs_V1_class_classDetail_classRank断言完毕！！
 返回消息体code-----0
2021-03-03 17:04:05 INFO  ApiTestCaseModel:72 - 测试用例qs_V1_class_classDetail_classRank断言完毕！！
 期待obj返回消息体1
 实际obj返回消息体1
2021-03-03 17:04:05 INFO  ApiTestCaseModel:63 - 测试用例qs_V1_class_encourage断言完毕！！
 返回消息体msg-----成功
2021-03-03 17:04:05 INFO  ApiTestCaseModel:66 - 测试用例qs_V1_class_encourage断言完毕！！
 返回消息体code-----0
2021-03-03 17:04:05 INFO  ApiTestCaseModel:69 - 返回消息obj体中为空，无需断言
2021-03-03 17:04:05 INFO  ApiTestCaseModel:63 - 测试用例qs_V1_exam_removeWrongQuesByUser断言完毕！！
 返回消息体msg-----成功
2021-03-03 17:04:05 INFO  ApiTestCaseModel:66 - 测试用例qs_V1_exam_removeWrongQuesByUser断言完毕！！
 返回消息体code-----0
2021-03-03 17:04:05 INFO  ApiTestCaseModel:72 - 测试用例qs_V1_exam_removeWrongQuesByUser断言完毕！！
 期待obj返回消息体1
 实际obj返回消息体1
2021-03-03 17:04:06 INFO  ApiTestCaseModel:63 - 测试用例qs_V1_exam_paperRecordList断言完毕！！
 返回消息体msg-----成功
2021-03-03 17:04:06 INFO  ApiTestCaseModel:66 - 测试用例qs_V1_exam_paperRecordList断言完毕！！
 返回消息体code-----0
2021-03-03 17:04:06 INFO  ApiTestCaseModel:72 - 测试用例qs_V1_exam_paperRecordList断言完毕！！
 期待obj返回消息体5
 实际obj返回消息体5
2021-03-03 17:04:06 INFO  ApiTestCaseModel:63 - 测试用例qs_V1_exam_wrongQuesByKp断言完毕！！
 返回消息体msg-----成功
2021-03-03 17:04:06 INFO  ApiTestCaseModel:66 - 测试用例qs_V1_exam_wrongQuesByKp断言完毕！！
 返回消息体code-----0
2021-03-03 17:04:06 INFO  ApiTestCaseModel:72 - 测试用例qs_V1_exam_wrongQuesByKp断言完毕！！
 期待obj返回消息体2
 实际obj返回消息体2
2021-03-03 17:04:07 INFO  ApiTestCaseModel:63 - 测试用例qs_V1_exam_smartGoToExam断言完毕！！
 返回消息体msg-----成功
2021-03-03 17:04:07 INFO  ApiTestCaseModel:66 - 测试用例qs_V1_exam_smartGoToExam断言完毕！！
 返回消息体code-----0
2021-03-03 17:04:07 INFO  ApiTestCaseModel:72 - 测试用例qs_V1_exam_smartGoToExam断言完毕！！
 期待obj返回消息体5
 实际obj返回消息体5
2021-03-03 17:04:07 INFO  ApiTestCaseModel:63 - 测试用例qs_V1_exam_cacheAnswer断言完毕！！
 返回消息体msg-----成功
2021-03-03 17:04:07 INFO  ApiTestCaseModel:66 - 测试用例qs_V1_exam_cacheAnswer断言完毕！！
 返回消息体code-----0
2021-03-03 17:04:07 INFO  ApiTestCaseModel:69 - 返回消息obj体中为空，无需断言
2021-03-03 17:04:07 INFO  ApiTestCaseModel:63 - 测试用例qs_V1_exam_correctionTypeList断言完毕！！
 返回消息体msg-----成功
2021-03-03 17:04:07 INFO  ApiTestCaseModel:66 - 测试用例qs_V1_exam_correctionTypeList断言完毕！！
 返回消息体code-----0
2021-03-03 17:04:07 INFO  ApiTestCaseModel:72 - 测试用例qs_V1_exam_correctionTypeList断言完毕！！
 期待obj返回消息体1
 实际obj返回消息体1
2021-03-03 17:04:08 INFO  ApiTestCaseModel:63 - 测试用例qs_V1_exam_subjectListByUserExtendId断言完毕！！
 返回消息体msg-----成功
2021-03-03 17:04:08 INFO  ApiTestCaseModel:66 - 测试用例qs_V1_exam_subjectListByUserExtendId断言完毕！！
 返回消息体code-----0
2021-03-03 17:04:08 INFO  ApiTestCaseModel:72 - 测试用例qs_V1_exam_subjectListByUserExtendId断言完毕！！
 期待obj返回消息体1
 实际obj返回消息体1
2021-03-03 17:04:08 INFO  ApiTestCaseModel:63 - 测试用例qs_V1_exam_getVideoPlayInfo断言完毕！！
 返回消息体msg-----成功
2021-03-03 17:04:08 INFO  ApiTestCaseModel:66 - 测试用例qs_V1_exam_getVideoPlayInfo断言完毕！！
 返回消息体code-----0
2021-03-03 17:04:08 INFO  ApiTestCaseModel:72 - 测试用例qs_V1_exam_getVideoPlayInfo断言完毕！！
 期待obj返回消息体4
 实际obj返回消息体4
2021-03-03 17:04:08 INFO  ApiTestCaseModel:63 - 测试用例qs_V1_exam_collectQues断言完毕！！
 返回消息体msg-----成功
2021-03-03 17:04:08 INFO  ApiTestCaseModel:66 - 测试用例qs_V1_exam_collectQues断言完毕！！
 返回消息体code-----0
2021-03-03 17:04:08 INFO  ApiTestCaseModel:69 - 返回消息obj体中为空，无需断言
2021-03-03 17:04:08 INFO  ApiTestCaseModel:63 - 测试用例qs_V1_exam_unCollectQues断言完毕！！
 返回消息体msg-----成功
2021-03-03 17:04:08 INFO  ApiTestCaseModel:66 - 测试用例qs_V1_exam_unCollectQues断言完毕！！
 返回消息体code-----0
2021-03-03 17:04:08 INFO  ApiTestCaseModel:69 - 返回消息obj体中为空，无需断言
2021-03-03 17:04:08 INFO  ApiTestCaseModel:63 - 测试用例qs_V1_exam_examIndex断言完毕！！
 返回消息体msg-----成功
2021-03-03 17:04:08 INFO  ApiTestCaseModel:66 - 测试用例qs_V1_exam_examIndex断言完毕！！
 返回消息体code-----0
2021-03-03 17:04:08 INFO  ApiTestCaseModel:72 - 测试用例qs_V1_exam_examIndex断言完毕！！
 期待obj返回消息体5
 实际obj返回消息体5
2021-03-03 17:04:09 INFO  ApiTestCaseModel:63 - 测试用例qs_V1_exam_smartExam断言完毕！！
 返回消息体msg-----成功
2021-03-03 17:04:09 INFO  ApiTestCaseModel:66 - 测试用例qs_V1_exam_smartExam断言完毕！！
 返回消息体code-----0
2021-03-03 17:04:09 INFO  ApiTestCaseModel:72 - 测试用例qs_V1_exam_smartExam断言完毕！！
 期待obj返回消息体3
 实际obj返回消息体3
2021-03-03 17:04:09 INFO  ApiTestCaseModel:63 - 测试用例qs_V1_exam_wrongQuesByQuesType断言完毕！！
 返回消息体msg-----成功
2021-03-03 17:04:09 INFO  ApiTestCaseModel:66 - 测试用例qs_V1_exam_wrongQuesByQuesType断言完毕！！
 返回消息体code-----0
2021-03-03 17:04:09 INFO  ApiTestCaseModel:72 - 测试用例qs_V1_exam_wrongQuesByQuesType断言完毕！！
 期待obj返回消息体2
 实际obj返回消息体2
2021-03-03 17:04:10 INFO  ApiTestCaseModel:63 - 测试用例qs_V1_exam_examAnalysis断言完毕！！
 返回消息体msg-----成功
2021-03-03 17:04:10 INFO  ApiTestCaseModel:66 - 测试用例qs_V1_exam_examAnalysis断言完毕！！
 返回消息体code-----0
2021-03-03 17:04:10 INFO  ApiTestCaseModel:72 - 测试用例qs_V1_exam_examAnalysis断言完毕！！
 期待obj返回消息体2
 实际obj返回消息体2
2021-03-03 17:04:10 INFO  ApiTestCaseModel:63 - 测试用例qs_V1_exam_wrongQuesDetail断言完毕！！
 返回消息体msg-----成功
2021-03-03 17:04:10 INFO  ApiTestCaseModel:66 - 测试用例qs_V1_exam_wrongQuesDetail断言完毕！！
 返回消息体code-----0
2021-03-03 17:04:10 INFO  ApiTestCaseModel:72 - 测试用例qs_V1_exam_wrongQuesDetail断言完毕！！
 期待obj返回消息体5
 实际obj返回消息体5
2021-03-03 17:04:10 INFO  ApiTestCaseModel:63 - 测试用例qs_V1_exam_recordView断言完毕！！
 返回消息体msg-----成功
2021-03-03 17:04:10 INFO  ApiTestCaseModel:66 - 测试用例qs_V1_exam_recordView断言完毕！！
 返回消息体code-----0
2021-03-03 17:04:10 INFO  ApiTestCaseModel:72 - 测试用例qs_V1_exam_recordView断言完毕！！
 期待obj返回消息体15
 实际obj返回消息体15
2021-03-03 17:04:11 INFO  ApiTestCaseModel:63 - 测试用例qs_V1_exam_collectQues断言完毕！！
 返回消息体msg-----成功
2021-03-03 17:04:11 INFO  ApiTestCaseModel:66 - 测试用例qs_V1_exam_collectQues断言完毕！！
 返回消息体code-----0
2021-03-03 17:04:11 INFO  ApiTestCaseModel:69 - 返回消息obj体中为空，无需断言
2021-03-03 17:04:11 INFO  ApiTestCaseModel:63 - 测试用例qs_V1_exam_unCollectQues断言完毕！！
 返回消息体msg-----成功
2021-03-03 17:04:11 INFO  ApiTestCaseModel:66 - 测试用例qs_V1_exam_unCollectQues断言完毕！！
 返回消息体code-----0
2021-03-03 17:04:11 INFO  ApiTestCaseModel:69 - 返回消息obj体中为空，无需断言
2021-03-03 17:04:11 INFO  ApiTestCaseModel:63 - 测试用例qs_V1_exam_goToExam断言完毕！！
 返回消息体msg-----成功
2021-03-03 17:04:11 INFO  ApiTestCaseModel:66 - 测试用例qs_V1_exam_goToExam断言完毕！！
 返回消息体code-----0
2021-03-03 17:04:11 INFO  ApiTestCaseModel:72 - 测试用例qs_V1_exam_goToExam断言完毕！！
 期待obj返回消息体5
 实际obj返回消息体5
2021-03-03 17:04:12 INFO  ApiTestCaseModel:63 - 测试用例qs_V1_exam_paperListByPaperType断言完毕！！
 返回消息体msg-----成功
2021-03-03 17:04:12 INFO  ApiTestCaseModel:66 - 测试用例qs_V1_exam_paperListByPaperType断言完毕！！
 返回消息体code-----0
2021-03-03 17:04:12 INFO  ApiTestCaseModel:72 - 测试用例qs_V1_exam_paperListByPaperType断言完毕！！
 期待obj返回消息体1
 实际obj返回消息体1
2021-03-03 17:04:12 INFO  ApiTestCaseModel:63 - 测试用例qs_V1_exam_questionInfo断言完毕！！
 返回消息体msg-----成功
2021-03-03 17:04:12 INFO  ApiTestCaseModel:66 - 测试用例qs_V1_exam_questionInfo断言完毕！！
 返回消息体code-----0
2021-03-03 17:04:12 INFO  ApiTestCaseModel:72 - 测试用例qs_V1_exam_questionInfo断言完毕！！
 期待obj返回消息体2
 实际obj返回消息体2
2021-03-03 17:04:12 INFO  ApiTestCaseModel:63 - 测试用例qs_V1_commentLable_commentLableList断言完毕！！
 返回消息体msg-----成功
2021-03-03 17:04:12 INFO  ApiTestCaseModel:66 - 测试用例qs_V1_commentLable_commentLableList断言完毕！！
 返回消息体code-----0
2021-03-03 17:04:12 INFO  ApiTestCaseModel:72 - 测试用例qs_V1_commentLable_commentLableList断言完毕！！
 期待obj返回消息体2
 实际obj返回消息体2
2021-03-03 17:04:12 INFO  ApiTestCaseModel:63 - 测试用例qs_V1_setting_learnProgress断言完毕！！
 返回消息体msg-----成功
2021-03-03 17:04:12 INFO  ApiTestCaseModel:66 - 测试用例qs_V1_setting_learnProgress断言完毕！！
 返回消息体code-----0
2021-03-03 17:04:12 INFO  ApiTestCaseModel:72 - 测试用例qs_V1_setting_learnProgress断言完毕！！
 期待obj返回消息体2
 实际obj返回消息体2
2021-03-03 17:04:12 INFO  ApiTestCaseModel:63 - 测试用例qs_V1_setting_learnPlanSwitch断言完毕！！
 返回消息体msg-----成功
2021-03-03 17:04:12 INFO  ApiTestCaseModel:66 - 测试用例qs_V1_setting_learnPlanSwitch断言完毕！！
 返回消息体code-----0
2021-03-03 17:04:12 INFO  ApiTestCaseModel:72 - 测试用例qs_V1_setting_learnPlanSwitch断言完毕！！
 期待obj返回消息体2
 实际obj返回消息体2
2021-03-03 17:04:13 INFO  ApiTestCaseModel:63 - 测试用例qs_V1_setting_switchTeacher断言完毕！！
 返回消息体msg-----成功
2021-03-03 17:04:13 INFO  ApiTestCaseModel:66 - 测试用例qs_V1_setting_switchTeacher断言完毕！！
 返回消息体code-----0
2021-03-03 17:04:13 INFO  ApiTestCaseModel:72 - 测试用例qs_V1_setting_switchTeacher断言完毕！！
 期待obj返回消息体1
 实际obj返回消息体1
2021-03-03 17:04:13 INFO  ApiTestCaseModel:63 - 测试用例qs_V1_setting_classSwitch断言完毕！！
 返回消息体msg-----成功
2021-03-03 17:04:13 INFO  ApiTestCaseModel:66 - 测试用例qs_V1_setting_classSwitch断言完毕！！
 返回消息体code-----0
2021-03-03 17:04:13 INFO  ApiTestCaseModel:72 - 测试用例qs_V1_setting_classSwitch断言完毕！！
 期待obj返回消息体1
 实际obj返回消息体1
2021-03-03 17:04:13 INFO  ApiTestCaseModel:63 - 测试用例qs_V1_setting_learnPlanSwitchSubmit断言完毕！！
 返回消息体msg-----成功
2021-03-03 17:04:13 INFO  ApiTestCaseModel:66 - 测试用例qs_V1_setting_learnPlanSwitchSubmit断言完毕！！
 返回消息体code-----0
2021-03-03 17:04:13 INFO  ApiTestCaseModel:69 - 返回消息obj体中为空，无需断言
2021-03-03 17:04:13 INFO  ApiTestCaseModel:63 - 测试用例qs_V1_setting_learnTime断言完毕！！
 返回消息体msg-----成功
2021-03-03 17:04:14 INFO  ApiTestCaseModel:66 - 测试用例qs_V1_setting_learnTime断言完毕！！
 返回消息体code-----0
2021-03-03 17:04:14 INFO  ApiTestCaseModel:72 - 测试用例qs_V1_setting_learnTime断言完毕！！
 期待obj返回消息体3
 实际obj返回消息体3
2021-03-03 17:04:14 INFO  ApiTestCaseModel:63 - 测试用例qs_V1_setting_learnCycleSubmit断言完毕！！
 返回消息体msg-----成功
2021-03-03 17:04:14 INFO  ApiTestCaseModel:66 - 测试用例qs_V1_setting_learnCycleSubmit断言完毕！！
 返回消息体code-----0
2021-03-03 17:04:14 INFO  ApiTestCaseModel:69 - 返回消息obj体中为空，无需断言
2021-03-03 17:04:14 INFO  ApiTestCaseModel:63 - 测试用例qs_V1_setting_learnMethodSubmit断言完毕！！
 返回消息体msg-----成功
2021-03-03 17:04:14 INFO  ApiTestCaseModel:66 - 测试用例qs_V1_setting_learnMethodSubmit断言完毕！！
 返回消息体code-----0
2021-03-03 17:04:14 INFO  ApiTestCaseModel:69 - 返回消息obj体中为空，无需断言
2021-03-03 17:04:14 INFO  ApiTestCaseModel:63 - 测试用例qs_V1_setting_restCycleSubmit断言完毕！！
 返回消息体msg-----成功
2021-03-03 17:04:14 INFO  ApiTestCaseModel:66 - 测试用例qs_V1_setting_restCycleSubmit断言完毕！！
 返回消息体code-----0
2021-03-03 17:04:14 INFO  ApiTestCaseModel:69 - 返回消息obj体中为空，无需断言
2021-03-03 17:04:14 INFO  ApiTestCaseModel:63 - 测试用例qs_V1_setting_learnMethod断言完毕！！
 返回消息体msg-----成功
2021-03-03 17:04:14 INFO  ApiTestCaseModel:66 - 测试用例qs_V1_setting_learnMethod断言完毕！！
 返回消息体code-----0
2021-03-03 17:04:14 INFO  ApiTestCaseModel:72 - 测试用例qs_V1_setting_learnMethod断言完毕！！
 期待obj返回消息体3
 实际obj返回消息体3
2021-03-03 17:04:15 INFO  ApiTestCaseModel:63 - 测试用例qs_V1_setting_index断言完毕！！
 返回消息体msg-----成功
2021-03-03 17:04:15 INFO  ApiTestCaseModel:66 - 测试用例qs_V1_setting_index断言完毕！！
 返回消息体code-----0
2021-03-03 17:04:15 INFO  ApiTestCaseModel:72 - 测试用例qs_V1_setting_index断言完毕！！
 期待obj返回消息体2
 实际obj返回消息体2
2021-03-03 17:04:15 INFO  ApiTestCaseModel:63 - 测试用例qs_V1_setting_autoCache断言完毕！！
 返回消息体msg-----成功
2021-03-03 17:04:15 INFO  ApiTestCaseModel:66 - 测试用例qs_V1_setting_autoCache断言完毕！！
 返回消息体code-----0
2021-03-03 17:04:15 INFO  ApiTestCaseModel:72 - 测试用例qs_V1_setting_autoCache断言完毕！！
 期待obj返回消息体1
 实际obj返回消息体1
2021-03-03 17:04:15 INFO  ApiTestCaseModel:63 - 测试用例qs_V1_setting_switchTeacherSubmit断言完毕！！
 返回消息体msg-----成功
2021-03-03 17:04:15 INFO  ApiTestCaseModel:66 - 测试用例qs_V1_setting_switchTeacherSubmit断言完毕！！
 返回消息体code-----0
2021-03-03 17:04:15 INFO  ApiTestCaseModel:69 - 返回消息obj体中为空，无需断言
2021-03-03 17:04:16 INFO  ApiTestCaseModel:63 - 测试用例qs_V1_setting_classSwitchSubmit断言完毕！！
 返回消息体msg-----成功
2021-03-03 17:04:16 INFO  ApiTestCaseModel:66 - 测试用例qs_V1_setting_classSwitchSubmit断言完毕！！
 返回消息体code-----0
2021-03-03 17:04:16 INFO  ApiTestCaseModel:69 - 返回消息obj体中为空，无需断言
2021-03-03 17:04:16 INFO  ApiTestCaseModel:63 - 测试用例qs_V1_setting_learnProgressSubmit断言完毕！！
 返回消息体msg-----成功
2021-03-03 17:04:16 INFO  ApiTestCaseModel:66 - 测试用例qs_V1_setting_learnProgressSubmit断言完毕！！
 返回消息体code-----0
2021-03-03 17:04:16 INFO  ApiTestCaseModel:69 - 返回消息obj体中为空，无需断言
2021-03-03 17:04:16 INFO  ApiTestCaseModel:63 - 测试用例qs_V1_replyComment_getCommentView断言完毕！！
 返回消息体msg-----成功
2021-03-03 17:04:16 INFO  ApiTestCaseModel:66 - 测试用例qs_V1_replyComment_getCommentView断言完毕！！
 返回消息体code-----0
2021-03-03 17:04:16 INFO  ApiTestCaseModel:72 - 测试用例qs_V1_replyComment_getCommentView断言完毕！！
 期待obj返回消息体4
 实际obj返回消息体4
2021-03-03 17:04:16 INFO  ApiTestCaseModel:63 - 测试用例qs_V1_replyComment_submitComment断言完毕！！
 返回消息体msg-----成功
2021-03-03 17:04:16 INFO  ApiTestCaseModel:66 - 测试用例qs_V1_replyComment_submitComment断言完毕！！
 返回消息体code-----0
2021-03-03 17:04:16 INFO  ApiTestCaseModel:69 - 返回消息obj体中为空，无需断言
2021-03-03 17:04:16 INFO  ApiTestCaseModel:63 - 测试用例qs_V2_study_startStudyQues断言完毕！！
 返回消息体msg-----成功
2021-03-03 17:04:16 INFO  ApiTestCaseModel:66 - 测试用例qs_V2_study_startStudyQues断言完毕！！
 返回消息体code-----0
2021-03-03 17:04:16 INFO  ApiTestCaseModel:72 - 测试用例qs_V2_study_startStudyQues断言完毕！！
 期待obj返回消息体2
 实际obj返回消息体2
2021-03-03 17:04:17 INFO  ApiTestCaseModel:63 - 测试用例qs_V2_course_courseByLectureId断言完毕！！
 返回消息体msg-----成功
2021-03-03 17:04:17 INFO  ApiTestCaseModel:66 - 测试用例qs_V2_course_courseByLectureId断言完毕！！
 返回消息体code-----0
2021-03-03 17:04:17 INFO  ApiTestCaseModel:72 - 测试用例qs_V2_course_courseByLectureId断言完毕！！
 期待obj返回消息体7
 实际obj返回消息体7
2021-03-03 17:04:17 INFO  ApiTestCaseModel:63 - 测试用例qs_V2_activation_submitQues断言完毕！！
 返回消息体msg-----成功
2021-03-03 17:04:17 INFO  ApiTestCaseModel:66 - 测试用例qs_V2_activation_submitQues断言完毕！！
 返回消息体code-----0
2021-03-03 17:04:17 INFO  ApiTestCaseModel:72 - 测试用例qs_V2_activation_submitQues断言完毕！！
 期待obj返回消息体4
 实际obj返回消息体4
2021-03-03 17:04:17 INFO  ApiTestCaseModel:63 - 测试用例qs_V2_activation_questionsAndAnswers断言完毕！！
 返回消息体msg-----成功
2021-03-03 17:04:17 INFO  ApiTestCaseModel:66 - 测试用例qs_V2_activation_questionsAndAnswers断言完毕！！
 返回消息体code-----0
2021-03-03 17:04:17 INFO  ApiTestCaseModel:72 - 测试用例qs_V2_activation_questionsAndAnswers断言完毕！！
 期待obj返回消息体3
 实际obj返回消息体3
2021-03-03 17:04:18 INFO  ApiTestCaseModel:63 - 测试用例qs_V2_knowledgePoint_unlockKpList断言完毕！！
 返回消息体msg-----成功
2021-03-03 17:04:18 INFO  ApiTestCaseModel:66 - 测试用例qs_V2_knowledgePoint_unlockKpList断言完毕！！
 返回消息体code-----0
2021-03-03 17:04:18 INFO  ApiTestCaseModel:72 - 测试用例qs_V2_knowledgePoint_unlockKpList断言完毕！！
 期待obj返回消息体3
 实际obj返回消息体3
2021-03-03 17:04:18 INFO  ApiTestCaseModel:63 - 测试用例qs_V2_knowledgePoint_kpDetailListByKpIds断言完毕！！
 返回消息体msg-----成功
2021-03-03 17:04:18 INFO  ApiTestCaseModel:66 - 测试用例qs_V2_knowledgePoint_kpDetailListByKpIds断言完毕！！
 返回消息体code-----0
2021-03-03 17:04:18 INFO  ApiTestCaseModel:72 - 测试用例qs_V2_knowledgePoint_kpDetailListByKpIds断言完毕！！
 期待obj返回消息体1
 实际obj返回消息体1
2021-03-03 17:04:18 INFO  ApiTestCaseModel:63 - 测试用例qs_V2_class_index断言完毕！！
 返回消息体msg-----成功
2021-03-03 17:04:18 INFO  ApiTestCaseModel:66 - 测试用例qs_V2_class_index断言完毕！！
 返回消息体code-----0
2021-03-03 17:04:18 INFO  ApiTestCaseModel:72 - 测试用例qs_V2_class_index断言完毕！！
 期待obj返回消息体4
 实际obj返回消息体4
2021-03-03 17:04:19 INFO  ApiTestCaseModel:63 - 测试用例qs_V2_exam_recordView断言完毕！！
 返回消息体msg-----成功
2021-03-03 17:04:19 INFO  ApiTestCaseModel:66 - 测试用例qs_V2_exam_recordView断言完毕！！
 返回消息体code-----0
2021-03-03 17:04:19 INFO  ApiTestCaseModel:72 - 测试用例qs_V2_exam_recordView断言完毕！！
 期待obj返回消息体15
 实际obj返回消息体15
2021-03-03 17:04:19 INFO  ApiTestCaseModel:63 - 测试用例qs_V2_exam_goToExam断言完毕！！
 返回消息体msg-----成功
2021-03-03 17:04:19 INFO  ApiTestCaseModel:66 - 测试用例qs_V2_exam_goToExam断言完毕！！
 返回消息体code-----0
2021-03-03 17:04:19 INFO  ApiTestCaseModel:72 - 测试用例qs_V2_exam_goToExam断言完毕！！
 期待obj返回消息体5
 实际obj返回消息体5
2021-03-03 17:04:19 INFO  ApiTestCaseModel:63 - 测试用例qs_V2_setting_switchTeacher断言完毕！！
 返回消息体msg-----成功
2021-03-03 17:04:19 INFO  ApiTestCaseModel:66 - 测试用例qs_V2_setting_switchTeacher断言完毕！！
 返回消息体code-----0
2021-03-03 17:04:19 INFO  ApiTestCaseModel:72 - 测试用例qs_V2_setting_switchTeacher断言完毕！！
 期待obj返回消息体1
 实际obj返回消息体1
2021-03-03 17:04:19 INFO  ApiTestCaseModel:63 - 测试用例qs_V3_study_updateStudyStatusAndChatRecord断言完毕！！
 返回消息体msg-----成功
2021-03-03 17:04:19 INFO  ApiTestCaseModel:66 - 测试用例qs_V3_study_updateStudyStatusAndChatRecord断言完毕！！
 返回消息体code-----0
2021-03-03 17:04:19 INFO  ApiTestCaseModel:72 - 测试用例qs_V3_study_updateStudyStatusAndChatRecord断言完毕！！
 期待obj返回消息体0
 实际obj返回消息体0
2021-03-03 17:04:20 INFO  ApiTestCaseModel:63 - 测试用例qs_V3_study_startStudyQues断言完毕！！
 返回消息体msg-----成功
2021-03-03 17:04:20 INFO  ApiTestCaseModel:66 - 测试用例qs_V3_study_startStudyQues断言完毕！！
 返回消息体code-----0
2021-03-03 17:04:20 INFO  ApiTestCaseModel:72 - 测试用例qs_V3_study_startStudyQues断言完毕！！
 期待obj返回消息体2
 实际obj返回消息体2
2021-03-03 17:04:20 INFO  ApiTestCaseModel:63 - 测试用例qs_V3_study_startStudyAnswer断言完毕！！
 返回消息体msg-----成功
2021-03-03 17:04:20 INFO  ApiTestCaseModel:66 - 测试用例qs_V3_study_startStudyAnswer断言完毕！！
 返回消息体code-----0
2021-03-03 17:04:20 INFO  ApiTestCaseModel:72 - 测试用例qs_V3_study_startStudyAnswer断言完毕！！
 期待obj返回消息体2
 实际obj返回消息体2
2021-03-03 17:04:20 INFO  ApiTestCaseModel:63 - 测试用例qs_V3_study_index断言完毕！！
 返回消息体msg-----成功
2021-03-03 17:04:20 INFO  ApiTestCaseModel:66 - 测试用例qs_V3_study_index断言完毕！！
 返回消息体code-----0
2021-03-03 17:04:20 INFO  ApiTestCaseModel:72 - 测试用例qs_V3_study_index断言完毕！！
 期待obj返回消息体3
 实际obj返回消息体3
2021-03-03 17:04:20 INFO  ApiTestCaseModel:63 - 测试用例qs_V3_curriculum_classSchedule断言完毕！！
 返回消息体msg-----成功
2021-03-03 17:04:20 INFO  ApiTestCaseModel:66 - 测试用例qs_V3_curriculum_classSchedule断言完毕！！
 返回消息体code-----0
2021-03-03 17:04:20 INFO  ApiTestCaseModel:69 - 返回消息obj体中为空，无需断言
2021-03-03 17:04:20 INFO  ApiTestCaseModel:63 - 测试用例qs_V3_curriculum_dayList断言完毕！！
 返回消息体msg-----成功
2021-03-03 17:04:20 INFO  ApiTestCaseModel:66 - 测试用例qs_V3_curriculum_dayList断言完毕！！
 返回消息体code-----0
2021-03-03 17:04:20 INFO  ApiTestCaseModel:72 - 测试用例qs_V3_curriculum_dayList断言完毕！！
 期待obj返回消息体1
 实际obj返回消息体1
2021-03-03 17:04:20 INFO  ApiTestCaseModel:63 - 测试用例qs_V3_marketingMessage_getMarketingMessageDetail断言完毕！！
 返回消息体msg-----成功
2021-03-03 17:04:21 INFO  ApiTestCaseModel:66 - 测试用例qs_V3_marketingMessage_getMarketingMessageDetail断言完毕！！
 返回消息体code-----0
2021-03-03 17:04:21 INFO  ApiTestCaseModel:72 - 测试用例qs_V3_marketingMessage_getMarketingMessageDetail断言完毕！！
 期待obj返回消息体3
 实际obj返回消息体3
2021-03-03 17:04:21 INFO  ApiTestCaseModel:63 - 测试用例qs_V3_shop_redeemNow断言完毕！！
 返回消息体msg-----成功
2021-03-03 17:04:21 INFO  ApiTestCaseModel:66 - 测试用例qs_V3_shop_redeemNow断言完毕！！
 返回消息体code-----0
2021-03-03 17:04:21 INFO  ApiTestCaseModel:72 - 测试用例qs_V3_shop_redeemNow断言完毕！！
 期待obj返回消息体5
 实际obj返回消息体5
2021-03-03 17:04:21 INFO  ApiTestCaseModel:63 - 测试用例qs_V3_shop_index断言完毕！！
 返回消息体msg-----成功
2021-03-03 17:04:21 INFO  ApiTestCaseModel:66 - 测试用例qs_V3_shop_index断言完毕！！
 返回消息体code-----0
2021-03-03 17:04:21 INFO  ApiTestCaseModel:72 - 测试用例qs_V3_shop_index断言完毕！！
 期待obj返回消息体6
 实际obj返回消息体6
2021-03-03 17:04:21 INFO  ApiTestCaseModel:63 - 测试用例qs_V3_shop_redeemRecords断言完毕！！
 返回消息体msg-----成功
2021-03-03 17:04:21 INFO  ApiTestCaseModel:66 - 测试用例qs_V3_shop_redeemRecords断言完毕！！
 返回消息体code-----0
2021-03-03 17:04:22 INFO  ApiTestCaseModel:63 - 测试用例qs_V3_shop_confirmRedemption断言完毕！！
 返回消息体msg-----成功
2021-03-03 17:04:22 INFO  ApiTestCaseModel:66 - 测试用例qs_V3_shop_confirmRedemption断言完毕！！
 返回消息体code-----0
2021-03-03 17:04:22 INFO  ApiTestCaseModel:72 - 测试用例qs_V3_shop_confirmRedemption断言完毕！！
 期待obj返回消息体3
 实际obj返回消息体3
2021-03-03 17:04:22 INFO  ApiTestCaseModel:63 - 测试用例qs_V3_chatRecord_chatRecordList断言完毕！！
 返回消息体msg-----成功
2021-03-03 17:04:22 INFO  ApiTestCaseModel:66 - 测试用例qs_V3_chatRecord_chatRecordList断言完毕！！
 返回消息体code-----0
2021-03-03 17:04:22 INFO  ApiTestCaseModel:72 - 测试用例qs_V3_chatRecord_chatRecordList断言完毕！！
 期待obj返回消息体5
 实际obj返回消息体5
2021-03-03 17:04:22 INFO  ApiTestCaseModel:63 - 测试用例qs_V3_task_voucherData断言完毕！！
 返回消息体msg-----成功
2021-03-03 17:04:22 INFO  ApiTestCaseModel:66 - 测试用例qs_V3_task_voucherData断言完毕！！
 返回消息体code-----0
2021-03-03 17:04:22 INFO  ApiTestCaseModel:72 - 测试用例qs_V3_task_voucherData断言完毕！！
 期待obj返回消息体6
 实际obj返回消息体6
2021-03-03 17:04:22 INFO  ApiTestCaseModel:63 - 测试用例qs_V3_task_creditData断言完毕！！
 返回消息体msg-----成功
2021-03-03 17:04:22 INFO  ApiTestCaseModel:66 - 测试用例qs_V3_task_creditData断言完毕！！
 返回消息体code-----0
2021-03-03 17:04:23 INFO  ApiTestCaseModel:72 - 测试用例qs_V3_task_creditData断言完毕！！
 期待obj返回消息体6
 实际obj返回消息体6
2021-03-03 17:04:23 INFO  ApiTestCaseModel:63 - 测试用例qs_V3_class_classDetail_classData断言完毕！！
 返回消息体msg-----成功
2021-03-03 17:04:23 INFO  ApiTestCaseModel:66 - 测试用例qs_V3_class_classDetail_classData断言完毕！！
 返回消息体code-----0
2021-03-03 17:04:23 INFO  ApiTestCaseModel:72 - 测试用例qs_V3_class_classDetail_classData断言完毕！！
 期待obj返回消息体5
 实际obj返回消息体5
2021-03-03 17:04:23 INFO  ApiTestCaseModel:63 - 测试用例qs_V3_setting_renewActive断言完毕！！
 返回消息体msg-----成功
2021-03-03 17:04:23 INFO  ApiTestCaseModel:66 - 测试用例qs_V3_setting_renewActive断言完毕！！
 返回消息体code-----0
2021-03-04 11:16:22 INFO  ApiTestCaseModel:63 - 测试用例qs_V1_study_startStudyQues断言完毕！！
 返回消息体msg-----成功
2021-03-04 11:16:22 INFO  ApiTestCaseModel:66 - 测试用例qs_V1_study_startStudyQues断言完毕！！
 返回消息体code-----0
2021-03-04 11:16:22 INFO  ApiTestCaseModel:72 - 测试用例qs_V1_study_startStudyQues断言完毕！！
 期待obj返回消息体1
 实际obj返回消息体1
2021-03-04 11:16:23 INFO  ApiTestCaseModel:63 - 测试用例qs_V1_study_index断言完毕！！
 返回消息体msg-----成功
2021-03-04 11:16:23 INFO  ApiTestCaseModel:66 - 测试用例qs_V1_study_index断言完毕！！
 返回消息体code-----0
2021-03-04 11:16:23 INFO  ApiTestCaseModel:72 - 测试用例qs_V1_study_index断言完毕！！
 期待obj返回消息体3
 实际obj返回消息体3
2021-03-04 11:16:23 INFO  ApiTestCaseModel:63 - 测试用例qs_V1_study_getTodayLecture断言完毕！！
 返回消息体msg-----成功
2021-03-04 11:16:23 INFO  ApiTestCaseModel:66 - 测试用例qs_V1_study_getTodayLecture断言完毕！！
 返回消息体code-----0
2021-03-04 11:16:23 INFO  ApiTestCaseModel:72 - 测试用例qs_V1_study_getTodayLecture断言完毕！！
 期待obj返回消息体1
 实际obj返回消息体1
2021-03-04 11:16:23 INFO  ApiTestCaseModel:63 - 测试用例qs_V1_study_systemStatus断言完毕！！
 返回消息体msg-----成功
2021-03-04 11:16:24 INFO  ApiTestCaseModel:66 - 测试用例qs_V1_study_systemStatus断言完毕！！
 返回消息体code-----0
2021-03-04 11:16:24 INFO  ApiTestCaseModel:72 - 测试用例qs_V1_study_systemStatus断言完毕！！
 期待obj返回消息体9
 实际obj返回消息体9
2021-03-04 11:16:24 INFO  ApiTestCaseModel:63 - 测试用例qs_V1_study_shareStudyReport断言完毕！！
 返回消息体msg-----成功
2021-03-04 11:16:24 INFO  ApiTestCaseModel:66 - 测试用例qs_V1_study_shareStudyReport断言完毕！！
 返回消息体code-----0
2021-03-04 11:16:24 INFO  ApiTestCaseModel:72 - 测试用例qs_V1_study_shareStudyReport断言完毕！！
 期待obj返回消息体1
 实际obj返回消息体1
2021-03-04 11:16:25 INFO  ApiTestCaseModel:63 - 测试用例qs_V1_study_startStudyAnswer断言完毕！！
 返回消息体msg-----成功
2021-03-04 11:16:25 INFO  ApiTestCaseModel:66 - 测试用例qs_V1_study_startStudyAnswer断言完毕！！
 返回消息体code-----0
2021-03-04 11:16:25 INFO  ApiTestCaseModel:72 - 测试用例qs_V1_study_startStudyAnswer断言完毕！！
 期待obj返回消息体2
 实际obj返回消息体2
2021-03-04 11:16:25 INFO  ApiTestCaseModel:63 - 测试用例qs_V1_course_courseTimeConfig断言完毕！！
 返回消息体msg-----成功
2021-03-04 11:16:25 INFO  ApiTestCaseModel:66 - 测试用例qs_V1_course_courseTimeConfig断言完毕！！
 返回消息体code-----0
2021-03-04 11:16:25 INFO  ApiTestCaseModel:72 - 测试用例qs_V1_course_courseTimeConfig断言完毕！！
 期待obj返回消息体2
 实际obj返回消息体2
2021-03-04 11:16:26 INFO  ApiTestCaseModel:63 - 测试用例qs_V1_course_resetRoomUserStatus断言完毕！！
 返回消息体msg-----成功
2021-03-04 11:16:26 INFO  ApiTestCaseModel:66 - 测试用例qs_V1_course_resetRoomUserStatus断言完毕！！
 返回消息体code-----0
2021-03-04 11:16:26 INFO  ApiTestCaseModel:69 - 返回消息obj体中为空，无需断言
2021-03-04 11:16:26 INFO  ApiTestCaseModel:63 - 测试用例qs_V1_course_courseByKpId断言完毕！！
 返回消息体msg-----成功
2021-03-04 11:16:26 INFO  ApiTestCaseModel:66 - 测试用例qs_V1_course_courseByKpId断言完毕！！
 返回消息体code-----0
2021-03-04 11:16:26 INFO  ApiTestCaseModel:72 - 测试用例qs_V1_course_courseByKpId断言完毕！！
 期待obj返回消息体8
 实际obj返回消息体8
2021-03-04 11:16:26 INFO  ApiTestCaseModel:63 - 测试用例qs_V1_course_courseByLectureId断言完毕！！
 返回消息体msg-----成功
2021-03-04 11:16:26 INFO  ApiTestCaseModel:66 - 测试用例qs_V1_course_courseByLectureId断言完毕！！
 返回消息体code-----0
2021-03-04 11:16:26 INFO  ApiTestCaseModel:72 - 测试用例qs_V1_course_courseByLectureId断言完毕！！
 期待obj返回消息体7
 实际obj返回消息体7
2021-03-04 11:16:26 INFO  ApiTestCaseModel:63 - 测试用例qs_V1_course_teacherListByLectureId断言完毕！！
 返回消息体msg-----成功
2021-03-04 11:16:26 INFO  ApiTestCaseModel:66 - 测试用例qs_V1_course_teacherListByLectureId断言完毕！！
 返回消息体code-----0
2021-03-04 11:16:26 INFO  ApiTestCaseModel:72 - 测试用例qs_V1_course_teacherListByLectureId断言完毕！！
 期待obj返回消息体1
 实际obj返回消息体1
2021-03-04 11:16:27 INFO  ApiTestCaseModel:63 - 测试用例qs_V1_course_doShareRoom断言完毕！！
 返回消息体msg-----成功
2021-03-04 11:16:27 INFO  ApiTestCaseModel:66 - 测试用例qs_V1_course_doShareRoom断言完毕！！
 返回消息体code-----0
2021-03-04 11:16:27 INFO  ApiTestCaseModel:69 - 返回消息obj体中为空，无需断言
2021-03-04 11:16:27 INFO  ApiTestCaseModel:63 - 测试用例qs_V1_course_submitTimeConfigAnswer断言完毕！！
 返回消息体msg-----成功
2021-03-04 11:16:27 INFO  ApiTestCaseModel:66 - 测试用例qs_V1_course_submitTimeConfigAnswer断言完毕！！
 返回消息体code-----0
2021-03-04 11:16:27 INFO  ApiTestCaseModel:69 - 返回消息obj体中为空，无需断言
2021-03-04 11:16:27 INFO  ApiTestCaseModel:63 - 测试用例qs_V1_course_genUserSign断言完毕！！
 返回消息体msg-----成功
2021-03-04 11:16:27 INFO  ApiTestCaseModel:66 - 测试用例qs_V1_course_genUserSign断言完毕！！
 返回消息体code-----0
2021-03-04 11:16:27 INFO  ApiTestCaseModel:72 - 测试用例qs_V1_course_genUserSign断言完毕！！
 期待obj返回消息体1
 实际obj返回消息体1
2021-03-04 11:16:27 INFO  ApiTestCaseModel:63 - 测试用例qs_V1_course_getLecturePlayInfoByRoomId断言完毕！！
 返回消息体msg-----成功
2021-03-04 11:16:28 INFO  ApiTestCaseModel:66 - 测试用例qs_V1_course_getLecturePlayInfoByRoomId断言完毕！！
 返回消息体code-----0
2021-03-04 11:16:28 INFO  ApiTestCaseModel:72 - 测试用例qs_V1_course_getLecturePlayInfoByRoomId断言完毕！！
 期待obj返回消息体19
 实际obj返回消息体19
2021-03-04 11:16:28 INFO  ApiTestCaseModel:63 - 测试用例qs_V1_course_lectureVideoInfo断言完毕！！
 返回消息体msg-----成功
2021-03-04 11:16:28 INFO  ApiTestCaseModel:66 - 测试用例qs_V1_course_lectureVideoInfo断言完毕！！
 返回消息体code-----0
2021-03-04 11:16:28 INFO  ApiTestCaseModel:72 - 测试用例qs_V1_course_lectureVideoInfo断言完毕！！
 期待obj返回消息体6
 实际obj返回消息体6
2021-03-04 11:16:29 INFO  ApiTestCaseModel:63 - 测试用例qs_V1_course_kpCardByLectureId断言完毕！！
 返回消息体msg-----成功
2021-03-04 11:16:29 INFO  ApiTestCaseModel:66 - 测试用例qs_V1_course_kpCardByLectureId断言完毕！！
 返回消息体code-----0
2021-03-04 11:16:29 INFO  ApiTestCaseModel:72 - 测试用例qs_V1_course_kpCardByLectureId断言完毕！！
 期待obj返回消息体1
 实际obj返回消息体1
2021-03-04 11:16:29 INFO  ApiTestCaseModel:63 - 测试用例qs_V1_course_roomListByLectureIds断言完毕！！
 返回消息体msg-----成功
2021-03-04 11:16:29 INFO  ApiTestCaseModel:66 - 测试用例qs_V1_course_roomListByLectureIds断言完毕！！
 返回消息体code-----0
2021-03-04 11:16:29 INFO  ApiTestCaseModel:72 - 测试用例qs_V1_course_roomListByLectureIds断言完毕！！
 期待obj返回消息体1
 实际obj返回消息体1
2021-03-04 11:16:30 INFO  ApiTestCaseModel:63 - 测试用例qs_V1_course_courseHandoutByLectureId断言完毕！！
 返回消息体msg-----成功
2021-03-04 11:16:30 INFO  ApiTestCaseModel:66 - 测试用例qs_V1_course_courseHandoutByLectureId断言完毕！！
 返回消息体code-----0
2021-03-04 11:16:30 INFO  ApiTestCaseModel:72 - 测试用例qs_V1_course_courseHandoutByLectureId断言完毕！！
 期待obj返回消息体7
 实际obj返回消息体7
2021-03-04 11:16:30 INFO  ApiTestCaseModel:63 - 测试用例qs_V1_course_syncTimeConfig断言完毕！！
 返回消息体msg-----成功
2021-03-04 11:16:30 INFO  ApiTestCaseModel:66 - 测试用例qs_V1_course_syncTimeConfig断言完毕！！
 返回消息体code-----0
2021-03-04 11:16:30 INFO  ApiTestCaseModel:69 - 返回消息obj体中为空，无需断言
2021-03-04 11:16:31 INFO  ApiTestCaseModel:63 - 测试用例qs_V1_course_syncCourseRecord断言完毕！！
 返回消息体msg-----成功
2021-03-04 11:16:31 INFO  ApiTestCaseModel:66 - 测试用例qs_V1_course_syncCourseRecord断言完毕！！
 返回消息体code-----0
2021-03-04 11:16:31 INFO  ApiTestCaseModel:69 - 返回消息obj体中为空，无需断言
2021-03-04 11:16:33 INFO  ApiTestCaseModel:63 - 测试用例qs_V1_course_createRoom断言完毕！！
 返回消息体msg-----成功
2021-03-04 11:16:33 INFO  ApiTestCaseModel:66 - 测试用例qs_V1_course_createRoom断言完毕！！
 返回消息体code-----0
2021-03-04 11:16:33 INFO  ApiTestCaseModel:72 - 测试用例qs_V1_course_createRoom断言完毕！！
 期待obj返回消息体6
 实际obj返回消息体6
2021-03-04 11:16:33 INFO  ApiTestCaseModel:63 - 测试用例qs_V1_course_lectureVideoInfoWithLog断言完毕！！
 返回消息体msg-----成功
2021-03-04 11:16:33 INFO  ApiTestCaseModel:66 - 测试用例qs_V1_course_lectureVideoInfoWithLog断言完毕！！
 返回消息体code-----0
2021-03-04 11:16:33 INFO  ApiTestCaseModel:72 - 测试用例qs_V1_course_lectureVideoInfoWithLog断言完毕！！
 期待obj返回消息体4
 实际obj返回消息体4
2021-03-04 11:16:34 INFO  ApiTestCaseModel:63 - 测试用例qs_V1_solve_solveDetail断言完毕！！
 返回消息体msg-----成功
2021-03-04 11:16:34 INFO  ApiTestCaseModel:66 - 测试用例qs_V1_solve_solveDetail断言完毕！！
 返回消息体code-----0
2021-03-04 11:16:34 INFO  ApiTestCaseModel:72 - 测试用例qs_V1_solve_solveDetail断言完毕！！
 期待obj返回消息体9
 实际obj返回消息体9
2021-03-04 11:16:34 INFO  ApiTestCaseModel:63 - 测试用例qs_V1_solve_askAndReplyList断言完毕！！
 返回消息体msg-----成功
2021-03-04 11:16:34 INFO  ApiTestCaseModel:66 - 测试用例qs_V1_solve_askAndReplyList断言完毕！！
 返回消息体code-----0
2021-03-04 11:16:34 INFO  ApiTestCaseModel:72 - 测试用例qs_V1_solve_askAndReplyList断言完毕！！
 期待obj返回消息体1
 实际obj返回消息体1
2021-03-04 11:16:34 INFO  ApiTestCaseModel:63 - 测试用例qs_V1_solve_saveAskQuestion断言完毕！！
 返回消息体msg-----成功
2021-03-04 11:16:34 INFO  ApiTestCaseModel:66 - 测试用例qs_V1_solve_saveAskQuestion断言完毕！！
 返回消息体code-----0
2021-03-04 11:16:34 INFO  ApiTestCaseModel:69 - 返回消息obj体中为空，无需断言
2021-03-04 11:16:35 INFO  ApiTestCaseModel:63 - 测试用例qs_V1_solve_saveAgainAskQuestion断言完毕！！
 返回消息体msg-----成功
2021-03-04 11:16:35 INFO  ApiTestCaseModel:66 - 测试用例qs_V1_solve_saveAgainAskQuestion断言完毕！！
 返回消息体code-----0
2021-03-04 11:16:35 INFO  ApiTestCaseModel:69 - 返回消息obj体中为空，无需断言
2021-03-04 11:16:35 INFO  ApiTestCaseModel:63 - 测试用例qs_V1_solve_getReplyExpireMsg断言完毕！！
 返回消息体msg-----成功
2021-03-04 11:16:35 INFO  ApiTestCaseModel:66 - 测试用例qs_V1_solve_getReplyExpireMsg断言完毕！！
 返回消息体code-----0
2021-03-04 11:16:35 INFO  ApiTestCaseModel:72 - 测试用例qs_V1_solve_getReplyExpireMsg断言完毕！！
 期待obj返回消息体1
 实际obj返回消息体1
2021-03-04 11:16:35 INFO  ApiTestCaseModel:63 - 测试用例qs_V1_solve_saveSolveDetail断言完毕！！
 返回消息体msg-----成功
2021-03-04 11:16:35 INFO  ApiTestCaseModel:66 - 测试用例qs_V1_solve_saveSolveDetail断言完毕！！
 返回消息体code-----0
2021-03-04 11:16:35 INFO  ApiTestCaseModel:69 - 返回消息obj体中为空，无需断言
2021-03-04 11:16:35 INFO  ApiTestCaseModel:63 - 测试用例qs_V1_solve_myAnswerList断言完毕！！
 返回消息体msg-----成功
2021-03-04 11:16:35 INFO  ApiTestCaseModel:66 - 测试用例qs_V1_solve_myAnswerList断言完毕！！
 返回消息体code-----0
2021-03-04 11:16:35 INFO  ApiTestCaseModel:72 - 测试用例qs_V1_solve_myAnswerList断言完毕！！
 期待obj返回消息体5
 实际obj返回消息体5
2021-03-04 11:16:35 INFO  ApiTestCaseModel:63 - 测试用例qs_V1_solve_cancelSolve断言完毕！！
 返回消息体msg-----成功
2021-03-04 11:16:36 INFO  ApiTestCaseModel:66 - 测试用例qs_V1_solve_cancelSolve断言完毕！！
 返回消息体code-----0
2021-03-04 11:16:36 INFO  ApiTestCaseModel:72 - 测试用例qs_V1_solve_cancelSolve断言完毕！！
 期待obj返回消息体1
 实际obj返回消息体1
2021-03-04 11:16:36 INFO  ApiTestCaseModel:63 - 测试用例qs_V1_solve_leftAskNum断言完毕！！
 返回消息体msg-----成功
2021-03-04 11:16:36 INFO  ApiTestCaseModel:66 - 测试用例qs_V1_solve_leftAskNum断言完毕！！
 返回消息体code-----0
2021-03-04 11:16:36 INFO  ApiTestCaseModel:72 - 测试用例qs_V1_solve_leftAskNum断言完毕！！
 期待obj返回消息体3
 实际obj返回消息体3
2021-03-04 11:16:36 INFO  ApiTestCaseModel:63 - 测试用例qs_V1_curriculum_dayList断言完毕！！
 返回消息体msg-----成功
2021-03-04 11:16:36 INFO  ApiTestCaseModel:66 - 测试用例qs_V1_curriculum_dayList断言完毕！！
 返回消息体code-----0
2021-03-04 11:16:37 INFO  ApiTestCaseModel:72 - 测试用例qs_V1_curriculum_dayList断言完毕！！
 期待obj返回消息体1
 实际obj返回消息体1
2021-03-04 11:16:37 INFO  ApiTestCaseModel:63 - 测试用例qs_V1_shop_prizeExchange断言完毕！！
 返回消息体msg-----成功
2021-03-04 11:16:37 INFO  ApiTestCaseModel:66 - 测试用例qs_V1_shop_prizeExchange断言完毕！！
 返回消息体code-----0
2021-03-04 11:16:37 INFO  ApiTestCaseModel:72 - 测试用例qs_V1_shop_prizeExchange断言完毕！！
 期待obj返回消息体1
 实际obj返回消息体1
2021-03-04 11:16:37 INFO  ApiTestCaseModel:63 - 测试用例qs_V1_shop_index断言完毕！！
 返回消息体msg-----成功
2021-03-04 11:16:37 INFO  ApiTestCaseModel:66 - 测试用例qs_V1_shop_index断言完毕！！
 返回消息体code-----0
2021-03-04 11:16:37 INFO  ApiTestCaseModel:72 - 测试用例qs_V1_shop_index断言完毕！！
 期待obj返回消息体4
 实际obj返回消息体4
2021-03-04 11:16:38 INFO  ApiTestCaseModel:63 - 测试用例qs_V1_activation_completeActivation断言完毕！！
 返回消息体msg-----成功
2021-03-04 11:16:38 INFO  ApiTestCaseModel:66 - 测试用例qs_V1_activation_completeActivation断言完毕！！
 返回消息体code-----0
2021-03-04 11:16:38 INFO  ApiTestCaseModel:72 - 测试用例qs_V1_activation_completeActivation断言完毕！！
 期待obj返回消息体1
 实际obj返回消息体1
2021-03-04 11:16:38 INFO  ApiTestCaseModel:63 - 测试用例qs_V1_activation_questionsAndAnswers断言完毕！！
 返回消息体msg-----成功
2021-03-04 11:16:38 INFO  ApiTestCaseModel:66 - 测试用例qs_V1_activation_questionsAndAnswers断言完毕！！
 返回消息体code-----0
2021-03-04 11:16:38 INFO  ApiTestCaseModel:72 - 测试用例qs_V1_activation_questionsAndAnswers断言完毕！！
 期待obj返回消息体3
 实际obj返回消息体3
2021-03-04 11:16:39 INFO  ApiTestCaseModel:63 - 测试用例qs_V1_activation_shareLearnPlan断言完毕！！
 返回消息体msg-----成功
2021-03-04 11:16:39 INFO  ApiTestCaseModel:66 - 测试用例qs_V1_activation_shareLearnPlan断言完毕！！
 返回消息体code-----0
2021-03-04 11:16:40 INFO  ApiTestCaseModel:63 - 测试用例qs_V1_activation_normalMode断言完毕！！
 返回消息体msg-----成功
2021-03-04 11:16:40 INFO  ApiTestCaseModel:66 - 测试用例qs_V1_activation_normalMode断言完毕！！
 返回消息体code-----0
2021-03-04 11:16:40 INFO  ApiTestCaseModel:72 - 测试用例qs_V1_activation_normalMode断言完毕！！
 期待obj返回消息体1
 实际obj返回消息体1
2021-03-04 11:16:40 INFO  ApiTestCaseModel:63 - 测试用例qs_V1_activation_submitQues断言完毕！！
 返回消息体msg-----成功
2021-03-04 11:16:40 INFO  ApiTestCaseModel:66 - 测试用例qs_V1_activation_submitQues断言完毕！！
 返回消息体code-----0
2021-03-04 11:16:40 INFO  ApiTestCaseModel:72 - 测试用例qs_V1_activation_submitQues断言完毕！！
 期待obj返回消息体4
 实际obj返回消息体4
2021-03-04 11:16:40 INFO  ApiTestCaseModel:63 - 测试用例qs_V1_activation_renewActivation断言完毕！！
 返回消息体msg-----成功
2021-03-04 11:16:40 INFO  ApiTestCaseModel:66 - 测试用例qs_V1_activation_renewActivation断言完毕！！
 返回消息体code-----0
2021-03-04 11:16:40 INFO  ApiTestCaseModel:72 - 测试用例qs_V1_activation_renewActivation断言完毕！！
 期待obj返回消息体0
 实际obj返回消息体0
2021-03-04 11:16:41 INFO  ApiTestCaseModel:63 - 测试用例qs_V1_activation_cancelQues断言完毕！！
 返回消息体msg-----成功
2021-03-04 11:16:41 INFO  ApiTestCaseModel:66 - 测试用例qs_V1_activation_cancelQues断言完毕！！
 返回消息体code-----0
2021-03-04 11:16:41 INFO  ApiTestCaseModel:72 - 测试用例qs_V1_activation_cancelQues断言完毕！！
 期待obj返回消息体0
 实际obj返回消息体0
2021-03-04 11:16:41 INFO  ApiTestCaseModel:63 - 测试用例qs_V1_knowledgePoint_syncKpVoiceRecord断言完毕！！
 返回消息体msg-----成功
2021-03-04 11:16:41 INFO  ApiTestCaseModel:66 - 测试用例qs_V1_knowledgePoint_syncKpVoiceRecord断言完毕！！
 返回消息体code-----0
2021-03-04 11:16:41 INFO  ApiTestCaseModel:69 - 返回消息obj体中为空，无需断言
2021-03-04 11:16:41 INFO  ApiTestCaseModel:63 - 测试用例qs_V1_knowledgePoint_selfModeKpList断言完毕！！
 返回消息体msg-----成功
2021-03-04 11:16:41 INFO  ApiTestCaseModel:66 - 测试用例qs_V1_knowledgePoint_selfModeKpList断言完毕！！
 返回消息体code-----0
2021-03-04 11:16:41 INFO  ApiTestCaseModel:72 - 测试用例qs_V1_knowledgePoint_selfModeKpList断言完毕！！
 期待obj返回消息体1
 实际obj返回消息体1
2021-03-04 11:16:41 INFO  ApiTestCaseModel:63 - 测试用例qs_V1_knowledgePoint_unlockKpList断言完毕！！
 返回消息体msg-----成功
2021-03-04 11:16:41 INFO  ApiTestCaseModel:66 - 测试用例qs_V1_knowledgePoint_unlockKpList断言完毕！！
 返回消息体code-----0
2021-03-04 11:16:41 INFO  ApiTestCaseModel:72 - 测试用例qs_V1_knowledgePoint_unlockKpList断言完毕！！
 期待obj返回消息体3
 实际obj返回消息体3
2021-03-04 11:16:41 INFO  ApiTestCaseModel:63 - 测试用例qs_V1_knowledgePoint_selfModeChooseKp断言完毕！！
 返回消息体msg-----成功
2021-03-04 11:16:42 INFO  ApiTestCaseModel:66 - 测试用例qs_V1_knowledgePoint_selfModeChooseKp断言完毕！！
 返回消息体code-----0
2021-03-04 11:16:42 INFO  ApiTestCaseModel:69 - 返回消息obj体中为空，无需断言
2021-03-04 11:16:42 INFO  ApiTestCaseModel:63 - 测试用例qs_V1_knowledgePoint_genKpListByMode断言完毕！！
 返回消息体msg-----成功
2021-03-04 11:16:42 INFO  ApiTestCaseModel:66 - 测试用例qs_V1_knowledgePoint_genKpListByMode断言完毕！！
 返回消息体code-----0
2021-03-04 11:16:42 INFO  ApiTestCaseModel:72 - 测试用例qs_V1_knowledgePoint_genKpListByMode断言完毕！！
 期待obj返回消息体1
 实际obj返回消息体1
2021-03-04 11:16:42 INFO  ApiTestCaseModel:63 - 测试用例qs_V1_knowledgePoint_kpDetailListByKpIds断言完毕！！
 返回消息体msg-----成功
2021-03-04 11:16:42 INFO  ApiTestCaseModel:66 - 测试用例qs_V1_knowledgePoint_kpDetailListByKpIds断言完毕！！
 返回消息体code-----0
2021-03-04 11:16:42 INFO  ApiTestCaseModel:72 - 测试用例qs_V1_knowledgePoint_kpDetailListByKpIds断言完毕！！
 期待obj返回消息体1
 实际obj返回消息体1
2021-03-04 11:16:42 INFO  ApiTestCaseModel:63 - 测试用例qs_V1_knowledgePoint_getKpVedioByKpId断言完毕！！
 返回消息体msg-----成功
2021-03-04 11:16:42 INFO  ApiTestCaseModel:66 - 测试用例qs_V1_knowledgePoint_getKpVedioByKpId断言完毕！！
 返回消息体code-----0
2021-03-04 11:16:42 INFO  ApiTestCaseModel:72 - 测试用例qs_V1_knowledgePoint_getKpVedioByKpId断言完毕！！
 期待obj返回消息体2
 实际obj返回消息体2
2021-03-04 11:16:42 INFO  ApiTestCaseModel:63 - 测试用例qs_V1_knowledgePoint_kpNoteByUserId断言完毕！！
 返回消息体msg-----成功
2021-03-04 11:16:42 INFO  ApiTestCaseModel:66 - 测试用例qs_V1_knowledgePoint_kpNoteByUserId断言完毕！！
 返回消息体code-----0
2021-03-04 11:16:42 INFO  ApiTestCaseModel:69 - 返回消息obj体中为空，无需断言
2021-03-04 11:16:42 INFO  ApiTestCaseModel:63 - 测试用例qs_V1_solveDetailCollection_collectionStatus断言完毕！！
 返回消息体msg-----成功
2021-03-04 11:16:42 INFO  ApiTestCaseModel:66 - 测试用例qs_V1_solveDetailCollection_collectionStatus断言完毕！！
 返回消息体code-----0
2021-03-04 11:16:42 INFO  ApiTestCaseModel:69 - 返回消息obj体中为空，无需断言
2021-03-04 11:16:43 INFO  ApiTestCaseModel:63 - 测试用例qs_V1_solveDetailCollection_collectionStatus断言完毕！！
 返回消息体msg-----成功
2021-03-04 11:16:43 INFO  ApiTestCaseModel:66 - 测试用例qs_V1_solveDetailCollection_collectionStatus断言完毕！！
 返回消息体code-----0
2021-03-04 11:16:43 INFO  ApiTestCaseModel:69 - 返回消息obj体中为空，无需断言
2021-03-04 11:16:43 INFO  ApiTestCaseModel:63 - 测试用例qs_V1_solveDetailCollection_myCollection断言完毕！！
 返回消息体msg-----成功
2021-03-04 11:16:43 INFO  ApiTestCaseModel:66 - 测试用例qs_V1_solveDetailCollection_myCollection断言完毕！！
 返回消息体code-----0
2021-03-04 11:16:43 INFO  ApiTestCaseModel:72 - 测试用例qs_V1_solveDetailCollection_myCollection断言完毕！！
 期待obj返回消息体5
 实际obj返回消息体5
2021-03-04 11:16:43 INFO  ApiTestCaseModel:63 - 测试用例qs_V1_task_index断言完毕！！
 返回消息体msg-----成功
2021-03-04 11:16:43 INFO  ApiTestCaseModel:66 - 测试用例qs_V1_task_index断言完毕！！
 返回消息体code-----0
2021-03-04 11:16:43 INFO  ApiTestCaseModel:72 - 测试用例qs_V1_task_index断言完毕！！
 期待obj返回消息体2
 实际obj返回消息体2
2021-03-04 11:16:43 INFO  ApiTestCaseModel:63 - 测试用例qs_V1_task_creditDetails断言完毕！！
 返回消息体msg-----成功
2021-03-04 11:16:43 INFO  ApiTestCaseModel:66 - 测试用例qs_V1_task_creditDetails断言完毕！！
 返回消息体code-----0
2021-03-04 11:16:43 INFO  ApiTestCaseModel:72 - 测试用例qs_V1_task_creditDetails断言完毕！！
 期待obj返回消息体5
 实际obj返回消息体5
2021-03-04 11:16:44 INFO  ApiTestCaseModel:63 - 测试用例qs_V1_class_index断言完毕！！
 返回消息体msg-----成功
2021-03-04 11:16:44 INFO  ApiTestCaseModel:66 - 测试用例qs_V1_class_index断言完毕！！
 返回消息体code-----0
2021-03-04 11:16:44 INFO  ApiTestCaseModel:72 - 测试用例qs_V1_class_index断言完毕！！
 期待obj返回消息体4
 实际obj返回消息体4
2021-03-04 11:16:45 INFO  ApiTestCaseModel:63 - 测试用例qs_V1_class_personData断言完毕！！
 返回消息体msg-----成功
2021-03-04 11:16:45 INFO  ApiTestCaseModel:66 - 测试用例qs_V1_class_personData断言完毕！！
 返回消息体code-----0
2021-03-04 11:16:45 INFO  ApiTestCaseModel:72 - 测试用例qs_V1_class_personData断言完毕！！
 期待obj返回消息体10
 实际obj返回消息体10
2021-03-04 11:16:45 INFO  ApiTestCaseModel:63 - 测试用例qs_V1_class_classDetail_classData断言完毕！！
 返回消息体msg-----成功
2021-03-04 11:16:45 INFO  ApiTestCaseModel:66 - 测试用例qs_V1_class_classDetail_classData断言完毕！！
 返回消息体code-----0
2021-03-04 11:16:45 INFO  ApiTestCaseModel:72 - 测试用例qs_V1_class_classDetail_classData断言完毕！！
 期待obj返回消息体5
 实际obj返回消息体5
2021-03-04 11:16:45 INFO  ApiTestCaseModel:63 - 测试用例qs_V1_class_classDetail_classReport断言完毕！！
 返回消息体msg-----成功
2021-03-04 11:16:45 INFO  ApiTestCaseModel:66 - 测试用例qs_V1_class_classDetail_classReport断言完毕！！
 返回消息体code-----0
2021-03-04 11:16:45 INFO  ApiTestCaseModel:72 - 测试用例qs_V1_class_classDetail_classReport断言完毕！！
 期待obj返回消息体8
 实际obj返回消息体8
2021-03-04 11:16:45 INFO  ApiTestCaseModel:63 - 测试用例qs_V1_class_classDetail_classRank断言完毕！！
 返回消息体msg-----成功
2021-03-04 11:16:45 INFO  ApiTestCaseModel:66 - 测试用例qs_V1_class_classDetail_classRank断言完毕！！
 返回消息体code-----0
2021-03-04 11:16:45 INFO  ApiTestCaseModel:72 - 测试用例qs_V1_class_classDetail_classRank断言完毕！！
 期待obj返回消息体1
 实际obj返回消息体1
2021-03-04 11:16:46 INFO  ApiTestCaseModel:63 - 测试用例qs_V1_class_encourage断言完毕！！
 返回消息体msg-----成功
2021-03-04 11:16:46 INFO  ApiTestCaseModel:66 - 测试用例qs_V1_class_encourage断言完毕！！
 返回消息体code-----0
2021-03-04 11:16:46 INFO  ApiTestCaseModel:69 - 返回消息obj体中为空，无需断言
2021-03-04 11:16:46 INFO  ApiTestCaseModel:63 - 测试用例qs_V1_exam_removeWrongQuesByUser断言完毕！！
 返回消息体msg-----成功
2021-03-04 11:16:46 INFO  ApiTestCaseModel:66 - 测试用例qs_V1_exam_removeWrongQuesByUser断言完毕！！
 返回消息体code-----0
2021-03-04 11:16:46 INFO  ApiTestCaseModel:72 - 测试用例qs_V1_exam_removeWrongQuesByUser断言完毕！！
 期待obj返回消息体1
 实际obj返回消息体1
2021-03-04 11:16:46 INFO  ApiTestCaseModel:63 - 测试用例qs_V1_exam_paperRecordList断言完毕！！
 返回消息体msg-----成功
2021-03-04 11:16:46 INFO  ApiTestCaseModel:66 - 测试用例qs_V1_exam_paperRecordList断言完毕！！
 返回消息体code-----0
2021-03-04 11:16:46 INFO  ApiTestCaseModel:72 - 测试用例qs_V1_exam_paperRecordList断言完毕！！
 期待obj返回消息体5
 实际obj返回消息体5
2021-03-04 11:16:46 INFO  ApiTestCaseModel:63 - 测试用例qs_V1_exam_wrongQuesByKp断言完毕！！
 返回消息体msg-----成功
2021-03-04 11:16:46 INFO  ApiTestCaseModel:66 - 测试用例qs_V1_exam_wrongQuesByKp断言完毕！！
 返回消息体code-----0
2021-03-04 11:16:46 INFO  ApiTestCaseModel:72 - 测试用例qs_V1_exam_wrongQuesByKp断言完毕！！
 期待obj返回消息体2
 实际obj返回消息体2
2021-03-04 11:16:47 INFO  ApiTestCaseModel:63 - 测试用例qs_V1_exam_smartGoToExam断言完毕！！
 返回消息体msg-----成功
2021-03-04 11:16:47 INFO  ApiTestCaseModel:66 - 测试用例qs_V1_exam_smartGoToExam断言完毕！！
 返回消息体code-----0
2021-03-04 11:16:47 INFO  ApiTestCaseModel:72 - 测试用例qs_V1_exam_smartGoToExam断言完毕！！
 期待obj返回消息体5
 实际obj返回消息体5
2021-03-04 11:16:48 INFO  ApiTestCaseModel:63 - 测试用例qs_V1_exam_cacheAnswer断言完毕！！
 返回消息体msg-----成功
2021-03-04 11:16:48 INFO  ApiTestCaseModel:66 - 测试用例qs_V1_exam_cacheAnswer断言完毕！！
 返回消息体code-----0
2021-03-04 11:16:48 INFO  ApiTestCaseModel:69 - 返回消息obj体中为空，无需断言
2021-03-04 11:16:48 INFO  ApiTestCaseModel:63 - 测试用例qs_V1_exam_correctionTypeList断言完毕！！
 返回消息体msg-----成功
2021-03-04 11:16:48 INFO  ApiTestCaseModel:66 - 测试用例qs_V1_exam_correctionTypeList断言完毕！！
 返回消息体code-----0
2021-03-04 11:16:48 INFO  ApiTestCaseModel:72 - 测试用例qs_V1_exam_correctionTypeList断言完毕！！
 期待obj返回消息体1
 实际obj返回消息体1
2021-03-04 11:16:48 INFO  ApiTestCaseModel:63 - 测试用例qs_V1_exam_subjectListByUserExtendId断言完毕！！
 返回消息体msg-----成功
2021-03-04 11:16:48 INFO  ApiTestCaseModel:66 - 测试用例qs_V1_exam_subjectListByUserExtendId断言完毕！！
 返回消息体code-----0
2021-03-04 11:16:48 INFO  ApiTestCaseModel:72 - 测试用例qs_V1_exam_subjectListByUserExtendId断言完毕！！
 期待obj返回消息体1
 实际obj返回消息体1
2021-03-04 11:16:48 INFO  ApiTestCaseModel:63 - 测试用例qs_V1_exam_getVideoPlayInfo断言完毕！！
 返回消息体msg-----成功
2021-03-04 11:16:48 INFO  ApiTestCaseModel:66 - 测试用例qs_V1_exam_getVideoPlayInfo断言完毕！！
 返回消息体code-----0
2021-03-04 11:16:48 INFO  ApiTestCaseModel:72 - 测试用例qs_V1_exam_getVideoPlayInfo断言完毕！！
 期待obj返回消息体4
 实际obj返回消息体4
2021-03-04 11:16:48 INFO  ApiTestCaseModel:63 - 测试用例qs_V1_exam_collectQues断言完毕！！
 返回消息体msg-----成功
2021-03-04 11:16:48 INFO  ApiTestCaseModel:66 - 测试用例qs_V1_exam_collectQues断言完毕！！
 返回消息体code-----0
2021-03-04 11:16:48 INFO  ApiTestCaseModel:69 - 返回消息obj体中为空，无需断言
2021-03-04 11:16:48 INFO  ApiTestCaseModel:63 - 测试用例qs_V1_exam_unCollectQues断言完毕！！
 返回消息体msg-----成功
2021-03-04 11:16:49 INFO  ApiTestCaseModel:66 - 测试用例qs_V1_exam_unCollectQues断言完毕！！
 返回消息体code-----0
2021-03-04 11:16:49 INFO  ApiTestCaseModel:69 - 返回消息obj体中为空，无需断言
2021-03-04 11:16:49 INFO  ApiTestCaseModel:63 - 测试用例qs_V1_exam_examIndex断言完毕！！
 返回消息体msg-----成功
2021-03-04 11:16:49 INFO  ApiTestCaseModel:66 - 测试用例qs_V1_exam_examIndex断言完毕！！
 返回消息体code-----0
2021-03-04 11:16:49 INFO  ApiTestCaseModel:72 - 测试用例qs_V1_exam_examIndex断言完毕！！
 期待obj返回消息体5
 实际obj返回消息体5
2021-03-04 11:16:49 INFO  ApiTestCaseModel:63 - 测试用例qs_V1_exam_smartExam断言完毕！！
 返回消息体msg-----成功
2021-03-04 11:16:49 INFO  ApiTestCaseModel:66 - 测试用例qs_V1_exam_smartExam断言完毕！！
 返回消息体code-----0
2021-03-04 11:16:49 INFO  ApiTestCaseModel:72 - 测试用例qs_V1_exam_smartExam断言完毕！！
 期待obj返回消息体3
 实际obj返回消息体3
2021-03-04 11:16:50 INFO  ApiTestCaseModel:63 - 测试用例qs_V1_exam_wrongQuesByQuesType断言完毕！！
 返回消息体msg-----成功
2021-03-04 11:16:50 INFO  ApiTestCaseModel:66 - 测试用例qs_V1_exam_wrongQuesByQuesType断言完毕！！
 返回消息体code-----0
2021-03-04 11:16:50 INFO  ApiTestCaseModel:72 - 测试用例qs_V1_exam_wrongQuesByQuesType断言完毕！！
 期待obj返回消息体2
 实际obj返回消息体2
2021-03-04 11:16:50 INFO  ApiTestCaseModel:63 - 测试用例qs_V1_exam_examAnalysis断言完毕！！
 返回消息体msg-----成功
2021-03-04 11:16:50 INFO  ApiTestCaseModel:66 - 测试用例qs_V1_exam_examAnalysis断言完毕！！
 返回消息体code-----0
2021-03-04 11:16:50 INFO  ApiTestCaseModel:72 - 测试用例qs_V1_exam_examAnalysis断言完毕！！
 期待obj返回消息体2
 实际obj返回消息体2
2021-03-04 11:16:51 INFO  ApiTestCaseModel:63 - 测试用例qs_V1_exam_wrongQuesDetail断言完毕！！
 返回消息体msg-----成功
2021-03-04 11:16:51 INFO  ApiTestCaseModel:66 - 测试用例qs_V1_exam_wrongQuesDetail断言完毕！！
 返回消息体code-----0
2021-03-04 11:16:51 INFO  ApiTestCaseModel:72 - 测试用例qs_V1_exam_wrongQuesDetail断言完毕！！
 期待obj返回消息体5
 实际obj返回消息体5
2021-03-04 11:16:52 INFO  ApiTestCaseModel:63 - 测试用例qs_V1_exam_recordView断言完毕！！
 返回消息体msg-----成功
2021-03-04 11:16:52 INFO  ApiTestCaseModel:66 - 测试用例qs_V1_exam_recordView断言完毕！！
 返回消息体code-----0
2021-03-04 11:16:52 INFO  ApiTestCaseModel:72 - 测试用例qs_V1_exam_recordView断言完毕！！
 期待obj返回消息体15
 实际obj返回消息体15
2021-03-04 11:16:52 INFO  ApiTestCaseModel:63 - 测试用例qs_V1_exam_collectQues断言完毕！！
 返回消息体msg-----成功
2021-03-04 11:16:52 INFO  ApiTestCaseModel:66 - 测试用例qs_V1_exam_collectQues断言完毕！！
 返回消息体code-----0
2021-03-04 11:16:52 INFO  ApiTestCaseModel:69 - 返回消息obj体中为空，无需断言
2021-03-04 11:16:52 INFO  ApiTestCaseModel:63 - 测试用例qs_V1_exam_unCollectQues断言完毕！！
 返回消息体msg-----成功
2021-03-04 11:16:52 INFO  ApiTestCaseModel:66 - 测试用例qs_V1_exam_unCollectQues断言完毕！！
 返回消息体code-----0
2021-03-04 11:16:52 INFO  ApiTestCaseModel:69 - 返回消息obj体中为空，无需断言
2021-03-04 11:16:53 INFO  ApiTestCaseModel:63 - 测试用例qs_V1_exam_goToExam断言完毕！！
 返回消息体msg-----成功
2021-03-04 11:16:53 INFO  ApiTestCaseModel:66 - 测试用例qs_V1_exam_goToExam断言完毕！！
 返回消息体code-----0
2021-03-04 11:16:53 INFO  ApiTestCaseModel:72 - 测试用例qs_V1_exam_goToExam断言完毕！！
 期待obj返回消息体5
 实际obj返回消息体5
2021-03-04 11:16:53 INFO  ApiTestCaseModel:63 - 测试用例qs_V1_exam_paperListByPaperType断言完毕！！
 返回消息体msg-----成功
2021-03-04 11:16:53 INFO  ApiTestCaseModel:66 - 测试用例qs_V1_exam_paperListByPaperType断言完毕！！
 返回消息体code-----0
2021-03-04 11:16:53 INFO  ApiTestCaseModel:72 - 测试用例qs_V1_exam_paperListByPaperType断言完毕！！
 期待obj返回消息体1
 实际obj返回消息体1
2021-03-04 11:16:53 INFO  ApiTestCaseModel:63 - 测试用例qs_V1_exam_questionInfo断言完毕！！
 返回消息体msg-----成功
2021-03-04 11:16:54 INFO  ApiTestCaseModel:66 - 测试用例qs_V1_exam_questionInfo断言完毕！！
 返回消息体code-----0
2021-03-04 11:16:54 INFO  ApiTestCaseModel:72 - 测试用例qs_V1_exam_questionInfo断言完毕！！
 期待obj返回消息体2
 实际obj返回消息体2
2021-03-04 11:16:54 INFO  ApiTestCaseModel:63 - 测试用例qs_V1_commentLable_commentLableList断言完毕！！
 返回消息体msg-----成功
2021-03-04 11:16:54 INFO  ApiTestCaseModel:66 - 测试用例qs_V1_commentLable_commentLableList断言完毕！！
 返回消息体code-----0
2021-03-04 11:16:54 INFO  ApiTestCaseModel:72 - 测试用例qs_V1_commentLable_commentLableList断言完毕！！
 期待obj返回消息体2
 实际obj返回消息体2
2021-03-04 11:16:54 INFO  ApiTestCaseModel:63 - 测试用例qs_V1_setting_learnProgress断言完毕！！
 返回消息体msg-----成功
2021-03-04 11:16:54 INFO  ApiTestCaseModel:66 - 测试用例qs_V1_setting_learnProgress断言完毕！！
 返回消息体code-----0
2021-03-04 11:16:54 INFO  ApiTestCaseModel:72 - 测试用例qs_V1_setting_learnProgress断言完毕！！
 期待obj返回消息体2
 实际obj返回消息体2
2021-03-04 11:16:54 INFO  ApiTestCaseModel:63 - 测试用例qs_V1_setting_learnPlanSwitch断言完毕！！
 返回消息体msg-----成功
2021-03-04 11:16:55 INFO  ApiTestCaseModel:66 - 测试用例qs_V1_setting_learnPlanSwitch断言完毕！！
 返回消息体code-----0
2021-03-04 11:16:55 INFO  ApiTestCaseModel:72 - 测试用例qs_V1_setting_learnPlanSwitch断言完毕！！
 期待obj返回消息体2
 实际obj返回消息体2
2021-03-04 11:16:56 INFO  ApiTestCaseModel:63 - 测试用例qs_V1_setting_switchTeacher断言完毕！！
 返回消息体msg-----成功
2021-03-04 11:16:56 INFO  ApiTestCaseModel:66 - 测试用例qs_V1_setting_switchTeacher断言完毕！！
 返回消息体code-----0
2021-03-04 11:16:56 INFO  ApiTestCaseModel:72 - 测试用例qs_V1_setting_switchTeacher断言完毕！！
 期待obj返回消息体1
 实际obj返回消息体1
2021-03-04 11:16:57 INFO  ApiTestCaseModel:63 - 测试用例qs_V1_setting_classSwitch断言完毕！！
 返回消息体msg-----成功
2021-03-04 11:16:57 INFO  ApiTestCaseModel:66 - 测试用例qs_V1_setting_classSwitch断言完毕！！
 返回消息体code-----0
2021-03-04 11:16:57 INFO  ApiTestCaseModel:72 - 测试用例qs_V1_setting_classSwitch断言完毕！！
 期待obj返回消息体1
 实际obj返回消息体1
2021-03-04 11:16:57 INFO  ApiTestCaseModel:63 - 测试用例qs_V1_setting_learnPlanSwitchSubmit断言完毕！！
 返回消息体msg-----成功
2021-03-04 11:16:57 INFO  ApiTestCaseModel:66 - 测试用例qs_V1_setting_learnPlanSwitchSubmit断言完毕！！
 返回消息体code-----0
2021-03-04 11:16:57 INFO  ApiTestCaseModel:69 - 返回消息obj体中为空，无需断言
2021-03-04 11:16:58 INFO  ApiTestCaseModel:63 - 测试用例qs_V1_setting_learnTime断言完毕！！
 返回消息体msg-----成功
2021-03-04 11:16:58 INFO  ApiTestCaseModel:66 - 测试用例qs_V1_setting_learnTime断言完毕！！
 返回消息体code-----0
2021-03-04 11:16:58 INFO  ApiTestCaseModel:72 - 测试用例qs_V1_setting_learnTime断言完毕！！
 期待obj返回消息体3
 实际obj返回消息体3
2021-03-04 11:16:58 INFO  ApiTestCaseModel:63 - 测试用例qs_V1_setting_learnCycleSubmit断言完毕！！
 返回消息体msg-----成功
2021-03-04 11:16:58 INFO  ApiTestCaseModel:66 - 测试用例qs_V1_setting_learnCycleSubmit断言完毕！！
 返回消息体code-----0
2021-03-04 11:16:58 INFO  ApiTestCaseModel:69 - 返回消息obj体中为空，无需断言
2021-03-04 11:16:59 INFO  ApiTestCaseModel:63 - 测试用例qs_V1_setting_learnMethodSubmit断言完毕！！
 返回消息体msg-----成功
2021-03-04 11:16:59 INFO  ApiTestCaseModel:66 - 测试用例qs_V1_setting_learnMethodSubmit断言完毕！！
 返回消息体code-----0
2021-03-04 11:16:59 INFO  ApiTestCaseModel:69 - 返回消息obj体中为空，无需断言
2021-03-04 11:16:59 INFO  ApiTestCaseModel:63 - 测试用例qs_V1_setting_restCycleSubmit断言完毕！！
 返回消息体msg-----成功
2021-03-04 11:16:59 INFO  ApiTestCaseModel:66 - 测试用例qs_V1_setting_restCycleSubmit断言完毕！！
 返回消息体code-----0
2021-03-04 11:16:59 INFO  ApiTestCaseModel:69 - 返回消息obj体中为空，无需断言
2021-03-04 11:17:00 INFO  ApiTestCaseModel:63 - 测试用例qs_V1_setting_learnMethod断言完毕！！
 返回消息体msg-----成功
2021-03-04 11:17:00 INFO  ApiTestCaseModel:66 - 测试用例qs_V1_setting_learnMethod断言完毕！！
 返回消息体code-----0
2021-03-04 11:17:00 INFO  ApiTestCaseModel:72 - 测试用例qs_V1_setting_learnMethod断言完毕！！
 期待obj返回消息体3
 实际obj返回消息体3
2021-03-04 11:17:00 INFO  ApiTestCaseModel:63 - 测试用例qs_V1_setting_index断言完毕！！
 返回消息体msg-----成功
2021-03-04 11:17:00 INFO  ApiTestCaseModel:66 - 测试用例qs_V1_setting_index断言完毕！！
 返回消息体code-----0
2021-03-04 11:17:00 INFO  ApiTestCaseModel:72 - 测试用例qs_V1_setting_index断言完毕！！
 期待obj返回消息体2
 实际obj返回消息体2
2021-03-04 11:17:00 INFO  ApiTestCaseModel:63 - 测试用例qs_V1_setting_autoCache断言完毕！！
 返回消息体msg-----成功
2021-03-04 11:17:00 INFO  ApiTestCaseModel:66 - 测试用例qs_V1_setting_autoCache断言完毕！！
 返回消息体code-----0
2021-03-04 11:17:00 INFO  ApiTestCaseModel:72 - 测试用例qs_V1_setting_autoCache断言完毕！！
 期待obj返回消息体1
 实际obj返回消息体1
2021-03-04 11:17:01 INFO  ApiTestCaseModel:63 - 测试用例qs_V1_setting_switchTeacherSubmit断言完毕！！
 返回消息体msg-----成功
2021-03-04 11:17:01 INFO  ApiTestCaseModel:66 - 测试用例qs_V1_setting_switchTeacherSubmit断言完毕！！
 返回消息体code-----0
2021-03-04 11:17:01 INFO  ApiTestCaseModel:69 - 返回消息obj体中为空，无需断言
2021-03-04 11:17:01 INFO  ApiTestCaseModel:63 - 测试用例qs_V1_setting_classSwitchSubmit断言完毕！！
 返回消息体msg-----成功
2021-03-04 11:17:01 INFO  ApiTestCaseModel:66 - 测试用例qs_V1_setting_classSwitchSubmit断言完毕！！
 返回消息体code-----0
2021-03-04 11:17:01 INFO  ApiTestCaseModel:69 - 返回消息obj体中为空，无需断言
2021-03-04 11:17:01 INFO  ApiTestCaseModel:63 - 测试用例qs_V1_setting_learnProgressSubmit断言完毕！！
 返回消息体msg-----成功
2021-03-04 11:17:01 INFO  ApiTestCaseModel:66 - 测试用例qs_V1_setting_learnProgressSubmit断言完毕！！
 返回消息体code-----0
2021-03-04 11:17:01 INFO  ApiTestCaseModel:69 - 返回消息obj体中为空，无需断言
2021-03-04 11:17:02 INFO  ApiTestCaseModel:63 - 测试用例qs_V1_replyComment_getCommentView断言完毕！！
 返回消息体msg-----成功
2021-03-04 11:17:02 INFO  ApiTestCaseModel:66 - 测试用例qs_V1_replyComment_getCommentView断言完毕！！
 返回消息体code-----0
2021-03-04 11:17:02 INFO  ApiTestCaseModel:72 - 测试用例qs_V1_replyComment_getCommentView断言完毕！！
 期待obj返回消息体4
 实际obj返回消息体4
2021-03-04 11:17:02 INFO  ApiTestCaseModel:63 - 测试用例qs_V1_replyComment_submitComment断言完毕！！
 返回消息体msg-----成功
2021-03-04 11:17:02 INFO  ApiTestCaseModel:66 - 测试用例qs_V1_replyComment_submitComment断言完毕！！
 返回消息体code-----0
2021-03-04 11:17:02 INFO  ApiTestCaseModel:69 - 返回消息obj体中为空，无需断言
2021-03-04 11:17:02 INFO  ApiTestCaseModel:63 - 测试用例qs_V2_study_startStudyQues断言完毕！！
 返回消息体msg-----成功
2021-03-04 11:17:02 INFO  ApiTestCaseModel:66 - 测试用例qs_V2_study_startStudyQues断言完毕！！
 返回消息体code-----0
2021-03-04 11:17:02 INFO  ApiTestCaseModel:72 - 测试用例qs_V2_study_startStudyQues断言完毕！！
 期待obj返回消息体2
 实际obj返回消息体2
2021-03-04 11:17:03 INFO  ApiTestCaseModel:63 - 测试用例qs_V2_course_courseByLectureId断言完毕！！
 返回消息体msg-----成功
2021-03-04 11:17:03 INFO  ApiTestCaseModel:66 - 测试用例qs_V2_course_courseByLectureId断言完毕！！
 返回消息体code-----0
2021-03-04 11:17:03 INFO  ApiTestCaseModel:72 - 测试用例qs_V2_course_courseByLectureId断言完毕！！
 期待obj返回消息体7
 实际obj返回消息体7
2021-03-04 11:17:03 INFO  ApiTestCaseModel:63 - 测试用例qs_V2_activation_submitQues断言完毕！！
 返回消息体msg-----成功
2021-03-04 11:17:03 INFO  ApiTestCaseModel:66 - 测试用例qs_V2_activation_submitQues断言完毕！！
 返回消息体code-----0
2021-03-04 11:17:03 INFO  ApiTestCaseModel:72 - 测试用例qs_V2_activation_submitQues断言完毕！！
 期待obj返回消息体4
 实际obj返回消息体4
2021-03-04 11:17:04 INFO  ApiTestCaseModel:63 - 测试用例qs_V2_activation_questionsAndAnswers断言完毕！！
 返回消息体msg-----成功
2021-03-04 11:17:04 INFO  ApiTestCaseModel:66 - 测试用例qs_V2_activation_questionsAndAnswers断言完毕！！
 返回消息体code-----0
2021-03-04 11:17:04 INFO  ApiTestCaseModel:72 - 测试用例qs_V2_activation_questionsAndAnswers断言完毕！！
 期待obj返回消息体3
 实际obj返回消息体3
2021-03-04 11:17:04 INFO  ApiTestCaseModel:63 - 测试用例qs_V2_knowledgePoint_unlockKpList断言完毕！！
 返回消息体msg-----成功
2021-03-04 11:17:04 INFO  ApiTestCaseModel:66 - 测试用例qs_V2_knowledgePoint_unlockKpList断言完毕！！
 返回消息体code-----0
2021-03-04 11:17:04 INFO  ApiTestCaseModel:72 - 测试用例qs_V2_knowledgePoint_unlockKpList断言完毕！！
 期待obj返回消息体3
 实际obj返回消息体3
2021-03-04 11:17:05 INFO  ApiTestCaseModel:63 - 测试用例qs_V2_knowledgePoint_kpDetailListByKpIds断言完毕！！
 返回消息体msg-----成功
2021-03-04 11:17:05 INFO  ApiTestCaseModel:66 - 测试用例qs_V2_knowledgePoint_kpDetailListByKpIds断言完毕！！
 返回消息体code-----0
2021-03-04 11:17:05 INFO  ApiTestCaseModel:72 - 测试用例qs_V2_knowledgePoint_kpDetailListByKpIds断言完毕！！
 期待obj返回消息体1
 实际obj返回消息体1
2021-03-04 11:17:05 INFO  ApiTestCaseModel:63 - 测试用例qs_V2_class_index断言完毕！！
 返回消息体msg-----成功
2021-03-04 11:17:05 INFO  ApiTestCaseModel:66 - 测试用例qs_V2_class_index断言完毕！！
 返回消息体code-----0
2021-03-04 11:17:05 INFO  ApiTestCaseModel:72 - 测试用例qs_V2_class_index断言完毕！！
 期待obj返回消息体4
 实际obj返回消息体4
2021-03-04 11:17:06 INFO  ApiTestCaseModel:63 - 测试用例qs_V2_exam_recordView断言完毕！！
 返回消息体msg-----成功
2021-03-04 11:17:06 INFO  ApiTestCaseModel:66 - 测试用例qs_V2_exam_recordView断言完毕！！
 返回消息体code-----0
2021-03-04 11:17:06 INFO  ApiTestCaseModel:72 - 测试用例qs_V2_exam_recordView断言完毕！！
 期待obj返回消息体15
 实际obj返回消息体15
2021-03-04 11:17:06 INFO  ApiTestCaseModel:63 - 测试用例qs_V2_exam_goToExam断言完毕！！
 返回消息体msg-----成功
2021-03-04 11:17:06 INFO  ApiTestCaseModel:66 - 测试用例qs_V2_exam_goToExam断言完毕！！
 返回消息体code-----0
2021-03-04 11:17:06 INFO  ApiTestCaseModel:72 - 测试用例qs_V2_exam_goToExam断言完毕！！
 期待obj返回消息体5
 实际obj返回消息体5
2021-03-04 11:17:07 INFO  ApiTestCaseModel:63 - 测试用例qs_V2_setting_switchTeacher断言完毕！！
 返回消息体msg-----成功
2021-03-04 11:17:07 INFO  ApiTestCaseModel:66 - 测试用例qs_V2_setting_switchTeacher断言完毕！！
 返回消息体code-----0
2021-03-04 11:17:07 INFO  ApiTestCaseModel:72 - 测试用例qs_V2_setting_switchTeacher断言完毕！！
 期待obj返回消息体1
 实际obj返回消息体1
2021-03-04 11:17:07 INFO  ApiTestCaseModel:63 - 测试用例qs_V3_study_updateStudyStatusAndChatRecord断言完毕！！
 返回消息体msg-----成功
2021-03-04 11:17:07 INFO  ApiTestCaseModel:66 - 测试用例qs_V3_study_updateStudyStatusAndChatRecord断言完毕！！
 返回消息体code-----0
2021-03-04 11:17:07 INFO  ApiTestCaseModel:72 - 测试用例qs_V3_study_updateStudyStatusAndChatRecord断言完毕！！
 期待obj返回消息体0
 实际obj返回消息体0
2021-03-04 11:17:08 INFO  ApiTestCaseModel:63 - 测试用例qs_V3_study_startStudyQues断言完毕！！
 返回消息体msg-----成功
2021-03-04 11:17:08 INFO  ApiTestCaseModel:66 - 测试用例qs_V3_study_startStudyQues断言完毕！！
 返回消息体code-----0
2021-03-04 11:17:08 INFO  ApiTestCaseModel:72 - 测试用例qs_V3_study_startStudyQues断言完毕！！
 期待obj返回消息体2
 实际obj返回消息体2
2021-03-04 11:17:08 INFO  ApiTestCaseModel:63 - 测试用例qs_V3_study_startStudyAnswer断言完毕！！
 返回消息体msg-----成功
2021-03-04 11:17:08 INFO  ApiTestCaseModel:66 - 测试用例qs_V3_study_startStudyAnswer断言完毕！！
 返回消息体code-----0
2021-03-04 11:17:08 INFO  ApiTestCaseModel:72 - 测试用例qs_V3_study_startStudyAnswer断言完毕！！
 期待obj返回消息体2
 实际obj返回消息体2
2021-03-04 11:17:08 INFO  ApiTestCaseModel:63 - 测试用例qs_V3_study_index断言完毕！！
 返回消息体msg-----成功
2021-03-04 11:17:08 INFO  ApiTestCaseModel:66 - 测试用例qs_V3_study_index断言完毕！！
 返回消息体code-----0
2021-03-04 11:17:08 INFO  ApiTestCaseModel:72 - 测试用例qs_V3_study_index断言完毕！！
 期待obj返回消息体3
 实际obj返回消息体3
2021-03-04 11:17:08 INFO  ApiTestCaseModel:63 - 测试用例qs_V3_curriculum_classSchedule断言完毕！！
 返回消息体msg-----成功
2021-03-04 11:17:08 INFO  ApiTestCaseModel:66 - 测试用例qs_V3_curriculum_classSchedule断言完毕！！
 返回消息体code-----0
2021-03-04 11:17:08 INFO  ApiTestCaseModel:69 - 返回消息obj体中为空，无需断言
2021-03-04 11:17:09 INFO  ApiTestCaseModel:63 - 测试用例qs_V3_curriculum_dayList断言完毕！！
 返回消息体msg-----成功
2021-03-04 11:17:09 INFO  ApiTestCaseModel:66 - 测试用例qs_V3_curriculum_dayList断言完毕！！
 返回消息体code-----0
2021-03-04 11:17:09 INFO  ApiTestCaseModel:72 - 测试用例qs_V3_curriculum_dayList断言完毕！！
 期待obj返回消息体1
 实际obj返回消息体1
2021-03-04 11:17:09 INFO  ApiTestCaseModel:63 - 测试用例qs_V3_marketingMessage_getMarketingMessageDetail断言完毕！！
 返回消息体msg-----成功
2021-03-04 11:17:09 INFO  ApiTestCaseModel:66 - 测试用例qs_V3_marketingMessage_getMarketingMessageDetail断言完毕！！
 返回消息体code-----0
2021-03-04 11:17:09 INFO  ApiTestCaseModel:72 - 测试用例qs_V3_marketingMessage_getMarketingMessageDetail断言完毕！！
 期待obj返回消息体3
 实际obj返回消息体3
2021-03-04 11:17:09 INFO  ApiTestCaseModel:63 - 测试用例qs_V3_shop_redeemNow断言完毕！！
 返回消息体msg-----成功
2021-03-04 11:17:09 INFO  ApiTestCaseModel:66 - 测试用例qs_V3_shop_redeemNow断言完毕！！
 返回消息体code-----0
2021-03-04 11:17:09 INFO  ApiTestCaseModel:72 - 测试用例qs_V3_shop_redeemNow断言完毕！！
 期待obj返回消息体5
 实际obj返回消息体5
2021-03-04 11:17:10 INFO  ApiTestCaseModel:63 - 测试用例qs_V3_shop_index断言完毕！！
 返回消息体msg-----成功
2021-03-04 11:17:10 INFO  ApiTestCaseModel:66 - 测试用例qs_V3_shop_index断言完毕！！
 返回消息体code-----0
2021-03-04 11:17:10 INFO  ApiTestCaseModel:72 - 测试用例qs_V3_shop_index断言完毕！！
 期待obj返回消息体6
 实际obj返回消息体6
2021-03-04 11:17:10 INFO  ApiTestCaseModel:63 - 测试用例qs_V3_shop_redeemRecords断言完毕！！
 返回消息体msg-----成功
2021-03-04 11:17:10 INFO  ApiTestCaseModel:66 - 测试用例qs_V3_shop_redeemRecords断言完毕！！
 返回消息体code-----0
2021-03-04 11:17:11 INFO  ApiTestCaseModel:63 - 测试用例qs_V3_shop_confirmRedemption断言完毕！！
 返回消息体msg-----成功
2021-03-04 11:17:11 INFO  ApiTestCaseModel:66 - 测试用例qs_V3_shop_confirmRedemption断言完毕！！
 返回消息体code-----0
2021-03-04 11:17:11 INFO  ApiTestCaseModel:72 - 测试用例qs_V3_shop_confirmRedemption断言完毕！！
 期待obj返回消息体3
 实际obj返回消息体3
2021-03-04 11:17:11 INFO  ApiTestCaseModel:63 - 测试用例qs_V3_chatRecord_chatRecordList断言完毕！！
 返回消息体msg-----成功
2021-03-04 11:17:11 INFO  ApiTestCaseModel:66 - 测试用例qs_V3_chatRecord_chatRecordList断言完毕！！
 返回消息体code-----0
2021-03-04 11:17:11 INFO  ApiTestCaseModel:72 - 测试用例qs_V3_chatRecord_chatRecordList断言完毕！！
 期待obj返回消息体5
 实际obj返回消息体5
2021-03-04 11:17:12 INFO  ApiTestCaseModel:63 - 测试用例qs_V3_task_voucherData断言完毕！！
 返回消息体msg-----成功
2021-03-04 11:17:12 INFO  ApiTestCaseModel:66 - 测试用例qs_V3_task_voucherData断言完毕！！
 返回消息体code-----0
2021-03-04 11:17:12 INFO  ApiTestCaseModel:72 - 测试用例qs_V3_task_voucherData断言完毕！！
 期待obj返回消息体6
 实际obj返回消息体6
2021-03-04 11:17:12 INFO  ApiTestCaseModel:63 - 测试用例qs_V3_task_creditData断言完毕！！
 返回消息体msg-----成功
2021-03-04 11:17:12 INFO  ApiTestCaseModel:66 - 测试用例qs_V3_task_creditData断言完毕！！
 返回消息体code-----0
2021-03-04 11:17:13 INFO  ApiTestCaseModel:72 - 测试用例qs_V3_task_creditData断言完毕！！
 期待obj返回消息体6
 实际obj返回消息体6
2021-03-04 11:17:13 INFO  ApiTestCaseModel:63 - 测试用例qs_V3_class_classDetail_classData断言完毕！！
 返回消息体msg-----成功
2021-03-04 11:17:13 INFO  ApiTestCaseModel:66 - 测试用例qs_V3_class_classDetail_classData断言完毕！！
 返回消息体code-----0
2021-03-04 11:17:13 INFO  ApiTestCaseModel:72 - 测试用例qs_V3_class_classDetail_classData断言完毕！！
 期待obj返回消息体5
 实际obj返回消息体5
2021-03-04 11:17:13 INFO  ApiTestCaseModel:63 - 测试用例qs_V3_setting_renewActive断言完毕！！
 返回消息体msg-----成功
2021-03-04 11:17:13 INFO  ApiTestCaseModel:66 - 测试用例qs_V3_setting_renewActive断言完毕！！
 返回消息体code-----0
2021-03-05 11:32:45 INFO  ApiTestCaseModel:63 - 测试用例qs_V1_study_startStudyQues断言完毕！！
 返回消息体msg-----成功
2021-03-05 11:32:45 INFO  ApiTestCaseModel:66 - 测试用例qs_V1_study_startStudyQues断言完毕！！
 返回消息体code-----0
2021-03-05 11:32:45 INFO  ApiTestCaseModel:72 - 测试用例qs_V1_study_startStudyQues断言完毕！！
 期待obj返回消息体1
 实际obj返回消息体1
2021-03-05 11:32:45 INFO  ApiTestCaseModel:63 - 测试用例qs_V1_study_index断言完毕！！
 返回消息体msg-----成功
2021-03-05 11:32:45 INFO  ApiTestCaseModel:66 - 测试用例qs_V1_study_index断言完毕！！
 返回消息体code-----0
2021-03-05 11:32:45 INFO  ApiTestCaseModel:72 - 测试用例qs_V1_study_index断言完毕！！
 期待obj返回消息体3
 实际obj返回消息体3
2021-03-05 11:32:45 INFO  ApiTestCaseModel:63 - 测试用例qs_V1_study_getTodayLecture断言完毕！！
 返回消息体msg-----成功
2021-03-05 11:32:45 INFO  ApiTestCaseModel:66 - 测试用例qs_V1_study_getTodayLecture断言完毕！！
 返回消息体code-----0
2021-03-05 11:32:45 INFO  ApiTestCaseModel:72 - 测试用例qs_V1_study_getTodayLecture断言完毕！！
 期待obj返回消息体1
 实际obj返回消息体1
2021-03-05 11:32:45 INFO  ApiTestCaseModel:63 - 测试用例qs_V1_study_systemStatus断言完毕！！
 返回消息体msg-----成功
2021-03-05 11:32:45 INFO  ApiTestCaseModel:66 - 测试用例qs_V1_study_systemStatus断言完毕！！
 返回消息体code-----0
2021-03-05 11:32:45 INFO  ApiTestCaseModel:72 - 测试用例qs_V1_study_systemStatus断言完毕！！
 期待obj返回消息体9
 实际obj返回消息体9
2021-03-05 11:32:46 INFO  ApiTestCaseModel:63 - 测试用例qs_V1_study_shareStudyReport断言完毕！！
 返回消息体msg-----成功
2021-03-05 11:32:46 INFO  ApiTestCaseModel:66 - 测试用例qs_V1_study_shareStudyReport断言完毕！！
 返回消息体code-----0
2021-03-05 11:32:46 INFO  ApiTestCaseModel:72 - 测试用例qs_V1_study_shareStudyReport断言完毕！！
 期待obj返回消息体1
 实际obj返回消息体1
2021-03-05 11:32:47 INFO  ApiTestCaseModel:63 - 测试用例qs_V1_study_startStudyAnswer断言完毕！！
 返回消息体msg-----成功
2021-03-05 11:32:47 INFO  ApiTestCaseModel:66 - 测试用例qs_V1_study_startStudyAnswer断言完毕！！
 返回消息体code-----0
2021-03-05 11:32:47 INFO  ApiTestCaseModel:72 - 测试用例qs_V1_study_startStudyAnswer断言完毕！！
 期待obj返回消息体2
 实际obj返回消息体2
2021-03-05 11:32:47 INFO  ApiTestCaseModel:63 - 测试用例qs_V1_course_courseTimeConfig断言完毕！！
 返回消息体msg-----成功
2021-03-05 11:32:47 INFO  ApiTestCaseModel:66 - 测试用例qs_V1_course_courseTimeConfig断言完毕！！
 返回消息体code-----0
2021-03-05 11:32:47 INFO  ApiTestCaseModel:72 - 测试用例qs_V1_course_courseTimeConfig断言完毕！！
 期待obj返回消息体2
 实际obj返回消息体2
2021-03-05 11:32:47 INFO  ApiTestCaseModel:63 - 测试用例qs_V1_course_resetRoomUserStatus断言完毕！！
 返回消息体msg-----成功
2021-03-05 11:32:47 INFO  ApiTestCaseModel:66 - 测试用例qs_V1_course_resetRoomUserStatus断言完毕！！
 返回消息体code-----0
2021-03-05 11:32:47 INFO  ApiTestCaseModel:69 - 返回消息obj体中为空，无需断言
2021-03-05 11:32:47 INFO  ApiTestCaseModel:63 - 测试用例qs_V1_course_courseByKpId断言完毕！！
 返回消息体msg-----成功
2021-03-05 11:32:47 INFO  ApiTestCaseModel:66 - 测试用例qs_V1_course_courseByKpId断言完毕！！
 返回消息体code-----0
2021-03-05 11:32:47 INFO  ApiTestCaseModel:72 - 测试用例qs_V1_course_courseByKpId断言完毕！！
 期待obj返回消息体8
 实际obj返回消息体8
2021-03-05 11:32:48 INFO  ApiTestCaseModel:63 - 测试用例qs_V1_course_courseByLectureId断言完毕！！
 返回消息体msg-----成功
2021-03-05 11:32:48 INFO  ApiTestCaseModel:66 - 测试用例qs_V1_course_courseByLectureId断言完毕！！
 返回消息体code-----0
2021-03-05 11:32:48 INFO  ApiTestCaseModel:72 - 测试用例qs_V1_course_courseByLectureId断言完毕！！
 期待obj返回消息体7
 实际obj返回消息体7
2021-03-05 11:32:48 INFO  ApiTestCaseModel:63 - 测试用例qs_V1_course_teacherListByLectureId断言完毕！！
 返回消息体msg-----成功
2021-03-05 11:32:48 INFO  ApiTestCaseModel:66 - 测试用例qs_V1_course_teacherListByLectureId断言完毕！！
 返回消息体code-----0
2021-03-05 11:32:48 INFO  ApiTestCaseModel:72 - 测试用例qs_V1_course_teacherListByLectureId断言完毕！！
 期待obj返回消息体1
 实际obj返回消息体1
2021-03-05 11:32:48 INFO  ApiTestCaseModel:63 - 测试用例qs_V1_course_doShareRoom断言完毕！！
 返回消息体msg-----成功
2021-03-05 11:32:48 INFO  ApiTestCaseModel:66 - 测试用例qs_V1_course_doShareRoom断言完毕！！
 返回消息体code-----0
2021-03-05 11:32:48 INFO  ApiTestCaseModel:69 - 返回消息obj体中为空，无需断言
2021-03-05 11:32:48 INFO  ApiTestCaseModel:63 - 测试用例qs_V1_course_submitTimeConfigAnswer断言完毕！！
 返回消息体msg-----成功
2021-03-05 11:32:48 INFO  ApiTestCaseModel:66 - 测试用例qs_V1_course_submitTimeConfigAnswer断言完毕！！
 返回消息体code-----0
2021-03-05 11:32:48 INFO  ApiTestCaseModel:69 - 返回消息obj体中为空，无需断言
2021-03-05 11:32:48 INFO  ApiTestCaseModel:63 - 测试用例qs_V1_course_genUserSign断言完毕！！
 返回消息体msg-----成功
2021-03-05 11:32:48 INFO  ApiTestCaseModel:66 - 测试用例qs_V1_course_genUserSign断言完毕！！
 返回消息体code-----0
2021-03-05 11:32:48 INFO  ApiTestCaseModel:72 - 测试用例qs_V1_course_genUserSign断言完毕！！
 期待obj返回消息体1
 实际obj返回消息体1
2021-03-05 11:32:49 INFO  ApiTestCaseModel:63 - 测试用例qs_V1_course_getLecturePlayInfoByRoomId断言完毕！！
 返回消息体msg-----成功
2021-03-05 11:32:49 INFO  ApiTestCaseModel:66 - 测试用例qs_V1_course_getLecturePlayInfoByRoomId断言完毕！！
 返回消息体code-----0
2021-03-05 11:32:49 INFO  ApiTestCaseModel:72 - 测试用例qs_V1_course_getLecturePlayInfoByRoomId断言完毕！！
 期待obj返回消息体19
 实际obj返回消息体19
2021-03-05 11:32:49 INFO  ApiTestCaseModel:63 - 测试用例qs_V1_course_lectureVideoInfo断言完毕！！
 返回消息体msg-----成功
2021-03-05 11:32:49 INFO  ApiTestCaseModel:66 - 测试用例qs_V1_course_lectureVideoInfo断言完毕！！
 返回消息体code-----0
2021-03-05 11:32:49 INFO  ApiTestCaseModel:72 - 测试用例qs_V1_course_lectureVideoInfo断言完毕！！
 期待obj返回消息体6
 实际obj返回消息体6
2021-03-05 11:32:49 INFO  ApiTestCaseModel:63 - 测试用例qs_V1_course_kpCardByLectureId断言完毕！！
 返回消息体msg-----成功
2021-03-05 11:32:49 INFO  ApiTestCaseModel:66 - 测试用例qs_V1_course_kpCardByLectureId断言完毕！！
 返回消息体code-----0
2021-03-05 11:32:49 INFO  ApiTestCaseModel:72 - 测试用例qs_V1_course_kpCardByLectureId断言完毕！！
 期待obj返回消息体1
 实际obj返回消息体1
2021-03-05 11:32:49 INFO  ApiTestCaseModel:63 - 测试用例qs_V1_course_roomListByLectureIds断言完毕！！
 返回消息体msg-----成功
2021-03-05 11:32:49 INFO  ApiTestCaseModel:66 - 测试用例qs_V1_course_roomListByLectureIds断言完毕！！
 返回消息体code-----0
2021-03-05 11:32:49 INFO  ApiTestCaseModel:72 - 测试用例qs_V1_course_roomListByLectureIds断言完毕！！
 期待obj返回消息体1
 实际obj返回消息体1
2021-03-05 11:32:50 INFO  ApiTestCaseModel:63 - 测试用例qs_V1_course_courseHandoutByLectureId断言完毕！！
 返回消息体msg-----成功
2021-03-05 11:32:50 INFO  ApiTestCaseModel:66 - 测试用例qs_V1_course_courseHandoutByLectureId断言完毕！！
 返回消息体code-----0
2021-03-05 11:32:50 INFO  ApiTestCaseModel:72 - 测试用例qs_V1_course_courseHandoutByLectureId断言完毕！！
 期待obj返回消息体7
 实际obj返回消息体7
2021-03-05 11:32:50 INFO  ApiTestCaseModel:63 - 测试用例qs_V1_course_syncTimeConfig断言完毕！！
 返回消息体msg-----成功
2021-03-05 11:32:50 INFO  ApiTestCaseModel:66 - 测试用例qs_V1_course_syncTimeConfig断言完毕！！
 返回消息体code-----0
2021-03-05 11:32:50 INFO  ApiTestCaseModel:69 - 返回消息obj体中为空，无需断言
2021-03-05 11:32:50 INFO  ApiTestCaseModel:63 - 测试用例qs_V1_course_syncCourseRecord断言完毕！！
 返回消息体msg-----成功
2021-03-05 11:32:50 INFO  ApiTestCaseModel:66 - 测试用例qs_V1_course_syncCourseRecord断言完毕！！
 返回消息体code-----0
2021-03-05 11:32:50 INFO  ApiTestCaseModel:69 - 返回消息obj体中为空，无需断言
2021-03-05 11:32:53 INFO  ApiTestCaseModel:63 - 测试用例qs_V1_course_createRoom断言完毕！！
 返回消息体msg-----成功
2021-03-05 11:32:53 INFO  ApiTestCaseModel:66 - 测试用例qs_V1_course_createRoom断言完毕！！
 返回消息体code-----0
2021-03-05 11:32:53 INFO  ApiTestCaseModel:72 - 测试用例qs_V1_course_createRoom断言完毕！！
 期待obj返回消息体6
 实际obj返回消息体6
2021-03-05 11:32:53 INFO  ApiTestCaseModel:63 - 测试用例qs_V1_course_lectureVideoInfoWithLog断言完毕！！
 返回消息体msg-----成功
2021-03-05 11:32:53 INFO  ApiTestCaseModel:66 - 测试用例qs_V1_course_lectureVideoInfoWithLog断言完毕！！
 返回消息体code-----0
2021-03-05 11:32:53 INFO  ApiTestCaseModel:72 - 测试用例qs_V1_course_lectureVideoInfoWithLog断言完毕！！
 期待obj返回消息体4
 实际obj返回消息体4
2021-03-05 11:32:53 INFO  ApiTestCaseModel:63 - 测试用例qs_V1_solve_solveDetail断言完毕！！
 返回消息体msg-----成功
2021-03-05 11:32:53 INFO  ApiTestCaseModel:66 - 测试用例qs_V1_solve_solveDetail断言完毕！！
 返回消息体code-----0
2021-03-05 11:32:53 INFO  ApiTestCaseModel:72 - 测试用例qs_V1_solve_solveDetail断言完毕！！
 期待obj返回消息体9
 实际obj返回消息体9
2021-03-05 11:32:53 INFO  ApiTestCaseModel:63 - 测试用例qs_V1_solve_askAndReplyList断言完毕！！
 返回消息体msg-----成功
2021-03-05 11:32:53 INFO  ApiTestCaseModel:66 - 测试用例qs_V1_solve_askAndReplyList断言完毕！！
 返回消息体code-----0
2021-03-05 11:32:53 INFO  ApiTestCaseModel:72 - 测试用例qs_V1_solve_askAndReplyList断言完毕！！
 期待obj返回消息体1
 实际obj返回消息体1
2021-03-05 11:32:53 INFO  ApiTestCaseModel:63 - 测试用例qs_V1_solve_saveAskQuestion断言完毕！！
 返回消息体msg-----成功
2021-03-05 11:32:53 INFO  ApiTestCaseModel:66 - 测试用例qs_V1_solve_saveAskQuestion断言完毕！！
 返回消息体code-----0
2021-03-05 11:32:53 INFO  ApiTestCaseModel:69 - 返回消息obj体中为空，无需断言
2021-03-05 11:32:53 INFO  ApiTestCaseModel:63 - 测试用例qs_V1_solve_saveAgainAskQuestion断言完毕！！
 返回消息体msg-----成功
2021-03-05 11:32:53 INFO  ApiTestCaseModel:66 - 测试用例qs_V1_solve_saveAgainAskQuestion断言完毕！！
 返回消息体code-----0
2021-03-05 11:32:53 INFO  ApiTestCaseModel:69 - 返回消息obj体中为空，无需断言
2021-03-05 11:32:54 INFO  ApiTestCaseModel:63 - 测试用例qs_V1_solve_getReplyExpireMsg断言完毕！！
 返回消息体msg-----成功
2021-03-05 11:32:54 INFO  ApiTestCaseModel:66 - 测试用例qs_V1_solve_getReplyExpireMsg断言完毕！！
 返回消息体code-----0
2021-03-05 11:32:54 INFO  ApiTestCaseModel:72 - 测试用例qs_V1_solve_getReplyExpireMsg断言完毕！！
 期待obj返回消息体1
 实际obj返回消息体1
2021-03-05 11:32:54 INFO  ApiTestCaseModel:63 - 测试用例qs_V1_solve_saveSolveDetail断言完毕！！
 返回消息体msg-----成功
2021-03-05 11:32:54 INFO  ApiTestCaseModel:66 - 测试用例qs_V1_solve_saveSolveDetail断言完毕！！
 返回消息体code-----0
2021-03-05 11:32:54 INFO  ApiTestCaseModel:69 - 返回消息obj体中为空，无需断言
2021-03-05 11:32:54 INFO  ApiTestCaseModel:63 - 测试用例qs_V1_solve_myAnswerList断言完毕！！
 返回消息体msg-----成功
2021-03-05 11:32:54 INFO  ApiTestCaseModel:66 - 测试用例qs_V1_solve_myAnswerList断言完毕！！
 返回消息体code-----0
2021-03-05 11:32:54 INFO  ApiTestCaseModel:72 - 测试用例qs_V1_solve_myAnswerList断言完毕！！
 期待obj返回消息体5
 实际obj返回消息体5
2021-03-05 11:32:54 INFO  ApiTestCaseModel:63 - 测试用例qs_V1_solve_cancelSolve断言完毕！！
 返回消息体msg-----成功
2021-03-05 11:32:54 INFO  ApiTestCaseModel:66 - 测试用例qs_V1_solve_cancelSolve断言完毕！！
 返回消息体code-----0
2021-03-05 11:32:54 INFO  ApiTestCaseModel:72 - 测试用例qs_V1_solve_cancelSolve断言完毕！！
 期待obj返回消息体1
 实际obj返回消息体1
2021-03-05 11:32:54 INFO  ApiTestCaseModel:63 - 测试用例qs_V1_solve_leftAskNum断言完毕！！
 返回消息体msg-----成功
2021-03-05 11:32:54 INFO  ApiTestCaseModel:66 - 测试用例qs_V1_solve_leftAskNum断言完毕！！
 返回消息体code-----0
2021-03-05 11:32:54 INFO  ApiTestCaseModel:72 - 测试用例qs_V1_solve_leftAskNum断言完毕！！
 期待obj返回消息体3
 实际obj返回消息体3
2021-03-05 11:32:55 INFO  ApiTestCaseModel:63 - 测试用例qs_V1_curriculum_dayList断言完毕！！
 返回消息体msg-----成功
2021-03-05 11:32:55 INFO  ApiTestCaseModel:66 - 测试用例qs_V1_curriculum_dayList断言完毕！！
 返回消息体code-----0
2021-03-05 11:32:55 INFO  ApiTestCaseModel:72 - 测试用例qs_V1_curriculum_dayList断言完毕！！
 期待obj返回消息体1
 实际obj返回消息体1
2021-03-05 11:32:55 INFO  ApiTestCaseModel:63 - 测试用例qs_V1_shop_prizeExchange断言完毕！！
 返回消息体msg-----成功
2021-03-05 11:32:55 INFO  ApiTestCaseModel:66 - 测试用例qs_V1_shop_prizeExchange断言完毕！！
 返回消息体code-----0
2021-03-05 11:32:55 INFO  ApiTestCaseModel:72 - 测试用例qs_V1_shop_prizeExchange断言完毕！！
 期待obj返回消息体1
 实际obj返回消息体1
2021-03-05 11:32:55 INFO  ApiTestCaseModel:63 - 测试用例qs_V1_shop_index断言完毕！！
 返回消息体msg-----成功
2021-03-05 11:32:55 INFO  ApiTestCaseModel:66 - 测试用例qs_V1_shop_index断言完毕！！
 返回消息体code-----0
2021-03-05 11:32:55 INFO  ApiTestCaseModel:72 - 测试用例qs_V1_shop_index断言完毕！！
 期待obj返回消息体4
 实际obj返回消息体4
2021-03-05 11:32:56 INFO  ApiTestCaseModel:63 - 测试用例qs_V1_activation_completeActivation断言完毕！！
 返回消息体msg-----成功
2021-03-05 11:32:56 INFO  ApiTestCaseModel:66 - 测试用例qs_V1_activation_completeActivation断言完毕！！
 返回消息体code-----0
2021-03-05 11:32:56 INFO  ApiTestCaseModel:72 - 测试用例qs_V1_activation_completeActivation断言完毕！！
 期待obj返回消息体1
 实际obj返回消息体1
2021-03-05 11:32:56 INFO  ApiTestCaseModel:63 - 测试用例qs_V1_activation_questionsAndAnswers断言完毕！！
 返回消息体msg-----成功
2021-03-05 11:32:56 INFO  ApiTestCaseModel:66 - 测试用例qs_V1_activation_questionsAndAnswers断言完毕！！
 返回消息体code-----0
2021-03-05 11:32:56 INFO  ApiTestCaseModel:72 - 测试用例qs_V1_activation_questionsAndAnswers断言完毕！！
 期待obj返回消息体3
 实际obj返回消息体3
2021-03-05 11:32:57 INFO  ApiTestCaseModel:63 - 测试用例qs_V1_activation_shareLearnPlan断言完毕！！
 返回消息体msg-----成功
2021-03-05 11:32:57 INFO  ApiTestCaseModel:66 - 测试用例qs_V1_activation_shareLearnPlan断言完毕！！
 返回消息体code-----0
2021-03-05 11:32:57 INFO  ApiTestCaseModel:63 - 测试用例qs_V1_activation_normalMode断言完毕！！
 返回消息体msg-----成功
2021-03-05 11:32:57 INFO  ApiTestCaseModel:66 - 测试用例qs_V1_activation_normalMode断言完毕！！
 返回消息体code-----0
2021-03-05 11:32:57 INFO  ApiTestCaseModel:72 - 测试用例qs_V1_activation_normalMode断言完毕！！
 期待obj返回消息体1
 实际obj返回消息体1
2021-03-05 11:32:57 INFO  ApiTestCaseModel:63 - 测试用例qs_V1_activation_submitQues断言完毕！！
 返回消息体msg-----成功
2021-03-05 11:32:58 INFO  ApiTestCaseModel:66 - 测试用例qs_V1_activation_submitQues断言完毕！！
 返回消息体code-----0
2021-03-05 11:32:58 INFO  ApiTestCaseModel:72 - 测试用例qs_V1_activation_submitQues断言完毕！！
 期待obj返回消息体4
 实际obj返回消息体4
2021-03-05 11:32:58 INFO  ApiTestCaseModel:63 - 测试用例qs_V1_activation_renewActivation断言完毕！！
 返回消息体msg-----成功
2021-03-05 11:32:58 INFO  ApiTestCaseModel:66 - 测试用例qs_V1_activation_renewActivation断言完毕！！
 返回消息体code-----0
2021-03-05 11:32:58 INFO  ApiTestCaseModel:72 - 测试用例qs_V1_activation_renewActivation断言完毕！！
 期待obj返回消息体0
 实际obj返回消息体0
2021-03-05 11:32:58 INFO  ApiTestCaseModel:63 - 测试用例qs_V1_activation_cancelQues断言完毕！！
 返回消息体msg-----成功
2021-03-05 11:32:58 INFO  ApiTestCaseModel:66 - 测试用例qs_V1_activation_cancelQues断言完毕！！
 返回消息体code-----0
2021-03-05 11:32:58 INFO  ApiTestCaseModel:72 - 测试用例qs_V1_activation_cancelQues断言完毕！！
 期待obj返回消息体0
 实际obj返回消息体0
2021-03-05 11:32:58 INFO  ApiTestCaseModel:63 - 测试用例qs_V1_knowledgePoint_syncKpVoiceRecord断言完毕！！
 返回消息体msg-----成功
2021-03-05 11:32:58 INFO  ApiTestCaseModel:66 - 测试用例qs_V1_knowledgePoint_syncKpVoiceRecord断言完毕！！
 返回消息体code-----0
2021-03-05 11:32:58 INFO  ApiTestCaseModel:69 - 返回消息obj体中为空，无需断言
2021-03-05 11:32:58 INFO  ApiTestCaseModel:63 - 测试用例qs_V1_knowledgePoint_selfModeKpList断言完毕！！
 返回消息体msg-----成功
2021-03-05 11:32:58 INFO  ApiTestCaseModel:66 - 测试用例qs_V1_knowledgePoint_selfModeKpList断言完毕！！
 返回消息体code-----0
2021-03-05 11:32:58 INFO  ApiTestCaseModel:72 - 测试用例qs_V1_knowledgePoint_selfModeKpList断言完毕！！
 期待obj返回消息体1
 实际obj返回消息体1
2021-03-05 11:32:59 INFO  ApiTestCaseModel:63 - 测试用例qs_V1_knowledgePoint_unlockKpList断言完毕！！
 返回消息体msg-----成功
2021-03-05 11:32:59 INFO  ApiTestCaseModel:66 - 测试用例qs_V1_knowledgePoint_unlockKpList断言完毕！！
 返回消息体code-----0
2021-03-05 11:32:59 INFO  ApiTestCaseModel:72 - 测试用例qs_V1_knowledgePoint_unlockKpList断言完毕！！
 期待obj返回消息体3
 实际obj返回消息体3
2021-03-05 11:32:59 INFO  ApiTestCaseModel:63 - 测试用例qs_V1_knowledgePoint_selfModeChooseKp断言完毕！！
 返回消息体msg-----成功
2021-03-05 11:32:59 INFO  ApiTestCaseModel:66 - 测试用例qs_V1_knowledgePoint_selfModeChooseKp断言完毕！！
 返回消息体code-----0
2021-03-05 11:32:59 INFO  ApiTestCaseModel:69 - 返回消息obj体中为空，无需断言
2021-03-05 11:32:59 INFO  ApiTestCaseModel:63 - 测试用例qs_V1_knowledgePoint_genKpListByMode断言完毕！！
 返回消息体msg-----成功
2021-03-05 11:32:59 INFO  ApiTestCaseModel:66 - 测试用例qs_V1_knowledgePoint_genKpListByMode断言完毕！！
 返回消息体code-----0
2021-03-05 11:32:59 INFO  ApiTestCaseModel:72 - 测试用例qs_V1_knowledgePoint_genKpListByMode断言完毕！！
 期待obj返回消息体1
 实际obj返回消息体1
2021-03-05 11:32:59 INFO  ApiTestCaseModel:63 - 测试用例qs_V1_knowledgePoint_kpDetailListByKpIds断言完毕！！
 返回消息体msg-----成功
2021-03-05 11:32:59 INFO  ApiTestCaseModel:66 - 测试用例qs_V1_knowledgePoint_kpDetailListByKpIds断言完毕！！
 返回消息体code-----0
2021-03-05 11:32:59 INFO  ApiTestCaseModel:72 - 测试用例qs_V1_knowledgePoint_kpDetailListByKpIds断言完毕！！
 期待obj返回消息体1
 实际obj返回消息体1
2021-03-05 11:32:59 INFO  ApiTestCaseModel:63 - 测试用例qs_V1_knowledgePoint_getKpVedioByKpId断言完毕！！
 返回消息体msg-----成功
2021-03-05 11:32:59 INFO  ApiTestCaseModel:66 - 测试用例qs_V1_knowledgePoint_getKpVedioByKpId断言完毕！！
 返回消息体code-----0
2021-03-05 11:32:59 INFO  ApiTestCaseModel:72 - 测试用例qs_V1_knowledgePoint_getKpVedioByKpId断言完毕！！
 期待obj返回消息体2
 实际obj返回消息体2
2021-03-05 11:33:00 INFO  ApiTestCaseModel:63 - 测试用例qs_V1_knowledgePoint_kpNoteByUserId断言完毕！！
 返回消息体msg-----成功
2021-03-05 11:33:00 INFO  ApiTestCaseModel:66 - 测试用例qs_V1_knowledgePoint_kpNoteByUserId断言完毕！！
 返回消息体code-----0
2021-03-05 11:33:00 INFO  ApiTestCaseModel:69 - 返回消息obj体中为空，无需断言
2021-03-05 11:33:00 INFO  ApiTestCaseModel:63 - 测试用例qs_V1_solveDetailCollection_collectionStatus断言完毕！！
 返回消息体msg-----成功
2021-03-05 11:33:00 INFO  ApiTestCaseModel:66 - 测试用例qs_V1_solveDetailCollection_collectionStatus断言完毕！！
 返回消息体code-----0
2021-03-05 11:33:00 INFO  ApiTestCaseModel:69 - 返回消息obj体中为空，无需断言
2021-03-05 11:33:00 INFO  ApiTestCaseModel:63 - 测试用例qs_V1_solveDetailCollection_collectionStatus断言完毕！！
 返回消息体msg-----成功
2021-03-05 11:33:00 INFO  ApiTestCaseModel:66 - 测试用例qs_V1_solveDetailCollection_collectionStatus断言完毕！！
 返回消息体code-----0
2021-03-05 11:33:00 INFO  ApiTestCaseModel:69 - 返回消息obj体中为空，无需断言
2021-03-05 11:33:00 INFO  ApiTestCaseModel:63 - 测试用例qs_V1_solveDetailCollection_myCollection断言完毕！！
 返回消息体msg-----成功
2021-03-05 11:33:00 INFO  ApiTestCaseModel:66 - 测试用例qs_V1_solveDetailCollection_myCollection断言完毕！！
 返回消息体code-----0
2021-03-05 11:33:00 INFO  ApiTestCaseModel:72 - 测试用例qs_V1_solveDetailCollection_myCollection断言完毕！！
 期待obj返回消息体5
 实际obj返回消息体5
2021-03-05 11:33:00 INFO  ApiTestCaseModel:63 - 测试用例qs_V1_task_index断言完毕！！
 返回消息体msg-----成功
2021-03-05 11:33:00 INFO  ApiTestCaseModel:66 - 测试用例qs_V1_task_index断言完毕！！
 返回消息体code-----0
2021-03-05 11:33:00 INFO  ApiTestCaseModel:72 - 测试用例qs_V1_task_index断言完毕！！
 期待obj返回消息体2
 实际obj返回消息体2
2021-03-05 11:33:00 INFO  ApiTestCaseModel:63 - 测试用例qs_V1_task_creditDetails断言完毕！！
 返回消息体msg-----成功
2021-03-05 11:33:00 INFO  ApiTestCaseModel:66 - 测试用例qs_V1_task_creditDetails断言完毕！！
 返回消息体code-----0
2021-03-05 11:33:00 INFO  ApiTestCaseModel:72 - 测试用例qs_V1_task_creditDetails断言完毕！！
 期待obj返回消息体5
 实际obj返回消息体5
2021-03-05 11:33:01 INFO  ApiTestCaseModel:63 - 测试用例qs_V1_class_index断言完毕！！
 返回消息体msg-----成功
2021-03-05 11:33:01 INFO  ApiTestCaseModel:66 - 测试用例qs_V1_class_index断言完毕！！
 返回消息体code-----0
2021-03-05 11:33:01 INFO  ApiTestCaseModel:72 - 测试用例qs_V1_class_index断言完毕！！
 期待obj返回消息体4
 实际obj返回消息体4
2021-03-05 11:33:01 INFO  ApiTestCaseModel:63 - 测试用例qs_V1_class_personData断言完毕！！
 返回消息体msg-----成功
2021-03-05 11:33:01 INFO  ApiTestCaseModel:66 - 测试用例qs_V1_class_personData断言完毕！！
 返回消息体code-----0
2021-03-05 11:33:01 INFO  ApiTestCaseModel:72 - 测试用例qs_V1_class_personData断言完毕！！
 期待obj返回消息体10
 实际obj返回消息体10
2021-03-05 11:33:01 INFO  ApiTestCaseModel:63 - 测试用例qs_V1_class_classDetail_classData断言完毕！！
 返回消息体msg-----成功
2021-03-05 11:33:01 INFO  ApiTestCaseModel:66 - 测试用例qs_V1_class_classDetail_classData断言完毕！！
 返回消息体code-----0
2021-03-05 11:33:01 INFO  ApiTestCaseModel:72 - 测试用例qs_V1_class_classDetail_classData断言完毕！！
 期待obj返回消息体5
 实际obj返回消息体5
2021-03-05 11:33:01 INFO  ApiTestCaseModel:63 - 测试用例qs_V1_class_classDetail_classReport断言完毕！！
 返回消息体msg-----成功
2021-03-05 11:33:02 INFO  ApiTestCaseModel:66 - 测试用例qs_V1_class_classDetail_classReport断言完毕！！
 返回消息体code-----0
2021-03-05 11:33:02 INFO  ApiTestCaseModel:72 - 测试用例qs_V1_class_classDetail_classReport断言完毕！！
 期待obj返回消息体8
 实际obj返回消息体8
2021-03-05 11:33:02 INFO  ApiTestCaseModel:63 - 测试用例qs_V1_class_classDetail_classRank断言完毕！！
 返回消息体msg-----成功
2021-03-05 11:33:02 INFO  ApiTestCaseModel:66 - 测试用例qs_V1_class_classDetail_classRank断言完毕！！
 返回消息体code-----0
2021-03-05 11:33:02 INFO  ApiTestCaseModel:72 - 测试用例qs_V1_class_classDetail_classRank断言完毕！！
 期待obj返回消息体1
 实际obj返回消息体1
2021-03-05 11:33:02 INFO  ApiTestCaseModel:63 - 测试用例qs_V1_class_encourage断言完毕！！
 返回消息体msg-----成功
2021-03-05 11:33:02 INFO  ApiTestCaseModel:66 - 测试用例qs_V1_class_encourage断言完毕！！
 返回消息体code-----0
2021-03-05 11:33:02 INFO  ApiTestCaseModel:69 - 返回消息obj体中为空，无需断言
2021-03-05 11:33:02 INFO  ApiTestCaseModel:63 - 测试用例qs_V1_exam_removeWrongQuesByUser断言完毕！！
 返回消息体msg-----成功
2021-03-05 11:33:02 INFO  ApiTestCaseModel:66 - 测试用例qs_V1_exam_removeWrongQuesByUser断言完毕！！
 返回消息体code-----0
2021-03-05 11:33:02 INFO  ApiTestCaseModel:72 - 测试用例qs_V1_exam_removeWrongQuesByUser断言完毕！！
 期待obj返回消息体1
 实际obj返回消息体1
2021-03-05 11:33:02 INFO  ApiTestCaseModel:63 - 测试用例qs_V1_exam_paperRecordList断言完毕！！
 返回消息体msg-----成功
2021-03-05 11:33:02 INFO  ApiTestCaseModel:66 - 测试用例qs_V1_exam_paperRecordList断言完毕！！
 返回消息体code-----0
2021-03-05 11:33:02 INFO  ApiTestCaseModel:72 - 测试用例qs_V1_exam_paperRecordList断言完毕！！
 期待obj返回消息体5
 实际obj返回消息体5
2021-03-05 11:33:03 INFO  ApiTestCaseModel:63 - 测试用例qs_V1_exam_wrongQuesByKp断言完毕！！
 返回消息体msg-----成功
2021-03-05 11:33:03 INFO  ApiTestCaseModel:66 - 测试用例qs_V1_exam_wrongQuesByKp断言完毕！！
 返回消息体code-----0
2021-03-05 11:33:03 INFO  ApiTestCaseModel:72 - 测试用例qs_V1_exam_wrongQuesByKp断言完毕！！
 期待obj返回消息体2
 实际obj返回消息体2
2021-03-05 11:33:03 INFO  ApiTestCaseModel:63 - 测试用例qs_V1_exam_smartGoToExam断言完毕！！
 返回消息体msg-----成功
2021-03-05 11:33:03 INFO  ApiTestCaseModel:66 - 测试用例qs_V1_exam_smartGoToExam断言完毕！！
 返回消息体code-----0
2021-03-05 11:33:03 INFO  ApiTestCaseModel:72 - 测试用例qs_V1_exam_smartGoToExam断言完毕！！
 期待obj返回消息体5
 实际obj返回消息体5
2021-03-05 11:33:04 INFO  ApiTestCaseModel:63 - 测试用例qs_V1_exam_cacheAnswer断言完毕！！
 返回消息体msg-----成功
2021-03-05 11:33:04 INFO  ApiTestCaseModel:66 - 测试用例qs_V1_exam_cacheAnswer断言完毕！！
 返回消息体code-----0
2021-03-05 11:33:04 INFO  ApiTestCaseModel:69 - 返回消息obj体中为空，无需断言
2021-03-05 11:33:04 INFO  ApiTestCaseModel:63 - 测试用例qs_V1_exam_correctionTypeList断言完毕！！
 返回消息体msg-----成功
2021-03-05 11:33:04 INFO  ApiTestCaseModel:66 - 测试用例qs_V1_exam_correctionTypeList断言完毕！！
 返回消息体code-----0
2021-03-05 11:33:04 INFO  ApiTestCaseModel:72 - 测试用例qs_V1_exam_correctionTypeList断言完毕！！
 期待obj返回消息体1
 实际obj返回消息体1
2021-03-05 11:33:04 INFO  ApiTestCaseModel:63 - 测试用例qs_V1_exam_subjectListByUserExtendId断言完毕！！
 返回消息体msg-----成功
2021-03-05 11:33:04 INFO  ApiTestCaseModel:66 - 测试用例qs_V1_exam_subjectListByUserExtendId断言完毕！！
 返回消息体code-----0
2021-03-05 11:33:04 INFO  ApiTestCaseModel:72 - 测试用例qs_V1_exam_subjectListByUserExtendId断言完毕！！
 期待obj返回消息体1
 实际obj返回消息体1
2021-03-05 11:33:04 INFO  ApiTestCaseModel:63 - 测试用例qs_V1_exam_getVideoPlayInfo断言完毕！！
 返回消息体msg-----成功
2021-03-05 11:33:04 INFO  ApiTestCaseModel:66 - 测试用例qs_V1_exam_getVideoPlayInfo断言完毕！！
 返回消息体code-----0
2021-03-05 11:33:04 INFO  ApiTestCaseModel:72 - 测试用例qs_V1_exam_getVideoPlayInfo断言完毕！！
 期待obj返回消息体4
 实际obj返回消息体4
2021-03-05 11:33:04 INFO  ApiTestCaseModel:63 - 测试用例qs_V1_exam_collectQues断言完毕！！
 返回消息体msg-----成功
2021-03-05 11:33:04 INFO  ApiTestCaseModel:66 - 测试用例qs_V1_exam_collectQues断言完毕！！
 返回消息体code-----0
2021-03-05 11:33:04 INFO  ApiTestCaseModel:69 - 返回消息obj体中为空，无需断言
2021-03-05 11:33:04 INFO  ApiTestCaseModel:63 - 测试用例qs_V1_exam_unCollectQues断言完毕！！
 返回消息体msg-----成功
2021-03-05 11:33:04 INFO  ApiTestCaseModel:66 - 测试用例qs_V1_exam_unCollectQues断言完毕！！
 返回消息体code-----0
2021-03-05 11:33:04 INFO  ApiTestCaseModel:69 - 返回消息obj体中为空，无需断言
2021-03-05 11:33:04 INFO  ApiTestCaseModel:63 - 测试用例qs_V1_exam_examIndex断言完毕！！
 返回消息体msg-----成功
2021-03-05 11:33:04 INFO  ApiTestCaseModel:66 - 测试用例qs_V1_exam_examIndex断言完毕！！
 返回消息体code-----0
2021-03-05 11:33:04 INFO  ApiTestCaseModel:72 - 测试用例qs_V1_exam_examIndex断言完毕！！
 期待obj返回消息体5
 实际obj返回消息体5
2021-03-05 11:33:05 INFO  ApiTestCaseModel:63 - 测试用例qs_V1_exam_smartExam断言完毕！！
 返回消息体msg-----成功
2021-03-05 11:33:05 INFO  ApiTestCaseModel:66 - 测试用例qs_V1_exam_smartExam断言完毕！！
 返回消息体code-----0
2021-03-05 11:33:05 INFO  ApiTestCaseModel:72 - 测试用例qs_V1_exam_smartExam断言完毕！！
 期待obj返回消息体3
 实际obj返回消息体3
2021-03-05 11:33:05 INFO  ApiTestCaseModel:63 - 测试用例qs_V1_exam_wrongQuesByQuesType断言完毕！！
 返回消息体msg-----成功
2021-03-05 11:33:05 INFO  ApiTestCaseModel:66 - 测试用例qs_V1_exam_wrongQuesByQuesType断言完毕！！
 返回消息体code-----0
2021-03-05 11:33:05 INFO  ApiTestCaseModel:72 - 测试用例qs_V1_exam_wrongQuesByQuesType断言完毕！！
 期待obj返回消息体2
 实际obj返回消息体2
2021-03-05 11:33:06 INFO  ApiTestCaseModel:63 - 测试用例qs_V1_exam_examAnalysis断言完毕！！
 返回消息体msg-----成功
2021-03-05 11:33:06 INFO  ApiTestCaseModel:66 - 测试用例qs_V1_exam_examAnalysis断言完毕！！
 返回消息体code-----0
2021-03-05 11:33:06 INFO  ApiTestCaseModel:72 - 测试用例qs_V1_exam_examAnalysis断言完毕！！
 期待obj返回消息体2
 实际obj返回消息体2
2021-03-05 11:33:07 INFO  ApiTestCaseModel:63 - 测试用例qs_V1_exam_wrongQuesDetail断言完毕！！
 返回消息体msg-----成功
2021-03-05 11:33:07 INFO  ApiTestCaseModel:66 - 测试用例qs_V1_exam_wrongQuesDetail断言完毕！！
 返回消息体code-----0
2021-03-05 11:33:07 INFO  ApiTestCaseModel:72 - 测试用例qs_V1_exam_wrongQuesDetail断言完毕！！
 期待obj返回消息体5
 实际obj返回消息体5
2021-03-05 11:33:07 INFO  ApiTestCaseModel:63 - 测试用例qs_V1_exam_recordView断言完毕！！
 返回消息体msg-----成功
2021-03-05 11:33:07 INFO  ApiTestCaseModel:66 - 测试用例qs_V1_exam_recordView断言完毕！！
 返回消息体code-----0
2021-03-05 11:33:07 INFO  ApiTestCaseModel:72 - 测试用例qs_V1_exam_recordView断言完毕！！
 期待obj返回消息体15
 实际obj返回消息体15
2021-03-05 11:33:07 INFO  ApiTestCaseModel:63 - 测试用例qs_V1_exam_collectQues断言完毕！！
 返回消息体msg-----成功
2021-03-05 11:33:07 INFO  ApiTestCaseModel:66 - 测试用例qs_V1_exam_collectQues断言完毕！！
 返回消息体code-----0
2021-03-05 11:33:07 INFO  ApiTestCaseModel:69 - 返回消息obj体中为空，无需断言
2021-03-05 11:33:07 INFO  ApiTestCaseModel:63 - 测试用例qs_V1_exam_unCollectQues断言完毕！！
 返回消息体msg-----成功
2021-03-05 11:33:07 INFO  ApiTestCaseModel:66 - 测试用例qs_V1_exam_unCollectQues断言完毕！！
 返回消息体code-----0
2021-03-05 11:33:07 INFO  ApiTestCaseModel:69 - 返回消息obj体中为空，无需断言
2021-03-05 11:33:08 INFO  ApiTestCaseModel:63 - 测试用例qs_V1_exam_goToExam断言完毕！！
 返回消息体msg-----成功
2021-03-05 11:33:08 INFO  ApiTestCaseModel:66 - 测试用例qs_V1_exam_goToExam断言完毕！！
 返回消息体code-----0
2021-03-05 11:33:08 INFO  ApiTestCaseModel:72 - 测试用例qs_V1_exam_goToExam断言完毕！！
 期待obj返回消息体5
 实际obj返回消息体5
2021-03-05 11:33:08 INFO  ApiTestCaseModel:63 - 测试用例qs_V1_exam_paperListByPaperType断言完毕！！
 返回消息体msg-----成功
2021-03-05 11:33:08 INFO  ApiTestCaseModel:66 - 测试用例qs_V1_exam_paperListByPaperType断言完毕！！
 返回消息体code-----0
2021-03-05 11:33:08 INFO  ApiTestCaseModel:72 - 测试用例qs_V1_exam_paperListByPaperType断言完毕！！
 期待obj返回消息体1
 实际obj返回消息体1
2021-03-05 11:33:08 INFO  ApiTestCaseModel:63 - 测试用例qs_V1_exam_questionInfo断言完毕！！
 返回消息体msg-----成功
2021-03-05 11:33:08 INFO  ApiTestCaseModel:66 - 测试用例qs_V1_exam_questionInfo断言完毕！！
 返回消息体code-----0
2021-03-05 11:33:08 INFO  ApiTestCaseModel:72 - 测试用例qs_V1_exam_questionInfo断言完毕！！
 期待obj返回消息体2
 实际obj返回消息体2
2021-03-05 11:33:08 INFO  ApiTestCaseModel:63 - 测试用例qs_V1_commentLable_commentLableList断言完毕！！
 返回消息体msg-----成功
2021-03-05 11:33:08 INFO  ApiTestCaseModel:66 - 测试用例qs_V1_commentLable_commentLableList断言完毕！！
 返回消息体code-----0
2021-03-05 11:33:08 INFO  ApiTestCaseModel:72 - 测试用例qs_V1_commentLable_commentLableList断言完毕！！
 期待obj返回消息体2
 实际obj返回消息体2
2021-03-05 11:33:08 INFO  ApiTestCaseModel:63 - 测试用例qs_V1_setting_learnProgress断言完毕！！
 返回消息体msg-----成功
2021-03-05 11:33:08 INFO  ApiTestCaseModel:66 - 测试用例qs_V1_setting_learnProgress断言完毕！！
 返回消息体code-----0
2021-03-05 11:33:09 INFO  ApiTestCaseModel:72 - 测试用例qs_V1_setting_learnProgress断言完毕！！
 期待obj返回消息体2
 实际obj返回消息体2
2021-03-05 11:33:09 INFO  ApiTestCaseModel:63 - 测试用例qs_V1_setting_learnPlanSwitch断言完毕！！
 返回消息体msg-----成功
2021-03-05 11:33:09 INFO  ApiTestCaseModel:66 - 测试用例qs_V1_setting_learnPlanSwitch断言完毕！！
 返回消息体code-----0
2021-03-05 11:33:09 INFO  ApiTestCaseModel:72 - 测试用例qs_V1_setting_learnPlanSwitch断言完毕！！
 期待obj返回消息体2
 实际obj返回消息体2
2021-03-05 11:33:09 INFO  ApiTestCaseModel:63 - 测试用例qs_V1_setting_switchTeacher断言完毕！！
 返回消息体msg-----成功
2021-03-05 11:33:09 INFO  ApiTestCaseModel:66 - 测试用例qs_V1_setting_switchTeacher断言完毕！！
 返回消息体code-----0
2021-03-05 11:33:09 INFO  ApiTestCaseModel:72 - 测试用例qs_V1_setting_switchTeacher断言完毕！！
 期待obj返回消息体1
 实际obj返回消息体1
2021-03-05 11:33:09 INFO  ApiTestCaseModel:63 - 测试用例qs_V1_setting_classSwitch断言完毕！！
 返回消息体msg-----成功
2021-03-05 11:33:09 INFO  ApiTestCaseModel:66 - 测试用例qs_V1_setting_classSwitch断言完毕！！
 返回消息体code-----0
2021-03-05 11:33:09 INFO  ApiTestCaseModel:72 - 测试用例qs_V1_setting_classSwitch断言完毕！！
 期待obj返回消息体1
 实际obj返回消息体1
2021-03-05 11:33:10 INFO  ApiTestCaseModel:63 - 测试用例qs_V1_setting_learnPlanSwitchSubmit断言完毕！！
 返回消息体msg-----成功
2021-03-05 11:33:10 INFO  ApiTestCaseModel:66 - 测试用例qs_V1_setting_learnPlanSwitchSubmit断言完毕！！
 返回消息体code-----0
2021-03-05 11:33:10 INFO  ApiTestCaseModel:69 - 返回消息obj体中为空，无需断言
2021-03-05 11:33:10 INFO  ApiTestCaseModel:63 - 测试用例qs_V1_setting_learnTime断言完毕！！
 返回消息体msg-----成功
2021-03-05 11:33:10 INFO  ApiTestCaseModel:66 - 测试用例qs_V1_setting_learnTime断言完毕！！
 返回消息体code-----0
2021-03-05 11:33:10 INFO  ApiTestCaseModel:72 - 测试用例qs_V1_setting_learnTime断言完毕！！
 期待obj返回消息体3
 实际obj返回消息体3
2021-03-05 11:33:10 INFO  ApiTestCaseModel:63 - 测试用例qs_V1_setting_learnCycleSubmit断言完毕！！
 返回消息体msg-----成功
2021-03-05 11:33:10 INFO  ApiTestCaseModel:66 - 测试用例qs_V1_setting_learnCycleSubmit断言完毕！！
 返回消息体code-----0
2021-03-05 11:33:10 INFO  ApiTestCaseModel:69 - 返回消息obj体中为空，无需断言
2021-03-05 11:33:11 INFO  ApiTestCaseModel:63 - 测试用例qs_V1_setting_learnMethodSubmit断言完毕！！
 返回消息体msg-----成功
2021-03-05 11:33:11 INFO  ApiTestCaseModel:66 - 测试用例qs_V1_setting_learnMethodSubmit断言完毕！！
 返回消息体code-----0
2021-03-05 11:33:11 INFO  ApiTestCaseModel:69 - 返回消息obj体中为空，无需断言
2021-03-05 11:33:11 INFO  ApiTestCaseModel:63 - 测试用例qs_V1_setting_restCycleSubmit断言完毕！！
 返回消息体msg-----成功
2021-03-05 11:33:11 INFO  ApiTestCaseModel:66 - 测试用例qs_V1_setting_restCycleSubmit断言完毕！！
 返回消息体code-----0
2021-03-05 11:33:11 INFO  ApiTestCaseModel:69 - 返回消息obj体中为空，无需断言
2021-03-05 11:33:11 INFO  ApiTestCaseModel:63 - 测试用例qs_V1_setting_learnMethod断言完毕！！
 返回消息体msg-----成功
2021-03-05 11:33:11 INFO  ApiTestCaseModel:66 - 测试用例qs_V1_setting_learnMethod断言完毕！！
 返回消息体code-----0
2021-03-05 11:33:11 INFO  ApiTestCaseModel:72 - 测试用例qs_V1_setting_learnMethod断言完毕！！
 期待obj返回消息体3
 实际obj返回消息体3
2021-03-05 11:33:11 INFO  ApiTestCaseModel:63 - 测试用例qs_V1_setting_index断言完毕！！
 返回消息体msg-----成功
2021-03-05 11:33:11 INFO  ApiTestCaseModel:66 - 测试用例qs_V1_setting_index断言完毕！！
 返回消息体code-----0
2021-03-05 11:33:11 INFO  ApiTestCaseModel:72 - 测试用例qs_V1_setting_index断言完毕！！
 期待obj返回消息体2
 实际obj返回消息体2
2021-03-05 11:33:11 INFO  ApiTestCaseModel:63 - 测试用例qs_V1_setting_autoCache断言完毕！！
 返回消息体msg-----成功
2021-03-05 11:33:11 INFO  ApiTestCaseModel:66 - 测试用例qs_V1_setting_autoCache断言完毕！！
 返回消息体code-----0
2021-03-05 11:33:11 INFO  ApiTestCaseModel:72 - 测试用例qs_V1_setting_autoCache断言完毕！！
 期待obj返回消息体1
 实际obj返回消息体1
2021-03-05 11:33:12 INFO  ApiTestCaseModel:63 - 测试用例qs_V1_setting_switchTeacherSubmit断言完毕！！
 返回消息体msg-----成功
2021-03-05 11:33:12 INFO  ApiTestCaseModel:66 - 测试用例qs_V1_setting_switchTeacherSubmit断言完毕！！
 返回消息体code-----0
2021-03-05 11:33:12 INFO  ApiTestCaseModel:69 - 返回消息obj体中为空，无需断言
2021-03-05 11:33:12 INFO  ApiTestCaseModel:63 - 测试用例qs_V1_setting_classSwitchSubmit断言完毕！！
 返回消息体msg-----成功
2021-03-05 11:33:12 INFO  ApiTestCaseModel:66 - 测试用例qs_V1_setting_classSwitchSubmit断言完毕！！
 返回消息体code-----0
2021-03-05 11:33:12 INFO  ApiTestCaseModel:69 - 返回消息obj体中为空，无需断言
2021-03-05 11:33:12 INFO  ApiTestCaseModel:63 - 测试用例qs_V1_setting_learnProgressSubmit断言完毕！！
 返回消息体msg-----成功
2021-03-05 11:33:12 INFO  ApiTestCaseModel:66 - 测试用例qs_V1_setting_learnProgressSubmit断言完毕！！
 返回消息体code-----0
2021-03-05 11:33:12 INFO  ApiTestCaseModel:69 - 返回消息obj体中为空，无需断言
2021-03-05 11:33:12 INFO  ApiTestCaseModel:63 - 测试用例qs_V1_replyComment_getCommentView断言完毕！！
 返回消息体msg-----成功
2021-03-05 11:33:12 INFO  ApiTestCaseModel:66 - 测试用例qs_V1_replyComment_getCommentView断言完毕！！
 返回消息体code-----0
2021-03-05 11:33:12 INFO  ApiTestCaseModel:72 - 测试用例qs_V1_replyComment_getCommentView断言完毕！！
 期待obj返回消息体4
 实际obj返回消息体4
2021-03-05 11:33:13 INFO  ApiTestCaseModel:63 - 测试用例qs_V1_replyComment_submitComment断言完毕！！
 返回消息体msg-----成功
2021-03-05 11:33:13 INFO  ApiTestCaseModel:66 - 测试用例qs_V1_replyComment_submitComment断言完毕！！
 返回消息体code-----0
2021-03-05 11:33:13 INFO  ApiTestCaseModel:69 - 返回消息obj体中为空，无需断言
2021-03-05 11:33:13 INFO  ApiTestCaseModel:63 - 测试用例qs_V2_study_startStudyQues断言完毕！！
 返回消息体msg-----成功
2021-03-05 11:33:13 INFO  ApiTestCaseModel:66 - 测试用例qs_V2_study_startStudyQues断言完毕！！
 返回消息体code-----0
2021-03-05 11:33:13 INFO  ApiTestCaseModel:72 - 测试用例qs_V2_study_startStudyQues断言完毕！！
 期待obj返回消息体2
 实际obj返回消息体2
2021-03-05 11:33:13 INFO  ApiTestCaseModel:63 - 测试用例qs_V2_course_courseByLectureId断言完毕！！
 返回消息体msg-----成功
2021-03-05 11:33:13 INFO  ApiTestCaseModel:66 - 测试用例qs_V2_course_courseByLectureId断言完毕！！
 返回消息体code-----0
2021-03-05 11:33:13 INFO  ApiTestCaseModel:72 - 测试用例qs_V2_course_courseByLectureId断言完毕！！
 期待obj返回消息体7
 实际obj返回消息体7
2021-03-05 11:33:13 INFO  ApiTestCaseModel:63 - 测试用例qs_V2_activation_submitQues断言完毕！！
 返回消息体msg-----成功
2021-03-05 11:33:13 INFO  ApiTestCaseModel:66 - 测试用例qs_V2_activation_submitQues断言完毕！！
 返回消息体code-----0
2021-03-05 11:33:13 INFO  ApiTestCaseModel:72 - 测试用例qs_V2_activation_submitQues断言完毕！！
 期待obj返回消息体4
 实际obj返回消息体4
2021-03-05 11:33:14 INFO  ApiTestCaseModel:63 - 测试用例qs_V2_activation_questionsAndAnswers断言完毕！！
 返回消息体msg-----成功
2021-03-05 11:33:14 INFO  ApiTestCaseModel:66 - 测试用例qs_V2_activation_questionsAndAnswers断言完毕！！
 返回消息体code-----0
2021-03-05 11:33:14 INFO  ApiTestCaseModel:72 - 测试用例qs_V2_activation_questionsAndAnswers断言完毕！！
 期待obj返回消息体3
 实际obj返回消息体3
2021-03-05 11:33:14 INFO  ApiTestCaseModel:63 - 测试用例qs_V2_knowledgePoint_unlockKpList断言完毕！！
 返回消息体msg-----成功
2021-03-05 11:33:14 INFO  ApiTestCaseModel:66 - 测试用例qs_V2_knowledgePoint_unlockKpList断言完毕！！
 返回消息体code-----0
2021-03-05 11:33:14 INFO  ApiTestCaseModel:72 - 测试用例qs_V2_knowledgePoint_unlockKpList断言完毕！！
 期待obj返回消息体3
 实际obj返回消息体3
2021-03-05 11:33:14 INFO  ApiTestCaseModel:63 - 测试用例qs_V2_knowledgePoint_kpDetailListByKpIds断言完毕！！
 返回消息体msg-----成功
2021-03-05 11:33:14 INFO  ApiTestCaseModel:66 - 测试用例qs_V2_knowledgePoint_kpDetailListByKpIds断言完毕！！
 返回消息体code-----0
2021-03-05 11:33:14 INFO  ApiTestCaseModel:72 - 测试用例qs_V2_knowledgePoint_kpDetailListByKpIds断言完毕！！
 期待obj返回消息体1
 实际obj返回消息体1
2021-03-05 11:33:14 INFO  ApiTestCaseModel:63 - 测试用例qs_V2_class_index断言完毕！！
 返回消息体msg-----成功
2021-03-05 11:33:14 INFO  ApiTestCaseModel:66 - 测试用例qs_V2_class_index断言完毕！！
 返回消息体code-----0
2021-03-05 11:33:14 INFO  ApiTestCaseModel:72 - 测试用例qs_V2_class_index断言完毕！！
 期待obj返回消息体4
 实际obj返回消息体4
2021-03-05 11:33:15 INFO  ApiTestCaseModel:63 - 测试用例qs_V2_exam_recordView断言完毕！！
 返回消息体msg-----成功
2021-03-05 11:33:15 INFO  ApiTestCaseModel:66 - 测试用例qs_V2_exam_recordView断言完毕！！
 返回消息体code-----0
2021-03-05 11:33:15 INFO  ApiTestCaseModel:72 - 测试用例qs_V2_exam_recordView断言完毕！！
 期待obj返回消息体15
 实际obj返回消息体15
2021-03-05 11:33:15 INFO  ApiTestCaseModel:63 - 测试用例qs_V2_exam_goToExam断言完毕！！
 返回消息体msg-----成功
2021-03-05 11:33:15 INFO  ApiTestCaseModel:66 - 测试用例qs_V2_exam_goToExam断言完毕！！
 返回消息体code-----0
2021-03-05 11:33:15 INFO  ApiTestCaseModel:72 - 测试用例qs_V2_exam_goToExam断言完毕！！
 期待obj返回消息体5
 实际obj返回消息体5
2021-03-05 11:33:15 INFO  ApiTestCaseModel:63 - 测试用例qs_V2_setting_switchTeacher断言完毕！！
 返回消息体msg-----成功
2021-03-05 11:33:15 INFO  ApiTestCaseModel:66 - 测试用例qs_V2_setting_switchTeacher断言完毕！！
 返回消息体code-----0
2021-03-05 11:33:15 INFO  ApiTestCaseModel:72 - 测试用例qs_V2_setting_switchTeacher断言完毕！！
 期待obj返回消息体1
 实际obj返回消息体1
2021-03-05 11:33:15 INFO  ApiTestCaseModel:63 - 测试用例qs_V3_study_updateStudyStatusAndChatRecord断言完毕！！
 返回消息体msg-----成功
2021-03-05 11:33:15 INFO  ApiTestCaseModel:66 - 测试用例qs_V3_study_updateStudyStatusAndChatRecord断言完毕！！
 返回消息体code-----0
2021-03-05 11:33:15 INFO  ApiTestCaseModel:72 - 测试用例qs_V3_study_updateStudyStatusAndChatRecord断言完毕！！
 期待obj返回消息体0
 实际obj返回消息体0
2021-03-05 11:33:15 INFO  ApiTestCaseModel:63 - 测试用例qs_V3_study_startStudyQues断言完毕！！
 返回消息体msg-----成功
2021-03-05 11:33:15 INFO  ApiTestCaseModel:66 - 测试用例qs_V3_study_startStudyQues断言完毕！！
 返回消息体code-----0
2021-03-05 11:33:15 INFO  ApiTestCaseModel:72 - 测试用例qs_V3_study_startStudyQues断言完毕！！
 期待obj返回消息体2
 实际obj返回消息体2
2021-03-05 11:33:16 INFO  ApiTestCaseModel:63 - 测试用例qs_V3_study_startStudyAnswer断言完毕！！
 返回消息体msg-----成功
2021-03-05 11:33:16 INFO  ApiTestCaseModel:66 - 测试用例qs_V3_study_startStudyAnswer断言完毕！！
 返回消息体code-----0
2021-03-05 11:33:16 INFO  ApiTestCaseModel:72 - 测试用例qs_V3_study_startStudyAnswer断言完毕！！
 期待obj返回消息体2
 实际obj返回消息体2
2021-03-05 11:33:16 INFO  ApiTestCaseModel:63 - 测试用例qs_V3_study_index断言完毕！！
 返回消息体msg-----成功
2021-03-05 11:33:16 INFO  ApiTestCaseModel:66 - 测试用例qs_V3_study_index断言完毕！！
 返回消息体code-----0
2021-03-05 11:33:16 INFO  ApiTestCaseModel:72 - 测试用例qs_V3_study_index断言完毕！！
 期待obj返回消息体3
 实际obj返回消息体3
2021-03-05 11:33:16 INFO  ApiTestCaseModel:63 - 测试用例qs_V3_curriculum_classSchedule断言完毕！！
 返回消息体msg-----成功
2021-03-05 11:33:16 INFO  ApiTestCaseModel:66 - 测试用例qs_V3_curriculum_classSchedule断言完毕！！
 返回消息体code-----0
2021-03-05 11:33:16 INFO  ApiTestCaseModel:69 - 返回消息obj体中为空，无需断言
2021-03-05 11:33:16 INFO  ApiTestCaseModel:63 - 测试用例qs_V3_curriculum_dayList断言完毕！！
 返回消息体msg-----成功
2021-03-05 11:33:16 INFO  ApiTestCaseModel:66 - 测试用例qs_V3_curriculum_dayList断言完毕！！
 返回消息体code-----0
2021-03-05 11:33:16 INFO  ApiTestCaseModel:72 - 测试用例qs_V3_curriculum_dayList断言完毕！！
 期待obj返回消息体1
 实际obj返回消息体1
2021-03-05 11:33:16 INFO  ApiTestCaseModel:63 - 测试用例qs_V3_marketingMessage_getMarketingMessageDetail断言完毕！！
 返回消息体msg-----成功
2021-03-05 11:33:16 INFO  ApiTestCaseModel:66 - 测试用例qs_V3_marketingMessage_getMarketingMessageDetail断言完毕！！
 返回消息体code-----0
2021-03-05 11:33:16 INFO  ApiTestCaseModel:72 - 测试用例qs_V3_marketingMessage_getMarketingMessageDetail断言完毕！！
 期待obj返回消息体3
 实际obj返回消息体3
2021-03-05 11:33:16 INFO  ApiTestCaseModel:63 - 测试用例qs_V3_shop_redeemNow断言完毕！！
 返回消息体msg-----成功
2021-03-05 11:33:16 INFO  ApiTestCaseModel:66 - 测试用例qs_V3_shop_redeemNow断言完毕！！
 返回消息体code-----0
2021-03-05 11:33:16 INFO  ApiTestCaseModel:72 - 测试用例qs_V3_shop_redeemNow断言完毕！！
 期待obj返回消息体5
 实际obj返回消息体5
2021-03-05 11:33:17 INFO  ApiTestCaseModel:63 - 测试用例qs_V3_shop_index断言完毕！！
 返回消息体msg-----成功
2021-03-05 11:33:17 INFO  ApiTestCaseModel:66 - 测试用例qs_V3_shop_index断言完毕！！
 返回消息体code-----0
2021-03-05 11:33:17 INFO  ApiTestCaseModel:72 - 测试用例qs_V3_shop_index断言完毕！！
 期待obj返回消息体6
 实际obj返回消息体6
2021-03-05 11:33:17 INFO  ApiTestCaseModel:63 - 测试用例qs_V3_shop_redeemRecords断言完毕！！
 返回消息体msg-----成功
2021-03-05 11:33:17 INFO  ApiTestCaseModel:66 - 测试用例qs_V3_shop_redeemRecords断言完毕！！
 返回消息体code-----0
2021-03-05 11:33:18 INFO  ApiTestCaseModel:63 - 测试用例qs_V3_shop_confirmRedemption断言完毕！！
 返回消息体msg-----成功
2021-03-05 11:33:18 INFO  ApiTestCaseModel:66 - 测试用例qs_V3_shop_confirmRedemption断言完毕！！
 返回消息体code-----0
2021-03-05 11:33:18 INFO  ApiTestCaseModel:72 - 测试用例qs_V3_shop_confirmRedemption断言完毕！！
 期待obj返回消息体3
 实际obj返回消息体3
2021-03-05 11:33:18 INFO  ApiTestCaseModel:63 - 测试用例qs_V3_chatRecord_chatRecordList断言完毕！！
 返回消息体msg-----成功
2021-03-05 11:33:18 INFO  ApiTestCaseModel:66 - 测试用例qs_V3_chatRecord_chatRecordList断言完毕！！
 返回消息体code-----0
2021-03-05 11:33:18 INFO  ApiTestCaseModel:72 - 测试用例qs_V3_chatRecord_chatRecordList断言完毕！！
 期待obj返回消息体5
 实际obj返回消息体5
2021-03-05 11:33:18 INFO  ApiTestCaseModel:63 - 测试用例qs_V3_task_voucherData断言完毕！！
 返回消息体msg-----成功
2021-03-05 11:33:18 INFO  ApiTestCaseModel:66 - 测试用例qs_V3_task_voucherData断言完毕！！
 返回消息体code-----0
2021-03-05 11:33:18 INFO  ApiTestCaseModel:72 - 测试用例qs_V3_task_voucherData断言完毕！！
 期待obj返回消息体6
 实际obj返回消息体6
2021-03-05 11:33:18 INFO  ApiTestCaseModel:63 - 测试用例qs_V3_task_creditData断言完毕！！
 返回消息体msg-----成功
2021-03-05 11:33:18 INFO  ApiTestCaseModel:66 - 测试用例qs_V3_task_creditData断言完毕！！
 返回消息体code-----0
2021-03-05 11:33:18 INFO  ApiTestCaseModel:72 - 测试用例qs_V3_task_creditData断言完毕！！
 期待obj返回消息体6
 实际obj返回消息体6
2021-03-05 11:33:19 INFO  ApiTestCaseModel:63 - 测试用例qs_V3_class_classDetail_classData断言完毕！！
 返回消息体msg-----成功
2021-03-05 11:33:19 INFO  ApiTestCaseModel:66 - 测试用例qs_V3_class_classDetail_classData断言完毕！！
 返回消息体code-----0
2021-03-05 11:33:19 INFO  ApiTestCaseModel:72 - 测试用例qs_V3_class_classDetail_classData断言完毕！！
 期待obj返回消息体5
 实际obj返回消息体5
2021-03-05 11:33:19 INFO  ApiTestCaseModel:63 - 测试用例qs_V3_setting_renewActive断言完毕！！
 返回消息体msg-----成功
2021-03-05 11:33:19 INFO  ApiTestCaseModel:66 - 测试用例qs_V3_setting_renewActive断言完毕！！
 返回消息体code-----0
2021-03-09 10:41:52 INFO  ApiTestCaseModel:63 - 测试用例qs_V1_study_startStudyQues断言完毕！！
 返回消息体msg-----成功
2021-03-09 10:41:52 INFO  ApiTestCaseModel:66 - 测试用例qs_V1_study_startStudyQues断言完毕！！
 返回消息体code-----0
2021-03-09 10:41:52 INFO  ApiTestCaseModel:72 - 测试用例qs_V1_study_startStudyQues断言完毕！！
 期待obj返回消息体1
 实际obj返回消息体1
2021-03-09 10:41:52 INFO  ApiTestCaseModel:63 - 测试用例qs_V1_study_index断言完毕！！
 返回消息体msg-----成功
2021-03-09 10:41:52 INFO  ApiTestCaseModel:66 - 测试用例qs_V1_study_index断言完毕！！
 返回消息体code-----0
2021-03-09 10:41:52 INFO  ApiTestCaseModel:72 - 测试用例qs_V1_study_index断言完毕！！
 期待obj返回消息体3
 实际obj返回消息体3
2021-03-09 10:41:52 INFO  ApiTestCaseModel:63 - 测试用例qs_V1_study_getTodayLecture断言完毕！！
 返回消息体msg-----成功
2021-03-09 10:41:52 INFO  ApiTestCaseModel:66 - 测试用例qs_V1_study_getTodayLecture断言完毕！！
 返回消息体code-----0
2021-03-09 10:41:52 INFO  ApiTestCaseModel:72 - 测试用例qs_V1_study_getTodayLecture断言完毕！！
 期待obj返回消息体1
 实际obj返回消息体1
2021-03-09 10:41:53 INFO  ApiTestCaseModel:63 - 测试用例qs_V1_study_systemStatus断言完毕！！
 返回消息体msg-----成功
2021-03-09 10:41:53 INFO  ApiTestCaseModel:66 - 测试用例qs_V1_study_systemStatus断言完毕！！
 返回消息体code-----0
2021-03-09 10:41:53 INFO  ApiTestCaseModel:72 - 测试用例qs_V1_study_systemStatus断言完毕！！
 期待obj返回消息体9
 实际obj返回消息体9
2021-03-09 10:41:54 INFO  ApiTestCaseModel:63 - 测试用例qs_V1_study_shareStudyReport断言完毕！！
 返回消息体msg-----成功
2021-03-09 10:41:54 INFO  ApiTestCaseModel:66 - 测试用例qs_V1_study_shareStudyReport断言完毕！！
 返回消息体code-----0
2021-03-09 10:41:54 INFO  ApiTestCaseModel:72 - 测试用例qs_V1_study_shareStudyReport断言完毕！！
 期待obj返回消息体1
 实际obj返回消息体1
2021-03-09 10:41:54 INFO  ApiTestCaseModel:63 - 测试用例qs_V1_study_startStudyAnswer断言完毕！！
 返回消息体msg-----成功
2021-03-09 10:41:54 INFO  ApiTestCaseModel:66 - 测试用例qs_V1_study_startStudyAnswer断言完毕！！
 返回消息体code-----0
2021-03-09 10:41:54 INFO  ApiTestCaseModel:72 - 测试用例qs_V1_study_startStudyAnswer断言完毕！！
 期待obj返回消息体2
 实际obj返回消息体2
2021-03-09 10:41:54 INFO  ApiTestCaseModel:63 - 测试用例qs_V1_course_courseTimeConfig断言完毕！！
 返回消息体msg-----成功
2021-03-09 10:41:54 INFO  ApiTestCaseModel:66 - 测试用例qs_V1_course_courseTimeConfig断言完毕！！
 返回消息体code-----0
2021-03-09 10:41:54 INFO  ApiTestCaseModel:72 - 测试用例qs_V1_course_courseTimeConfig断言完毕！！
 期待obj返回消息体2
 实际obj返回消息体2
2021-03-09 10:41:55 INFO  ApiTestCaseModel:63 - 测试用例qs_V1_course_resetRoomUserStatus断言完毕！！
 返回消息体msg-----成功
2021-03-09 10:41:55 INFO  ApiTestCaseModel:66 - 测试用例qs_V1_course_resetRoomUserStatus断言完毕！！
 返回消息体code-----0
2021-03-09 10:41:55 INFO  ApiTestCaseModel:69 - 返回消息obj体中为空，无需断言
2021-03-09 10:41:55 INFO  ApiTestCaseModel:63 - 测试用例qs_V1_course_courseByKpId断言完毕！！
 返回消息体msg-----成功
2021-03-09 10:41:55 INFO  ApiTestCaseModel:66 - 测试用例qs_V1_course_courseByKpId断言完毕！！
 返回消息体code-----0
2021-03-09 10:41:55 INFO  ApiTestCaseModel:72 - 测试用例qs_V1_course_courseByKpId断言完毕！！
 期待obj返回消息体8
 实际obj返回消息体8
2021-03-09 10:41:55 INFO  ApiTestCaseModel:63 - 测试用例qs_V1_course_courseByLectureId断言完毕！！
 返回消息体msg-----成功
2021-03-09 10:41:55 INFO  ApiTestCaseModel:66 - 测试用例qs_V1_course_courseByLectureId断言完毕！！
 返回消息体code-----0
2021-03-09 10:41:55 INFO  ApiTestCaseModel:72 - 测试用例qs_V1_course_courseByLectureId断言完毕！！
 期待obj返回消息体7
 实际obj返回消息体7
2021-03-09 10:41:55 INFO  ApiTestCaseModel:63 - 测试用例qs_V1_course_teacherListByLectureId断言完毕！！
 返回消息体msg-----成功
2021-03-09 10:41:55 INFO  ApiTestCaseModel:66 - 测试用例qs_V1_course_teacherListByLectureId断言完毕！！
 返回消息体code-----0
2021-03-09 10:41:55 INFO  ApiTestCaseModel:72 - 测试用例qs_V1_course_teacherListByLectureId断言完毕！！
 期待obj返回消息体1
 实际obj返回消息体1
2021-03-09 10:41:56 INFO  ApiTestCaseModel:63 - 测试用例qs_V1_course_doShareRoom断言完毕！！
 返回消息体msg-----成功
2021-03-09 10:41:56 INFO  ApiTestCaseModel:66 - 测试用例qs_V1_course_doShareRoom断言完毕！！
 返回消息体code-----0
2021-03-09 10:41:56 INFO  ApiTestCaseModel:69 - 返回消息obj体中为空，无需断言
2021-03-09 10:41:56 INFO  ApiTestCaseModel:63 - 测试用例qs_V1_course_submitTimeConfigAnswer断言完毕！！
 返回消息体msg-----成功
2021-03-09 10:41:56 INFO  ApiTestCaseModel:66 - 测试用例qs_V1_course_submitTimeConfigAnswer断言完毕！！
 返回消息体code-----0
2021-03-09 10:41:56 INFO  ApiTestCaseModel:69 - 返回消息obj体中为空，无需断言
2021-03-09 10:41:56 INFO  ApiTestCaseModel:63 - 测试用例qs_V1_course_genUserSign断言完毕！！
 返回消息体msg-----成功
2021-03-09 10:41:56 INFO  ApiTestCaseModel:66 - 测试用例qs_V1_course_genUserSign断言完毕！！
 返回消息体code-----0
2021-03-09 10:41:56 INFO  ApiTestCaseModel:72 - 测试用例qs_V1_course_genUserSign断言完毕！！
 期待obj返回消息体1
 实际obj返回消息体1
2021-03-09 10:41:56 INFO  ApiTestCaseModel:63 - 测试用例qs_V1_course_getLecturePlayInfoByRoomId断言完毕！！
 返回消息体msg-----成功
2021-03-09 10:41:56 INFO  ApiTestCaseModel:66 - 测试用例qs_V1_course_getLecturePlayInfoByRoomId断言完毕！！
 返回消息体code-----0
2021-03-09 10:41:56 INFO  ApiTestCaseModel:72 - 测试用例qs_V1_course_getLecturePlayInfoByRoomId断言完毕！！
 期待obj返回消息体19
 实际obj返回消息体19
2021-03-09 10:41:57 INFO  ApiTestCaseModel:63 - 测试用例qs_V1_course_lectureVideoInfo断言完毕！！
 返回消息体msg-----成功
2021-03-09 10:41:57 INFO  ApiTestCaseModel:66 - 测试用例qs_V1_course_lectureVideoInfo断言完毕！！
 返回消息体code-----0
2021-03-09 10:41:57 INFO  ApiTestCaseModel:72 - 测试用例qs_V1_course_lectureVideoInfo断言完毕！！
 期待obj返回消息体6
 实际obj返回消息体6
2021-03-09 10:41:57 INFO  ApiTestCaseModel:63 - 测试用例qs_V1_course_kpCardByLectureId断言完毕！！
 返回消息体msg-----成功
2021-03-09 10:41:57 INFO  ApiTestCaseModel:66 - 测试用例qs_V1_course_kpCardByLectureId断言完毕！！
 返回消息体code-----0
2021-03-09 10:41:57 INFO  ApiTestCaseModel:72 - 测试用例qs_V1_course_kpCardByLectureId断言完毕！！
 期待obj返回消息体1
 实际obj返回消息体1
2021-03-09 10:41:57 INFO  ApiTestCaseModel:63 - 测试用例qs_V1_course_roomListByLectureIds断言完毕！！
 返回消息体msg-----成功
2021-03-09 10:41:57 INFO  ApiTestCaseModel:66 - 测试用例qs_V1_course_roomListByLectureIds断言完毕！！
 返回消息体code-----0
2021-03-09 10:41:57 INFO  ApiTestCaseModel:72 - 测试用例qs_V1_course_roomListByLectureIds断言完毕！！
 期待obj返回消息体1
 实际obj返回消息体1
2021-03-09 10:41:57 INFO  ApiTestCaseModel:63 - 测试用例qs_V1_course_courseHandoutByLectureId断言完毕！！
 返回消息体msg-----成功
2021-03-09 10:41:57 INFO  ApiTestCaseModel:66 - 测试用例qs_V1_course_courseHandoutByLectureId断言完毕！！
 返回消息体code-----0
2021-03-09 10:41:57 INFO  ApiTestCaseModel:72 - 测试用例qs_V1_course_courseHandoutByLectureId断言完毕！！
 期待obj返回消息体7
 实际obj返回消息体7
2021-03-09 10:41:57 INFO  ApiTestCaseModel:63 - 测试用例qs_V1_course_syncTimeConfig断言完毕！！
 返回消息体msg-----成功
2021-03-09 10:41:57 INFO  ApiTestCaseModel:66 - 测试用例qs_V1_course_syncTimeConfig断言完毕！！
 返回消息体code-----0
2021-03-09 10:41:57 INFO  ApiTestCaseModel:69 - 返回消息obj体中为空，无需断言
2021-03-09 10:41:58 INFO  ApiTestCaseModel:63 - 测试用例qs_V1_course_syncCourseRecord断言完毕！！
 返回消息体msg-----成功
2021-03-09 10:41:58 INFO  ApiTestCaseModel:66 - 测试用例qs_V1_course_syncCourseRecord断言完毕！！
 返回消息体code-----0
2021-03-09 10:41:58 INFO  ApiTestCaseModel:69 - 返回消息obj体中为空，无需断言
2021-03-09 10:42:00 INFO  ApiTestCaseModel:63 - 测试用例qs_V1_course_createRoom断言完毕！！
 返回消息体msg-----成功
2021-03-09 10:42:00 INFO  ApiTestCaseModel:66 - 测试用例qs_V1_course_createRoom断言完毕！！
 返回消息体code-----0
2021-03-09 10:42:00 INFO  ApiTestCaseModel:72 - 测试用例qs_V1_course_createRoom断言完毕！！
 期待obj返回消息体6
 实际obj返回消息体6
2021-03-09 10:42:00 INFO  ApiTestCaseModel:63 - 测试用例qs_V1_course_lectureVideoInfoWithLog断言完毕！！
 返回消息体msg-----成功
2021-03-09 10:42:00 INFO  ApiTestCaseModel:66 - 测试用例qs_V1_course_lectureVideoInfoWithLog断言完毕！！
 返回消息体code-----0
2021-03-09 10:42:00 INFO  ApiTestCaseModel:72 - 测试用例qs_V1_course_lectureVideoInfoWithLog断言完毕！！
 期待obj返回消息体4
 实际obj返回消息体4
2021-03-09 10:42:00 INFO  ApiTestCaseModel:63 - 测试用例qs_V1_solve_solveDetail断言完毕！！
 返回消息体msg-----成功
2021-03-09 10:42:00 INFO  ApiTestCaseModel:66 - 测试用例qs_V1_solve_solveDetail断言完毕！！
 返回消息体code-----0
2021-03-09 10:42:00 INFO  ApiTestCaseModel:72 - 测试用例qs_V1_solve_solveDetail断言完毕！！
 期待obj返回消息体9
 实际obj返回消息体9
2021-03-09 10:42:01 INFO  ApiTestCaseModel:63 - 测试用例qs_V1_solve_askAndReplyList断言完毕！！
 返回消息体msg-----成功
2021-03-09 10:42:01 INFO  ApiTestCaseModel:66 - 测试用例qs_V1_solve_askAndReplyList断言完毕！！
 返回消息体code-----0
2021-03-09 10:42:01 INFO  ApiTestCaseModel:72 - 测试用例qs_V1_solve_askAndReplyList断言完毕！！
 期待obj返回消息体1
 实际obj返回消息体1
2021-03-09 10:42:01 INFO  ApiTestCaseModel:63 - 测试用例qs_V1_solve_saveAskQuestion断言完毕！！
 返回消息体msg-----成功
2021-03-09 10:42:01 INFO  ApiTestCaseModel:66 - 测试用例qs_V1_solve_saveAskQuestion断言完毕！！
 返回消息体code-----0
2021-03-09 10:42:01 INFO  ApiTestCaseModel:69 - 返回消息obj体中为空，无需断言
2021-03-09 10:42:01 INFO  ApiTestCaseModel:63 - 测试用例qs_V1_solve_saveAgainAskQuestion断言完毕！！
 返回消息体msg-----成功
2021-03-09 10:42:01 INFO  ApiTestCaseModel:66 - 测试用例qs_V1_solve_saveAgainAskQuestion断言完毕！！
 返回消息体code-----0
2021-03-09 10:42:01 INFO  ApiTestCaseModel:69 - 返回消息obj体中为空，无需断言
2021-03-09 10:42:01 INFO  ApiTestCaseModel:63 - 测试用例qs_V1_solve_getReplyExpireMsg断言完毕！！
 返回消息体msg-----成功
2021-03-09 10:42:01 INFO  ApiTestCaseModel:66 - 测试用例qs_V1_solve_getReplyExpireMsg断言完毕！！
 返回消息体code-----0
2021-03-09 10:42:01 INFO  ApiTestCaseModel:72 - 测试用例qs_V1_solve_getReplyExpireMsg断言完毕！！
 期待obj返回消息体1
 实际obj返回消息体1
2021-03-09 10:42:01 INFO  ApiTestCaseModel:63 - 测试用例qs_V1_solve_saveSolveDetail断言完毕！！
 返回消息体msg-----成功
2021-03-09 10:42:01 INFO  ApiTestCaseModel:66 - 测试用例qs_V1_solve_saveSolveDetail断言完毕！！
 返回消息体code-----0
2021-03-09 10:42:01 INFO  ApiTestCaseModel:69 - 返回消息obj体中为空，无需断言
2021-03-09 10:42:02 INFO  ApiTestCaseModel:63 - 测试用例qs_V1_solve_myAnswerList断言完毕！！
 返回消息体msg-----成功
2021-03-09 10:42:02 INFO  ApiTestCaseModel:66 - 测试用例qs_V1_solve_myAnswerList断言完毕！！
 返回消息体code-----0
2021-03-09 10:42:02 INFO  ApiTestCaseModel:72 - 测试用例qs_V1_solve_myAnswerList断言完毕！！
 期待obj返回消息体5
 实际obj返回消息体5
2021-03-09 10:42:02 INFO  ApiTestCaseModel:63 - 测试用例qs_V1_solve_cancelSolve断言完毕！！
 返回消息体msg-----成功
2021-03-09 10:42:02 INFO  ApiTestCaseModel:66 - 测试用例qs_V1_solve_cancelSolve断言完毕！！
 返回消息体code-----0
2021-03-09 10:42:02 INFO  ApiTestCaseModel:72 - 测试用例qs_V1_solve_cancelSolve断言完毕！！
 期待obj返回消息体1
 实际obj返回消息体1
2021-03-09 10:42:02 INFO  ApiTestCaseModel:63 - 测试用例qs_V1_solve_leftAskNum断言完毕！！
 返回消息体msg-----成功
2021-03-09 10:42:02 INFO  ApiTestCaseModel:66 - 测试用例qs_V1_solve_leftAskNum断言完毕！！
 返回消息体code-----0
2021-03-09 10:42:02 INFO  ApiTestCaseModel:72 - 测试用例qs_V1_solve_leftAskNum断言完毕！！
 期待obj返回消息体3
 实际obj返回消息体3
2021-03-09 10:42:03 INFO  ApiTestCaseModel:63 - 测试用例qs_V1_curriculum_dayList断言完毕！！
 返回消息体msg-----成功
2021-03-09 10:42:03 INFO  ApiTestCaseModel:66 - 测试用例qs_V1_curriculum_dayList断言完毕！！
 返回消息体code-----0
2021-03-09 10:42:03 INFO  ApiTestCaseModel:72 - 测试用例qs_V1_curriculum_dayList断言完毕！！
 期待obj返回消息体1
 实际obj返回消息体1
2021-03-09 10:42:03 INFO  ApiTestCaseModel:63 - 测试用例qs_V1_shop_prizeExchange断言完毕！！
 返回消息体msg-----成功
2021-03-09 10:42:03 INFO  ApiTestCaseModel:66 - 测试用例qs_V1_shop_prizeExchange断言完毕！！
 返回消息体code-----0
2021-03-09 10:42:03 INFO  ApiTestCaseModel:72 - 测试用例qs_V1_shop_prizeExchange断言完毕！！
 期待obj返回消息体1
 实际obj返回消息体1
2021-03-09 10:42:03 INFO  ApiTestCaseModel:63 - 测试用例qs_V1_shop_index断言完毕！！
 返回消息体msg-----成功
2021-03-09 10:42:03 INFO  ApiTestCaseModel:66 - 测试用例qs_V1_shop_index断言完毕！！
 返回消息体code-----0
2021-03-09 10:42:03 INFO  ApiTestCaseModel:72 - 测试用例qs_V1_shop_index断言完毕！！
 期待obj返回消息体4
 实际obj返回消息体4
2021-03-09 10:42:04 INFO  ApiTestCaseModel:63 - 测试用例qs_V1_activation_completeActivation断言完毕！！
 返回消息体msg-----成功
2021-03-09 10:42:04 INFO  ApiTestCaseModel:66 - 测试用例qs_V1_activation_completeActivation断言完毕！！
 返回消息体code-----0
2021-03-09 10:42:04 INFO  ApiTestCaseModel:72 - 测试用例qs_V1_activation_completeActivation断言完毕！！
 期待obj返回消息体1
 实际obj返回消息体1
2021-03-09 10:42:04 INFO  ApiTestCaseModel:63 - 测试用例qs_V1_activation_questionsAndAnswers断言完毕！！
 返回消息体msg-----成功
2021-03-09 10:42:04 INFO  ApiTestCaseModel:66 - 测试用例qs_V1_activation_questionsAndAnswers断言完毕！！
 返回消息体code-----0
2021-03-09 10:42:04 INFO  ApiTestCaseModel:72 - 测试用例qs_V1_activation_questionsAndAnswers断言完毕！！
 期待obj返回消息体3
 实际obj返回消息体3
2021-03-09 10:42:05 INFO  ApiTestCaseModel:63 - 测试用例qs_V1_activation_shareLearnPlan断言完毕！！
 返回消息体msg-----成功
2021-03-09 10:42:05 INFO  ApiTestCaseModel:66 - 测试用例qs_V1_activation_shareLearnPlan断言完毕！！
 返回消息体code-----0
2021-03-09 10:42:05 INFO  ApiTestCaseModel:63 - 测试用例qs_V1_activation_normalMode断言完毕！！
 返回消息体msg-----成功
2021-03-09 10:42:05 INFO  ApiTestCaseModel:66 - 测试用例qs_V1_activation_normalMode断言完毕！！
 返回消息体code-----0
2021-03-09 10:42:05 INFO  ApiTestCaseModel:72 - 测试用例qs_V1_activation_normalMode断言完毕！！
 期待obj返回消息体1
 实际obj返回消息体1
2021-03-09 10:42:06 INFO  ApiTestCaseModel:63 - 测试用例qs_V1_activation_submitQues断言完毕！！
 返回消息体msg-----成功
2021-03-09 10:42:06 INFO  ApiTestCaseModel:66 - 测试用例qs_V1_activation_submitQues断言完毕！！
 返回消息体code-----0
2021-03-09 10:42:06 INFO  ApiTestCaseModel:72 - 测试用例qs_V1_activation_submitQues断言完毕！！
 期待obj返回消息体4
 实际obj返回消息体4
2021-03-09 10:42:06 INFO  ApiTestCaseModel:63 - 测试用例qs_V1_activation_renewActivation断言完毕！！
 返回消息体msg-----成功
2021-03-09 10:42:06 INFO  ApiTestCaseModel:66 - 测试用例qs_V1_activation_renewActivation断言完毕！！
 返回消息体code-----0
2021-03-09 10:42:06 INFO  ApiTestCaseModel:72 - 测试用例qs_V1_activation_renewActivation断言完毕！！
 期待obj返回消息体0
 实际obj返回消息体0
2021-03-09 10:42:06 INFO  ApiTestCaseModel:63 - 测试用例qs_V1_activation_cancelQues断言完毕！！
 返回消息体msg-----成功
2021-03-09 10:42:06 INFO  ApiTestCaseModel:66 - 测试用例qs_V1_activation_cancelQues断言完毕！！
 返回消息体code-----0
2021-03-09 10:42:06 INFO  ApiTestCaseModel:72 - 测试用例qs_V1_activation_cancelQues断言完毕！！
 期待obj返回消息体0
 实际obj返回消息体0
2021-03-09 10:42:06 INFO  ApiTestCaseModel:63 - 测试用例qs_V1_knowledgePoint_syncKpVoiceRecord断言完毕！！
 返回消息体msg-----成功
2021-03-09 10:42:06 INFO  ApiTestCaseModel:66 - 测试用例qs_V1_knowledgePoint_syncKpVoiceRecord断言完毕！！
 返回消息体code-----0
2021-03-09 10:42:06 INFO  ApiTestCaseModel:69 - 返回消息obj体中为空，无需断言
2021-03-09 10:42:06 INFO  ApiTestCaseModel:63 - 测试用例qs_V1_knowledgePoint_selfModeKpList断言完毕！！
 返回消息体msg-----成功
2021-03-09 10:42:06 INFO  ApiTestCaseModel:66 - 测试用例qs_V1_knowledgePoint_selfModeKpList断言完毕！！
 返回消息体code-----0
2021-03-09 10:42:06 INFO  ApiTestCaseModel:72 - 测试用例qs_V1_knowledgePoint_selfModeKpList断言完毕！！
 期待obj返回消息体1
 实际obj返回消息体1
2021-03-09 10:42:07 INFO  ApiTestCaseModel:63 - 测试用例qs_V1_knowledgePoint_unlockKpList断言完毕！！
 返回消息体msg-----成功
2021-03-09 10:42:07 INFO  ApiTestCaseModel:66 - 测试用例qs_V1_knowledgePoint_unlockKpList断言完毕！！
 返回消息体code-----0
2021-03-09 10:42:07 INFO  ApiTestCaseModel:72 - 测试用例qs_V1_knowledgePoint_unlockKpList断言完毕！！
 期待obj返回消息体3
 实际obj返回消息体3
2021-03-09 10:42:07 INFO  ApiTestCaseModel:63 - 测试用例qs_V1_knowledgePoint_selfModeChooseKp断言完毕！！
 返回消息体msg-----成功
2021-03-09 10:42:07 INFO  ApiTestCaseModel:66 - 测试用例qs_V1_knowledgePoint_selfModeChooseKp断言完毕！！
 返回消息体code-----0
2021-03-09 10:42:07 INFO  ApiTestCaseModel:69 - 返回消息obj体中为空，无需断言
2021-03-09 10:42:07 INFO  ApiTestCaseModel:63 - 测试用例qs_V1_knowledgePoint_genKpListByMode断言完毕！！
 返回消息体msg-----成功
2021-03-09 10:42:07 INFO  ApiTestCaseModel:66 - 测试用例qs_V1_knowledgePoint_genKpListByMode断言完毕！！
 返回消息体code-----0
2021-03-09 10:42:07 INFO  ApiTestCaseModel:72 - 测试用例qs_V1_knowledgePoint_genKpListByMode断言完毕！！
 期待obj返回消息体1
 实际obj返回消息体1
2021-03-09 10:42:07 INFO  ApiTestCaseModel:63 - 测试用例qs_V1_knowledgePoint_kpDetailListByKpIds断言完毕！！
 返回消息体msg-----成功
2021-03-09 10:42:07 INFO  ApiTestCaseModel:66 - 测试用例qs_V1_knowledgePoint_kpDetailListByKpIds断言完毕！！
 返回消息体code-----0
2021-03-09 10:42:07 INFO  ApiTestCaseModel:72 - 测试用例qs_V1_knowledgePoint_kpDetailListByKpIds断言完毕！！
 期待obj返回消息体1
 实际obj返回消息体1
2021-03-09 10:42:07 INFO  ApiTestCaseModel:63 - 测试用例qs_V1_knowledgePoint_getKpVedioByKpId断言完毕！！
 返回消息体msg-----成功
2021-03-09 10:42:07 INFO  ApiTestCaseModel:66 - 测试用例qs_V1_knowledgePoint_getKpVedioByKpId断言完毕！！
 返回消息体code-----0
2021-03-09 10:42:07 INFO  ApiTestCaseModel:72 - 测试用例qs_V1_knowledgePoint_getKpVedioByKpId断言完毕！！
 期待obj返回消息体2
 实际obj返回消息体2
2021-03-09 10:42:08 INFO  ApiTestCaseModel:63 - 测试用例qs_V1_knowledgePoint_kpNoteByUserId断言完毕！！
 返回消息体msg-----成功
2021-03-09 10:42:08 INFO  ApiTestCaseModel:66 - 测试用例qs_V1_knowledgePoint_kpNoteByUserId断言完毕！！
 返回消息体code-----0
2021-03-09 10:42:08 INFO  ApiTestCaseModel:69 - 返回消息obj体中为空，无需断言
2021-03-09 10:42:08 INFO  ApiTestCaseModel:63 - 测试用例qs_V1_solveDetailCollection_collectionStatus断言完毕！！
 返回消息体msg-----成功
2021-03-09 10:42:08 INFO  ApiTestCaseModel:66 - 测试用例qs_V1_solveDetailCollection_collectionStatus断言完毕！！
 返回消息体code-----0
2021-03-09 10:42:08 INFO  ApiTestCaseModel:69 - 返回消息obj体中为空，无需断言
2021-03-09 10:42:08 INFO  ApiTestCaseModel:63 - 测试用例qs_V1_solveDetailCollection_collectionStatus断言完毕！！
 返回消息体msg-----成功
2021-03-09 10:42:08 INFO  ApiTestCaseModel:66 - 测试用例qs_V1_solveDetailCollection_collectionStatus断言完毕！！
 返回消息体code-----0
2021-03-09 10:42:08 INFO  ApiTestCaseModel:69 - 返回消息obj体中为空，无需断言
2021-03-09 10:42:08 INFO  ApiTestCaseModel:63 - 测试用例qs_V1_solveDetailCollection_myCollection断言完毕！！
 返回消息体msg-----成功
2021-03-09 10:42:08 INFO  ApiTestCaseModel:66 - 测试用例qs_V1_solveDetailCollection_myCollection断言完毕！！
 返回消息体code-----0
2021-03-09 10:42:08 INFO  ApiTestCaseModel:72 - 测试用例qs_V1_solveDetailCollection_myCollection断言完毕！！
 期待obj返回消息体5
 实际obj返回消息体5
2021-03-09 10:42:08 INFO  ApiTestCaseModel:63 - 测试用例qs_V1_task_index断言完毕！！
 返回消息体msg-----成功
2021-03-09 10:42:08 INFO  ApiTestCaseModel:66 - 测试用例qs_V1_task_index断言完毕！！
 返回消息体code-----0
2021-03-09 10:42:08 INFO  ApiTestCaseModel:72 - 测试用例qs_V1_task_index断言完毕！！
 期待obj返回消息体2
 实际obj返回消息体2
2021-03-09 10:42:08 INFO  ApiTestCaseModel:63 - 测试用例qs_V1_task_creditDetails断言完毕！！
 返回消息体msg-----成功
2021-03-09 10:42:08 INFO  ApiTestCaseModel:66 - 测试用例qs_V1_task_creditDetails断言完毕！！
 返回消息体code-----0
2021-03-09 10:42:08 INFO  ApiTestCaseModel:72 - 测试用例qs_V1_task_creditDetails断言完毕！！
 期待obj返回消息体5
 实际obj返回消息体5
2021-03-09 10:42:09 INFO  ApiTestCaseModel:63 - 测试用例qs_V1_class_index断言完毕！！
 返回消息体msg-----成功
2021-03-09 10:42:09 INFO  ApiTestCaseModel:66 - 测试用例qs_V1_class_index断言完毕！！
 返回消息体code-----0
2021-03-09 10:42:09 INFO  ApiTestCaseModel:72 - 测试用例qs_V1_class_index断言完毕！！
 期待obj返回消息体4
 实际obj返回消息体4
2021-03-09 10:42:09 INFO  ApiTestCaseModel:63 - 测试用例qs_V1_class_personData断言完毕！！
 返回消息体msg-----成功
2021-03-09 10:42:09 INFO  ApiTestCaseModel:66 - 测试用例qs_V1_class_personData断言完毕！！
 返回消息体code-----0
2021-03-09 10:42:09 INFO  ApiTestCaseModel:72 - 测试用例qs_V1_class_personData断言完毕！！
 期待obj返回消息体10
 实际obj返回消息体10
2021-03-09 10:42:10 INFO  ApiTestCaseModel:63 - 测试用例qs_V1_class_classDetail_classData断言完毕！！
 返回消息体msg-----成功
2021-03-09 10:42:10 INFO  ApiTestCaseModel:66 - 测试用例qs_V1_class_classDetail_classData断言完毕！！
 返回消息体code-----0
2021-03-09 10:42:10 INFO  ApiTestCaseModel:72 - 测试用例qs_V1_class_classDetail_classData断言完毕！！
 期待obj返回消息体5
 实际obj返回消息体5
2021-03-09 10:42:10 INFO  ApiTestCaseModel:63 - 测试用例qs_V1_class_classDetail_classReport断言完毕！！
 返回消息体msg-----成功
2021-03-09 10:42:10 INFO  ApiTestCaseModel:66 - 测试用例qs_V1_class_classDetail_classReport断言完毕！！
 返回消息体code-----0
2021-03-09 10:42:10 INFO  ApiTestCaseModel:72 - 测试用例qs_V1_class_classDetail_classReport断言完毕！！
 期待obj返回消息体8
 实际obj返回消息体8
2021-03-09 10:42:10 INFO  ApiTestCaseModel:63 - 测试用例qs_V1_class_classDetail_classRank断言完毕！！
 返回消息体msg-----成功
2021-03-09 10:42:10 INFO  ApiTestCaseModel:66 - 测试用例qs_V1_class_classDetail_classRank断言完毕！！
 返回消息体code-----0
2021-03-09 10:42:10 INFO  ApiTestCaseModel:72 - 测试用例qs_V1_class_classDetail_classRank断言完毕！！
 期待obj返回消息体1
 实际obj返回消息体1
2021-03-09 10:42:10 INFO  ApiTestCaseModel:63 - 测试用例qs_V1_class_encourage断言完毕！！
 返回消息体msg-----成功
2021-03-09 10:42:10 INFO  ApiTestCaseModel:66 - 测试用例qs_V1_class_encourage断言完毕！！
 返回消息体code-----0
2021-03-09 10:42:10 INFO  ApiTestCaseModel:69 - 返回消息obj体中为空，无需断言
2021-03-09 10:42:10 INFO  ApiTestCaseModel:63 - 测试用例qs_V1_exam_removeWrongQuesByUser断言完毕！！
 返回消息体msg-----成功
2021-03-09 10:42:11 INFO  ApiTestCaseModel:66 - 测试用例qs_V1_exam_removeWrongQuesByUser断言完毕！！
 返回消息体code-----0
2021-03-09 10:42:11 INFO  ApiTestCaseModel:72 - 测试用例qs_V1_exam_removeWrongQuesByUser断言完毕！！
 期待obj返回消息体1
 实际obj返回消息体1
2021-03-09 10:42:11 INFO  ApiTestCaseModel:63 - 测试用例qs_V1_exam_paperRecordList断言完毕！！
 返回消息体msg-----成功
2021-03-09 10:42:11 INFO  ApiTestCaseModel:66 - 测试用例qs_V1_exam_paperRecordList断言完毕！！
 返回消息体code-----0
2021-03-09 10:42:11 INFO  ApiTestCaseModel:72 - 测试用例qs_V1_exam_paperRecordList断言完毕！！
 期待obj返回消息体5
 实际obj返回消息体5
2021-03-09 10:42:11 INFO  ApiTestCaseModel:63 - 测试用例qs_V1_exam_wrongQuesByKp断言完毕！！
 返回消息体msg-----成功
2021-03-09 10:42:11 INFO  ApiTestCaseModel:66 - 测试用例qs_V1_exam_wrongQuesByKp断言完毕！！
 返回消息体code-----0
2021-03-09 10:42:11 INFO  ApiTestCaseModel:72 - 测试用例qs_V1_exam_wrongQuesByKp断言完毕！！
 期待obj返回消息体2
 实际obj返回消息体2
2021-03-09 10:42:12 INFO  ApiTestCaseModel:63 - 测试用例qs_V1_exam_smartGoToExam断言完毕！！
 返回消息体msg-----成功
2021-03-09 10:42:12 INFO  ApiTestCaseModel:66 - 测试用例qs_V1_exam_smartGoToExam断言完毕！！
 返回消息体code-----0
2021-03-09 10:42:12 INFO  ApiTestCaseModel:72 - 测试用例qs_V1_exam_smartGoToExam断言完毕！！
 期待obj返回消息体5
 实际obj返回消息体5
2021-03-09 10:42:12 INFO  ApiTestCaseModel:63 - 测试用例qs_V1_exam_cacheAnswer断言完毕！！
 返回消息体msg-----成功
2021-03-09 10:42:12 INFO  ApiTestCaseModel:66 - 测试用例qs_V1_exam_cacheAnswer断言完毕！！
 返回消息体code-----0
2021-03-09 10:42:12 INFO  ApiTestCaseModel:69 - 返回消息obj体中为空，无需断言
2021-03-09 10:42:12 INFO  ApiTestCaseModel:63 - 测试用例qs_V1_exam_correctionTypeList断言完毕！！
 返回消息体msg-----成功
2021-03-09 10:42:12 INFO  ApiTestCaseModel:66 - 测试用例qs_V1_exam_correctionTypeList断言完毕！！
 返回消息体code-----0
2021-03-09 10:42:12 INFO  ApiTestCaseModel:72 - 测试用例qs_V1_exam_correctionTypeList断言完毕！！
 期待obj返回消息体1
 实际obj返回消息体1
2021-03-09 10:42:12 INFO  ApiTestCaseModel:63 - 测试用例qs_V1_exam_subjectListByUserExtendId断言完毕！！
 返回消息体msg-----成功
2021-03-09 10:42:12 INFO  ApiTestCaseModel:66 - 测试用例qs_V1_exam_subjectListByUserExtendId断言完毕！！
 返回消息体code-----0
2021-03-09 10:42:12 INFO  ApiTestCaseModel:72 - 测试用例qs_V1_exam_subjectListByUserExtendId断言完毕！！
 期待obj返回消息体1
 实际obj返回消息体1
2021-03-09 10:42:12 INFO  ApiTestCaseModel:63 - 测试用例qs_V1_exam_getVideoPlayInfo断言完毕！！
 返回消息体msg-----成功
2021-03-09 10:42:12 INFO  ApiTestCaseModel:66 - 测试用例qs_V1_exam_getVideoPlayInfo断言完毕！！
 返回消息体code-----0
2021-03-09 10:42:12 INFO  ApiTestCaseModel:72 - 测试用例qs_V1_exam_getVideoPlayInfo断言完毕！！
 期待obj返回消息体4
 实际obj返回消息体4
2021-03-09 10:42:13 INFO  ApiTestCaseModel:63 - 测试用例qs_V1_exam_collectQues断言完毕！！
 返回消息体msg-----成功
2021-03-09 10:42:13 INFO  ApiTestCaseModel:66 - 测试用例qs_V1_exam_collectQues断言完毕！！
 返回消息体code-----0
2021-03-09 10:42:13 INFO  ApiTestCaseModel:69 - 返回消息obj体中为空，无需断言
2021-03-09 10:42:13 INFO  ApiTestCaseModel:63 - 测试用例qs_V1_exam_unCollectQues断言完毕！！
 返回消息体msg-----成功
2021-03-09 10:42:13 INFO  ApiTestCaseModel:66 - 测试用例qs_V1_exam_unCollectQues断言完毕！！
 返回消息体code-----0
2021-03-09 10:42:13 INFO  ApiTestCaseModel:69 - 返回消息obj体中为空，无需断言
2021-03-09 10:42:13 INFO  ApiTestCaseModel:63 - 测试用例qs_V1_exam_examIndex断言完毕！！
 返回消息体msg-----成功
2021-03-09 10:42:13 INFO  ApiTestCaseModel:66 - 测试用例qs_V1_exam_examIndex断言完毕！！
 返回消息体code-----0
2021-03-09 10:42:13 INFO  ApiTestCaseModel:72 - 测试用例qs_V1_exam_examIndex断言完毕！！
 期待obj返回消息体5
 实际obj返回消息体5
2021-03-09 10:42:14 INFO  ApiTestCaseModel:63 - 测试用例qs_V1_exam_smartExam断言完毕！！
 返回消息体msg-----成功
2021-03-09 10:42:14 INFO  ApiTestCaseModel:66 - 测试用例qs_V1_exam_smartExam断言完毕！！
 返回消息体code-----0
2021-03-09 10:42:14 INFO  ApiTestCaseModel:72 - 测试用例qs_V1_exam_smartExam断言完毕！！
 期待obj返回消息体3
 实际obj返回消息体3
2021-03-09 10:42:14 INFO  ApiTestCaseModel:63 - 测试用例qs_V1_exam_wrongQuesByQuesType断言完毕！！
 返回消息体msg-----成功
2021-03-09 10:42:14 INFO  ApiTestCaseModel:66 - 测试用例qs_V1_exam_wrongQuesByQuesType断言完毕！！
 返回消息体code-----0
2021-03-09 10:42:14 INFO  ApiTestCaseModel:72 - 测试用例qs_V1_exam_wrongQuesByQuesType断言完毕！！
 期待obj返回消息体2
 实际obj返回消息体2
2021-03-09 10:42:15 INFO  ApiTestCaseModel:63 - 测试用例qs_V1_exam_examAnalysis断言完毕！！
 返回消息体msg-----成功
2021-03-09 10:42:15 INFO  ApiTestCaseModel:66 - 测试用例qs_V1_exam_examAnalysis断言完毕！！
 返回消息体code-----0
2021-03-09 10:42:15 INFO  ApiTestCaseModel:72 - 测试用例qs_V1_exam_examAnalysis断言完毕！！
 期待obj返回消息体2
 实际obj返回消息体2
2021-03-09 10:42:16 INFO  ApiTestCaseModel:63 - 测试用例qs_V1_exam_wrongQuesDetail断言完毕！！
 返回消息体msg-----成功
2021-03-09 10:42:16 INFO  ApiTestCaseModel:66 - 测试用例qs_V1_exam_wrongQuesDetail断言完毕！！
 返回消息体code-----0
2021-03-09 10:42:16 INFO  ApiTestCaseModel:72 - 测试用例qs_V1_exam_wrongQuesDetail断言完毕！！
 期待obj返回消息体5
 实际obj返回消息体5
2021-03-09 10:42:16 INFO  ApiTestCaseModel:63 - 测试用例qs_V1_exam_recordView断言完毕！！
 返回消息体msg-----成功
2021-03-09 10:42:16 INFO  ApiTestCaseModel:66 - 测试用例qs_V1_exam_recordView断言完毕！！
 返回消息体code-----0
2021-03-09 10:42:16 INFO  ApiTestCaseModel:72 - 测试用例qs_V1_exam_recordView断言完毕！！
 期待obj返回消息体15
 实际obj返回消息体15
2021-03-09 10:42:16 INFO  ApiTestCaseModel:63 - 测试用例qs_V1_exam_collectQues断言完毕！！
 返回消息体msg-----成功
2021-03-09 10:42:16 INFO  ApiTestCaseModel:66 - 测试用例qs_V1_exam_collectQues断言完毕！！
 返回消息体code-----0
2021-03-09 10:42:16 INFO  ApiTestCaseModel:69 - 返回消息obj体中为空，无需断言
2021-03-09 10:42:17 INFO  ApiTestCaseModel:63 - 测试用例qs_V1_exam_unCollectQues断言完毕！！
 返回消息体msg-----成功
2021-03-09 10:42:17 INFO  ApiTestCaseModel:66 - 测试用例qs_V1_exam_unCollectQues断言完毕！！
 返回消息体code-----0
2021-03-09 10:42:17 INFO  ApiTestCaseModel:69 - 返回消息obj体中为空，无需断言
2021-03-09 10:42:17 INFO  ApiTestCaseModel:63 - 测试用例qs_V1_exam_goToExam断言完毕！！
 返回消息体msg-----成功
2021-03-09 10:42:17 INFO  ApiTestCaseModel:66 - 测试用例qs_V1_exam_goToExam断言完毕！！
 返回消息体code-----0
2021-03-09 10:42:17 INFO  ApiTestCaseModel:72 - 测试用例qs_V1_exam_goToExam断言完毕！！
 期待obj返回消息体5
 实际obj返回消息体5
2021-03-09 10:42:17 INFO  ApiTestCaseModel:63 - 测试用例qs_V1_exam_paperListByPaperType断言完毕！！
 返回消息体msg-----成功
2021-03-09 10:42:17 INFO  ApiTestCaseModel:66 - 测试用例qs_V1_exam_paperListByPaperType断言完毕！！
 返回消息体code-----0
2021-03-09 10:42:17 INFO  ApiTestCaseModel:72 - 测试用例qs_V1_exam_paperListByPaperType断言完毕！！
 期待obj返回消息体1
 实际obj返回消息体1
2021-03-09 10:42:18 INFO  ApiTestCaseModel:63 - 测试用例qs_V1_exam_questionInfo断言完毕！！
 返回消息体msg-----成功
2021-03-09 10:42:18 INFO  ApiTestCaseModel:66 - 测试用例qs_V1_exam_questionInfo断言完毕！！
 返回消息体code-----0
2021-03-09 10:42:18 INFO  ApiTestCaseModel:72 - 测试用例qs_V1_exam_questionInfo断言完毕！！
 期待obj返回消息体2
 实际obj返回消息体2
2021-03-09 10:42:18 INFO  ApiTestCaseModel:63 - 测试用例qs_V1_commentLable_commentLableList断言完毕！！
 返回消息体msg-----成功
2021-03-09 10:42:18 INFO  ApiTestCaseModel:66 - 测试用例qs_V1_commentLable_commentLableList断言完毕！！
 返回消息体code-----0
2021-03-09 10:42:18 INFO  ApiTestCaseModel:72 - 测试用例qs_V1_commentLable_commentLableList断言完毕！！
 期待obj返回消息体2
 实际obj返回消息体2
2021-03-09 10:42:18 INFO  ApiTestCaseModel:63 - 测试用例qs_V1_setting_learnProgress断言完毕！！
 返回消息体msg-----成功
2021-03-09 10:42:18 INFO  ApiTestCaseModel:66 - 测试用例qs_V1_setting_learnProgress断言完毕！！
 返回消息体code-----0
2021-03-09 10:42:18 INFO  ApiTestCaseModel:72 - 测试用例qs_V1_setting_learnProgress断言完毕！！
 期待obj返回消息体2
 实际obj返回消息体2
2021-03-09 10:42:18 INFO  ApiTestCaseModel:63 - 测试用例qs_V1_setting_learnPlanSwitch断言完毕！！
 返回消息体msg-----成功
2021-03-09 10:42:18 INFO  ApiTestCaseModel:66 - 测试用例qs_V1_setting_learnPlanSwitch断言完毕！！
 返回消息体code-----0
2021-03-09 10:42:18 INFO  ApiTestCaseModel:72 - 测试用例qs_V1_setting_learnPlanSwitch断言完毕！！
 期待obj返回消息体2
 实际obj返回消息体2
2021-03-09 10:42:18 INFO  ApiTestCaseModel:63 - 测试用例qs_V1_setting_switchTeacher断言完毕！！
 返回消息体msg-----成功
2021-03-09 10:42:18 INFO  ApiTestCaseModel:66 - 测试用例qs_V1_setting_switchTeacher断言完毕！！
 返回消息体code-----0
2021-03-09 10:42:18 INFO  ApiTestCaseModel:72 - 测试用例qs_V1_setting_switchTeacher断言完毕！！
 期待obj返回消息体1
 实际obj返回消息体1
2021-03-09 10:42:19 INFO  ApiTestCaseModel:63 - 测试用例qs_V1_setting_classSwitch断言完毕！！
 返回消息体msg-----成功
2021-03-09 10:42:19 INFO  ApiTestCaseModel:66 - 测试用例qs_V1_setting_classSwitch断言完毕！！
 返回消息体code-----0
2021-03-09 10:42:19 INFO  ApiTestCaseModel:72 - 测试用例qs_V1_setting_classSwitch断言完毕！！
 期待obj返回消息体1
 实际obj返回消息体1
2021-03-09 10:42:19 INFO  ApiTestCaseModel:63 - 测试用例qs_V1_setting_learnPlanSwitchSubmit断言完毕！！
 返回消息体msg-----成功
2021-03-09 10:42:19 INFO  ApiTestCaseModel:66 - 测试用例qs_V1_setting_learnPlanSwitchSubmit断言完毕！！
 返回消息体code-----0
2021-03-09 10:42:19 INFO  ApiTestCaseModel:69 - 返回消息obj体中为空，无需断言
2021-03-09 10:42:20 INFO  ApiTestCaseModel:63 - 测试用例qs_V1_setting_learnTime断言完毕！！
 返回消息体msg-----成功
2021-03-09 10:42:20 INFO  ApiTestCaseModel:66 - 测试用例qs_V1_setting_learnTime断言完毕！！
 返回消息体code-----0
2021-03-09 10:42:20 INFO  ApiTestCaseModel:72 - 测试用例qs_V1_setting_learnTime断言完毕！！
 期待obj返回消息体3
 实际obj返回消息体3
2021-03-09 10:42:20 INFO  ApiTestCaseModel:63 - 测试用例qs_V1_setting_learnCycleSubmit断言完毕！！
 返回消息体msg-----成功
2021-03-09 10:42:20 INFO  ApiTestCaseModel:66 - 测试用例qs_V1_setting_learnCycleSubmit断言完毕！！
 返回消息体code-----0
2021-03-09 10:42:20 INFO  ApiTestCaseModel:69 - 返回消息obj体中为空，无需断言
2021-03-09 10:42:20 INFO  ApiTestCaseModel:63 - 测试用例qs_V1_setting_learnMethodSubmit断言完毕！！
 返回消息体msg-----成功
2021-03-09 10:42:20 INFO  ApiTestCaseModel:66 - 测试用例qs_V1_setting_learnMethodSubmit断言完毕！！
 返回消息体code-----0
2021-03-09 10:42:20 INFO  ApiTestCaseModel:69 - 返回消息obj体中为空，无需断言
2021-03-09 10:42:21 INFO  ApiTestCaseModel:63 - 测试用例qs_V1_setting_restCycleSubmit断言完毕！！
 返回消息体msg-----成功
2021-03-09 10:42:21 INFO  ApiTestCaseModel:66 - 测试用例qs_V1_setting_restCycleSubmit断言完毕！！
 返回消息体code-----0
2021-03-09 10:42:21 INFO  ApiTestCaseModel:69 - 返回消息obj体中为空，无需断言
2021-03-09 10:42:21 INFO  ApiTestCaseModel:63 - 测试用例qs_V1_setting_learnMethod断言完毕！！
 返回消息体msg-----成功
2021-03-09 10:42:21 INFO  ApiTestCaseModel:66 - 测试用例qs_V1_setting_learnMethod断言完毕！！
 返回消息体code-----0
2021-03-09 10:42:21 INFO  ApiTestCaseModel:72 - 测试用例qs_V1_setting_learnMethod断言完毕！！
 期待obj返回消息体3
 实际obj返回消息体3
2021-03-09 10:42:21 INFO  ApiTestCaseModel:63 - 测试用例qs_V1_setting_index断言完毕！！
 返回消息体msg-----成功
2021-03-09 10:42:21 INFO  ApiTestCaseModel:66 - 测试用例qs_V1_setting_index断言完毕！！
 返回消息体code-----0
2021-03-09 10:42:21 INFO  ApiTestCaseModel:72 - 测试用例qs_V1_setting_index断言完毕！！
 期待obj返回消息体2
 实际obj返回消息体2
2021-03-09 10:42:21 INFO  ApiTestCaseModel:63 - 测试用例qs_V1_setting_autoCache断言完毕！！
 返回消息体msg-----成功
2021-03-09 10:42:21 INFO  ApiTestCaseModel:66 - 测试用例qs_V1_setting_autoCache断言完毕！！
 返回消息体code-----0
2021-03-09 10:42:21 INFO  ApiTestCaseModel:72 - 测试用例qs_V1_setting_autoCache断言完毕！！
 期待obj返回消息体1
 实际obj返回消息体1
2021-03-09 10:42:22 INFO  ApiTestCaseModel:63 - 测试用例qs_V1_setting_switchTeacherSubmit断言完毕！！
 返回消息体msg-----成功
2021-03-09 10:42:22 INFO  ApiTestCaseModel:66 - 测试用例qs_V1_setting_switchTeacherSubmit断言完毕！！
 返回消息体code-----0
2021-03-09 10:42:22 INFO  ApiTestCaseModel:69 - 返回消息obj体中为空，无需断言
2021-03-09 10:42:22 INFO  ApiTestCaseModel:63 - 测试用例qs_V1_setting_classSwitchSubmit断言完毕！！
 返回消息体msg-----成功
2021-03-09 10:42:22 INFO  ApiTestCaseModel:66 - 测试用例qs_V1_setting_classSwitchSubmit断言完毕！！
 返回消息体code-----0
2021-03-09 10:42:22 INFO  ApiTestCaseModel:69 - 返回消息obj体中为空，无需断言
2021-03-09 10:42:22 INFO  ApiTestCaseModel:63 - 测试用例qs_V1_setting_learnProgressSubmit断言完毕！！
 返回消息体msg-----成功
2021-03-09 10:42:22 INFO  ApiTestCaseModel:66 - 测试用例qs_V1_setting_learnProgressSubmit断言完毕！！
 返回消息体code-----0
2021-03-09 10:42:22 INFO  ApiTestCaseModel:69 - 返回消息obj体中为空，无需断言
2021-03-09 10:42:23 INFO  ApiTestCaseModel:63 - 测试用例qs_V1_replyComment_getCommentView断言完毕！！
 返回消息体msg-----成功
2021-03-09 10:42:23 INFO  ApiTestCaseModel:66 - 测试用例qs_V1_replyComment_getCommentView断言完毕！！
 返回消息体code-----0
2021-03-09 10:42:23 INFO  ApiTestCaseModel:72 - 测试用例qs_V1_replyComment_getCommentView断言完毕！！
 期待obj返回消息体4
 实际obj返回消息体4
2021-03-09 10:42:23 INFO  ApiTestCaseModel:63 - 测试用例qs_V1_replyComment_submitComment断言完毕！！
 返回消息体msg-----成功
2021-03-09 10:42:23 INFO  ApiTestCaseModel:66 - 测试用例qs_V1_replyComment_submitComment断言完毕！！
 返回消息体code-----0
2021-03-09 10:42:23 INFO  ApiTestCaseModel:69 - 返回消息obj体中为空，无需断言
2021-03-09 10:42:23 INFO  ApiTestCaseModel:63 - 测试用例qs_V2_study_startStudyQues断言完毕！！
 返回消息体msg-----成功
2021-03-09 10:42:23 INFO  ApiTestCaseModel:66 - 测试用例qs_V2_study_startStudyQues断言完毕！！
 返回消息体code-----0
2021-03-09 10:42:23 INFO  ApiTestCaseModel:72 - 测试用例qs_V2_study_startStudyQues断言完毕！！
 期待obj返回消息体2
 实际obj返回消息体2
2021-03-09 10:42:23 INFO  ApiTestCaseModel:63 - 测试用例qs_V2_course_courseByLectureId断言完毕！！
 返回消息体msg-----成功
2021-03-09 10:42:23 INFO  ApiTestCaseModel:66 - 测试用例qs_V2_course_courseByLectureId断言完毕！！
 返回消息体code-----0
2021-03-09 10:42:23 INFO  ApiTestCaseModel:72 - 测试用例qs_V2_course_courseByLectureId断言完毕！！
 期待obj返回消息体7
 实际obj返回消息体7
2021-03-09 10:42:23 INFO  ApiTestCaseModel:63 - 测试用例qs_V2_activation_submitQues断言完毕！！
 返回消息体msg-----成功
2021-03-09 10:42:23 INFO  ApiTestCaseModel:66 - 测试用例qs_V2_activation_submitQues断言完毕！！
 返回消息体code-----0
2021-03-09 10:42:23 INFO  ApiTestCaseModel:72 - 测试用例qs_V2_activation_submitQues断言完毕！！
 期待obj返回消息体4
 实际obj返回消息体4
2021-03-09 10:42:24 INFO  ApiTestCaseModel:63 - 测试用例qs_V2_activation_questionsAndAnswers断言完毕！！
 返回消息体msg-----成功
2021-03-09 10:42:24 INFO  ApiTestCaseModel:66 - 测试用例qs_V2_activation_questionsAndAnswers断言完毕！！
 返回消息体code-----0
2021-03-09 10:42:24 INFO  ApiTestCaseModel:72 - 测试用例qs_V2_activation_questionsAndAnswers断言完毕！！
 期待obj返回消息体3
 实际obj返回消息体3
2021-03-09 10:42:24 INFO  ApiTestCaseModel:63 - 测试用例qs_V2_knowledgePoint_unlockKpList断言完毕！！
 返回消息体msg-----成功
2021-03-09 10:42:24 INFO  ApiTestCaseModel:66 - 测试用例qs_V2_knowledgePoint_unlockKpList断言完毕！！
 返回消息体code-----0
2021-03-09 10:42:24 INFO  ApiTestCaseModel:72 - 测试用例qs_V2_knowledgePoint_unlockKpList断言完毕！！
 期待obj返回消息体3
 实际obj返回消息体3
2021-03-09 10:42:24 INFO  ApiTestCaseModel:63 - 测试用例qs_V2_knowledgePoint_kpDetailListByKpIds断言完毕！！
 返回消息体msg-----成功
2021-03-09 10:42:24 INFO  ApiTestCaseModel:66 - 测试用例qs_V2_knowledgePoint_kpDetailListByKpIds断言完毕！！
 返回消息体code-----0
2021-03-09 10:42:24 INFO  ApiTestCaseModel:72 - 测试用例qs_V2_knowledgePoint_kpDetailListByKpIds断言完毕！！
 期待obj返回消息体1
 实际obj返回消息体1
2021-03-09 10:42:25 INFO  ApiTestCaseModel:63 - 测试用例qs_V2_class_index断言完毕！！
 返回消息体msg-----成功
2021-03-09 10:42:25 INFO  ApiTestCaseModel:66 - 测试用例qs_V2_class_index断言完毕！！
 返回消息体code-----0
2021-03-09 10:42:25 INFO  ApiTestCaseModel:72 - 测试用例qs_V2_class_index断言完毕！！
 期待obj返回消息体4
 实际obj返回消息体4
2021-03-09 10:42:25 INFO  ApiTestCaseModel:63 - 测试用例qs_V2_exam_recordView断言完毕！！
 返回消息体msg-----成功
2021-03-09 10:42:25 INFO  ApiTestCaseModel:66 - 测试用例qs_V2_exam_recordView断言完毕！！
 返回消息体code-----0
2021-03-09 10:42:25 INFO  ApiTestCaseModel:72 - 测试用例qs_V2_exam_recordView断言完毕！！
 期待obj返回消息体15
 实际obj返回消息体15
2021-03-09 10:42:25 INFO  ApiTestCaseModel:63 - 测试用例qs_V2_exam_goToExam断言完毕！！
 返回消息体msg-----成功
2021-03-09 10:42:25 INFO  ApiTestCaseModel:66 - 测试用例qs_V2_exam_goToExam断言完毕！！
 返回消息体code-----0
2021-03-09 10:42:25 INFO  ApiTestCaseModel:72 - 测试用例qs_V2_exam_goToExam断言完毕！！
 期待obj返回消息体5
 实际obj返回消息体5
2021-03-09 10:42:25 INFO  ApiTestCaseModel:63 - 测试用例qs_V2_setting_switchTeacher断言完毕！！
 返回消息体msg-----成功
2021-03-09 10:42:25 INFO  ApiTestCaseModel:66 - 测试用例qs_V2_setting_switchTeacher断言完毕！！
 返回消息体code-----0
2021-03-09 10:42:26 INFO  ApiTestCaseModel:72 - 测试用例qs_V2_setting_switchTeacher断言完毕！！
 期待obj返回消息体1
 实际obj返回消息体1
2021-03-09 10:42:26 INFO  ApiTestCaseModel:63 - 测试用例qs_V3_study_updateStudyStatusAndChatRecord断言完毕！！
 返回消息体msg-----成功
2021-03-09 10:42:26 INFO  ApiTestCaseModel:66 - 测试用例qs_V3_study_updateStudyStatusAndChatRecord断言完毕！！
 返回消息体code-----0
2021-03-09 10:42:26 INFO  ApiTestCaseModel:72 - 测试用例qs_V3_study_updateStudyStatusAndChatRecord断言完毕！！
 期待obj返回消息体0
 实际obj返回消息体0
2021-03-09 10:42:26 INFO  ApiTestCaseModel:63 - 测试用例qs_V3_study_startStudyQues断言完毕！！
 返回消息体msg-----成功
2021-03-09 10:42:26 INFO  ApiTestCaseModel:66 - 测试用例qs_V3_study_startStudyQues断言完毕！！
 返回消息体code-----0
2021-03-09 10:42:26 INFO  ApiTestCaseModel:72 - 测试用例qs_V3_study_startStudyQues断言完毕！！
 期待obj返回消息体2
 实际obj返回消息体2
2021-03-09 10:42:26 INFO  ApiTestCaseModel:63 - 测试用例qs_V3_study_startStudyAnswer断言完毕！！
 返回消息体msg-----成功
2021-03-09 10:42:26 INFO  ApiTestCaseModel:66 - 测试用例qs_V3_study_startStudyAnswer断言完毕！！
 返回消息体code-----0
2021-03-09 10:42:26 INFO  ApiTestCaseModel:72 - 测试用例qs_V3_study_startStudyAnswer断言完毕！！
 期待obj返回消息体2
 实际obj返回消息体2
2021-03-09 10:42:26 INFO  ApiTestCaseModel:63 - 测试用例qs_V3_study_index断言完毕！！
 返回消息体msg-----成功
2021-03-09 10:42:26 INFO  ApiTestCaseModel:66 - 测试用例qs_V3_study_index断言完毕！！
 返回消息体code-----0
2021-03-09 10:42:26 INFO  ApiTestCaseModel:72 - 测试用例qs_V3_study_index断言完毕！！
 期待obj返回消息体3
 实际obj返回消息体3
2021-03-09 10:42:26 INFO  ApiTestCaseModel:63 - 测试用例qs_V3_curriculum_classSchedule断言完毕！！
 返回消息体msg-----成功
2021-03-09 10:42:26 INFO  ApiTestCaseModel:66 - 测试用例qs_V3_curriculum_classSchedule断言完毕！！
 返回消息体code-----0
2021-03-09 10:42:26 INFO  ApiTestCaseModel:69 - 返回消息obj体中为空，无需断言
2021-03-09 10:42:27 INFO  ApiTestCaseModel:63 - 测试用例qs_V3_curriculum_dayList断言完毕！！
 返回消息体msg-----成功
2021-03-09 10:42:27 INFO  ApiTestCaseModel:66 - 测试用例qs_V3_curriculum_dayList断言完毕！！
 返回消息体code-----0
2021-03-09 10:42:27 INFO  ApiTestCaseModel:72 - 测试用例qs_V3_curriculum_dayList断言完毕！！
 期待obj返回消息体1
 实际obj返回消息体1
2021-03-09 10:42:27 INFO  ApiTestCaseModel:63 - 测试用例qs_V3_marketingMessage_getMarketingMessageDetail断言完毕！！
 返回消息体msg-----成功
2021-03-09 10:42:27 INFO  ApiTestCaseModel:66 - 测试用例qs_V3_marketingMessage_getMarketingMessageDetail断言完毕！！
 返回消息体code-----0
2021-03-09 10:42:27 INFO  ApiTestCaseModel:72 - 测试用例qs_V3_marketingMessage_getMarketingMessageDetail断言完毕！！
 期待obj返回消息体3
 实际obj返回消息体3
2021-03-09 10:42:27 INFO  ApiTestCaseModel:63 - 测试用例qs_V3_shop_redeemNow断言完毕！！
 返回消息体msg-----成功
2021-03-09 10:42:27 INFO  ApiTestCaseModel:66 - 测试用例qs_V3_shop_redeemNow断言完毕！！
 返回消息体code-----0
2021-03-09 10:42:27 INFO  ApiTestCaseModel:72 - 测试用例qs_V3_shop_redeemNow断言完毕！！
 期待obj返回消息体5
 实际obj返回消息体5
2021-03-09 10:42:27 INFO  ApiTestCaseModel:63 - 测试用例qs_V3_shop_index断言完毕！！
 返回消息体msg-----成功
2021-03-09 10:42:27 INFO  ApiTestCaseModel:66 - 测试用例qs_V3_shop_index断言完毕！！
 返回消息体code-----0
2021-03-09 10:42:27 INFO  ApiTestCaseModel:72 - 测试用例qs_V3_shop_index断言完毕！！
 期待obj返回消息体6
 实际obj返回消息体6
2021-03-09 10:42:28 INFO  ApiTestCaseModel:63 - 测试用例qs_V3_shop_redeemRecords断言完毕！！
 返回消息体msg-----成功
2021-03-09 10:42:28 INFO  ApiTestCaseModel:66 - 测试用例qs_V3_shop_redeemRecords断言完毕！！
 返回消息体code-----0
2021-03-09 10:42:28 INFO  ApiTestCaseModel:63 - 测试用例qs_V3_shop_confirmRedemption断言完毕！！
 返回消息体msg-----成功
2021-03-09 10:42:28 INFO  ApiTestCaseModel:66 - 测试用例qs_V3_shop_confirmRedemption断言完毕！！
 返回消息体code-----0
2021-03-09 10:42:28 INFO  ApiTestCaseModel:72 - 测试用例qs_V3_shop_confirmRedemption断言完毕！！
 期待obj返回消息体3
 实际obj返回消息体3
2021-03-09 10:42:28 INFO  ApiTestCaseModel:63 - 测试用例qs_V3_chatRecord_chatRecordList断言完毕！！
 返回消息体msg-----成功
2021-03-09 10:42:28 INFO  ApiTestCaseModel:66 - 测试用例qs_V3_chatRecord_chatRecordList断言完毕！！
 返回消息体code-----0
2021-03-09 10:42:28 INFO  ApiTestCaseModel:72 - 测试用例qs_V3_chatRecord_chatRecordList断言完毕！！
 期待obj返回消息体5
 实际obj返回消息体5
2021-03-09 10:42:29 INFO  ApiTestCaseModel:63 - 测试用例qs_V3_task_voucherData断言完毕！！
 返回消息体msg-----成功
2021-03-09 10:42:29 INFO  ApiTestCaseModel:66 - 测试用例qs_V3_task_voucherData断言完毕！！
 返回消息体code-----0
2021-03-09 10:42:29 INFO  ApiTestCaseModel:72 - 测试用例qs_V3_task_voucherData断言完毕！！
 期待obj返回消息体6
 实际obj返回消息体6
2021-03-09 10:42:29 INFO  ApiTestCaseModel:63 - 测试用例qs_V3_task_creditData断言完毕！！
 返回消息体msg-----成功
2021-03-09 10:42:29 INFO  ApiTestCaseModel:66 - 测试用例qs_V3_task_creditData断言完毕！！
 返回消息体code-----0
2021-03-09 10:42:29 INFO  ApiTestCaseModel:72 - 测试用例qs_V3_task_creditData断言完毕！！
 期待obj返回消息体6
 实际obj返回消息体6
2021-03-09 10:42:29 INFO  ApiTestCaseModel:63 - 测试用例qs_V3_class_classDetail_classData断言完毕！！
 返回消息体msg-----成功
2021-03-09 10:42:29 INFO  ApiTestCaseModel:66 - 测试用例qs_V3_class_classDetail_classData断言完毕！！
 返回消息体code-----0
2021-03-09 10:42:29 INFO  ApiTestCaseModel:72 - 测试用例qs_V3_class_classDetail_classData断言完毕！！
 期待obj返回消息体5
 实际obj返回消息体5
2021-03-09 10:42:29 INFO  ApiTestCaseModel:63 - 测试用例qs_V3_setting_renewActive断言完毕！！
 返回消息体msg-----成功
2021-03-09 10:42:29 INFO  ApiTestCaseModel:66 - 测试用例qs_V3_setting_renewActive断言完毕！！
 返回消息体code-----0
2021-03-09 12:33:07 INFO  ApiTestCaseModel:63 - 测试用例qs_V1_study_startStudyQues断言完毕！！
 返回消息体msg-----成功
2021-03-09 12:33:07 INFO  ApiTestCaseModel:66 - 测试用例qs_V1_study_startStudyQues断言完毕！！
 返回消息体code-----0
2021-03-09 12:33:07 INFO  ApiTestCaseModel:72 - 测试用例qs_V1_study_startStudyQues断言完毕！！
 期待obj返回消息体1
 实际obj返回消息体1
2021-03-09 12:33:07 INFO  ApiTestCaseModel:63 - 测试用例qs_V1_study_index断言完毕！！
 返回消息体msg-----成功
2021-03-09 12:33:07 INFO  ApiTestCaseModel:66 - 测试用例qs_V1_study_index断言完毕！！
 返回消息体code-----0
2021-03-09 12:33:07 INFO  ApiTestCaseModel:72 - 测试用例qs_V1_study_index断言完毕！！
 期待obj返回消息体3
 实际obj返回消息体3
2021-03-09 12:33:08 INFO  ApiTestCaseModel:63 - 测试用例qs_V1_study_getTodayLecture断言完毕！！
 返回消息体msg-----成功
2021-03-09 12:33:08 INFO  ApiTestCaseModel:66 - 测试用例qs_V1_study_getTodayLecture断言完毕！！
 返回消息体code-----0
2021-03-09 12:33:08 INFO  ApiTestCaseModel:72 - 测试用例qs_V1_study_getTodayLecture断言完毕！！
 期待obj返回消息体1
 实际obj返回消息体1
2021-03-09 12:33:08 INFO  ApiTestCaseModel:63 - 测试用例qs_V1_study_systemStatus断言完毕！！
 返回消息体msg-----成功
2021-03-09 12:33:08 INFO  ApiTestCaseModel:66 - 测试用例qs_V1_study_systemStatus断言完毕！！
 返回消息体code-----0
2021-03-09 12:33:08 INFO  ApiTestCaseModel:72 - 测试用例qs_V1_study_systemStatus断言完毕！！
 期待obj返回消息体9
 实际obj返回消息体9
2021-03-09 14:07:04 INFO  ApiTestCaseModel:63 - 测试用例qs_V1_study_startStudyQues断言完毕！！
 返回消息体msg-----成功
2021-03-09 14:07:04 INFO  ApiTestCaseModel:66 - 测试用例qs_V1_study_startStudyQues断言完毕！！
 返回消息体code-----0
2021-03-09 14:07:04 INFO  ApiTestCaseModel:72 - 测试用例qs_V1_study_startStudyQues断言完毕！！
 期待obj返回消息体1
 实际obj返回消息体1
2021-03-09 14:07:05 INFO  ApiTestCaseModel:63 - 测试用例qs_V1_study_index断言完毕！！
 返回消息体msg-----成功
2021-03-09 14:07:05 INFO  ApiTestCaseModel:66 - 测试用例qs_V1_study_index断言完毕！！
 返回消息体code-----0
2021-03-09 14:07:05 INFO  ApiTestCaseModel:72 - 测试用例qs_V1_study_index断言完毕！！
 期待obj返回消息体3
 实际obj返回消息体3
2021-03-09 14:07:05 INFO  ApiTestCaseModel:63 - 测试用例qs_V1_study_getTodayLecture断言完毕！！
 返回消息体msg-----成功
2021-03-09 14:07:05 INFO  ApiTestCaseModel:66 - 测试用例qs_V1_study_getTodayLecture断言完毕！！
 返回消息体code-----0
2021-03-09 14:07:05 INFO  ApiTestCaseModel:72 - 测试用例qs_V1_study_getTodayLecture断言完毕！！
 期待obj返回消息体1
 实际obj返回消息体1
2021-03-09 14:07:05 INFO  ApiTestCaseModel:63 - 测试用例qs_V1_study_systemStatus断言完毕！！
 返回消息体msg-----成功
2021-03-09 14:07:05 INFO  ApiTestCaseModel:66 - 测试用例qs_V1_study_systemStatus断言完毕！！
 返回消息体code-----0
2021-03-09 14:07:05 INFO  ApiTestCaseModel:72 - 测试用例qs_V1_study_systemStatus断言完毕！！
 期待obj返回消息体9
 实际obj返回消息体9
2021-03-09 14:07:07 INFO  ApiTestCaseModel:63 - 测试用例qs_V1_study_shareStudyReport断言完毕！！
 返回消息体msg-----成功
2021-03-09 14:07:07 INFO  ApiTestCaseModel:66 - 测试用例qs_V1_study_shareStudyReport断言完毕！！
 返回消息体code-----0
2021-03-09 14:07:07 INFO  ApiTestCaseModel:72 - 测试用例qs_V1_study_shareStudyReport断言完毕！！
 期待obj返回消息体1
 实际obj返回消息体1
2021-03-09 14:07:08 INFO  ApiTestCaseModel:63 - 测试用例qs_V1_study_startStudyAnswer断言完毕！！
 返回消息体msg-----成功
2021-03-09 14:07:08 INFO  ApiTestCaseModel:66 - 测试用例qs_V1_study_startStudyAnswer断言完毕！！
 返回消息体code-----0
2021-03-09 14:07:08 INFO  ApiTestCaseModel:72 - 测试用例qs_V1_study_startStudyAnswer断言完毕！！
 期待obj返回消息体2
 实际obj返回消息体2
2021-03-09 14:07:08 INFO  ApiTestCaseModel:63 - 测试用例qs_V1_course_courseTimeConfig断言完毕！！
 返回消息体msg-----成功
2021-03-09 14:07:08 INFO  ApiTestCaseModel:66 - 测试用例qs_V1_course_courseTimeConfig断言完毕！！
 返回消息体code-----0
2021-03-09 14:07:08 INFO  ApiTestCaseModel:72 - 测试用例qs_V1_course_courseTimeConfig断言完毕！！
 期待obj返回消息体2
 实际obj返回消息体2
2021-03-09 14:07:08 INFO  ApiTestCaseModel:63 - 测试用例qs_V1_course_resetRoomUserStatus断言完毕！！
 返回消息体msg-----成功
2021-03-09 14:07:08 INFO  ApiTestCaseModel:66 - 测试用例qs_V1_course_resetRoomUserStatus断言完毕！！
 返回消息体code-----0
2021-03-09 14:07:08 INFO  ApiTestCaseModel:69 - 返回消息obj体中为空，无需断言
2021-03-09 14:07:09 INFO  ApiTestCaseModel:63 - 测试用例qs_V1_course_courseByKpId断言完毕！！
 返回消息体msg-----成功
2021-03-09 14:07:09 INFO  ApiTestCaseModel:66 - 测试用例qs_V1_course_courseByKpId断言完毕！！
 返回消息体code-----0
2021-03-09 14:07:09 INFO  ApiTestCaseModel:72 - 测试用例qs_V1_course_courseByKpId断言完毕！！
 期待obj返回消息体8
 实际obj返回消息体8
2021-03-09 14:07:09 INFO  ApiTestCaseModel:63 - 测试用例qs_V1_course_courseByLectureId断言完毕！！
 返回消息体msg-----成功
2021-03-09 14:07:09 INFO  ApiTestCaseModel:66 - 测试用例qs_V1_course_courseByLectureId断言完毕！！
 返回消息体code-----0
2021-03-09 14:07:09 INFO  ApiTestCaseModel:72 - 测试用例qs_V1_course_courseByLectureId断言完毕！！
 期待obj返回消息体7
 实际obj返回消息体7
2021-03-09 14:07:09 INFO  ApiTestCaseModel:63 - 测试用例qs_V1_course_teacherListByLectureId断言完毕！！
 返回消息体msg-----成功
2021-03-09 14:07:09 INFO  ApiTestCaseModel:66 - 测试用例qs_V1_course_teacherListByLectureId断言完毕！！
 返回消息体code-----0
2021-03-09 14:07:09 INFO  ApiTestCaseModel:72 - 测试用例qs_V1_course_teacherListByLectureId断言完毕！！
 期待obj返回消息体1
 实际obj返回消息体1
2021-03-09 14:07:10 INFO  ApiTestCaseModel:63 - 测试用例qs_V1_course_doShareRoom断言完毕！！
 返回消息体msg-----成功
2021-03-09 14:07:10 INFO  ApiTestCaseModel:66 - 测试用例qs_V1_course_doShareRoom断言完毕！！
 返回消息体code-----0
2021-03-09 14:07:10 INFO  ApiTestCaseModel:69 - 返回消息obj体中为空，无需断言
2021-03-09 14:07:10 INFO  ApiTestCaseModel:63 - 测试用例qs_V1_course_submitTimeConfigAnswer断言完毕！！
 返回消息体msg-----成功
2021-03-09 14:07:10 INFO  ApiTestCaseModel:66 - 测试用例qs_V1_course_submitTimeConfigAnswer断言完毕！！
 返回消息体code-----0
2021-03-09 14:07:10 INFO  ApiTestCaseModel:69 - 返回消息obj体中为空，无需断言
2021-03-09 14:07:10 INFO  ApiTestCaseModel:63 - 测试用例qs_V1_course_genUserSign断言完毕！！
 返回消息体msg-----成功
2021-03-09 14:07:10 INFO  ApiTestCaseModel:66 - 测试用例qs_V1_course_genUserSign断言完毕！！
 返回消息体code-----0
2021-03-09 14:07:10 INFO  ApiTestCaseModel:72 - 测试用例qs_V1_course_genUserSign断言完毕！！
 期待obj返回消息体1
 实际obj返回消息体1
2021-03-09 14:07:10 INFO  ApiTestCaseModel:63 - 测试用例qs_V1_course_getLecturePlayInfoByRoomId断言完毕！！
 返回消息体msg-----成功
2021-03-09 14:07:10 INFO  ApiTestCaseModel:66 - 测试用例qs_V1_course_getLecturePlayInfoByRoomId断言完毕！！
 返回消息体code-----0
2021-03-09 14:07:11 INFO  ApiTestCaseModel:72 - 测试用例qs_V1_course_getLecturePlayInfoByRoomId断言完毕！！
 期待obj返回消息体19
 实际obj返回消息体19
2021-03-09 14:07:11 INFO  ApiTestCaseModel:63 - 测试用例qs_V1_course_lectureVideoInfo断言完毕！！
 返回消息体msg-----成功
2021-03-09 14:07:11 INFO  ApiTestCaseModel:66 - 测试用例qs_V1_course_lectureVideoInfo断言完毕！！
 返回消息体code-----0
2021-03-09 14:07:11 INFO  ApiTestCaseModel:72 - 测试用例qs_V1_course_lectureVideoInfo断言完毕！！
 期待obj返回消息体6
 实际obj返回消息体6
2021-03-09 14:07:11 INFO  ApiTestCaseModel:63 - 测试用例qs_V1_course_kpCardByLectureId断言完毕！！
 返回消息体msg-----成功
2021-03-09 14:07:11 INFO  ApiTestCaseModel:66 - 测试用例qs_V1_course_kpCardByLectureId断言完毕！！
 返回消息体code-----0
2021-03-09 14:07:11 INFO  ApiTestCaseModel:72 - 测试用例qs_V1_course_kpCardByLectureId断言完毕！！
 期待obj返回消息体1
 实际obj返回消息体1
2021-03-09 14:07:12 INFO  ApiTestCaseModel:63 - 测试用例qs_V1_course_roomListByLectureIds断言完毕！！
 返回消息体msg-----成功
2021-03-09 14:07:12 INFO  ApiTestCaseModel:66 - 测试用例qs_V1_course_roomListByLectureIds断言完毕！！
 返回消息体code-----0
2021-03-09 14:07:12 INFO  ApiTestCaseModel:72 - 测试用例qs_V1_course_roomListByLectureIds断言完毕！！
 期待obj返回消息体1
 实际obj返回消息体1
2021-03-09 14:07:12 INFO  ApiTestCaseModel:63 - 测试用例qs_V1_course_courseHandoutByLectureId断言完毕！！
 返回消息体msg-----成功
2021-03-09 14:07:12 INFO  ApiTestCaseModel:66 - 测试用例qs_V1_course_courseHandoutByLectureId断言完毕！！
 返回消息体code-----0
2021-03-09 14:07:12 INFO  ApiTestCaseModel:72 - 测试用例qs_V1_course_courseHandoutByLectureId断言完毕！！
 期待obj返回消息体7
 实际obj返回消息体7
2021-03-09 14:07:12 INFO  ApiTestCaseModel:63 - 测试用例qs_V1_course_syncTimeConfig断言完毕！！
 返回消息体msg-----成功
2021-03-09 14:07:12 INFO  ApiTestCaseModel:66 - 测试用例qs_V1_course_syncTimeConfig断言完毕！！
 返回消息体code-----0
2021-03-09 14:07:12 INFO  ApiTestCaseModel:69 - 返回消息obj体中为空，无需断言
2021-03-09 14:07:13 INFO  ApiTestCaseModel:63 - 测试用例qs_V1_course_syncCourseRecord断言完毕！！
 返回消息体msg-----成功
2021-03-09 14:07:13 INFO  ApiTestCaseModel:66 - 测试用例qs_V1_course_syncCourseRecord断言完毕！！
 返回消息体code-----0
2021-03-09 14:07:13 INFO  ApiTestCaseModel:69 - 返回消息obj体中为空，无需断言
2021-03-09 14:07:15 INFO  ApiTestCaseModel:63 - 测试用例qs_V1_course_createRoom断言完毕！！
 返回消息体msg-----成功
2021-03-09 14:07:15 INFO  ApiTestCaseModel:66 - 测试用例qs_V1_course_createRoom断言完毕！！
 返回消息体code-----0
2021-03-09 14:07:15 INFO  ApiTestCaseModel:72 - 测试用例qs_V1_course_createRoom断言完毕！！
 期待obj返回消息体6
 实际obj返回消息体6
2021-03-09 14:07:15 INFO  ApiTestCaseModel:63 - 测试用例qs_V1_course_lectureVideoInfoWithLog断言完毕！！
 返回消息体msg-----成功
2021-03-09 14:07:15 INFO  ApiTestCaseModel:66 - 测试用例qs_V1_course_lectureVideoInfoWithLog断言完毕！！
 返回消息体code-----0
2021-03-09 14:07:15 INFO  ApiTestCaseModel:72 - 测试用例qs_V1_course_lectureVideoInfoWithLog断言完毕！！
 期待obj返回消息体4
 实际obj返回消息体4
2021-03-09 14:07:15 INFO  ApiTestCaseModel:63 - 测试用例qs_V1_solve_solveDetail断言完毕！！
 返回消息体msg-----成功
2021-03-09 14:07:15 INFO  ApiTestCaseModel:66 - 测试用例qs_V1_solve_solveDetail断言完毕！！
 返回消息体code-----0
2021-03-09 14:07:15 INFO  ApiTestCaseModel:72 - 测试用例qs_V1_solve_solveDetail断言完毕！！
 期待obj返回消息体9
 实际obj返回消息体9
2021-03-09 14:07:16 INFO  ApiTestCaseModel:63 - 测试用例qs_V1_solve_askAndReplyList断言完毕！！
 返回消息体msg-----成功
2021-03-09 14:07:16 INFO  ApiTestCaseModel:66 - 测试用例qs_V1_solve_askAndReplyList断言完毕！！
 返回消息体code-----0
2021-03-09 14:07:16 INFO  ApiTestCaseModel:72 - 测试用例qs_V1_solve_askAndReplyList断言完毕！！
 期待obj返回消息体1
 实际obj返回消息体1
2021-03-09 14:07:16 INFO  ApiTestCaseModel:63 - 测试用例qs_V1_solve_saveAskQuestion断言完毕！！
 返回消息体msg-----成功
2021-03-09 14:07:16 INFO  ApiTestCaseModel:66 - 测试用例qs_V1_solve_saveAskQuestion断言完毕！！
 返回消息体code-----0
2021-03-09 14:07:16 INFO  ApiTestCaseModel:69 - 返回消息obj体中为空，无需断言
2021-03-09 14:07:16 INFO  ApiTestCaseModel:63 - 测试用例qs_V1_solve_saveAgainAskQuestion断言完毕！！
 返回消息体msg-----成功
2021-03-09 14:07:16 INFO  ApiTestCaseModel:66 - 测试用例qs_V1_solve_saveAgainAskQuestion断言完毕！！
 返回消息体code-----0
2021-03-09 14:07:16 INFO  ApiTestCaseModel:69 - 返回消息obj体中为空，无需断言
2021-03-09 14:07:16 INFO  ApiTestCaseModel:63 - 测试用例qs_V1_solve_getReplyExpireMsg断言完毕！！
 返回消息体msg-----成功
2021-03-09 14:07:16 INFO  ApiTestCaseModel:66 - 测试用例qs_V1_solve_getReplyExpireMsg断言完毕！！
 返回消息体code-----0
2021-03-09 14:07:16 INFO  ApiTestCaseModel:72 - 测试用例qs_V1_solve_getReplyExpireMsg断言完毕！！
 期待obj返回消息体1
 实际obj返回消息体1
2021-03-09 14:07:16 INFO  ApiTestCaseModel:63 - 测试用例qs_V1_solve_saveSolveDetail断言完毕！！
 返回消息体msg-----成功
2021-03-09 14:07:16 INFO  ApiTestCaseModel:66 - 测试用例qs_V1_solve_saveSolveDetail断言完毕！！
 返回消息体code-----0
2021-03-09 14:07:16 INFO  ApiTestCaseModel:69 - 返回消息obj体中为空，无需断言
2021-03-09 14:07:17 INFO  ApiTestCaseModel:63 - 测试用例qs_V1_solve_myAnswerList断言完毕！！
 返回消息体msg-----成功
2021-03-09 14:07:17 INFO  ApiTestCaseModel:66 - 测试用例qs_V1_solve_myAnswerList断言完毕！！
 返回消息体code-----0
2021-03-09 14:07:17 INFO  ApiTestCaseModel:72 - 测试用例qs_V1_solve_myAnswerList断言完毕！！
 期待obj返回消息体5
 实际obj返回消息体5
2021-03-09 14:07:17 INFO  ApiTestCaseModel:63 - 测试用例qs_V1_solve_cancelSolve断言完毕！！
 返回消息体msg-----成功
2021-03-09 14:07:17 INFO  ApiTestCaseModel:66 - 测试用例qs_V1_solve_cancelSolve断言完毕！！
 返回消息体code-----0
2021-03-09 14:07:17 INFO  ApiTestCaseModel:72 - 测试用例qs_V1_solve_cancelSolve断言完毕！！
 期待obj返回消息体1
 实际obj返回消息体1
2021-03-09 14:07:17 INFO  ApiTestCaseModel:63 - 测试用例qs_V1_solve_leftAskNum断言完毕！！
 返回消息体msg-----成功
2021-03-09 14:07:17 INFO  ApiTestCaseModel:66 - 测试用例qs_V1_solve_leftAskNum断言完毕！！
 返回消息体code-----0
2021-03-09 14:07:17 INFO  ApiTestCaseModel:72 - 测试用例qs_V1_solve_leftAskNum断言完毕！！
 期待obj返回消息体3
 实际obj返回消息体3
2021-03-09 14:07:18 INFO  ApiTestCaseModel:63 - 测试用例qs_V1_curriculum_dayList断言完毕！！
 返回消息体msg-----成功
2021-03-09 14:07:18 INFO  ApiTestCaseModel:66 - 测试用例qs_V1_curriculum_dayList断言完毕！！
 返回消息体code-----0
2021-03-09 14:07:18 INFO  ApiTestCaseModel:72 - 测试用例qs_V1_curriculum_dayList断言完毕！！
 期待obj返回消息体1
 实际obj返回消息体1
2021-03-09 14:07:18 INFO  ApiTestCaseModel:63 - 测试用例qs_V1_shop_prizeExchange断言完毕！！
 返回消息体msg-----成功
2021-03-09 14:07:18 INFO  ApiTestCaseModel:66 - 测试用例qs_V1_shop_prizeExchange断言完毕！！
 返回消息体code-----0
2021-03-09 14:07:18 INFO  ApiTestCaseModel:72 - 测试用例qs_V1_shop_prizeExchange断言完毕！！
 期待obj返回消息体1
 实际obj返回消息体1
2021-03-09 14:07:18 INFO  ApiTestCaseModel:63 - 测试用例qs_V1_shop_index断言完毕！！
 返回消息体msg-----成功
2021-03-09 14:07:18 INFO  ApiTestCaseModel:66 - 测试用例qs_V1_shop_index断言完毕！！
 返回消息体code-----0
2021-03-09 14:07:18 INFO  ApiTestCaseModel:72 - 测试用例qs_V1_shop_index断言完毕！！
 期待obj返回消息体4
 实际obj返回消息体4
2021-03-09 14:07:19 INFO  ApiTestCaseModel:63 - 测试用例qs_V1_activation_completeActivation断言完毕！！
 返回消息体msg-----成功
2021-03-09 14:07:19 INFO  ApiTestCaseModel:66 - 测试用例qs_V1_activation_completeActivation断言完毕！！
 返回消息体code-----0
2021-03-09 14:07:19 INFO  ApiTestCaseModel:72 - 测试用例qs_V1_activation_completeActivation断言完毕！！
 期待obj返回消息体1
 实际obj返回消息体1
2021-03-09 14:07:19 INFO  ApiTestCaseModel:63 - 测试用例qs_V1_activation_questionsAndAnswers断言完毕！！
 返回消息体msg-----成功
2021-03-09 14:07:19 INFO  ApiTestCaseModel:66 - 测试用例qs_V1_activation_questionsAndAnswers断言完毕！！
 返回消息体code-----0
2021-03-09 14:07:19 INFO  ApiTestCaseModel:72 - 测试用例qs_V1_activation_questionsAndAnswers断言完毕！！
 期待obj返回消息体3
 实际obj返回消息体3
2021-03-09 14:07:20 INFO  ApiTestCaseModel:63 - 测试用例qs_V1_activation_shareLearnPlan断言完毕！！
 返回消息体msg-----成功
2021-03-09 14:07:20 INFO  ApiTestCaseModel:66 - 测试用例qs_V1_activation_shareLearnPlan断言完毕！！
 返回消息体code-----0
2021-03-09 14:07:21 INFO  ApiTestCaseModel:63 - 测试用例qs_V1_activation_normalMode断言完毕！！
 返回消息体msg-----成功
2021-03-09 14:07:21 INFO  ApiTestCaseModel:66 - 测试用例qs_V1_activation_normalMode断言完毕！！
 返回消息体code-----0
2021-03-09 14:07:21 INFO  ApiTestCaseModel:72 - 测试用例qs_V1_activation_normalMode断言完毕！！
 期待obj返回消息体1
 实际obj返回消息体1
2021-03-09 14:07:21 INFO  ApiTestCaseModel:63 - 测试用例qs_V1_activation_submitQues断言完毕！！
 返回消息体msg-----成功
2021-03-09 14:07:21 INFO  ApiTestCaseModel:66 - 测试用例qs_V1_activation_submitQues断言完毕！！
 返回消息体code-----0
2021-03-09 14:07:21 INFO  ApiTestCaseModel:72 - 测试用例qs_V1_activation_submitQues断言完毕！！
 期待obj返回消息体4
 实际obj返回消息体4
2021-03-09 14:07:21 INFO  ApiTestCaseModel:63 - 测试用例qs_V1_activation_renewActivation断言完毕！！
 返回消息体msg-----成功
2021-03-09 14:07:21 INFO  ApiTestCaseModel:66 - 测试用例qs_V1_activation_renewActivation断言完毕！！
 返回消息体code-----0
2021-03-09 14:07:21 INFO  ApiTestCaseModel:72 - 测试用例qs_V1_activation_renewActivation断言完毕！！
 期待obj返回消息体0
 实际obj返回消息体0
2021-03-09 14:07:21 INFO  ApiTestCaseModel:63 - 测试用例qs_V1_activation_cancelQues断言完毕！！
 返回消息体msg-----成功
2021-03-09 14:07:21 INFO  ApiTestCaseModel:66 - 测试用例qs_V1_activation_cancelQues断言完毕！！
 返回消息体code-----0
2021-03-09 14:07:21 INFO  ApiTestCaseModel:72 - 测试用例qs_V1_activation_cancelQues断言完毕！！
 期待obj返回消息体0
 实际obj返回消息体0
2021-03-09 14:07:21 INFO  ApiTestCaseModel:63 - 测试用例qs_V1_knowledgePoint_syncKpVoiceRecord断言完毕！！
 返回消息体msg-----成功
2021-03-09 14:07:21 INFO  ApiTestCaseModel:66 - 测试用例qs_V1_knowledgePoint_syncKpVoiceRecord断言完毕！！
 返回消息体code-----0
2021-03-09 14:07:21 INFO  ApiTestCaseModel:69 - 返回消息obj体中为空，无需断言
2021-03-09 14:07:22 INFO  ApiTestCaseModel:63 - 测试用例qs_V1_knowledgePoint_selfModeKpList断言完毕！！
 返回消息体msg-----成功
2021-03-09 14:07:22 INFO  ApiTestCaseModel:66 - 测试用例qs_V1_knowledgePoint_selfModeKpList断言完毕！！
 返回消息体code-----0
2021-03-09 14:07:22 INFO  ApiTestCaseModel:72 - 测试用例qs_V1_knowledgePoint_selfModeKpList断言完毕！！
 期待obj返回消息体1
 实际obj返回消息体1
2021-03-09 14:07:22 INFO  ApiTestCaseModel:63 - 测试用例qs_V1_knowledgePoint_unlockKpList断言完毕！！
 返回消息体msg-----成功
2021-03-09 14:07:22 INFO  ApiTestCaseModel:66 - 测试用例qs_V1_knowledgePoint_unlockKpList断言完毕！！
 返回消息体code-----0
2021-03-09 14:07:22 INFO  ApiTestCaseModel:72 - 测试用例qs_V1_knowledgePoint_unlockKpList断言完毕！！
 期待obj返回消息体3
 实际obj返回消息体3
2021-03-09 14:07:22 INFO  ApiTestCaseModel:63 - 测试用例qs_V1_knowledgePoint_selfModeChooseKp断言完毕！！
 返回消息体msg-----成功
2021-03-09 14:07:22 INFO  ApiTestCaseModel:66 - 测试用例qs_V1_knowledgePoint_selfModeChooseKp断言完毕！！
 返回消息体code-----0
2021-03-09 14:07:22 INFO  ApiTestCaseModel:69 - 返回消息obj体中为空，无需断言
2021-03-09 14:07:22 INFO  ApiTestCaseModel:63 - 测试用例qs_V1_knowledgePoint_genKpListByMode断言完毕！！
 返回消息体msg-----成功
2021-03-09 14:07:22 INFO  ApiTestCaseModel:66 - 测试用例qs_V1_knowledgePoint_genKpListByMode断言完毕！！
 返回消息体code-----0
2021-03-09 14:07:22 INFO  ApiTestCaseModel:72 - 测试用例qs_V1_knowledgePoint_genKpListByMode断言完毕！！
 期待obj返回消息体1
 实际obj返回消息体1
2021-03-09 14:07:23 INFO  ApiTestCaseModel:63 - 测试用例qs_V1_knowledgePoint_kpDetailListByKpIds断言完毕！！
 返回消息体msg-----成功
2021-03-09 14:07:23 INFO  ApiTestCaseModel:66 - 测试用例qs_V1_knowledgePoint_kpDetailListByKpIds断言完毕！！
 返回消息体code-----0
2021-03-09 14:07:23 INFO  ApiTestCaseModel:72 - 测试用例qs_V1_knowledgePoint_kpDetailListByKpIds断言完毕！！
 期待obj返回消息体1
 实际obj返回消息体1
2021-03-09 14:07:23 INFO  ApiTestCaseModel:63 - 测试用例qs_V1_knowledgePoint_getKpVedioByKpId断言完毕！！
 返回消息体msg-----成功
2021-03-09 14:07:23 INFO  ApiTestCaseModel:66 - 测试用例qs_V1_knowledgePoint_getKpVedioByKpId断言完毕！！
 返回消息体code-----0
2021-03-09 14:07:23 INFO  ApiTestCaseModel:72 - 测试用例qs_V1_knowledgePoint_getKpVedioByKpId断言完毕！！
 期待obj返回消息体2
 实际obj返回消息体2
2021-03-09 14:07:23 INFO  ApiTestCaseModel:63 - 测试用例qs_V1_knowledgePoint_kpNoteByUserId断言完毕！！
 返回消息体msg-----成功
2021-03-09 14:07:23 INFO  ApiTestCaseModel:66 - 测试用例qs_V1_knowledgePoint_kpNoteByUserId断言完毕！！
 返回消息体code-----0
2021-03-09 14:07:23 INFO  ApiTestCaseModel:69 - 返回消息obj体中为空，无需断言
2021-03-09 14:07:23 INFO  ApiTestCaseModel:63 - 测试用例qs_V1_solveDetailCollection_collectionStatus断言完毕！！
 返回消息体msg-----成功
2021-03-09 14:07:23 INFO  ApiTestCaseModel:66 - 测试用例qs_V1_solveDetailCollection_collectionStatus断言完毕！！
 返回消息体code-----0
2021-03-09 14:07:23 INFO  ApiTestCaseModel:69 - 返回消息obj体中为空，无需断言
2021-03-09 14:07:23 INFO  ApiTestCaseModel:63 - 测试用例qs_V1_solveDetailCollection_collectionStatus断言完毕！！
 返回消息体msg-----成功
2021-03-09 14:07:23 INFO  ApiTestCaseModel:66 - 测试用例qs_V1_solveDetailCollection_collectionStatus断言完毕！！
 返回消息体code-----0
2021-03-09 14:07:23 INFO  ApiTestCaseModel:69 - 返回消息obj体中为空，无需断言
2021-03-09 14:07:24 INFO  ApiTestCaseModel:63 - 测试用例qs_V1_solveDetailCollection_myCollection断言完毕！！
 返回消息体msg-----成功
2021-03-09 14:07:24 INFO  ApiTestCaseModel:66 - 测试用例qs_V1_solveDetailCollection_myCollection断言完毕！！
 返回消息体code-----0
2021-03-09 14:07:24 INFO  ApiTestCaseModel:72 - 测试用例qs_V1_solveDetailCollection_myCollection断言完毕！！
 期待obj返回消息体5
 实际obj返回消息体5
2021-03-09 14:07:24 INFO  ApiTestCaseModel:63 - 测试用例qs_V1_task_index断言完毕！！
 返回消息体msg-----成功
2021-03-09 14:07:24 INFO  ApiTestCaseModel:66 - 测试用例qs_V1_task_index断言完毕！！
 返回消息体code-----0
2021-03-09 14:07:24 INFO  ApiTestCaseModel:72 - 测试用例qs_V1_task_index断言完毕！！
 期待obj返回消息体2
 实际obj返回消息体2
2021-03-09 14:07:24 INFO  ApiTestCaseModel:63 - 测试用例qs_V1_task_creditDetails断言完毕！！
 返回消息体msg-----成功
2021-03-09 14:07:24 INFO  ApiTestCaseModel:66 - 测试用例qs_V1_task_creditDetails断言完毕！！
 返回消息体code-----0
2021-03-09 14:07:24 INFO  ApiTestCaseModel:72 - 测试用例qs_V1_task_creditDetails断言完毕！！
 期待obj返回消息体5
 实际obj返回消息体5
2021-03-09 14:07:25 INFO  ApiTestCaseModel:63 - 测试用例qs_V1_class_index断言完毕！！
 返回消息体msg-----成功
2021-03-09 14:07:25 INFO  ApiTestCaseModel:66 - 测试用例qs_V1_class_index断言完毕！！
 返回消息体code-----0
2021-03-09 14:07:25 INFO  ApiTestCaseModel:72 - 测试用例qs_V1_class_index断言完毕！！
 期待obj返回消息体4
 实际obj返回消息体4
2021-03-09 14:07:25 INFO  ApiTestCaseModel:63 - 测试用例qs_V1_class_personData断言完毕！！
 返回消息体msg-----成功
2021-03-09 14:07:25 INFO  ApiTestCaseModel:66 - 测试用例qs_V1_class_personData断言完毕！！
 返回消息体code-----0
2021-03-09 14:07:25 INFO  ApiTestCaseModel:72 - 测试用例qs_V1_class_personData断言完毕！！
 期待obj返回消息体10
 实际obj返回消息体10
2021-03-09 14:07:25 INFO  ApiTestCaseModel:63 - 测试用例qs_V1_class_classDetail_classData断言完毕！！
 返回消息体msg-----成功
2021-03-09 14:07:25 INFO  ApiTestCaseModel:66 - 测试用例qs_V1_class_classDetail_classData断言完毕！！
 返回消息体code-----0
2021-03-09 14:07:25 INFO  ApiTestCaseModel:72 - 测试用例qs_V1_class_classDetail_classData断言完毕！！
 期待obj返回消息体5
 实际obj返回消息体5
2021-03-09 14:07:26 INFO  ApiTestCaseModel:63 - 测试用例qs_V1_class_classDetail_classReport断言完毕！！
 返回消息体msg-----成功
2021-03-09 14:07:26 INFO  ApiTestCaseModel:66 - 测试用例qs_V1_class_classDetail_classReport断言完毕！！
 返回消息体code-----0
2021-03-09 14:07:26 INFO  ApiTestCaseModel:72 - 测试用例qs_V1_class_classDetail_classReport断言完毕！！
 期待obj返回消息体8
 实际obj返回消息体8
2021-03-09 14:07:26 INFO  ApiTestCaseModel:63 - 测试用例qs_V1_class_classDetail_classRank断言完毕！！
 返回消息体msg-----成功
2021-03-09 14:07:26 INFO  ApiTestCaseModel:66 - 测试用例qs_V1_class_classDetail_classRank断言完毕！！
 返回消息体code-----0
2021-03-09 14:07:26 INFO  ApiTestCaseModel:72 - 测试用例qs_V1_class_classDetail_classRank断言完毕！！
 期待obj返回消息体1
 实际obj返回消息体1
2021-03-09 14:07:26 INFO  ApiTestCaseModel:63 - 测试用例qs_V1_class_encourage断言完毕！！
 返回消息体msg-----成功
2021-03-09 14:07:26 INFO  ApiTestCaseModel:66 - 测试用例qs_V1_class_encourage断言完毕！！
 返回消息体code-----0
2021-03-09 14:07:26 INFO  ApiTestCaseModel:69 - 返回消息obj体中为空，无需断言
2021-03-09 14:07:26 INFO  ApiTestCaseModel:63 - 测试用例qs_V1_exam_removeWrongQuesByUser断言完毕！！
 返回消息体msg-----成功
2021-03-09 14:07:27 INFO  ApiTestCaseModel:66 - 测试用例qs_V1_exam_removeWrongQuesByUser断言完毕！！
 返回消息体code-----0
2021-03-09 14:07:27 INFO  ApiTestCaseModel:72 - 测试用例qs_V1_exam_removeWrongQuesByUser断言完毕！！
 期待obj返回消息体1
 实际obj返回消息体1
2021-03-09 14:07:27 INFO  ApiTestCaseModel:63 - 测试用例qs_V1_exam_paperRecordList断言完毕！！
 返回消息体msg-----成功
2021-03-09 14:07:27 INFO  ApiTestCaseModel:66 - 测试用例qs_V1_exam_paperRecordList断言完毕！！
 返回消息体code-----0
2021-03-09 14:07:27 INFO  ApiTestCaseModel:72 - 测试用例qs_V1_exam_paperRecordList断言完毕！！
 期待obj返回消息体5
 实际obj返回消息体5
2021-03-09 14:07:27 INFO  ApiTestCaseModel:63 - 测试用例qs_V1_exam_wrongQuesByKp断言完毕！！
 返回消息体msg-----成功
2021-03-09 14:07:27 INFO  ApiTestCaseModel:66 - 测试用例qs_V1_exam_wrongQuesByKp断言完毕！！
 返回消息体code-----0
2021-03-09 14:07:27 INFO  ApiTestCaseModel:72 - 测试用例qs_V1_exam_wrongQuesByKp断言完毕！！
 期待obj返回消息体2
 实际obj返回消息体2
2021-03-09 14:07:28 INFO  ApiTestCaseModel:63 - 测试用例qs_V1_exam_smartGoToExam断言完毕！！
 返回消息体msg-----成功
2021-03-09 14:07:28 INFO  ApiTestCaseModel:66 - 测试用例qs_V1_exam_smartGoToExam断言完毕！！
 返回消息体code-----0
2021-03-09 14:07:28 INFO  ApiTestCaseModel:72 - 测试用例qs_V1_exam_smartGoToExam断言完毕！！
 期待obj返回消息体5
 实际obj返回消息体5
2021-03-09 14:07:28 INFO  ApiTestCaseModel:63 - 测试用例qs_V1_exam_cacheAnswer断言完毕！！
 返回消息体msg-----成功
2021-03-09 14:07:28 INFO  ApiTestCaseModel:66 - 测试用例qs_V1_exam_cacheAnswer断言完毕！！
 返回消息体code-----0
2021-03-09 14:07:28 INFO  ApiTestCaseModel:69 - 返回消息obj体中为空，无需断言
2021-03-09 14:07:28 INFO  ApiTestCaseModel:63 - 测试用例qs_V1_exam_correctionTypeList断言完毕！！
 返回消息体msg-----成功
2021-03-09 14:07:28 INFO  ApiTestCaseModel:66 - 测试用例qs_V1_exam_correctionTypeList断言完毕！！
 返回消息体code-----0
2021-03-09 14:07:28 INFO  ApiTestCaseModel:72 - 测试用例qs_V1_exam_correctionTypeList断言完毕！！
 期待obj返回消息体1
 实际obj返回消息体1
2021-03-09 14:07:29 INFO  ApiTestCaseModel:63 - 测试用例qs_V1_exam_subjectListByUserExtendId断言完毕！！
 返回消息体msg-----成功
2021-03-09 14:07:29 INFO  ApiTestCaseModel:66 - 测试用例qs_V1_exam_subjectListByUserExtendId断言完毕！！
 返回消息体code-----0
2021-03-09 14:07:29 INFO  ApiTestCaseModel:72 - 测试用例qs_V1_exam_subjectListByUserExtendId断言完毕！！
 期待obj返回消息体1
 实际obj返回消息体1
2021-03-09 14:07:29 INFO  ApiTestCaseModel:63 - 测试用例qs_V1_exam_getVideoPlayInfo断言完毕！！
 返回消息体msg-----成功
2021-03-09 14:07:29 INFO  ApiTestCaseModel:66 - 测试用例qs_V1_exam_getVideoPlayInfo断言完毕！！
 返回消息体code-----0
2021-03-09 14:07:29 INFO  ApiTestCaseModel:72 - 测试用例qs_V1_exam_getVideoPlayInfo断言完毕！！
 期待obj返回消息体4
 实际obj返回消息体4
2021-03-09 14:07:29 INFO  ApiTestCaseModel:63 - 测试用例qs_V1_exam_collectQues断言完毕！！
 返回消息体msg-----成功
2021-03-09 14:07:29 INFO  ApiTestCaseModel:66 - 测试用例qs_V1_exam_collectQues断言完毕！！
 返回消息体code-----0
2021-03-09 14:07:29 INFO  ApiTestCaseModel:69 - 返回消息obj体中为空，无需断言
2021-03-09 14:07:29 INFO  ApiTestCaseModel:63 - 测试用例qs_V1_exam_unCollectQues断言完毕！！
 返回消息体msg-----成功
2021-03-09 14:07:29 INFO  ApiTestCaseModel:66 - 测试用例qs_V1_exam_unCollectQues断言完毕！！
 返回消息体code-----0
2021-03-09 14:07:29 INFO  ApiTestCaseModel:69 - 返回消息obj体中为空，无需断言
2021-03-09 14:07:29 INFO  ApiTestCaseModel:63 - 测试用例qs_V1_exam_examIndex断言完毕！！
 返回消息体msg-----成功
2021-03-09 14:07:29 INFO  ApiTestCaseModel:66 - 测试用例qs_V1_exam_examIndex断言完毕！！
 返回消息体code-----0
2021-03-09 14:07:29 INFO  ApiTestCaseModel:72 - 测试用例qs_V1_exam_examIndex断言完毕！！
 期待obj返回消息体5
 实际obj返回消息体5
2021-03-09 14:07:30 INFO  ApiTestCaseModel:63 - 测试用例qs_V1_exam_smartExam断言完毕！！
 返回消息体msg-----成功
2021-03-09 14:07:30 INFO  ApiTestCaseModel:66 - 测试用例qs_V1_exam_smartExam断言完毕！！
 返回消息体code-----0
2021-03-09 14:07:30 INFO  ApiTestCaseModel:72 - 测试用例qs_V1_exam_smartExam断言完毕！！
 期待obj返回消息体3
 实际obj返回消息体3
2021-03-09 14:07:30 INFO  ApiTestCaseModel:63 - 测试用例qs_V1_exam_wrongQuesByQuesType断言完毕！！
 返回消息体msg-----成功
2021-03-09 14:07:30 INFO  ApiTestCaseModel:66 - 测试用例qs_V1_exam_wrongQuesByQuesType断言完毕！！
 返回消息体code-----0
2021-03-09 14:07:30 INFO  ApiTestCaseModel:72 - 测试用例qs_V1_exam_wrongQuesByQuesType断言完毕！！
 期待obj返回消息体2
 实际obj返回消息体2
2021-03-09 14:07:31 INFO  ApiTestCaseModel:63 - 测试用例qs_V1_exam_examAnalysis断言完毕！！
 返回消息体msg-----成功
2021-03-09 14:07:31 INFO  ApiTestCaseModel:66 - 测试用例qs_V1_exam_examAnalysis断言完毕！！
 返回消息体code-----0
2021-03-09 14:07:31 INFO  ApiTestCaseModel:72 - 测试用例qs_V1_exam_examAnalysis断言完毕！！
 期待obj返回消息体2
 实际obj返回消息体2
2021-03-09 14:07:32 INFO  ApiTestCaseModel:63 - 测试用例qs_V1_exam_wrongQuesDetail断言完毕！！
 返回消息体msg-----成功
2021-03-09 14:07:32 INFO  ApiTestCaseModel:66 - 测试用例qs_V1_exam_wrongQuesDetail断言完毕！！
 返回消息体code-----0
2021-03-09 14:07:32 INFO  ApiTestCaseModel:72 - 测试用例qs_V1_exam_wrongQuesDetail断言完毕！！
 期待obj返回消息体5
 实际obj返回消息体5
2021-03-09 14:07:32 INFO  ApiTestCaseModel:63 - 测试用例qs_V1_exam_recordView断言完毕！！
 返回消息体msg-----成功
2021-03-09 14:07:32 INFO  ApiTestCaseModel:66 - 测试用例qs_V1_exam_recordView断言完毕！！
 返回消息体code-----0
2021-03-09 14:07:32 INFO  ApiTestCaseModel:72 - 测试用例qs_V1_exam_recordView断言完毕！！
 期待obj返回消息体15
 实际obj返回消息体15
2021-03-09 14:07:32 INFO  ApiTestCaseModel:63 - 测试用例qs_V1_exam_collectQues断言完毕！！
 返回消息体msg-----成功
2021-03-09 14:07:32 INFO  ApiTestCaseModel:66 - 测试用例qs_V1_exam_collectQues断言完毕！！
 返回消息体code-----0
2021-03-09 14:07:32 INFO  ApiTestCaseModel:69 - 返回消息obj体中为空，无需断言
2021-03-09 14:07:32 INFO  ApiTestCaseModel:63 - 测试用例qs_V1_exam_unCollectQues断言完毕！！
 返回消息体msg-----成功
2021-03-09 14:07:32 INFO  ApiTestCaseModel:66 - 测试用例qs_V1_exam_unCollectQues断言完毕！！
 返回消息体code-----0
2021-03-09 14:07:32 INFO  ApiTestCaseModel:69 - 返回消息obj体中为空，无需断言
2021-03-09 14:07:33 INFO  ApiTestCaseModel:63 - 测试用例qs_V1_exam_goToExam断言完毕！！
 返回消息体msg-----成功
2021-03-09 14:07:33 INFO  ApiTestCaseModel:66 - 测试用例qs_V1_exam_goToExam断言完毕！！
 返回消息体code-----0
2021-03-09 14:07:33 INFO  ApiTestCaseModel:72 - 测试用例qs_V1_exam_goToExam断言完毕！！
 期待obj返回消息体5
 实际obj返回消息体5
2021-03-09 14:07:33 INFO  ApiTestCaseModel:63 - 测试用例qs_V1_exam_paperListByPaperType断言完毕！！
 返回消息体msg-----成功
2021-03-09 14:07:33 INFO  ApiTestCaseModel:66 - 测试用例qs_V1_exam_paperListByPaperType断言完毕！！
 返回消息体code-----0
2021-03-09 14:07:33 INFO  ApiTestCaseModel:72 - 测试用例qs_V1_exam_paperListByPaperType断言完毕！！
 期待obj返回消息体1
 实际obj返回消息体1
2021-03-09 14:07:33 INFO  ApiTestCaseModel:63 - 测试用例qs_V1_exam_questionInfo断言完毕！！
 返回消息体msg-----成功
2021-03-09 14:07:33 INFO  ApiTestCaseModel:66 - 测试用例qs_V1_exam_questionInfo断言完毕！！
 返回消息体code-----0
2021-03-09 14:07:34 INFO  ApiTestCaseModel:72 - 测试用例qs_V1_exam_questionInfo断言完毕！！
 期待obj返回消息体2
 实际obj返回消息体2
2021-03-09 14:07:34 INFO  ApiTestCaseModel:63 - 测试用例qs_V1_commentLable_commentLableList断言完毕！！
 返回消息体msg-----成功
2021-03-09 14:07:34 INFO  ApiTestCaseModel:66 - 测试用例qs_V1_commentLable_commentLableList断言完毕！！
 返回消息体code-----0
2021-03-09 14:07:34 INFO  ApiTestCaseModel:72 - 测试用例qs_V1_commentLable_commentLableList断言完毕！！
 期待obj返回消息体2
 实际obj返回消息体2
2021-03-09 14:07:34 INFO  ApiTestCaseModel:63 - 测试用例qs_V1_setting_learnProgress断言完毕！！
 返回消息体msg-----成功
2021-03-09 14:07:34 INFO  ApiTestCaseModel:66 - 测试用例qs_V1_setting_learnProgress断言完毕！！
 返回消息体code-----0
2021-03-09 14:07:34 INFO  ApiTestCaseModel:72 - 测试用例qs_V1_setting_learnProgress断言完毕！！
 期待obj返回消息体2
 实际obj返回消息体2
2021-03-09 14:07:34 INFO  ApiTestCaseModel:63 - 测试用例qs_V1_setting_learnPlanSwitch断言完毕！！
 返回消息体msg-----成功
2021-03-09 14:07:34 INFO  ApiTestCaseModel:66 - 测试用例qs_V1_setting_learnPlanSwitch断言完毕！！
 返回消息体code-----0
2021-03-09 14:07:34 INFO  ApiTestCaseModel:72 - 测试用例qs_V1_setting_learnPlanSwitch断言完毕！！
 期待obj返回消息体2
 实际obj返回消息体2
2021-03-09 14:07:34 INFO  ApiTestCaseModel:63 - 测试用例qs_V1_setting_switchTeacher断言完毕！！
 返回消息体msg-----成功
2021-03-09 14:07:34 INFO  ApiTestCaseModel:66 - 测试用例qs_V1_setting_switchTeacher断言完毕！！
 返回消息体code-----0
2021-03-09 14:07:34 INFO  ApiTestCaseModel:72 - 测试用例qs_V1_setting_switchTeacher断言完毕！！
 期待obj返回消息体1
 实际obj返回消息体1
2021-03-09 14:07:34 INFO  ApiTestCaseModel:63 - 测试用例qs_V1_setting_classSwitch断言完毕！！
 返回消息体msg-----成功
2021-03-09 14:07:34 INFO  ApiTestCaseModel:66 - 测试用例qs_V1_setting_classSwitch断言完毕！！
 返回消息体code-----0
2021-03-09 14:07:34 INFO  ApiTestCaseModel:72 - 测试用例qs_V1_setting_classSwitch断言完毕！！
 期待obj返回消息体1
 实际obj返回消息体1
2021-03-09 14:07:35 INFO  ApiTestCaseModel:63 - 测试用例qs_V1_setting_learnPlanSwitchSubmit断言完毕！！
 返回消息体msg-----成功
2021-03-09 14:07:35 INFO  ApiTestCaseModel:66 - 测试用例qs_V1_setting_learnPlanSwitchSubmit断言完毕！！
 返回消息体code-----0
2021-03-09 14:07:35 INFO  ApiTestCaseModel:69 - 返回消息obj体中为空，无需断言
2021-03-09 14:07:35 INFO  ApiTestCaseModel:63 - 测试用例qs_V1_setting_learnTime断言完毕！！
 返回消息体msg-----成功
2021-03-09 14:07:35 INFO  ApiTestCaseModel:66 - 测试用例qs_V1_setting_learnTime断言完毕！！
 返回消息体code-----0
2021-03-09 14:07:35 INFO  ApiTestCaseModel:72 - 测试用例qs_V1_setting_learnTime断言完毕！！
 期待obj返回消息体3
 实际obj返回消息体3
2021-03-09 14:07:35 INFO  ApiTestCaseModel:63 - 测试用例qs_V1_setting_learnCycleSubmit断言完毕！！
 返回消息体msg-----成功
2021-03-09 14:07:35 INFO  ApiTestCaseModel:66 - 测试用例qs_V1_setting_learnCycleSubmit断言完毕！！
 返回消息体code-----0
2021-03-09 14:07:35 INFO  ApiTestCaseModel:69 - 返回消息obj体中为空，无需断言
2021-03-09 14:07:36 INFO  ApiTestCaseModel:63 - 测试用例qs_V1_setting_learnMethodSubmit断言完毕！！
 返回消息体msg-----成功
2021-03-09 14:07:36 INFO  ApiTestCaseModel:66 - 测试用例qs_V1_setting_learnMethodSubmit断言完毕！！
 返回消息体code-----0
2021-03-09 14:07:36 INFO  ApiTestCaseModel:69 - 返回消息obj体中为空，无需断言
2021-03-09 14:07:36 INFO  ApiTestCaseModel:63 - 测试用例qs_V1_setting_restCycleSubmit断言完毕！！
 返回消息体msg-----成功
2021-03-09 14:07:36 INFO  ApiTestCaseModel:66 - 测试用例qs_V1_setting_restCycleSubmit断言完毕！！
 返回消息体code-----0
2021-03-09 14:07:36 INFO  ApiTestCaseModel:69 - 返回消息obj体中为空，无需断言
2021-03-09 14:07:36 INFO  ApiTestCaseModel:63 - 测试用例qs_V1_setting_learnMethod断言完毕！！
 返回消息体msg-----成功
2021-03-09 14:07:36 INFO  ApiTestCaseModel:66 - 测试用例qs_V1_setting_learnMethod断言完毕！！
 返回消息体code-----0
2021-03-09 14:07:36 INFO  ApiTestCaseModel:72 - 测试用例qs_V1_setting_learnMethod断言完毕！！
 期待obj返回消息体3
 实际obj返回消息体3
2021-03-09 14:07:37 INFO  ApiTestCaseModel:63 - 测试用例qs_V1_setting_index断言完毕！！
 返回消息体msg-----成功
2021-03-09 14:07:37 INFO  ApiTestCaseModel:66 - 测试用例qs_V1_setting_index断言完毕！！
 返回消息体code-----0
2021-03-09 14:07:37 INFO  ApiTestCaseModel:72 - 测试用例qs_V1_setting_index断言完毕！！
 期待obj返回消息体2
 实际obj返回消息体2
2021-03-09 14:07:37 INFO  ApiTestCaseModel:63 - 测试用例qs_V1_setting_autoCache断言完毕！！
 返回消息体msg-----成功
2021-03-09 14:07:37 INFO  ApiTestCaseModel:66 - 测试用例qs_V1_setting_autoCache断言完毕！！
 返回消息体code-----0
2021-03-09 14:07:37 INFO  ApiTestCaseModel:72 - 测试用例qs_V1_setting_autoCache断言完毕！！
 期待obj返回消息体1
 实际obj返回消息体1
2021-03-09 14:07:38 INFO  ApiTestCaseModel:63 - 测试用例qs_V1_setting_switchTeacherSubmit断言完毕！！
 返回消息体msg-----成功
2021-03-09 14:07:38 INFO  ApiTestCaseModel:66 - 测试用例qs_V1_setting_switchTeacherSubmit断言完毕！！
 返回消息体code-----0
2021-03-09 14:07:38 INFO  ApiTestCaseModel:69 - 返回消息obj体中为空，无需断言
2021-03-09 14:07:38 INFO  ApiTestCaseModel:63 - 测试用例qs_V1_setting_classSwitchSubmit断言完毕！！
 返回消息体msg-----成功
2021-03-09 14:07:38 INFO  ApiTestCaseModel:66 - 测试用例qs_V1_setting_classSwitchSubmit断言完毕！！
 返回消息体code-----0
2021-03-09 14:07:38 INFO  ApiTestCaseModel:69 - 返回消息obj体中为空，无需断言
2021-03-09 14:07:39 INFO  ApiTestCaseModel:63 - 测试用例qs_V1_setting_learnProgressSubmit断言完毕！！
 返回消息体msg-----成功
2021-03-09 14:07:39 INFO  ApiTestCaseModel:66 - 测试用例qs_V1_setting_learnProgressSubmit断言完毕！！
 返回消息体code-----0
2021-03-09 14:07:39 INFO  ApiTestCaseModel:69 - 返回消息obj体中为空，无需断言
2021-03-09 14:07:39 INFO  ApiTestCaseModel:63 - 测试用例qs_V1_replyComment_getCommentView断言完毕！！
 返回消息体msg-----成功
2021-03-09 14:07:39 INFO  ApiTestCaseModel:66 - 测试用例qs_V1_replyComment_getCommentView断言完毕！！
 返回消息体code-----0
2021-03-09 14:07:39 INFO  ApiTestCaseModel:72 - 测试用例qs_V1_replyComment_getCommentView断言完毕！！
 期待obj返回消息体4
 实际obj返回消息体4
2021-03-09 14:07:39 INFO  ApiTestCaseModel:63 - 测试用例qs_V1_replyComment_submitComment断言完毕！！
 返回消息体msg-----成功
2021-03-09 14:07:39 INFO  ApiTestCaseModel:66 - 测试用例qs_V1_replyComment_submitComment断言完毕！！
 返回消息体code-----0
2021-03-09 14:07:39 INFO  ApiTestCaseModel:69 - 返回消息obj体中为空，无需断言
2021-03-09 14:07:39 INFO  ApiTestCaseModel:63 - 测试用例qs_V2_study_startStudyQues断言完毕！！
 返回消息体msg-----成功
2021-03-09 14:07:39 INFO  ApiTestCaseModel:66 - 测试用例qs_V2_study_startStudyQues断言完毕！！
 返回消息体code-----0
2021-03-09 14:07:39 INFO  ApiTestCaseModel:72 - 测试用例qs_V2_study_startStudyQues断言完毕！！
 期待obj返回消息体2
 实际obj返回消息体2
2021-03-09 14:07:40 INFO  ApiTestCaseModel:63 - 测试用例qs_V2_course_courseByLectureId断言完毕！！
 返回消息体msg-----成功
2021-03-09 14:07:40 INFO  ApiTestCaseModel:66 - 测试用例qs_V2_course_courseByLectureId断言完毕！！
 返回消息体code-----0
2021-03-09 14:07:40 INFO  ApiTestCaseModel:72 - 测试用例qs_V2_course_courseByLectureId断言完毕！！
 期待obj返回消息体7
 实际obj返回消息体7
2021-03-09 14:07:40 INFO  ApiTestCaseModel:63 - 测试用例qs_V2_activation_submitQues断言完毕！！
 返回消息体msg-----成功
2021-03-09 14:07:40 INFO  ApiTestCaseModel:66 - 测试用例qs_V2_activation_submitQues断言完毕！！
 返回消息体code-----0
2021-03-09 14:07:40 INFO  ApiTestCaseModel:72 - 测试用例qs_V2_activation_submitQues断言完毕！！
 期待obj返回消息体4
 实际obj返回消息体4
2021-03-09 14:07:41 INFO  ApiTestCaseModel:63 - 测试用例qs_V2_activation_questionsAndAnswers断言完毕！！
 返回消息体msg-----成功
2021-03-09 14:07:41 INFO  ApiTestCaseModel:66 - 测试用例qs_V2_activation_questionsAndAnswers断言完毕！！
 返回消息体code-----0
2021-03-09 14:07:41 INFO  ApiTestCaseModel:72 - 测试用例qs_V2_activation_questionsAndAnswers断言完毕！！
 期待obj返回消息体3
 实际obj返回消息体3
2021-03-09 14:07:41 INFO  ApiTestCaseModel:63 - 测试用例qs_V2_knowledgePoint_unlockKpList断言完毕！！
 返回消息体msg-----成功
2021-03-09 14:07:41 INFO  ApiTestCaseModel:66 - 测试用例qs_V2_knowledgePoint_unlockKpList断言完毕！！
 返回消息体code-----0
2021-03-09 14:07:41 INFO  ApiTestCaseModel:72 - 测试用例qs_V2_knowledgePoint_unlockKpList断言完毕！！
 期待obj返回消息体3
 实际obj返回消息体3
2021-03-09 14:07:41 INFO  ApiTestCaseModel:63 - 测试用例qs_V2_knowledgePoint_kpDetailListByKpIds断言完毕！！
 返回消息体msg-----成功
2021-03-09 14:07:41 INFO  ApiTestCaseModel:66 - 测试用例qs_V2_knowledgePoint_kpDetailListByKpIds断言完毕！！
 返回消息体code-----0
2021-03-09 14:07:41 INFO  ApiTestCaseModel:72 - 测试用例qs_V2_knowledgePoint_kpDetailListByKpIds断言完毕！！
 期待obj返回消息体1
 实际obj返回消息体1
2021-03-09 14:07:42 INFO  ApiTestCaseModel:63 - 测试用例qs_V2_class_index断言完毕！！
 返回消息体msg-----成功
2021-03-09 14:07:42 INFO  ApiTestCaseModel:66 - 测试用例qs_V2_class_index断言完毕！！
 返回消息体code-----0
2021-03-09 14:07:42 INFO  ApiTestCaseModel:72 - 测试用例qs_V2_class_index断言完毕！！
 期待obj返回消息体4
 实际obj返回消息体4
2021-03-09 14:07:42 INFO  ApiTestCaseModel:63 - 测试用例qs_V2_exam_recordView断言完毕！！
 返回消息体msg-----成功
2021-03-09 14:07:42 INFO  ApiTestCaseModel:66 - 测试用例qs_V2_exam_recordView断言完毕！！
 返回消息体code-----0
2021-03-09 14:07:42 INFO  ApiTestCaseModel:72 - 测试用例qs_V2_exam_recordView断言完毕！！
 期待obj返回消息体15
 实际obj返回消息体15
2021-03-09 14:07:42 INFO  ApiTestCaseModel:63 - 测试用例qs_V2_exam_goToExam断言完毕！！
 返回消息体msg-----成功
2021-03-09 14:07:43 INFO  ApiTestCaseModel:66 - 测试用例qs_V2_exam_goToExam断言完毕！！
 返回消息体code-----0
2021-03-09 14:07:43 INFO  ApiTestCaseModel:72 - 测试用例qs_V2_exam_goToExam断言完毕！！
 期待obj返回消息体5
 实际obj返回消息体5
2021-03-09 14:07:43 INFO  ApiTestCaseModel:63 - 测试用例qs_V2_setting_switchTeacher断言完毕！！
 返回消息体msg-----成功
2021-03-09 14:07:43 INFO  ApiTestCaseModel:66 - 测试用例qs_V2_setting_switchTeacher断言完毕！！
 返回消息体code-----0
2021-03-09 14:07:43 INFO  ApiTestCaseModel:72 - 测试用例qs_V2_setting_switchTeacher断言完毕！！
 期待obj返回消息体1
 实际obj返回消息体1
2021-03-09 14:07:43 INFO  ApiTestCaseModel:63 - 测试用例qs_V3_study_updateStudyStatusAndChatRecord断言完毕！！
 返回消息体msg-----成功
2021-03-09 14:07:43 INFO  ApiTestCaseModel:66 - 测试用例qs_V3_study_updateStudyStatusAndChatRecord断言完毕！！
 返回消息体code-----0
2021-03-09 14:07:43 INFO  ApiTestCaseModel:72 - 测试用例qs_V3_study_updateStudyStatusAndChatRecord断言完毕！！
 期待obj返回消息体0
 实际obj返回消息体0
2021-03-09 14:07:43 INFO  ApiTestCaseModel:63 - 测试用例qs_V3_study_startStudyQues断言完毕！！
 返回消息体msg-----成功
2021-03-09 14:07:43 INFO  ApiTestCaseModel:66 - 测试用例qs_V3_study_startStudyQues断言完毕！！
 返回消息体code-----0
2021-03-09 14:07:43 INFO  ApiTestCaseModel:72 - 测试用例qs_V3_study_startStudyQues断言完毕！！
 期待obj返回消息体2
 实际obj返回消息体2
2021-03-09 14:07:43 INFO  ApiTestCaseModel:63 - 测试用例qs_V3_study_startStudyAnswer断言完毕！！
 返回消息体msg-----成功
2021-03-09 14:07:43 INFO  ApiTestCaseModel:66 - 测试用例qs_V3_study_startStudyAnswer断言完毕！！
 返回消息体code-----0
2021-03-09 14:07:43 INFO  ApiTestCaseModel:72 - 测试用例qs_V3_study_startStudyAnswer断言完毕！！
 期待obj返回消息体2
 实际obj返回消息体2
2021-03-09 14:07:44 INFO  ApiTestCaseModel:63 - 测试用例qs_V3_study_index断言完毕！！
 返回消息体msg-----成功
2021-03-09 14:07:44 INFO  ApiTestCaseModel:66 - 测试用例qs_V3_study_index断言完毕！！
 返回消息体code-----0
2021-03-09 14:07:44 INFO  ApiTestCaseModel:72 - 测试用例qs_V3_study_index断言完毕！！
 期待obj返回消息体3
 实际obj返回消息体3
2021-03-09 14:07:44 INFO  ApiTestCaseModel:63 - 测试用例qs_V3_curriculum_classSchedule断言完毕！！
 返回消息体msg-----成功
2021-03-09 14:07:44 INFO  ApiTestCaseModel:66 - 测试用例qs_V3_curriculum_classSchedule断言完毕！！
 返回消息体code-----0
2021-03-09 14:07:44 INFO  ApiTestCaseModel:69 - 返回消息obj体中为空，无需断言
2021-03-09 14:07:44 INFO  ApiTestCaseModel:63 - 测试用例qs_V3_curriculum_dayList断言完毕！！
 返回消息体msg-----成功
2021-03-09 14:07:44 INFO  ApiTestCaseModel:66 - 测试用例qs_V3_curriculum_dayList断言完毕！！
 返回消息体code-----0
2021-03-09 14:07:44 INFO  ApiTestCaseModel:72 - 测试用例qs_V3_curriculum_dayList断言完毕！！
 期待obj返回消息体1
 实际obj返回消息体1
2021-03-09 14:07:44 INFO  ApiTestCaseModel:63 - 测试用例qs_V3_marketingMessage_getMarketingMessageDetail断言完毕！！
 返回消息体msg-----成功
2021-03-09 14:07:44 INFO  ApiTestCaseModel:66 - 测试用例qs_V3_marketingMessage_getMarketingMessageDetail断言完毕！！
 返回消息体code-----0
2021-03-09 14:07:44 INFO  ApiTestCaseModel:72 - 测试用例qs_V3_marketingMessage_getMarketingMessageDetail断言完毕！！
 期待obj返回消息体3
 实际obj返回消息体3
2021-03-09 14:07:44 INFO  ApiTestCaseModel:63 - 测试用例qs_V3_shop_redeemNow断言完毕！！
 返回消息体msg-----成功
2021-03-09 14:07:44 INFO  ApiTestCaseModel:66 - 测试用例qs_V3_shop_redeemNow断言完毕！！
 返回消息体code-----0
2021-03-09 14:07:44 INFO  ApiTestCaseModel:72 - 测试用例qs_V3_shop_redeemNow断言完毕！！
 期待obj返回消息体5
 实际obj返回消息体5
2021-03-09 14:07:45 INFO  ApiTestCaseModel:63 - 测试用例qs_V3_shop_index断言完毕！！
 返回消息体msg-----成功
2021-03-09 14:07:45 INFO  ApiTestCaseModel:66 - 测试用例qs_V3_shop_index断言完毕！！
 返回消息体code-----0
2021-03-09 14:07:45 INFO  ApiTestCaseModel:72 - 测试用例qs_V3_shop_index断言完毕！！
 期待obj返回消息体6
 实际obj返回消息体6
2021-03-09 14:07:45 INFO  ApiTestCaseModel:63 - 测试用例qs_V3_shop_redeemRecords断言完毕！！
 返回消息体msg-----成功
2021-03-09 14:07:45 INFO  ApiTestCaseModel:66 - 测试用例qs_V3_shop_redeemRecords断言完毕！！
 返回消息体code-----0
2021-03-09 14:07:46 INFO  ApiTestCaseModel:63 - 测试用例qs_V3_shop_confirmRedemption断言完毕！！
 返回消息体msg-----成功
2021-03-09 14:07:46 INFO  ApiTestCaseModel:66 - 测试用例qs_V3_shop_confirmRedemption断言完毕！！
 返回消息体code-----0
2021-03-09 14:07:46 INFO  ApiTestCaseModel:72 - 测试用例qs_V3_shop_confirmRedemption断言完毕！！
 期待obj返回消息体3
 实际obj返回消息体3
2021-03-09 14:07:47 INFO  ApiTestCaseModel:63 - 测试用例qs_V3_chatRecord_chatRecordList断言完毕！！
 返回消息体msg-----成功
2021-03-09 14:07:47 INFO  ApiTestCaseModel:66 - 测试用例qs_V3_chatRecord_chatRecordList断言完毕！！
 返回消息体code-----0
2021-03-09 14:07:47 INFO  ApiTestCaseModel:72 - 测试用例qs_V3_chatRecord_chatRecordList断言完毕！！
 期待obj返回消息体5
 实际obj返回消息体5
2021-03-09 14:07:48 INFO  ApiTestCaseModel:63 - 测试用例qs_V3_task_voucherData断言完毕！！
 返回消息体msg-----成功
2021-03-09 14:07:48 INFO  ApiTestCaseModel:66 - 测试用例qs_V3_task_voucherData断言完毕！！
 返回消息体code-----0
2021-03-09 14:07:48 INFO  ApiTestCaseModel:72 - 测试用例qs_V3_task_voucherData断言完毕！！
 期待obj返回消息体6
 实际obj返回消息体6
2021-03-09 14:07:48 INFO  ApiTestCaseModel:63 - 测试用例qs_V3_task_creditData断言完毕！！
 返回消息体msg-----成功
2021-03-09 14:07:48 INFO  ApiTestCaseModel:66 - 测试用例qs_V3_task_creditData断言完毕！！
 返回消息体code-----0
2021-03-09 14:07:48 INFO  ApiTestCaseModel:72 - 测试用例qs_V3_task_creditData断言完毕！！
 期待obj返回消息体6
 实际obj返回消息体6
2021-03-09 14:07:48 INFO  ApiTestCaseModel:63 - 测试用例qs_V3_class_classDetail_classData断言完毕！！
 返回消息体msg-----成功
2021-03-09 14:07:48 INFO  ApiTestCaseModel:66 - 测试用例qs_V3_class_classDetail_classData断言完毕！！
 返回消息体code-----0
2021-03-09 14:07:48 INFO  ApiTestCaseModel:72 - 测试用例qs_V3_class_classDetail_classData断言完毕！！
 期待obj返回消息体5
 实际obj返回消息体5
2021-03-09 14:07:49 INFO  ApiTestCaseModel:63 - 测试用例qs_V3_setting_renewActive断言完毕！！
 返回消息体msg-----成功
2021-03-09 14:07:49 INFO  ApiTestCaseModel:66 - 测试用例qs_V3_setting_renewActive断言完毕！！
 返回消息体code-----0
2021-03-09 14:08:55 INFO  ApiTestCaseModel:63 - 测试用例qs_V1_study_startStudyQues断言完毕！！
 返回消息体msg-----成功
2021-03-09 14:08:56 INFO  ApiTestCaseModel:66 - 测试用例qs_V1_study_startStudyQues断言完毕！！
 返回消息体code-----0
2021-03-09 14:08:56 INFO  ApiTestCaseModel:72 - 测试用例qs_V1_study_startStudyQues断言完毕！！
 期待obj返回消息体1
 实际obj返回消息体1
2021-03-09 14:08:56 INFO  ApiTestCaseModel:63 - 测试用例qs_V1_study_index断言完毕！！
 返回消息体msg-----成功
2021-03-09 14:08:56 INFO  ApiTestCaseModel:66 - 测试用例qs_V1_study_index断言完毕！！
 返回消息体code-----0
2021-03-09 14:08:56 INFO  ApiTestCaseModel:72 - 测试用例qs_V1_study_index断言完毕！！
 期待obj返回消息体3
 实际obj返回消息体3
2021-03-09 14:08:56 INFO  ApiTestCaseModel:63 - 测试用例qs_V1_study_getTodayLecture断言完毕！！
 返回消息体msg-----成功
2021-03-09 14:08:56 INFO  ApiTestCaseModel:66 - 测试用例qs_V1_study_getTodayLecture断言完毕！！
 返回消息体code-----0
2021-03-09 14:08:56 INFO  ApiTestCaseModel:72 - 测试用例qs_V1_study_getTodayLecture断言完毕！！
 期待obj返回消息体1
 实际obj返回消息体1
2021-03-09 14:08:56 INFO  ApiTestCaseModel:63 - 测试用例qs_V1_study_systemStatus断言完毕！！
 返回消息体msg-----成功
2021-03-09 14:08:56 INFO  ApiTestCaseModel:66 - 测试用例qs_V1_study_systemStatus断言完毕！！
 返回消息体code-----0
2021-03-09 14:08:56 INFO  ApiTestCaseModel:72 - 测试用例qs_V1_study_systemStatus断言完毕！！
 期待obj返回消息体9
 实际obj返回消息体9
2021-03-09 14:08:57 INFO  ApiTestCaseModel:63 - 测试用例qs_V1_study_shareStudyReport断言完毕！！
 返回消息体msg-----成功
2021-03-09 14:08:57 INFO  ApiTestCaseModel:66 - 测试用例qs_V1_study_shareStudyReport断言完毕！！
 返回消息体code-----0
2021-03-09 14:08:57 INFO  ApiTestCaseModel:72 - 测试用例qs_V1_study_shareStudyReport断言完毕！！
 期待obj返回消息体1
 实际obj返回消息体1
2021-03-09 14:08:58 INFO  ApiTestCaseModel:63 - 测试用例qs_V1_study_startStudyAnswer断言完毕！！
 返回消息体msg-----成功
2021-03-09 14:08:58 INFO  ApiTestCaseModel:66 - 测试用例qs_V1_study_startStudyAnswer断言完毕！！
 返回消息体code-----0
2021-03-09 14:08:58 INFO  ApiTestCaseModel:72 - 测试用例qs_V1_study_startStudyAnswer断言完毕！！
 期待obj返回消息体2
 实际obj返回消息体2
2021-03-09 14:08:58 INFO  ApiTestCaseModel:63 - 测试用例qs_V1_course_courseTimeConfig断言完毕！！
 返回消息体msg-----成功
2021-03-09 14:08:58 INFO  ApiTestCaseModel:66 - 测试用例qs_V1_course_courseTimeConfig断言完毕！！
 返回消息体code-----0
2021-03-09 14:08:58 INFO  ApiTestCaseModel:72 - 测试用例qs_V1_course_courseTimeConfig断言完毕！！
 期待obj返回消息体2
 实际obj返回消息体2
2021-03-09 14:08:58 INFO  ApiTestCaseModel:63 - 测试用例qs_V1_course_resetRoomUserStatus断言完毕！！
 返回消息体msg-----成功
2021-03-09 14:08:58 INFO  ApiTestCaseModel:66 - 测试用例qs_V1_course_resetRoomUserStatus断言完毕！！
 返回消息体code-----0
2021-03-09 14:08:58 INFO  ApiTestCaseModel:69 - 返回消息obj体中为空，无需断言
2021-03-09 14:08:59 INFO  ApiTestCaseModel:63 - 测试用例qs_V1_course_courseByKpId断言完毕！！
 返回消息体msg-----成功
2021-03-09 14:08:59 INFO  ApiTestCaseModel:66 - 测试用例qs_V1_course_courseByKpId断言完毕！！
 返回消息体code-----0
2021-03-09 14:08:59 INFO  ApiTestCaseModel:72 - 测试用例qs_V1_course_courseByKpId断言完毕！！
 期待obj返回消息体8
 实际obj返回消息体8
2021-03-09 14:08:59 INFO  ApiTestCaseModel:63 - 测试用例qs_V1_course_courseByLectureId断言完毕！！
 返回消息体msg-----成功
2021-03-09 14:08:59 INFO  ApiTestCaseModel:66 - 测试用例qs_V1_course_courseByLectureId断言完毕！！
 返回消息体code-----0
2021-03-09 14:08:59 INFO  ApiTestCaseModel:72 - 测试用例qs_V1_course_courseByLectureId断言完毕！！
 期待obj返回消息体7
 实际obj返回消息体7
2021-03-09 14:08:59 INFO  ApiTestCaseModel:63 - 测试用例qs_V1_course_teacherListByLectureId断言完毕！！
 返回消息体msg-----成功
2021-03-09 14:08:59 INFO  ApiTestCaseModel:66 - 测试用例qs_V1_course_teacherListByLectureId断言完毕！！
 返回消息体code-----0
2021-03-09 14:08:59 INFO  ApiTestCaseModel:72 - 测试用例qs_V1_course_teacherListByLectureId断言完毕！！
 期待obj返回消息体1
 实际obj返回消息体1
2021-03-09 14:08:59 INFO  ApiTestCaseModel:63 - 测试用例qs_V1_course_doShareRoom断言完毕！！
 返回消息体msg-----成功
2021-03-09 14:08:59 INFO  ApiTestCaseModel:66 - 测试用例qs_V1_course_doShareRoom断言完毕！！
 返回消息体code-----0
2021-03-09 14:08:59 INFO  ApiTestCaseModel:69 - 返回消息obj体中为空，无需断言
2021-03-09 14:08:59 INFO  ApiTestCaseModel:63 - 测试用例qs_V1_course_submitTimeConfigAnswer断言完毕！！
 返回消息体msg-----成功
2021-03-09 14:08:59 INFO  ApiTestCaseModel:66 - 测试用例qs_V1_course_submitTimeConfigAnswer断言完毕！！
 返回消息体code-----0
2021-03-09 14:08:59 INFO  ApiTestCaseModel:69 - 返回消息obj体中为空，无需断言
2021-03-09 14:09:00 INFO  ApiTestCaseModel:63 - 测试用例qs_V1_course_genUserSign断言完毕！！
 返回消息体msg-----成功
2021-03-09 14:09:00 INFO  ApiTestCaseModel:66 - 测试用例qs_V1_course_genUserSign断言完毕！！
 返回消息体code-----0
2021-03-09 14:09:00 INFO  ApiTestCaseModel:72 - 测试用例qs_V1_course_genUserSign断言完毕！！
 期待obj返回消息体1
 实际obj返回消息体1
2021-03-09 14:09:00 INFO  ApiTestCaseModel:63 - 测试用例qs_V1_course_getLecturePlayInfoByRoomId断言完毕！！
 返回消息体msg-----成功
2021-03-09 14:09:00 INFO  ApiTestCaseModel:66 - 测试用例qs_V1_course_getLecturePlayInfoByRoomId断言完毕！！
 返回消息体code-----0
2021-03-09 14:09:00 INFO  ApiTestCaseModel:72 - 测试用例qs_V1_course_getLecturePlayInfoByRoomId断言完毕！！
 期待obj返回消息体19
 实际obj返回消息体19
2021-03-09 14:09:00 INFO  ApiTestCaseModel:63 - 测试用例qs_V1_course_lectureVideoInfo断言完毕！！
 返回消息体msg-----成功
2021-03-09 14:09:00 INFO  ApiTestCaseModel:66 - 测试用例qs_V1_course_lectureVideoInfo断言完毕！！
 返回消息体code-----0
2021-03-09 14:09:00 INFO  ApiTestCaseModel:72 - 测试用例qs_V1_course_lectureVideoInfo断言完毕！！
 期待obj返回消息体6
 实际obj返回消息体6
2021-03-09 14:09:00 INFO  ApiTestCaseModel:63 - 测试用例qs_V1_course_kpCardByLectureId断言完毕！！
 返回消息体msg-----成功
2021-03-09 14:09:00 INFO  ApiTestCaseModel:66 - 测试用例qs_V1_course_kpCardByLectureId断言完毕！！
 返回消息体code-----0
2021-03-09 14:09:00 INFO  ApiTestCaseModel:72 - 测试用例qs_V1_course_kpCardByLectureId断言完毕！！
 期待obj返回消息体1
 实际obj返回消息体1
2021-03-09 14:09:01 INFO  ApiTestCaseModel:63 - 测试用例qs_V1_course_roomListByLectureIds断言完毕！！
 返回消息体msg-----成功
2021-03-09 14:09:01 INFO  ApiTestCaseModel:66 - 测试用例qs_V1_course_roomListByLectureIds断言完毕！！
 返回消息体code-----0
2021-03-09 14:09:01 INFO  ApiTestCaseModel:72 - 测试用例qs_V1_course_roomListByLectureIds断言完毕！！
 期待obj返回消息体1
 实际obj返回消息体1
2021-03-09 14:09:01 INFO  ApiTestCaseModel:63 - 测试用例qs_V1_course_courseHandoutByLectureId断言完毕！！
 返回消息体msg-----成功
2021-03-09 14:09:01 INFO  ApiTestCaseModel:66 - 测试用例qs_V1_course_courseHandoutByLectureId断言完毕！！
 返回消息体code-----0
2021-03-09 14:09:01 INFO  ApiTestCaseModel:72 - 测试用例qs_V1_course_courseHandoutByLectureId断言完毕！！
 期待obj返回消息体7
 实际obj返回消息体7
2021-03-09 14:09:01 INFO  ApiTestCaseModel:63 - 测试用例qs_V1_course_syncTimeConfig断言完毕！！
 返回消息体msg-----成功
2021-03-09 14:09:01 INFO  ApiTestCaseModel:66 - 测试用例qs_V1_course_syncTimeConfig断言完毕！！
 返回消息体code-----0
2021-03-09 14:09:01 INFO  ApiTestCaseModel:69 - 返回消息obj体中为空，无需断言
2021-03-09 14:09:01 INFO  ApiTestCaseModel:63 - 测试用例qs_V1_course_syncCourseRecord断言完毕！！
 返回消息体msg-----成功
2021-03-09 14:09:01 INFO  ApiTestCaseModel:66 - 测试用例qs_V1_course_syncCourseRecord断言完毕！！
 返回消息体code-----0
2021-03-09 14:09:01 INFO  ApiTestCaseModel:69 - 返回消息obj体中为空，无需断言
2021-03-09 14:09:04 INFO  ApiTestCaseModel:63 - 测试用例qs_V1_course_createRoom断言完毕！！
 返回消息体msg-----成功
2021-03-09 14:09:04 INFO  ApiTestCaseModel:66 - 测试用例qs_V1_course_createRoom断言完毕！！
 返回消息体code-----0
2021-03-09 14:09:04 INFO  ApiTestCaseModel:72 - 测试用例qs_V1_course_createRoom断言完毕！！
 期待obj返回消息体6
 实际obj返回消息体6
2021-03-09 14:09:04 INFO  ApiTestCaseModel:63 - 测试用例qs_V1_course_lectureVideoInfoWithLog断言完毕！！
 返回消息体msg-----成功
2021-03-09 14:09:04 INFO  ApiTestCaseModel:66 - 测试用例qs_V1_course_lectureVideoInfoWithLog断言完毕！！
 返回消息体code-----0
2021-03-09 14:09:04 INFO  ApiTestCaseModel:72 - 测试用例qs_V1_course_lectureVideoInfoWithLog断言完毕！！
 期待obj返回消息体4
 实际obj返回消息体4
2021-03-09 14:09:04 INFO  ApiTestCaseModel:63 - 测试用例qs_V1_solve_solveDetail断言完毕！！
 返回消息体msg-----成功
2021-03-09 14:09:04 INFO  ApiTestCaseModel:66 - 测试用例qs_V1_solve_solveDetail断言完毕！！
 返回消息体code-----0
2021-03-09 14:09:04 INFO  ApiTestCaseModel:72 - 测试用例qs_V1_solve_solveDetail断言完毕！！
 期待obj返回消息体9
 实际obj返回消息体9
2021-03-09 14:09:04 INFO  ApiTestCaseModel:63 - 测试用例qs_V1_solve_askAndReplyList断言完毕！！
 返回消息体msg-----成功
2021-03-09 14:09:04 INFO  ApiTestCaseModel:66 - 测试用例qs_V1_solve_askAndReplyList断言完毕！！
 返回消息体code-----0
2021-03-09 14:09:04 INFO  ApiTestCaseModel:72 - 测试用例qs_V1_solve_askAndReplyList断言完毕！！
 期待obj返回消息体1
 实际obj返回消息体1
2021-03-09 14:09:05 INFO  ApiTestCaseModel:63 - 测试用例qs_V1_solve_saveAskQuestion断言完毕！！
 返回消息体msg-----成功
2021-03-09 14:09:05 INFO  ApiTestCaseModel:66 - 测试用例qs_V1_solve_saveAskQuestion断言完毕！！
 返回消息体code-----0
2021-03-09 14:09:05 INFO  ApiTestCaseModel:69 - 返回消息obj体中为空，无需断言
2021-03-09 14:09:05 INFO  ApiTestCaseModel:63 - 测试用例qs_V1_solve_saveAgainAskQuestion断言完毕！！
 返回消息体msg-----成功
2021-03-09 14:09:05 INFO  ApiTestCaseModel:66 - 测试用例qs_V1_solve_saveAgainAskQuestion断言完毕！！
 返回消息体code-----0
2021-03-09 14:09:05 INFO  ApiTestCaseModel:69 - 返回消息obj体中为空，无需断言
2021-03-09 14:09:05 INFO  ApiTestCaseModel:63 - 测试用例qs_V1_solve_getReplyExpireMsg断言完毕！！
 返回消息体msg-----成功
2021-03-09 14:09:05 INFO  ApiTestCaseModel:66 - 测试用例qs_V1_solve_getReplyExpireMsg断言完毕！！
 返回消息体code-----0
2021-03-09 14:09:05 INFO  ApiTestCaseModel:72 - 测试用例qs_V1_solve_getReplyExpireMsg断言完毕！！
 期待obj返回消息体1
 实际obj返回消息体1
2021-03-09 14:09:05 INFO  ApiTestCaseModel:63 - 测试用例qs_V1_solve_saveSolveDetail断言完毕！！
 返回消息体msg-----成功
2021-03-09 14:09:05 INFO  ApiTestCaseModel:66 - 测试用例qs_V1_solve_saveSolveDetail断言完毕！！
 返回消息体code-----0
2021-03-09 14:09:05 INFO  ApiTestCaseModel:69 - 返回消息obj体中为空，无需断言
2021-03-09 14:09:05 INFO  ApiTestCaseModel:63 - 测试用例qs_V1_solve_myAnswerList断言完毕！！
 返回消息体msg-----成功
2021-03-09 14:09:05 INFO  ApiTestCaseModel:66 - 测试用例qs_V1_solve_myAnswerList断言完毕！！
 返回消息体code-----0
2021-03-09 14:09:05 INFO  ApiTestCaseModel:72 - 测试用例qs_V1_solve_myAnswerList断言完毕！！
 期待obj返回消息体5
 实际obj返回消息体5
2021-03-09 14:09:06 INFO  ApiTestCaseModel:63 - 测试用例qs_V1_solve_cancelSolve断言完毕！！
 返回消息体msg-----成功
2021-03-09 14:09:06 INFO  ApiTestCaseModel:66 - 测试用例qs_V1_solve_cancelSolve断言完毕！！
 返回消息体code-----0
2021-03-09 14:09:06 INFO  ApiTestCaseModel:72 - 测试用例qs_V1_solve_cancelSolve断言完毕！！
 期待obj返回消息体1
 实际obj返回消息体1
2021-03-09 14:09:06 INFO  ApiTestCaseModel:63 - 测试用例qs_V1_solve_leftAskNum断言完毕！！
 返回消息体msg-----成功
2021-03-09 14:09:06 INFO  ApiTestCaseModel:66 - 测试用例qs_V1_solve_leftAskNum断言完毕！！
 返回消息体code-----0
2021-03-09 14:09:06 INFO  ApiTestCaseModel:72 - 测试用例qs_V1_solve_leftAskNum断言完毕！！
 期待obj返回消息体3
 实际obj返回消息体3
2021-03-09 14:09:06 INFO  ApiTestCaseModel:63 - 测试用例qs_V1_curriculum_dayList断言完毕！！
 返回消息体msg-----成功
2021-03-09 14:09:06 INFO  ApiTestCaseModel:66 - 测试用例qs_V1_curriculum_dayList断言完毕！！
 返回消息体code-----0
2021-03-09 14:09:06 INFO  ApiTestCaseModel:72 - 测试用例qs_V1_curriculum_dayList断言完毕！！
 期待obj返回消息体1
 实际obj返回消息体1
2021-03-09 14:09:07 INFO  ApiTestCaseModel:63 - 测试用例qs_V1_shop_prizeExchange断言完毕！！
 返回消息体msg-----成功
2021-03-09 14:09:07 INFO  ApiTestCaseModel:66 - 测试用例qs_V1_shop_prizeExchange断言完毕！！
 返回消息体code-----0
2021-03-09 14:09:07 INFO  ApiTestCaseModel:72 - 测试用例qs_V1_shop_prizeExchange断言完毕！！
 期待obj返回消息体1
 实际obj返回消息体1
2021-03-09 14:09:07 INFO  ApiTestCaseModel:63 - 测试用例qs_V1_shop_index断言完毕！！
 返回消息体msg-----成功
2021-03-09 14:09:07 INFO  ApiTestCaseModel:66 - 测试用例qs_V1_shop_index断言完毕！！
 返回消息体code-----0
2021-03-09 14:09:07 INFO  ApiTestCaseModel:72 - 测试用例qs_V1_shop_index断言完毕！！
 期待obj返回消息体4
 实际obj返回消息体4
2021-03-09 14:09:07 INFO  ApiTestCaseModel:63 - 测试用例qs_V1_activation_completeActivation断言完毕！！
 返回消息体msg-----成功
2021-03-09 14:09:07 INFO  ApiTestCaseModel:66 - 测试用例qs_V1_activation_completeActivation断言完毕！！
 返回消息体code-----0
2021-03-09 14:09:07 INFO  ApiTestCaseModel:72 - 测试用例qs_V1_activation_completeActivation断言完毕！！
 期待obj返回消息体1
 实际obj返回消息体1
2021-03-09 14:09:08 INFO  ApiTestCaseModel:63 - 测试用例qs_V1_activation_questionsAndAnswers断言完毕！！
 返回消息体msg-----成功
2021-03-09 14:09:08 INFO  ApiTestCaseModel:66 - 测试用例qs_V1_activation_questionsAndAnswers断言完毕！！
 返回消息体code-----0
2021-03-09 14:09:08 INFO  ApiTestCaseModel:72 - 测试用例qs_V1_activation_questionsAndAnswers断言完毕！！
 期待obj返回消息体3
 实际obj返回消息体3
2021-03-09 14:09:09 INFO  ApiTestCaseModel:63 - 测试用例qs_V1_activation_shareLearnPlan断言完毕！！
 返回消息体msg-----成功
2021-03-09 14:09:09 INFO  ApiTestCaseModel:66 - 测试用例qs_V1_activation_shareLearnPlan断言完毕！！
 返回消息体code-----0
2021-03-09 14:09:09 INFO  ApiTestCaseModel:63 - 测试用例qs_V1_activation_normalMode断言完毕！！
 返回消息体msg-----成功
2021-03-09 14:09:09 INFO  ApiTestCaseModel:66 - 测试用例qs_V1_activation_normalMode断言完毕！！
 返回消息体code-----0
2021-03-09 14:09:09 INFO  ApiTestCaseModel:72 - 测试用例qs_V1_activation_normalMode断言完毕！！
 期待obj返回消息体1
 实际obj返回消息体1
2021-03-09 14:09:09 INFO  ApiTestCaseModel:63 - 测试用例qs_V1_activation_submitQues断言完毕！！
 返回消息体msg-----成功
2021-03-09 14:09:10 INFO  ApiTestCaseModel:66 - 测试用例qs_V1_activation_submitQues断言完毕！！
 返回消息体code-----0
2021-03-09 14:09:10 INFO  ApiTestCaseModel:72 - 测试用例qs_V1_activation_submitQues断言完毕！！
 期待obj返回消息体4
 实际obj返回消息体4
2021-03-09 14:09:10 INFO  ApiTestCaseModel:63 - 测试用例qs_V1_activation_renewActivation断言完毕！！
 返回消息体msg-----成功
2021-03-09 14:09:10 INFO  ApiTestCaseModel:66 - 测试用例qs_V1_activation_renewActivation断言完毕！！
 返回消息体code-----0
2021-03-09 14:09:10 INFO  ApiTestCaseModel:72 - 测试用例qs_V1_activation_renewActivation断言完毕！！
 期待obj返回消息体0
 实际obj返回消息体0
2021-03-09 14:09:10 INFO  ApiTestCaseModel:63 - 测试用例qs_V1_activation_cancelQues断言完毕！！
 返回消息体msg-----成功
2021-03-09 14:09:10 INFO  ApiTestCaseModel:66 - 测试用例qs_V1_activation_cancelQues断言完毕！！
 返回消息体code-----0
2021-03-09 14:09:10 INFO  ApiTestCaseModel:72 - 测试用例qs_V1_activation_cancelQues断言完毕！！
 期待obj返回消息体0
 实际obj返回消息体0
2021-03-09 14:09:10 INFO  ApiTestCaseModel:63 - 测试用例qs_V1_knowledgePoint_syncKpVoiceRecord断言完毕！！
 返回消息体msg-----成功
2021-03-09 14:09:10 INFO  ApiTestCaseModel:66 - 测试用例qs_V1_knowledgePoint_syncKpVoiceRecord断言完毕！！
 返回消息体code-----0
2021-03-09 14:09:10 INFO  ApiTestCaseModel:69 - 返回消息obj体中为空，无需断言
2021-03-09 14:09:11 INFO  ApiTestCaseModel:63 - 测试用例qs_V1_knowledgePoint_selfModeKpList断言完毕！！
 返回消息体msg-----成功
2021-03-09 14:09:11 INFO  ApiTestCaseModel:66 - 测试用例qs_V1_knowledgePoint_selfModeKpList断言完毕！！
 返回消息体code-----0
2021-03-09 14:09:11 INFO  ApiTestCaseModel:72 - 测试用例qs_V1_knowledgePoint_selfModeKpList断言完毕！！
 期待obj返回消息体1
 实际obj返回消息体1
2021-03-09 14:09:11 INFO  ApiTestCaseModel:63 - 测试用例qs_V1_knowledgePoint_unlockKpList断言完毕！！
 返回消息体msg-----成功
2021-03-09 14:09:11 INFO  ApiTestCaseModel:66 - 测试用例qs_V1_knowledgePoint_unlockKpList断言完毕！！
 返回消息体code-----0
2021-03-09 14:09:11 INFO  ApiTestCaseModel:72 - 测试用例qs_V1_knowledgePoint_unlockKpList断言完毕！！
 期待obj返回消息体3
 实际obj返回消息体3
2021-03-09 14:09:11 INFO  ApiTestCaseModel:63 - 测试用例qs_V1_knowledgePoint_selfModeChooseKp断言完毕！！
 返回消息体msg-----成功
2021-03-09 14:09:11 INFO  ApiTestCaseModel:66 - 测试用例qs_V1_knowledgePoint_selfModeChooseKp断言完毕！！
 返回消息体code-----0
2021-03-09 14:09:11 INFO  ApiTestCaseModel:69 - 返回消息obj体中为空，无需断言
2021-03-09 14:09:11 INFO  ApiTestCaseModel:63 - 测试用例qs_V1_knowledgePoint_genKpListByMode断言完毕！！
 返回消息体msg-----成功
2021-03-09 14:09:11 INFO  ApiTestCaseModel:66 - 测试用例qs_V1_knowledgePoint_genKpListByMode断言完毕！！
 返回消息体code-----0
2021-03-09 14:09:11 INFO  ApiTestCaseModel:72 - 测试用例qs_V1_knowledgePoint_genKpListByMode断言完毕！！
 期待obj返回消息体1
 实际obj返回消息体1
2021-03-09 14:09:11 INFO  ApiTestCaseModel:63 - 测试用例qs_V1_knowledgePoint_kpDetailListByKpIds断言完毕！！
 返回消息体msg-----成功
2021-03-09 14:09:11 INFO  ApiTestCaseModel:66 - 测试用例qs_V1_knowledgePoint_kpDetailListByKpIds断言完毕！！
 返回消息体code-----0
2021-03-09 14:09:11 INFO  ApiTestCaseModel:72 - 测试用例qs_V1_knowledgePoint_kpDetailListByKpIds断言完毕！！
 期待obj返回消息体1
 实际obj返回消息体1
2021-03-09 14:09:12 INFO  ApiTestCaseModel:63 - 测试用例qs_V1_knowledgePoint_getKpVedioByKpId断言完毕！！
 返回消息体msg-----成功
2021-03-09 14:09:12 INFO  ApiTestCaseModel:66 - 测试用例qs_V1_knowledgePoint_getKpVedioByKpId断言完毕！！
 返回消息体code-----0
2021-03-09 14:09:12 INFO  ApiTestCaseModel:72 - 测试用例qs_V1_knowledgePoint_getKpVedioByKpId断言完毕！！
 期待obj返回消息体2
 实际obj返回消息体2
2021-03-09 14:09:12 INFO  ApiTestCaseModel:63 - 测试用例qs_V1_knowledgePoint_kpNoteByUserId断言完毕！！
 返回消息体msg-----成功
2021-03-09 14:09:12 INFO  ApiTestCaseModel:66 - 测试用例qs_V1_knowledgePoint_kpNoteByUserId断言完毕！！
 返回消息体code-----0
2021-03-09 14:09:12 INFO  ApiTestCaseModel:69 - 返回消息obj体中为空，无需断言
2021-03-09 14:09:12 INFO  ApiTestCaseModel:63 - 测试用例qs_V1_solveDetailCollection_collectionStatus断言完毕！！
 返回消息体msg-----成功
2021-03-09 14:09:12 INFO  ApiTestCaseModel:66 - 测试用例qs_V1_solveDetailCollection_collectionStatus断言完毕！！
 返回消息体code-----0
2021-03-09 14:09:12 INFO  ApiTestCaseModel:69 - 返回消息obj体中为空，无需断言
2021-03-09 14:09:12 INFO  ApiTestCaseModel:63 - 测试用例qs_V1_solveDetailCollection_collectionStatus断言完毕！！
 返回消息体msg-----成功
2021-03-09 14:09:12 INFO  ApiTestCaseModel:66 - 测试用例qs_V1_solveDetailCollection_collectionStatus断言完毕！！
 返回消息体code-----0
2021-03-09 14:09:12 INFO  ApiTestCaseModel:69 - 返回消息obj体中为空，无需断言
2021-03-09 14:09:12 INFO  ApiTestCaseModel:63 - 测试用例qs_V1_solveDetailCollection_myCollection断言完毕！！
 返回消息体msg-----成功
2021-03-09 14:09:12 INFO  ApiTestCaseModel:66 - 测试用例qs_V1_solveDetailCollection_myCollection断言完毕！！
 返回消息体code-----0
2021-03-09 14:09:12 INFO  ApiTestCaseModel:72 - 测试用例qs_V1_solveDetailCollection_myCollection断言完毕！！
 期待obj返回消息体5
 实际obj返回消息体5
2021-03-09 14:09:12 INFO  ApiTestCaseModel:63 - 测试用例qs_V1_task_index断言完毕！！
 返回消息体msg-----成功
2021-03-09 14:09:13 INFO  ApiTestCaseModel:66 - 测试用例qs_V1_task_index断言完毕！！
 返回消息体code-----0
2021-03-09 14:09:13 INFO  ApiTestCaseModel:72 - 测试用例qs_V1_task_index断言完毕！！
 期待obj返回消息体2
 实际obj返回消息体2
2021-03-09 14:09:13 INFO  ApiTestCaseModel:63 - 测试用例qs_V1_task_creditDetails断言完毕！！
 返回消息体msg-----成功
2021-03-09 14:09:13 INFO  ApiTestCaseModel:66 - 测试用例qs_V1_task_creditDetails断言完毕！！
 返回消息体code-----0
2021-03-09 14:09:13 INFO  ApiTestCaseModel:72 - 测试用例qs_V1_task_creditDetails断言完毕！！
 期待obj返回消息体5
 实际obj返回消息体5
2021-03-09 14:09:13 INFO  ApiTestCaseModel:63 - 测试用例qs_V1_class_index断言完毕！！
 返回消息体msg-----成功
2021-03-09 14:09:13 INFO  ApiTestCaseModel:66 - 测试用例qs_V1_class_index断言完毕！！
 返回消息体code-----0
2021-03-09 14:09:13 INFO  ApiTestCaseModel:72 - 测试用例qs_V1_class_index断言完毕！！
 期待obj返回消息体4
 实际obj返回消息体4
2021-03-09 14:09:14 INFO  ApiTestCaseModel:63 - 测试用例qs_V1_class_personData断言完毕！！
 返回消息体msg-----成功
2021-03-09 14:09:14 INFO  ApiTestCaseModel:66 - 测试用例qs_V1_class_personData断言完毕！！
 返回消息体code-----0
2021-03-09 14:09:14 INFO  ApiTestCaseModel:72 - 测试用例qs_V1_class_personData断言完毕！！
 期待obj返回消息体10
 实际obj返回消息体10
2021-03-09 14:09:14 INFO  ApiTestCaseModel:63 - 测试用例qs_V1_class_classDetail_classData断言完毕！！
 返回消息体msg-----成功
2021-03-09 14:09:14 INFO  ApiTestCaseModel:66 - 测试用例qs_V1_class_classDetail_classData断言完毕！！
 返回消息体code-----0
2021-03-09 14:09:14 INFO  ApiTestCaseModel:72 - 测试用例qs_V1_class_classDetail_classData断言完毕！！
 期待obj返回消息体5
 实际obj返回消息体5
2021-03-09 14:09:15 INFO  ApiTestCaseModel:63 - 测试用例qs_V1_class_classDetail_classReport断言完毕！！
 返回消息体msg-----成功
2021-03-09 14:09:15 INFO  ApiTestCaseModel:66 - 测试用例qs_V1_class_classDetail_classReport断言完毕！！
 返回消息体code-----0
2021-03-09 14:09:15 INFO  ApiTestCaseModel:72 - 测试用例qs_V1_class_classDetail_classReport断言完毕！！
 期待obj返回消息体8
 实际obj返回消息体8
2021-03-09 14:09:15 INFO  ApiTestCaseModel:63 - 测试用例qs_V1_class_classDetail_classRank断言完毕！！
 返回消息体msg-----成功
2021-03-09 14:09:15 INFO  ApiTestCaseModel:66 - 测试用例qs_V1_class_classDetail_classRank断言完毕！！
 返回消息体code-----0
2021-03-09 14:09:15 INFO  ApiTestCaseModel:72 - 测试用例qs_V1_class_classDetail_classRank断言完毕！！
 期待obj返回消息体1
 实际obj返回消息体1
2021-03-09 14:09:15 INFO  ApiTestCaseModel:63 - 测试用例qs_V1_class_encourage断言完毕！！
 返回消息体msg-----成功
2021-03-09 14:09:15 INFO  ApiTestCaseModel:66 - 测试用例qs_V1_class_encourage断言完毕！！
 返回消息体code-----0
2021-03-09 14:09:15 INFO  ApiTestCaseModel:69 - 返回消息obj体中为空，无需断言
2021-03-09 14:09:16 INFO  ApiTestCaseModel:63 - 测试用例qs_V1_exam_removeWrongQuesByUser断言完毕！！
 返回消息体msg-----成功
2021-03-09 14:09:16 INFO  ApiTestCaseModel:66 - 测试用例qs_V1_exam_removeWrongQuesByUser断言完毕！！
 返回消息体code-----0
2021-03-09 14:09:16 INFO  ApiTestCaseModel:72 - 测试用例qs_V1_exam_removeWrongQuesByUser断言完毕！！
 期待obj返回消息体1
 实际obj返回消息体1
2021-03-09 14:09:16 INFO  ApiTestCaseModel:63 - 测试用例qs_V1_exam_paperRecordList断言完毕！！
 返回消息体msg-----成功
2021-03-09 14:09:16 INFO  ApiTestCaseModel:66 - 测试用例qs_V1_exam_paperRecordList断言完毕！！
 返回消息体code-----0
2021-03-09 14:09:16 INFO  ApiTestCaseModel:72 - 测试用例qs_V1_exam_paperRecordList断言完毕！！
 期待obj返回消息体5
 实际obj返回消息体5
2021-03-09 14:09:16 INFO  ApiTestCaseModel:63 - 测试用例qs_V1_exam_wrongQuesByKp断言完毕！！
 返回消息体msg-----成功
2021-03-09 14:09:16 INFO  ApiTestCaseModel:66 - 测试用例qs_V1_exam_wrongQuesByKp断言完毕！！
 返回消息体code-----0
2021-03-09 14:09:16 INFO  ApiTestCaseModel:72 - 测试用例qs_V1_exam_wrongQuesByKp断言完毕！！
 期待obj返回消息体2
 实际obj返回消息体2
2021-03-09 14:09:17 INFO  ApiTestCaseModel:63 - 测试用例qs_V1_exam_smartGoToExam断言完毕！！
 返回消息体msg-----成功
2021-03-09 14:09:17 INFO  ApiTestCaseModel:66 - 测试用例qs_V1_exam_smartGoToExam断言完毕！！
 返回消息体code-----0
2021-03-09 14:09:17 INFO  ApiTestCaseModel:72 - 测试用例qs_V1_exam_smartGoToExam断言完毕！！
 期待obj返回消息体5
 实际obj返回消息体5
2021-03-09 14:09:17 INFO  ApiTestCaseModel:63 - 测试用例qs_V1_exam_cacheAnswer断言完毕！！
 返回消息体msg-----成功
2021-03-09 14:09:17 INFO  ApiTestCaseModel:66 - 测试用例qs_V1_exam_cacheAnswer断言完毕！！
 返回消息体code-----0
2021-03-09 14:09:17 INFO  ApiTestCaseModel:69 - 返回消息obj体中为空，无需断言
2021-03-09 14:09:17 INFO  ApiTestCaseModel:63 - 测试用例qs_V1_exam_correctionTypeList断言完毕！！
 返回消息体msg-----成功
2021-03-09 14:09:17 INFO  ApiTestCaseModel:66 - 测试用例qs_V1_exam_correctionTypeList断言完毕！！
 返回消息体code-----0
2021-03-09 14:09:17 INFO  ApiTestCaseModel:72 - 测试用例qs_V1_exam_correctionTypeList断言完毕！！
 期待obj返回消息体1
 实际obj返回消息体1
2021-03-09 14:09:17 INFO  ApiTestCaseModel:63 - 测试用例qs_V1_exam_subjectListByUserExtendId断言完毕！！
 返回消息体msg-----成功
2021-03-09 14:09:17 INFO  ApiTestCaseModel:66 - 测试用例qs_V1_exam_subjectListByUserExtendId断言完毕！！
 返回消息体code-----0
2021-03-09 14:09:17 INFO  ApiTestCaseModel:72 - 测试用例qs_V1_exam_subjectListByUserExtendId断言完毕！！
 期待obj返回消息体1
 实际obj返回消息体1
2021-03-09 14:09:18 INFO  ApiTestCaseModel:63 - 测试用例qs_V1_exam_getVideoPlayInfo断言完毕！！
 返回消息体msg-----成功
2021-03-09 14:09:18 INFO  ApiTestCaseModel:66 - 测试用例qs_V1_exam_getVideoPlayInfo断言完毕！！
 返回消息体code-----0
2021-03-09 14:09:18 INFO  ApiTestCaseModel:72 - 测试用例qs_V1_exam_getVideoPlayInfo断言完毕！！
 期待obj返回消息体4
 实际obj返回消息体4
2021-03-09 14:09:18 INFO  ApiTestCaseModel:63 - 测试用例qs_V1_exam_collectQues断言完毕！！
 返回消息体msg-----成功
2021-03-09 14:09:18 INFO  ApiTestCaseModel:66 - 测试用例qs_V1_exam_collectQues断言完毕！！
 返回消息体code-----0
2021-03-09 14:09:18 INFO  ApiTestCaseModel:69 - 返回消息obj体中为空，无需断言
2021-03-09 14:09:18 INFO  ApiTestCaseModel:63 - 测试用例qs_V1_exam_unCollectQues断言完毕！！
 返回消息体msg-----成功
2021-03-09 14:09:18 INFO  ApiTestCaseModel:66 - 测试用例qs_V1_exam_unCollectQues断言完毕！！
 返回消息体code-----0
2021-03-09 14:09:18 INFO  ApiTestCaseModel:69 - 返回消息obj体中为空，无需断言
2021-03-09 14:09:18 INFO  ApiTestCaseModel:63 - 测试用例qs_V1_exam_examIndex断言完毕！！
 返回消息体msg-----成功
2021-03-09 14:09:18 INFO  ApiTestCaseModel:66 - 测试用例qs_V1_exam_examIndex断言完毕！！
 返回消息体code-----0
2021-03-09 14:09:18 INFO  ApiTestCaseModel:72 - 测试用例qs_V1_exam_examIndex断言完毕！！
 期待obj返回消息体5
 实际obj返回消息体5
2021-03-09 14:09:19 INFO  ApiTestCaseModel:63 - 测试用例qs_V1_exam_smartExam断言完毕！！
 返回消息体msg-----成功
2021-03-09 14:09:19 INFO  ApiTestCaseModel:66 - 测试用例qs_V1_exam_smartExam断言完毕！！
 返回消息体code-----0
2021-03-09 14:09:19 INFO  ApiTestCaseModel:72 - 测试用例qs_V1_exam_smartExam断言完毕！！
 期待obj返回消息体3
 实际obj返回消息体3
2021-03-09 14:09:19 INFO  ApiTestCaseModel:63 - 测试用例qs_V1_exam_wrongQuesByQuesType断言完毕！！
 返回消息体msg-----成功
2021-03-09 14:09:19 INFO  ApiTestCaseModel:66 - 测试用例qs_V1_exam_wrongQuesByQuesType断言完毕！！
 返回消息体code-----0
2021-03-09 14:09:19 INFO  ApiTestCaseModel:72 - 测试用例qs_V1_exam_wrongQuesByQuesType断言完毕！！
 期待obj返回消息体2
 实际obj返回消息体2
2021-03-09 14:09:20 INFO  ApiTestCaseModel:63 - 测试用例qs_V1_exam_examAnalysis断言完毕！！
 返回消息体msg-----成功
2021-03-09 14:09:20 INFO  ApiTestCaseModel:66 - 测试用例qs_V1_exam_examAnalysis断言完毕！！
 返回消息体code-----0
2021-03-09 14:09:20 INFO  ApiTestCaseModel:72 - 测试用例qs_V1_exam_examAnalysis断言完毕！！
 期待obj返回消息体2
 实际obj返回消息体2
2021-03-09 14:09:20 INFO  ApiTestCaseModel:63 - 测试用例qs_V1_exam_wrongQuesDetail断言完毕！！
 返回消息体msg-----成功
2021-03-09 14:09:20 INFO  ApiTestCaseModel:66 - 测试用例qs_V1_exam_wrongQuesDetail断言完毕！！
 返回消息体code-----0
2021-03-09 14:09:20 INFO  ApiTestCaseModel:72 - 测试用例qs_V1_exam_wrongQuesDetail断言完毕！！
 期待obj返回消息体5
 实际obj返回消息体5
2021-03-09 14:09:20 INFO  ApiTestCaseModel:63 - 测试用例qs_V1_exam_recordView断言完毕！！
 返回消息体msg-----成功
2021-03-09 14:09:20 INFO  ApiTestCaseModel:66 - 测试用例qs_V1_exam_recordView断言完毕！！
 返回消息体code-----0
2021-03-09 14:09:20 INFO  ApiTestCaseModel:72 - 测试用例qs_V1_exam_recordView断言完毕！！
 期待obj返回消息体15
 实际obj返回消息体15
2021-03-09 14:09:20 INFO  ApiTestCaseModel:63 - 测试用例qs_V1_exam_collectQues断言完毕！！
 返回消息体msg-----成功
2021-03-09 14:09:21 INFO  ApiTestCaseModel:66 - 测试用例qs_V1_exam_collectQues断言完毕！！
 返回消息体code-----0
2021-03-09 14:09:21 INFO  ApiTestCaseModel:69 - 返回消息obj体中为空，无需断言
2021-03-09 14:09:21 INFO  ApiTestCaseModel:63 - 测试用例qs_V1_exam_unCollectQues断言完毕！！
 返回消息体msg-----成功
2021-03-09 14:09:21 INFO  ApiTestCaseModel:66 - 测试用例qs_V1_exam_unCollectQues断言完毕！！
 返回消息体code-----0
2021-03-09 14:09:21 INFO  ApiTestCaseModel:69 - 返回消息obj体中为空，无需断言
2021-03-09 14:09:21 INFO  ApiTestCaseModel:63 - 测试用例qs_V1_exam_goToExam断言完毕！！
 返回消息体msg-----成功
2021-03-09 14:09:21 INFO  ApiTestCaseModel:66 - 测试用例qs_V1_exam_goToExam断言完毕！！
 返回消息体code-----0
2021-03-09 14:09:21 INFO  ApiTestCaseModel:72 - 测试用例qs_V1_exam_goToExam断言完毕！！
 期待obj返回消息体5
 实际obj返回消息体5
2021-03-09 14:09:21 INFO  ApiTestCaseModel:63 - 测试用例qs_V1_exam_paperListByPaperType断言完毕！！
 返回消息体msg-----成功
2021-03-09 14:09:21 INFO  ApiTestCaseModel:66 - 测试用例qs_V1_exam_paperListByPaperType断言完毕！！
 返回消息体code-----0
2021-03-09 14:09:21 INFO  ApiTestCaseModel:72 - 测试用例qs_V1_exam_paperListByPaperType断言完毕！！
 期待obj返回消息体1
 实际obj返回消息体1
2021-03-09 14:09:22 INFO  ApiTestCaseModel:63 - 测试用例qs_V1_exam_questionInfo断言完毕！！
 返回消息体msg-----成功
2021-03-09 14:09:22 INFO  ApiTestCaseModel:66 - 测试用例qs_V1_exam_questionInfo断言完毕！！
 返回消息体code-----0
2021-03-09 14:09:22 INFO  ApiTestCaseModel:72 - 测试用例qs_V1_exam_questionInfo断言完毕！！
 期待obj返回消息体2
 实际obj返回消息体2
2021-03-09 14:09:22 INFO  ApiTestCaseModel:63 - 测试用例qs_V1_commentLable_commentLableList断言完毕！！
 返回消息体msg-----成功
2021-03-09 14:09:22 INFO  ApiTestCaseModel:66 - 测试用例qs_V1_commentLable_commentLableList断言完毕！！
 返回消息体code-----0
2021-03-09 14:09:22 INFO  ApiTestCaseModel:72 - 测试用例qs_V1_commentLable_commentLableList断言完毕！！
 期待obj返回消息体2
 实际obj返回消息体2
2021-03-09 14:09:22 INFO  ApiTestCaseModel:63 - 测试用例qs_V1_setting_learnProgress断言完毕！！
 返回消息体msg-----成功
2021-03-09 14:09:22 INFO  ApiTestCaseModel:66 - 测试用例qs_V1_setting_learnProgress断言完毕！！
 返回消息体code-----0
2021-03-09 14:09:22 INFO  ApiTestCaseModel:72 - 测试用例qs_V1_setting_learnProgress断言完毕！！
 期待obj返回消息体2
 实际obj返回消息体2
2021-03-09 14:09:22 INFO  ApiTestCaseModel:63 - 测试用例qs_V1_setting_learnPlanSwitch断言完毕！！
 返回消息体msg-----成功
2021-03-09 14:09:22 INFO  ApiTestCaseModel:66 - 测试用例qs_V1_setting_learnPlanSwitch断言完毕！！
 返回消息体code-----0
2021-03-09 14:09:22 INFO  ApiTestCaseModel:72 - 测试用例qs_V1_setting_learnPlanSwitch断言完毕！！
 期待obj返回消息体2
 实际obj返回消息体2
2021-03-09 14:09:22 INFO  ApiTestCaseModel:63 - 测试用例qs_V1_setting_switchTeacher断言完毕！！
 返回消息体msg-----成功
2021-03-09 14:09:22 INFO  ApiTestCaseModel:66 - 测试用例qs_V1_setting_switchTeacher断言完毕！！
 返回消息体code-----0
2021-03-09 14:09:22 INFO  ApiTestCaseModel:72 - 测试用例qs_V1_setting_switchTeacher断言完毕！！
 期待obj返回消息体1
 实际obj返回消息体1
2021-03-09 14:09:23 INFO  ApiTestCaseModel:63 - 测试用例qs_V1_setting_classSwitch断言完毕！！
 返回消息体msg-----成功
2021-03-09 14:09:23 INFO  ApiTestCaseModel:66 - 测试用例qs_V1_setting_classSwitch断言完毕！！
 返回消息体code-----0
2021-03-09 14:09:23 INFO  ApiTestCaseModel:72 - 测试用例qs_V1_setting_classSwitch断言完毕！！
 期待obj返回消息体1
 实际obj返回消息体1
2021-03-09 14:09:23 INFO  ApiTestCaseModel:63 - 测试用例qs_V1_setting_learnPlanSwitchSubmit断言完毕！！
 返回消息体msg-----成功
2021-03-09 14:09:23 INFO  ApiTestCaseModel:66 - 测试用例qs_V1_setting_learnPlanSwitchSubmit断言完毕！！
 返回消息体code-----0
2021-03-09 14:09:23 INFO  ApiTestCaseModel:69 - 返回消息obj体中为空，无需断言
2021-03-09 14:09:23 INFO  ApiTestCaseModel:63 - 测试用例qs_V1_setting_learnTime断言完毕！！
 返回消息体msg-----成功
2021-03-09 14:09:23 INFO  ApiTestCaseModel:66 - 测试用例qs_V1_setting_learnTime断言完毕！！
 返回消息体code-----0
2021-03-09 14:09:23 INFO  ApiTestCaseModel:72 - 测试用例qs_V1_setting_learnTime断言完毕！！
 期待obj返回消息体3
 实际obj返回消息体3
2021-03-09 14:09:24 INFO  ApiTestCaseModel:63 - 测试用例qs_V1_setting_learnCycleSubmit断言完毕！！
 返回消息体msg-----成功
2021-03-09 14:09:24 INFO  ApiTestCaseModel:66 - 测试用例qs_V1_setting_learnCycleSubmit断言完毕！！
 返回消息体code-----0
2021-03-09 14:09:24 INFO  ApiTestCaseModel:69 - 返回消息obj体中为空，无需断言
2021-03-09 14:09:24 INFO  ApiTestCaseModel:63 - 测试用例qs_V1_setting_learnMethodSubmit断言完毕！！
 返回消息体msg-----成功
2021-03-09 14:09:24 INFO  ApiTestCaseModel:66 - 测试用例qs_V1_setting_learnMethodSubmit断言完毕！！
 返回消息体code-----0
2021-03-09 14:09:24 INFO  ApiTestCaseModel:69 - 返回消息obj体中为空，无需断言
2021-03-09 14:09:24 INFO  ApiTestCaseModel:63 - 测试用例qs_V1_setting_restCycleSubmit断言完毕！！
 返回消息体msg-----成功
2021-03-09 14:09:24 INFO  ApiTestCaseModel:66 - 测试用例qs_V1_setting_restCycleSubmit断言完毕！！
 返回消息体code-----0
2021-03-09 14:09:24 INFO  ApiTestCaseModel:69 - 返回消息obj体中为空，无需断言
2021-03-09 14:09:24 INFO  ApiTestCaseModel:63 - 测试用例qs_V1_setting_learnMethod断言完毕！！
 返回消息体msg-----成功
2021-03-09 14:09:24 INFO  ApiTestCaseModel:66 - 测试用例qs_V1_setting_learnMethod断言完毕！！
 返回消息体code-----0
2021-03-09 14:09:24 INFO  ApiTestCaseModel:72 - 测试用例qs_V1_setting_learnMethod断言完毕！！
 期待obj返回消息体3
 实际obj返回消息体3
2021-03-09 14:09:25 INFO  ApiTestCaseModel:63 - 测试用例qs_V1_setting_index断言完毕！！
 返回消息体msg-----成功
2021-03-09 14:09:25 INFO  ApiTestCaseModel:66 - 测试用例qs_V1_setting_index断言完毕！！
 返回消息体code-----0
2021-03-09 14:09:25 INFO  ApiTestCaseModel:72 - 测试用例qs_V1_setting_index断言完毕！！
 期待obj返回消息体2
 实际obj返回消息体2
2021-03-09 14:09:25 INFO  ApiTestCaseModel:63 - 测试用例qs_V1_setting_autoCache断言完毕！！
 返回消息体msg-----成功
2021-03-09 14:09:25 INFO  ApiTestCaseModel:66 - 测试用例qs_V1_setting_autoCache断言完毕！！
 返回消息体code-----0
2021-03-09 14:09:25 INFO  ApiTestCaseModel:72 - 测试用例qs_V1_setting_autoCache断言完毕！！
 期待obj返回消息体1
 实际obj返回消息体1
2021-03-09 14:09:25 INFO  ApiTestCaseModel:63 - 测试用例qs_V1_setting_switchTeacherSubmit断言完毕！！
 返回消息体msg-----成功
2021-03-09 14:09:25 INFO  ApiTestCaseModel:66 - 测试用例qs_V1_setting_switchTeacherSubmit断言完毕！！
 返回消息体code-----0
2021-03-09 14:09:25 INFO  ApiTestCaseModel:69 - 返回消息obj体中为空，无需断言
2021-03-09 14:09:25 INFO  ApiTestCaseModel:63 - 测试用例qs_V1_setting_classSwitchSubmit断言完毕！！
 返回消息体msg-----成功
2021-03-09 14:09:25 INFO  ApiTestCaseModel:66 - 测试用例qs_V1_setting_classSwitchSubmit断言完毕！！
 返回消息体code-----0
2021-03-09 14:09:25 INFO  ApiTestCaseModel:69 - 返回消息obj体中为空，无需断言
2021-03-09 14:09:26 INFO  ApiTestCaseModel:63 - 测试用例qs_V1_setting_learnProgressSubmit断言完毕！！
 返回消息体msg-----成功
2021-03-09 14:09:26 INFO  ApiTestCaseModel:66 - 测试用例qs_V1_setting_learnProgressSubmit断言完毕！！
 返回消息体code-----0
2021-03-09 14:09:26 INFO  ApiTestCaseModel:69 - 返回消息obj体中为空，无需断言
2021-03-09 14:09:26 INFO  ApiTestCaseModel:63 - 测试用例qs_V1_replyComment_getCommentView断言完毕！！
 返回消息体msg-----成功
2021-03-09 14:09:26 INFO  ApiTestCaseModel:66 - 测试用例qs_V1_replyComment_getCommentView断言完毕！！
 返回消息体code-----0
2021-03-09 14:09:26 INFO  ApiTestCaseModel:72 - 测试用例qs_V1_replyComment_getCommentView断言完毕！！
 期待obj返回消息体4
 实际obj返回消息体4
2021-03-09 14:09:26 INFO  ApiTestCaseModel:63 - 测试用例qs_V1_replyComment_submitComment断言完毕！！
 返回消息体msg-----成功
2021-03-09 14:09:26 INFO  ApiTestCaseModel:66 - 测试用例qs_V1_replyComment_submitComment断言完毕！！
 返回消息体code-----0
2021-03-09 14:09:26 INFO  ApiTestCaseModel:69 - 返回消息obj体中为空，无需断言
2021-03-09 14:09:26 INFO  ApiTestCaseModel:63 - 测试用例qs_V2_study_startStudyQues断言完毕！！
 返回消息体msg-----成功
2021-03-09 14:09:26 INFO  ApiTestCaseModel:66 - 测试用例qs_V2_study_startStudyQues断言完毕！！
 返回消息体code-----0
2021-03-09 14:09:26 INFO  ApiTestCaseModel:72 - 测试用例qs_V2_study_startStudyQues断言完毕！！
 期待obj返回消息体2
 实际obj返回消息体2
2021-03-09 14:09:27 INFO  ApiTestCaseModel:63 - 测试用例qs_V2_course_courseByLectureId断言完毕！！
 返回消息体msg-----成功
2021-03-09 14:09:27 INFO  ApiTestCaseModel:66 - 测试用例qs_V2_course_courseByLectureId断言完毕！！
 返回消息体code-----0
2021-03-09 14:09:27 INFO  ApiTestCaseModel:72 - 测试用例qs_V2_course_courseByLectureId断言完毕！！
 期待obj返回消息体7
 实际obj返回消息体7
2021-03-09 14:09:27 INFO  ApiTestCaseModel:63 - 测试用例qs_V2_activation_submitQues断言完毕！！
 返回消息体msg-----成功
2021-03-09 14:09:27 INFO  ApiTestCaseModel:66 - 测试用例qs_V2_activation_submitQues断言完毕！！
 返回消息体code-----0
2021-03-09 14:09:27 INFO  ApiTestCaseModel:72 - 测试用例qs_V2_activation_submitQues断言完毕！！
 期待obj返回消息体4
 实际obj返回消息体4
2021-03-09 14:09:27 INFO  ApiTestCaseModel:63 - 测试用例qs_V2_activation_questionsAndAnswers断言完毕！！
 返回消息体msg-----成功
2021-03-09 14:09:27 INFO  ApiTestCaseModel:66 - 测试用例qs_V2_activation_questionsAndAnswers断言完毕！！
 返回消息体code-----0
2021-03-09 14:09:27 INFO  ApiTestCaseModel:72 - 测试用例qs_V2_activation_questionsAndAnswers断言完毕！！
 期待obj返回消息体3
 实际obj返回消息体3
2021-03-09 14:09:27 INFO  ApiTestCaseModel:63 - 测试用例qs_V2_knowledgePoint_unlockKpList断言完毕！！
 返回消息体msg-----成功
2021-03-09 14:09:27 INFO  ApiTestCaseModel:66 - 测试用例qs_V2_knowledgePoint_unlockKpList断言完毕！！
 返回消息体code-----0
2021-03-09 14:09:28 INFO  ApiTestCaseModel:72 - 测试用例qs_V2_knowledgePoint_unlockKpList断言完毕！！
 期待obj返回消息体3
 实际obj返回消息体3
2021-03-09 14:09:28 INFO  ApiTestCaseModel:63 - 测试用例qs_V2_knowledgePoint_kpDetailListByKpIds断言完毕！！
 返回消息体msg-----成功
2021-03-09 14:09:28 INFO  ApiTestCaseModel:66 - 测试用例qs_V2_knowledgePoint_kpDetailListByKpIds断言完毕！！
 返回消息体code-----0
2021-03-09 14:09:28 INFO  ApiTestCaseModel:72 - 测试用例qs_V2_knowledgePoint_kpDetailListByKpIds断言完毕！！
 期待obj返回消息体1
 实际obj返回消息体1
2021-03-09 14:09:28 INFO  ApiTestCaseModel:63 - 测试用例qs_V2_class_index断言完毕！！
 返回消息体msg-----成功
2021-03-09 14:09:28 INFO  ApiTestCaseModel:66 - 测试用例qs_V2_class_index断言完毕！！
 返回消息体code-----0
2021-03-09 14:09:28 INFO  ApiTestCaseModel:72 - 测试用例qs_V2_class_index断言完毕！！
 期待obj返回消息体4
 实际obj返回消息体4
2021-03-09 14:09:28 INFO  ApiTestCaseModel:63 - 测试用例qs_V2_exam_recordView断言完毕！！
 返回消息体msg-----成功
2021-03-09 14:09:28 INFO  ApiTestCaseModel:66 - 测试用例qs_V2_exam_recordView断言完毕！！
 返回消息体code-----0
2021-03-09 14:09:28 INFO  ApiTestCaseModel:72 - 测试用例qs_V2_exam_recordView断言完毕！！
 期待obj返回消息体15
 实际obj返回消息体15
2021-03-09 14:09:29 INFO  ApiTestCaseModel:63 - 测试用例qs_V2_exam_goToExam断言完毕！！
 返回消息体msg-----成功
2021-03-09 14:09:29 INFO  ApiTestCaseModel:66 - 测试用例qs_V2_exam_goToExam断言完毕！！
 返回消息体code-----0
2021-03-09 14:09:29 INFO  ApiTestCaseModel:72 - 测试用例qs_V2_exam_goToExam断言完毕！！
 期待obj返回消息体5
 实际obj返回消息体5
2021-03-09 14:09:29 INFO  ApiTestCaseModel:63 - 测试用例qs_V2_setting_switchTeacher断言完毕！！
 返回消息体msg-----成功
2021-03-09 14:09:29 INFO  ApiTestCaseModel:66 - 测试用例qs_V2_setting_switchTeacher断言完毕！！
 返回消息体code-----0
2021-03-09 14:09:29 INFO  ApiTestCaseModel:72 - 测试用例qs_V2_setting_switchTeacher断言完毕！！
 期待obj返回消息体1
 实际obj返回消息体1
2021-03-09 14:09:29 INFO  ApiTestCaseModel:63 - 测试用例qs_V3_study_updateStudyStatusAndChatRecord断言完毕！！
 返回消息体msg-----成功
2021-03-09 14:09:29 INFO  ApiTestCaseModel:66 - 测试用例qs_V3_study_updateStudyStatusAndChatRecord断言完毕！！
 返回消息体code-----0
2021-03-09 14:09:29 INFO  ApiTestCaseModel:72 - 测试用例qs_V3_study_updateStudyStatusAndChatRecord断言完毕！！
 期待obj返回消息体0
 实际obj返回消息体0
2021-03-09 14:09:29 INFO  ApiTestCaseModel:63 - 测试用例qs_V3_study_startStudyQues断言完毕！！
 返回消息体msg-----成功
2021-03-09 14:09:29 INFO  ApiTestCaseModel:66 - 测试用例qs_V3_study_startStudyQues断言完毕！！
 返回消息体code-----0
2021-03-09 14:09:29 INFO  ApiTestCaseModel:72 - 测试用例qs_V3_study_startStudyQues断言完毕！！
 期待obj返回消息体2
 实际obj返回消息体2
2021-03-09 14:09:30 INFO  ApiTestCaseModel:63 - 测试用例qs_V3_study_startStudyAnswer断言完毕！！
 返回消息体msg-----成功
2021-03-09 14:09:30 INFO  ApiTestCaseModel:66 - 测试用例qs_V3_study_startStudyAnswer断言完毕！！
 返回消息体code-----0
2021-03-09 14:09:30 INFO  ApiTestCaseModel:72 - 测试用例qs_V3_study_startStudyAnswer断言完毕！！
 期待obj返回消息体2
 实际obj返回消息体2
2021-03-09 14:09:30 INFO  ApiTestCaseModel:63 - 测试用例qs_V3_study_index断言完毕！！
 返回消息体msg-----成功
2021-03-09 14:09:30 INFO  ApiTestCaseModel:66 - 测试用例qs_V3_study_index断言完毕！！
 返回消息体code-----0
2021-03-09 14:09:30 INFO  ApiTestCaseModel:72 - 测试用例qs_V3_study_index断言完毕！！
 期待obj返回消息体3
 实际obj返回消息体3
2021-03-09 14:09:30 INFO  ApiTestCaseModel:63 - 测试用例qs_V3_curriculum_classSchedule断言完毕！！
 返回消息体msg-----成功
2021-03-09 14:09:30 INFO  ApiTestCaseModel:66 - 测试用例qs_V3_curriculum_classSchedule断言完毕！！
 返回消息体code-----0
2021-03-09 14:09:30 INFO  ApiTestCaseModel:69 - 返回消息obj体中为空，无需断言
2021-03-09 14:09:30 INFO  ApiTestCaseModel:63 - 测试用例qs_V3_curriculum_dayList断言完毕！！
 返回消息体msg-----成功
2021-03-09 14:09:30 INFO  ApiTestCaseModel:66 - 测试用例qs_V3_curriculum_dayList断言完毕！！
 返回消息体code-----0
2021-03-09 14:09:30 INFO  ApiTestCaseModel:72 - 测试用例qs_V3_curriculum_dayList断言完毕！！
 期待obj返回消息体1
 实际obj返回消息体1
2021-03-09 14:09:30 INFO  ApiTestCaseModel:63 - 测试用例qs_V3_marketingMessage_getMarketingMessageDetail断言完毕！！
 返回消息体msg-----成功
2021-03-09 14:09:30 INFO  ApiTestCaseModel:66 - 测试用例qs_V3_marketingMessage_getMarketingMessageDetail断言完毕！！
 返回消息体code-----0
2021-03-09 14:09:30 INFO  ApiTestCaseModel:72 - 测试用例qs_V3_marketingMessage_getMarketingMessageDetail断言完毕！！
 期待obj返回消息体3
 实际obj返回消息体3
2021-03-09 14:09:30 INFO  ApiTestCaseModel:63 - 测试用例qs_V3_shop_redeemNow断言完毕！！
 返回消息体msg-----成功
2021-03-09 14:09:30 INFO  ApiTestCaseModel:66 - 测试用例qs_V3_shop_redeemNow断言完毕！！
 返回消息体code-----0
2021-03-09 14:09:30 INFO  ApiTestCaseModel:72 - 测试用例qs_V3_shop_redeemNow断言完毕！！
 期待obj返回消息体5
 实际obj返回消息体5
2021-03-09 14:09:31 INFO  ApiTestCaseModel:63 - 测试用例qs_V3_shop_index断言完毕！！
 返回消息体msg-----成功
2021-03-09 14:09:31 INFO  ApiTestCaseModel:66 - 测试用例qs_V3_shop_index断言完毕！！
 返回消息体code-----0
2021-03-09 14:09:31 INFO  ApiTestCaseModel:72 - 测试用例qs_V3_shop_index断言完毕！！
 期待obj返回消息体6
 实际obj返回消息体6
2021-03-09 14:09:31 INFO  ApiTestCaseModel:63 - 测试用例qs_V3_shop_redeemRecords断言完毕！！
 返回消息体msg-----成功
2021-03-09 14:09:31 INFO  ApiTestCaseModel:66 - 测试用例qs_V3_shop_redeemRecords断言完毕！！
 返回消息体code-----0
2021-03-09 14:09:32 INFO  ApiTestCaseModel:63 - 测试用例qs_V3_shop_confirmRedemption断言完毕！！
 返回消息体msg-----成功
2021-03-09 14:09:32 INFO  ApiTestCaseModel:66 - 测试用例qs_V3_shop_confirmRedemption断言完毕！！
 返回消息体code-----0
2021-03-09 14:09:32 INFO  ApiTestCaseModel:72 - 测试用例qs_V3_shop_confirmRedemption断言完毕！！
 期待obj返回消息体3
 实际obj返回消息体3
2021-03-09 14:09:32 INFO  ApiTestCaseModel:63 - 测试用例qs_V3_chatRecord_chatRecordList断言完毕！！
 返回消息体msg-----成功
2021-03-09 14:09:32 INFO  ApiTestCaseModel:66 - 测试用例qs_V3_chatRecord_chatRecordList断言完毕！！
 返回消息体code-----0
2021-03-09 14:09:32 INFO  ApiTestCaseModel:72 - 测试用例qs_V3_chatRecord_chatRecordList断言完毕！！
 期待obj返回消息体5
 实际obj返回消息体5
2021-03-09 14:09:32 INFO  ApiTestCaseModel:63 - 测试用例qs_V3_task_voucherData断言完毕！！
 返回消息体msg-----成功
2021-03-09 14:09:32 INFO  ApiTestCaseModel:66 - 测试用例qs_V3_task_voucherData断言完毕！！
 返回消息体code-----0
2021-03-09 14:09:32 INFO  ApiTestCaseModel:72 - 测试用例qs_V3_task_voucherData断言完毕！！
 期待obj返回消息体6
 实际obj返回消息体6
2021-03-09 14:09:32 INFO  ApiTestCaseModel:63 - 测试用例qs_V3_task_creditData断言完毕！！
 返回消息体msg-----成功
2021-03-09 14:09:32 INFO  ApiTestCaseModel:66 - 测试用例qs_V3_task_creditData断言完毕！！
 返回消息体code-----0
2021-03-09 14:09:32 INFO  ApiTestCaseModel:72 - 测试用例qs_V3_task_creditData断言完毕！！
 期待obj返回消息体6
 实际obj返回消息体6
2021-03-09 14:09:33 INFO  ApiTestCaseModel:63 - 测试用例qs_V3_class_classDetail_classData断言完毕！！
 返回消息体msg-----成功
2021-03-09 14:09:33 INFO  ApiTestCaseModel:66 - 测试用例qs_V3_class_classDetail_classData断言完毕！！
 返回消息体code-----0
2021-03-09 14:09:33 INFO  ApiTestCaseModel:72 - 测试用例qs_V3_class_classDetail_classData断言完毕！！
 期待obj返回消息体5
 实际obj返回消息体5
2021-03-09 14:09:33 INFO  ApiTestCaseModel:63 - 测试用例qs_V3_setting_renewActive断言完毕！！
 返回消息体msg-----成功
2021-03-09 14:09:33 INFO  ApiTestCaseModel:66 - 测试用例qs_V3_setting_renewActive断言完毕！！
 返回消息体code-----0
2021-03-09 14:15:37 INFO  ApiTestCaseModel:63 - 测试用例qs_V1_study_startStudyQues断言完毕！！
 返回消息体msg-----成功
2021-03-09 14:15:37 INFO  ApiTestCaseModel:66 - 测试用例qs_V1_study_startStudyQues断言完毕！！
 返回消息体code-----0
2021-03-09 14:15:37 INFO  ApiTestCaseModel:72 - 测试用例qs_V1_study_startStudyQues断言完毕！！
 期待obj返回消息体1
 实际obj返回消息体1
2021-03-09 14:15:37 INFO  ApiTestCaseModel:63 - 测试用例qs_V1_study_index断言完毕！！
 返回消息体msg-----成功
2021-03-09 14:15:37 INFO  ApiTestCaseModel:66 - 测试用例qs_V1_study_index断言完毕！！
 返回消息体code-----0
2021-03-09 14:15:37 INFO  ApiTestCaseModel:72 - 测试用例qs_V1_study_index断言完毕！！
 期待obj返回消息体3
 实际obj返回消息体3
2021-03-09 14:15:38 INFO  ApiTestCaseModel:63 - 测试用例qs_V1_study_getTodayLecture断言完毕！！
 返回消息体msg-----成功
2021-03-09 14:15:38 INFO  ApiTestCaseModel:66 - 测试用例qs_V1_study_getTodayLecture断言完毕！！
 返回消息体code-----0
2021-03-09 14:15:38 INFO  ApiTestCaseModel:72 - 测试用例qs_V1_study_getTodayLecture断言完毕！！
 期待obj返回消息体1
 实际obj返回消息体1
2021-03-09 14:15:38 INFO  ApiTestCaseModel:63 - 测试用例qs_V1_study_systemStatus断言完毕！！
 返回消息体msg-----成功
2021-03-09 14:15:38 INFO  ApiTestCaseModel:66 - 测试用例qs_V1_study_systemStatus断言完毕！！
 返回消息体code-----0
2021-03-09 14:15:38 INFO  ApiTestCaseModel:72 - 测试用例qs_V1_study_systemStatus断言完毕！！
 期待obj返回消息体9
 实际obj返回消息体9
2021-03-09 14:15:39 INFO  ApiTestCaseModel:63 - 测试用例qs_V1_study_shareStudyReport断言完毕！！
 返回消息体msg-----成功
2021-03-09 14:15:39 INFO  ApiTestCaseModel:66 - 测试用例qs_V1_study_shareStudyReport断言完毕！！
 返回消息体code-----0
2021-03-09 14:15:39 INFO  ApiTestCaseModel:72 - 测试用例qs_V1_study_shareStudyReport断言完毕！！
 期待obj返回消息体1
 实际obj返回消息体1
2021-03-09 14:15:39 INFO  ApiTestCaseModel:63 - 测试用例qs_V1_study_startStudyAnswer断言完毕！！
 返回消息体msg-----成功
2021-03-09 14:15:39 INFO  ApiTestCaseModel:66 - 测试用例qs_V1_study_startStudyAnswer断言完毕！！
 返回消息体code-----0
2021-03-09 14:15:39 INFO  ApiTestCaseModel:72 - 测试用例qs_V1_study_startStudyAnswer断言完毕！！
 期待obj返回消息体2
 实际obj返回消息体2
2021-03-09 14:15:40 INFO  ApiTestCaseModel:63 - 测试用例qs_V1_course_courseTimeConfig断言完毕！！
 返回消息体msg-----成功
2021-03-09 14:15:40 INFO  ApiTestCaseModel:66 - 测试用例qs_V1_course_courseTimeConfig断言完毕！！
 返回消息体code-----0
2021-03-09 14:15:40 INFO  ApiTestCaseModel:72 - 测试用例qs_V1_course_courseTimeConfig断言完毕！！
 期待obj返回消息体2
 实际obj返回消息体2
2021-03-09 14:15:40 INFO  ApiTestCaseModel:63 - 测试用例qs_V1_course_resetRoomUserStatus断言完毕！！
 返回消息体msg-----成功
2021-03-09 14:15:40 INFO  ApiTestCaseModel:66 - 测试用例qs_V1_course_resetRoomUserStatus断言完毕！！
 返回消息体code-----0
2021-03-09 14:15:40 INFO  ApiTestCaseModel:69 - 返回消息obj体中为空，无需断言
2021-03-09 14:15:40 INFO  ApiTestCaseModel:63 - 测试用例qs_V1_course_courseByKpId断言完毕！！
 返回消息体msg-----成功
2021-03-09 14:15:40 INFO  ApiTestCaseModel:66 - 测试用例qs_V1_course_courseByKpId断言完毕！！
 返回消息体code-----0
2021-03-09 14:15:40 INFO  ApiTestCaseModel:72 - 测试用例qs_V1_course_courseByKpId断言完毕！！
 期待obj返回消息体8
 实际obj返回消息体8
2021-03-09 14:15:41 INFO  ApiTestCaseModel:63 - 测试用例qs_V1_course_courseByLectureId断言完毕！！
 返回消息体msg-----成功
2021-03-09 14:15:41 INFO  ApiTestCaseModel:66 - 测试用例qs_V1_course_courseByLectureId断言完毕！！
 返回消息体code-----0
2021-03-09 14:15:41 INFO  ApiTestCaseModel:72 - 测试用例qs_V1_course_courseByLectureId断言完毕！！
 期待obj返回消息体7
 实际obj返回消息体7
2021-03-09 14:15:41 INFO  ApiTestCaseModel:63 - 测试用例qs_V1_course_teacherListByLectureId断言完毕！！
 返回消息体msg-----成功
2021-03-09 14:15:41 INFO  ApiTestCaseModel:66 - 测试用例qs_V1_course_teacherListByLectureId断言完毕！！
 返回消息体code-----0
2021-03-09 14:15:41 INFO  ApiTestCaseModel:72 - 测试用例qs_V1_course_teacherListByLectureId断言完毕！！
 期待obj返回消息体1
 实际obj返回消息体1
2021-03-09 14:15:41 INFO  ApiTestCaseModel:63 - 测试用例qs_V1_course_doShareRoom断言完毕！！
 返回消息体msg-----成功
2021-03-09 14:15:41 INFO  ApiTestCaseModel:66 - 测试用例qs_V1_course_doShareRoom断言完毕！！
 返回消息体code-----0
2021-03-09 14:15:41 INFO  ApiTestCaseModel:69 - 返回消息obj体中为空，无需断言
2021-03-09 14:15:42 INFO  ApiTestCaseModel:63 - 测试用例qs_V1_course_submitTimeConfigAnswer断言完毕！！
 返回消息体msg-----成功
2021-03-09 14:15:42 INFO  ApiTestCaseModel:66 - 测试用例qs_V1_course_submitTimeConfigAnswer断言完毕！！
 返回消息体code-----0
2021-03-09 14:15:42 INFO  ApiTestCaseModel:69 - 返回消息obj体中为空，无需断言
2021-03-09 14:15:42 INFO  ApiTestCaseModel:63 - 测试用例qs_V1_course_genUserSign断言完毕！！
 返回消息体msg-----成功
2021-03-09 14:15:42 INFO  ApiTestCaseModel:66 - 测试用例qs_V1_course_genUserSign断言完毕！！
 返回消息体code-----0
2021-03-09 14:15:42 INFO  ApiTestCaseModel:72 - 测试用例qs_V1_course_genUserSign断言完毕！！
 期待obj返回消息体1
 实际obj返回消息体1
2021-03-09 14:15:43 INFO  ApiTestCaseModel:63 - 测试用例qs_V1_course_getLecturePlayInfoByRoomId断言完毕！！
 返回消息体msg-----成功
2021-03-09 14:15:43 INFO  ApiTestCaseModel:66 - 测试用例qs_V1_course_getLecturePlayInfoByRoomId断言完毕！！
 返回消息体code-----0
2021-03-09 14:15:43 INFO  ApiTestCaseModel:72 - 测试用例qs_V1_course_getLecturePlayInfoByRoomId断言完毕！！
 期待obj返回消息体19
 实际obj返回消息体19
2021-03-09 14:15:43 INFO  ApiTestCaseModel:63 - 测试用例qs_V1_course_lectureVideoInfo断言完毕！！
 返回消息体msg-----成功
2021-03-09 14:15:43 INFO  ApiTestCaseModel:66 - 测试用例qs_V1_course_lectureVideoInfo断言完毕！！
 返回消息体code-----0
2021-03-09 14:15:43 INFO  ApiTestCaseModel:72 - 测试用例qs_V1_course_lectureVideoInfo断言完毕！！
 期待obj返回消息体6
 实际obj返回消息体6
2021-03-09 14:15:44 INFO  ApiTestCaseModel:63 - 测试用例qs_V1_course_kpCardByLectureId断言完毕！！
 返回消息体msg-----成功
2021-03-09 14:15:44 INFO  ApiTestCaseModel:66 - 测试用例qs_V1_course_kpCardByLectureId断言完毕！！
 返回消息体code-----0
2021-03-09 14:15:44 INFO  ApiTestCaseModel:72 - 测试用例qs_V1_course_kpCardByLectureId断言完毕！！
 期待obj返回消息体1
 实际obj返回消息体1
2021-03-09 14:15:44 INFO  ApiTestCaseModel:63 - 测试用例qs_V1_course_roomListByLectureIds断言完毕！！
 返回消息体msg-----成功
2021-03-09 14:15:44 INFO  ApiTestCaseModel:66 - 测试用例qs_V1_course_roomListByLectureIds断言完毕！！
 返回消息体code-----0
2021-03-09 14:15:44 INFO  ApiTestCaseModel:72 - 测试用例qs_V1_course_roomListByLectureIds断言完毕！！
 期待obj返回消息体1
 实际obj返回消息体1
2021-03-09 14:15:44 INFO  ApiTestCaseModel:63 - 测试用例qs_V1_course_courseHandoutByLectureId断言完毕！！
 返回消息体msg-----成功
2021-03-09 14:15:44 INFO  ApiTestCaseModel:66 - 测试用例qs_V1_course_courseHandoutByLectureId断言完毕！！
 返回消息体code-----0
2021-03-09 14:15:44 INFO  ApiTestCaseModel:72 - 测试用例qs_V1_course_courseHandoutByLectureId断言完毕！！
 期待obj返回消息体7
 实际obj返回消息体7
2021-03-09 14:15:44 INFO  ApiTestCaseModel:63 - 测试用例qs_V1_course_syncTimeConfig断言完毕！！
 返回消息体msg-----成功
2021-03-09 14:15:44 INFO  ApiTestCaseModel:66 - 测试用例qs_V1_course_syncTimeConfig断言完毕！！
 返回消息体code-----0
2021-03-09 14:15:44 INFO  ApiTestCaseModel:69 - 返回消息obj体中为空，无需断言
2021-03-09 14:15:45 INFO  ApiTestCaseModel:63 - 测试用例qs_V1_course_syncCourseRecord断言完毕！！
 返回消息体msg-----成功
2021-03-09 14:15:45 INFO  ApiTestCaseModel:66 - 测试用例qs_V1_course_syncCourseRecord断言完毕！！
 返回消息体code-----0
2021-03-09 14:15:45 INFO  ApiTestCaseModel:69 - 返回消息obj体中为空，无需断言
2021-03-09 14:15:47 INFO  ApiTestCaseModel:63 - 测试用例qs_V1_course_createRoom断言完毕！！
 返回消息体msg-----成功
2021-03-09 14:15:47 INFO  ApiTestCaseModel:66 - 测试用例qs_V1_course_createRoom断言完毕！！
 返回消息体code-----0
2021-03-09 14:15:47 INFO  ApiTestCaseModel:72 - 测试用例qs_V1_course_createRoom断言完毕！！
 期待obj返回消息体6
 实际obj返回消息体6
2021-03-09 14:15:47 INFO  ApiTestCaseModel:63 - 测试用例qs_V1_course_lectureVideoInfoWithLog断言完毕！！
 返回消息体msg-----成功
2021-03-09 14:15:47 INFO  ApiTestCaseModel:66 - 测试用例qs_V1_course_lectureVideoInfoWithLog断言完毕！！
 返回消息体code-----0
2021-03-09 14:15:47 INFO  ApiTestCaseModel:72 - 测试用例qs_V1_course_lectureVideoInfoWithLog断言完毕！！
 期待obj返回消息体4
 实际obj返回消息体4
2021-03-09 14:15:47 INFO  ApiTestCaseModel:63 - 测试用例qs_V1_solve_solveDetail断言完毕！！
 返回消息体msg-----成功
2021-03-09 14:15:47 INFO  ApiTestCaseModel:66 - 测试用例qs_V1_solve_solveDetail断言完毕！！
 返回消息体code-----0
2021-03-09 14:15:47 INFO  ApiTestCaseModel:72 - 测试用例qs_V1_solve_solveDetail断言完毕！！
 期待obj返回消息体9
 实际obj返回消息体9
2021-03-09 14:15:48 INFO  ApiTestCaseModel:63 - 测试用例qs_V1_solve_askAndReplyList断言完毕！！
 返回消息体msg-----成功
2021-03-09 14:15:48 INFO  ApiTestCaseModel:66 - 测试用例qs_V1_solve_askAndReplyList断言完毕！！
 返回消息体code-----0
2021-03-09 14:15:48 INFO  ApiTestCaseModel:72 - 测试用例qs_V1_solve_askAndReplyList断言完毕！！
 期待obj返回消息体1
 实际obj返回消息体1
2021-03-09 14:15:48 INFO  ApiTestCaseModel:63 - 测试用例qs_V1_solve_saveAskQuestion断言完毕！！
 返回消息体msg-----成功
2021-03-09 14:15:48 INFO  ApiTestCaseModel:66 - 测试用例qs_V1_solve_saveAskQuestion断言完毕！！
 返回消息体code-----0
2021-03-09 14:15:48 INFO  ApiTestCaseModel:69 - 返回消息obj体中为空，无需断言
2021-03-09 14:15:48 INFO  ApiTestCaseModel:63 - 测试用例qs_V1_solve_saveAgainAskQuestion断言完毕！！
 返回消息体msg-----成功
2021-03-09 14:15:48 INFO  ApiTestCaseModel:66 - 测试用例qs_V1_solve_saveAgainAskQuestion断言完毕！！
 返回消息体code-----0
2021-03-09 14:15:48 INFO  ApiTestCaseModel:69 - 返回消息obj体中为空，无需断言
2021-03-09 14:15:48 INFO  ApiTestCaseModel:63 - 测试用例qs_V1_solve_getReplyExpireMsg断言完毕！！
 返回消息体msg-----成功
2021-03-09 14:15:48 INFO  ApiTestCaseModel:66 - 测试用例qs_V1_solve_getReplyExpireMsg断言完毕！！
 返回消息体code-----0
2021-03-09 14:15:48 INFO  ApiTestCaseModel:72 - 测试用例qs_V1_solve_getReplyExpireMsg断言完毕！！
 期待obj返回消息体1
 实际obj返回消息体1
2021-03-09 14:15:48 INFO  ApiTestCaseModel:63 - 测试用例qs_V1_solve_saveSolveDetail断言完毕！！
 返回消息体msg-----成功
2021-03-09 14:15:48 INFO  ApiTestCaseModel:66 - 测试用例qs_V1_solve_saveSolveDetail断言完毕！！
 返回消息体code-----0
2021-03-09 14:15:48 INFO  ApiTestCaseModel:69 - 返回消息obj体中为空，无需断言
2021-03-09 14:15:48 INFO  ApiTestCaseModel:63 - 测试用例qs_V1_solve_myAnswerList断言完毕！！
 返回消息体msg-----成功
2021-03-09 14:15:49 INFO  ApiTestCaseModel:66 - 测试用例qs_V1_solve_myAnswerList断言完毕！！
 返回消息体code-----0
2021-03-09 14:15:49 INFO  ApiTestCaseModel:72 - 测试用例qs_V1_solve_myAnswerList断言完毕！！
 期待obj返回消息体5
 实际obj返回消息体5
2021-03-09 14:15:49 INFO  ApiTestCaseModel:63 - 测试用例qs_V1_solve_cancelSolve断言完毕！！
 返回消息体msg-----成功
2021-03-09 14:15:49 INFO  ApiTestCaseModel:66 - 测试用例qs_V1_solve_cancelSolve断言完毕！！
 返回消息体code-----0
2021-03-09 14:15:49 INFO  ApiTestCaseModel:72 - 测试用例qs_V1_solve_cancelSolve断言完毕！！
 期待obj返回消息体1
 实际obj返回消息体1
2021-03-09 14:15:49 INFO  ApiTestCaseModel:63 - 测试用例qs_V1_solve_leftAskNum断言完毕！！
 返回消息体msg-----成功
2021-03-09 14:15:49 INFO  ApiTestCaseModel:66 - 测试用例qs_V1_solve_leftAskNum断言完毕！！
 返回消息体code-----0
2021-03-09 14:15:49 INFO  ApiTestCaseModel:72 - 测试用例qs_V1_solve_leftAskNum断言完毕！！
 期待obj返回消息体3
 实际obj返回消息体3
2021-03-09 14:15:50 INFO  ApiTestCaseModel:63 - 测试用例qs_V1_curriculum_dayList断言完毕！！
 返回消息体msg-----成功
2021-03-09 14:15:50 INFO  ApiTestCaseModel:66 - 测试用例qs_V1_curriculum_dayList断言完毕！！
 返回消息体code-----0
2021-03-09 14:15:50 INFO  ApiTestCaseModel:72 - 测试用例qs_V1_curriculum_dayList断言完毕！！
 期待obj返回消息体1
 实际obj返回消息体1
2021-03-09 14:15:50 INFO  ApiTestCaseModel:63 - 测试用例qs_V1_shop_prizeExchange断言完毕！！
 返回消息体msg-----成功
2021-03-09 14:15:50 INFO  ApiTestCaseModel:66 - 测试用例qs_V1_shop_prizeExchange断言完毕！！
 返回消息体code-----0
2021-03-09 14:15:50 INFO  ApiTestCaseModel:72 - 测试用例qs_V1_shop_prizeExchange断言完毕！！
 期待obj返回消息体1
 实际obj返回消息体1
2021-03-09 14:15:50 INFO  ApiTestCaseModel:63 - 测试用例qs_V1_shop_index断言完毕！！
 返回消息体msg-----成功
2021-03-09 14:15:50 INFO  ApiTestCaseModel:66 - 测试用例qs_V1_shop_index断言完毕！！
 返回消息体code-----0
2021-03-09 14:15:50 INFO  ApiTestCaseModel:72 - 测试用例qs_V1_shop_index断言完毕！！
 期待obj返回消息体4
 实际obj返回消息体4
2021-03-09 14:15:51 INFO  ApiTestCaseModel:63 - 测试用例qs_V1_activation_completeActivation断言完毕！！
 返回消息体msg-----成功
2021-03-09 14:15:51 INFO  ApiTestCaseModel:66 - 测试用例qs_V1_activation_completeActivation断言完毕！！
 返回消息体code-----0
2021-03-09 14:15:51 INFO  ApiTestCaseModel:72 - 测试用例qs_V1_activation_completeActivation断言完毕！！
 期待obj返回消息体1
 实际obj返回消息体1
2021-03-09 14:15:52 INFO  ApiTestCaseModel:63 - 测试用例qs_V1_activation_questionsAndAnswers断言完毕！！
 返回消息体msg-----成功
2021-03-09 14:15:52 INFO  ApiTestCaseModel:66 - 测试用例qs_V1_activation_questionsAndAnswers断言完毕！！
 返回消息体code-----0
2021-03-09 14:15:52 INFO  ApiTestCaseModel:72 - 测试用例qs_V1_activation_questionsAndAnswers断言完毕！！
 期待obj返回消息体3
 实际obj返回消息体3
2021-03-09 14:15:53 INFO  ApiTestCaseModel:63 - 测试用例qs_V1_activation_shareLearnPlan断言完毕！！
 返回消息体msg-----成功
2021-03-09 14:15:53 INFO  ApiTestCaseModel:66 - 测试用例qs_V1_activation_shareLearnPlan断言完毕！！
 返回消息体code-----0
2021-03-09 14:15:53 INFO  ApiTestCaseModel:63 - 测试用例qs_V1_activation_normalMode断言完毕！！
 返回消息体msg-----成功
2021-03-09 14:15:53 INFO  ApiTestCaseModel:66 - 测试用例qs_V1_activation_normalMode断言完毕！！
 返回消息体code-----0
2021-03-09 14:15:53 INFO  ApiTestCaseModel:72 - 测试用例qs_V1_activation_normalMode断言完毕！！
 期待obj返回消息体1
 实际obj返回消息体1
2021-03-09 14:15:53 INFO  ApiTestCaseModel:63 - 测试用例qs_V1_activation_submitQues断言完毕！！
 返回消息体msg-----成功
2021-03-09 14:15:53 INFO  ApiTestCaseModel:66 - 测试用例qs_V1_activation_submitQues断言完毕！！
 返回消息体code-----0
2021-03-09 14:15:53 INFO  ApiTestCaseModel:72 - 测试用例qs_V1_activation_submitQues断言完毕！！
 期待obj返回消息体4
 实际obj返回消息体4
2021-03-09 14:15:53 INFO  ApiTestCaseModel:63 - 测试用例qs_V1_activation_renewActivation断言完毕！！
 返回消息体msg-----成功
2021-03-09 14:15:53 INFO  ApiTestCaseModel:66 - 测试用例qs_V1_activation_renewActivation断言完毕！！
 返回消息体code-----0
2021-03-09 14:15:53 INFO  ApiTestCaseModel:72 - 测试用例qs_V1_activation_renewActivation断言完毕！！
 期待obj返回消息体0
 实际obj返回消息体0
2021-03-09 14:15:53 INFO  ApiTestCaseModel:63 - 测试用例qs_V1_activation_cancelQues断言完毕！！
 返回消息体msg-----成功
2021-03-09 14:15:53 INFO  ApiTestCaseModel:66 - 测试用例qs_V1_activation_cancelQues断言完毕！！
 返回消息体code-----0
2021-03-09 14:15:53 INFO  ApiTestCaseModel:72 - 测试用例qs_V1_activation_cancelQues断言完毕！！
 期待obj返回消息体0
 实际obj返回消息体0
2021-03-09 14:15:54 INFO  ApiTestCaseModel:63 - 测试用例qs_V1_knowledgePoint_syncKpVoiceRecord断言完毕！！
 返回消息体msg-----成功
2021-03-09 14:15:54 INFO  ApiTestCaseModel:66 - 测试用例qs_V1_knowledgePoint_syncKpVoiceRecord断言完毕！！
 返回消息体code-----0
2021-03-09 14:15:54 INFO  ApiTestCaseModel:69 - 返回消息obj体中为空，无需断言
2021-03-09 14:15:54 INFO  ApiTestCaseModel:63 - 测试用例qs_V1_knowledgePoint_selfModeKpList断言完毕！！
 返回消息体msg-----成功
2021-03-09 14:15:54 INFO  ApiTestCaseModel:66 - 测试用例qs_V1_knowledgePoint_selfModeKpList断言完毕！！
 返回消息体code-----0
2021-03-09 14:15:54 INFO  ApiTestCaseModel:72 - 测试用例qs_V1_knowledgePoint_selfModeKpList断言完毕！！
 期待obj返回消息体1
 实际obj返回消息体1
2021-03-09 14:15:54 INFO  ApiTestCaseModel:63 - 测试用例qs_V1_knowledgePoint_unlockKpList断言完毕！！
 返回消息体msg-----成功
2021-03-09 14:15:54 INFO  ApiTestCaseModel:66 - 测试用例qs_V1_knowledgePoint_unlockKpList断言完毕！！
 返回消息体code-----0
2021-03-09 14:15:54 INFO  ApiTestCaseModel:72 - 测试用例qs_V1_knowledgePoint_unlockKpList断言完毕！！
 期待obj返回消息体3
 实际obj返回消息体3
2021-03-09 14:15:54 INFO  ApiTestCaseModel:63 - 测试用例qs_V1_knowledgePoint_selfModeChooseKp断言完毕！！
 返回消息体msg-----成功
2021-03-09 14:15:54 INFO  ApiTestCaseModel:66 - 测试用例qs_V1_knowledgePoint_selfModeChooseKp断言完毕！！
 返回消息体code-----0
2021-03-09 14:15:54 INFO  ApiTestCaseModel:69 - 返回消息obj体中为空，无需断言
2021-03-09 14:15:54 INFO  ApiTestCaseModel:63 - 测试用例qs_V1_knowledgePoint_genKpListByMode断言完毕！！
 返回消息体msg-----成功
2021-03-09 14:15:55 INFO  ApiTestCaseModel:66 - 测试用例qs_V1_knowledgePoint_genKpListByMode断言完毕！！
 返回消息体code-----0
2021-03-09 14:15:55 INFO  ApiTestCaseModel:72 - 测试用例qs_V1_knowledgePoint_genKpListByMode断言完毕！！
 期待obj返回消息体1
 实际obj返回消息体1
2021-03-09 14:15:55 INFO  ApiTestCaseModel:63 - 测试用例qs_V1_knowledgePoint_kpDetailListByKpIds断言完毕！！
 返回消息体msg-----成功
2021-03-09 14:15:55 INFO  ApiTestCaseModel:66 - 测试用例qs_V1_knowledgePoint_kpDetailListByKpIds断言完毕！！
 返回消息体code-----0
2021-03-09 14:15:55 INFO  ApiTestCaseModel:72 - 测试用例qs_V1_knowledgePoint_kpDetailListByKpIds断言完毕！！
 期待obj返回消息体1
 实际obj返回消息体1
2021-03-09 14:15:55 INFO  ApiTestCaseModel:63 - 测试用例qs_V1_knowledgePoint_getKpVedioByKpId断言完毕！！
 返回消息体msg-----成功
2021-03-09 14:15:55 INFO  ApiTestCaseModel:66 - 测试用例qs_V1_knowledgePoint_getKpVedioByKpId断言完毕！！
 返回消息体code-----0
2021-03-09 14:15:55 INFO  ApiTestCaseModel:72 - 测试用例qs_V1_knowledgePoint_getKpVedioByKpId断言完毕！！
 期待obj返回消息体2
 实际obj返回消息体2
2021-03-09 14:15:55 INFO  ApiTestCaseModel:63 - 测试用例qs_V1_knowledgePoint_kpNoteByUserId断言完毕！！
 返回消息体msg-----成功
2021-03-09 14:15:55 INFO  ApiTestCaseModel:66 - 测试用例qs_V1_knowledgePoint_kpNoteByUserId断言完毕！！
 返回消息体code-----0
2021-03-09 14:15:55 INFO  ApiTestCaseModel:69 - 返回消息obj体中为空，无需断言
2021-03-09 14:15:55 INFO  ApiTestCaseModel:63 - 测试用例qs_V1_solveDetailCollection_collectionStatus断言完毕！！
 返回消息体msg-----成功
2021-03-09 14:15:55 INFO  ApiTestCaseModel:66 - 测试用例qs_V1_solveDetailCollection_collectionStatus断言完毕！！
 返回消息体code-----0
2021-03-09 14:15:55 INFO  ApiTestCaseModel:69 - 返回消息obj体中为空，无需断言
2021-03-09 14:15:55 INFO  ApiTestCaseModel:63 - 测试用例qs_V1_solveDetailCollection_collectionStatus断言完毕！！
 返回消息体msg-----成功
2021-03-09 14:15:55 INFO  ApiTestCaseModel:66 - 测试用例qs_V1_solveDetailCollection_collectionStatus断言完毕！！
 返回消息体code-----0
2021-03-09 14:15:55 INFO  ApiTestCaseModel:69 - 返回消息obj体中为空，无需断言
2021-03-09 14:15:56 INFO  ApiTestCaseModel:63 - 测试用例qs_V1_solveDetailCollection_myCollection断言完毕！！
 返回消息体msg-----成功
2021-03-09 14:15:56 INFO  ApiTestCaseModel:66 - 测试用例qs_V1_solveDetailCollection_myCollection断言完毕！！
 返回消息体code-----0
2021-03-09 14:15:56 INFO  ApiTestCaseModel:72 - 测试用例qs_V1_solveDetailCollection_myCollection断言完毕！！
 期待obj返回消息体5
 实际obj返回消息体5
2021-03-09 14:15:56 INFO  ApiTestCaseModel:63 - 测试用例qs_V1_task_index断言完毕！！
 返回消息体msg-----成功
2021-03-09 14:15:56 INFO  ApiTestCaseModel:66 - 测试用例qs_V1_task_index断言完毕！！
 返回消息体code-----0
2021-03-09 14:15:56 INFO  ApiTestCaseModel:72 - 测试用例qs_V1_task_index断言完毕！！
 期待obj返回消息体2
 实际obj返回消息体2
2021-03-09 14:15:56 INFO  ApiTestCaseModel:63 - 测试用例qs_V1_task_creditDetails断言完毕！！
 返回消息体msg-----成功
2021-03-09 14:15:56 INFO  ApiTestCaseModel:66 - 测试用例qs_V1_task_creditDetails断言完毕！！
 返回消息体code-----0
2021-03-09 14:15:56 INFO  ApiTestCaseModel:72 - 测试用例qs_V1_task_creditDetails断言完毕！！
 期待obj返回消息体5
 实际obj返回消息体5
2021-03-09 14:15:57 INFO  ApiTestCaseModel:63 - 测试用例qs_V1_class_index断言完毕！！
 返回消息体msg-----成功
2021-03-09 14:15:57 INFO  ApiTestCaseModel:66 - 测试用例qs_V1_class_index断言完毕！！
 返回消息体code-----0
2021-03-09 14:15:57 INFO  ApiTestCaseModel:72 - 测试用例qs_V1_class_index断言完毕！！
 期待obj返回消息体4
 实际obj返回消息体4
2021-03-09 14:15:57 INFO  ApiTestCaseModel:63 - 测试用例qs_V1_class_personData断言完毕！！
 返回消息体msg-----成功
2021-03-09 14:15:57 INFO  ApiTestCaseModel:66 - 测试用例qs_V1_class_personData断言完毕！！
 返回消息体code-----0
2021-03-09 14:15:57 INFO  ApiTestCaseModel:72 - 测试用例qs_V1_class_personData断言完毕！！
 期待obj返回消息体10
 实际obj返回消息体10
2021-03-09 14:15:57 INFO  ApiTestCaseModel:63 - 测试用例qs_V1_class_classDetail_classData断言完毕！！
 返回消息体msg-----成功
2021-03-09 14:15:57 INFO  ApiTestCaseModel:66 - 测试用例qs_V1_class_classDetail_classData断言完毕！！
 返回消息体code-----0
2021-03-09 14:15:57 INFO  ApiTestCaseModel:72 - 测试用例qs_V1_class_classDetail_classData断言完毕！！
 期待obj返回消息体5
 实际obj返回消息体5
2021-03-09 14:15:57 INFO  ApiTestCaseModel:63 - 测试用例qs_V1_class_classDetail_classReport断言完毕！！
 返回消息体msg-----成功
2021-03-09 14:15:57 INFO  ApiTestCaseModel:66 - 测试用例qs_V1_class_classDetail_classReport断言完毕！！
 返回消息体code-----0
2021-03-09 14:15:57 INFO  ApiTestCaseModel:72 - 测试用例qs_V1_class_classDetail_classReport断言完毕！！
 期待obj返回消息体8
 实际obj返回消息体8
2021-03-09 14:15:58 INFO  ApiTestCaseModel:63 - 测试用例qs_V1_class_classDetail_classRank断言完毕！！
 返回消息体msg-----成功
2021-03-09 14:15:58 INFO  ApiTestCaseModel:66 - 测试用例qs_V1_class_classDetail_classRank断言完毕！！
 返回消息体code-----0
2021-03-09 14:15:58 INFO  ApiTestCaseModel:72 - 测试用例qs_V1_class_classDetail_classRank断言完毕！！
 期待obj返回消息体1
 实际obj返回消息体1
2021-03-09 14:15:58 INFO  ApiTestCaseModel:63 - 测试用例qs_V1_class_encourage断言完毕！！
 返回消息体msg-----成功
2021-03-09 14:15:58 INFO  ApiTestCaseModel:66 - 测试用例qs_V1_class_encourage断言完毕！！
 返回消息体code-----0
2021-03-09 14:15:58 INFO  ApiTestCaseModel:69 - 返回消息obj体中为空，无需断言
2021-03-09 14:15:58 INFO  ApiTestCaseModel:63 - 测试用例qs_V1_exam_removeWrongQuesByUser断言完毕！！
 返回消息体msg-----成功
2021-03-09 14:15:58 INFO  ApiTestCaseModel:66 - 测试用例qs_V1_exam_removeWrongQuesByUser断言完毕！！
 返回消息体code-----0
2021-03-09 14:15:58 INFO  ApiTestCaseModel:72 - 测试用例qs_V1_exam_removeWrongQuesByUser断言完毕！！
 期待obj返回消息体1
 实际obj返回消息体1
2021-03-09 14:15:58 INFO  ApiTestCaseModel:63 - 测试用例qs_V1_exam_paperRecordList断言完毕！！
 返回消息体msg-----成功
2021-03-09 14:15:58 INFO  ApiTestCaseModel:66 - 测试用例qs_V1_exam_paperRecordList断言完毕！！
 返回消息体code-----0
2021-03-09 14:15:58 INFO  ApiTestCaseModel:72 - 测试用例qs_V1_exam_paperRecordList断言完毕！！
 期待obj返回消息体5
 实际obj返回消息体5
2021-03-09 14:15:58 INFO  ApiTestCaseModel:63 - 测试用例qs_V1_exam_wrongQuesByKp断言完毕！！
 返回消息体msg-----成功
2021-03-09 14:15:58 INFO  ApiTestCaseModel:66 - 测试用例qs_V1_exam_wrongQuesByKp断言完毕！！
 返回消息体code-----0
2021-03-09 14:15:58 INFO  ApiTestCaseModel:72 - 测试用例qs_V1_exam_wrongQuesByKp断言完毕！！
 期待obj返回消息体2
 实际obj返回消息体2
2021-03-09 14:15:59 INFO  ApiTestCaseModel:63 - 测试用例qs_V1_exam_smartGoToExam断言完毕！！
 返回消息体msg-----成功
2021-03-09 14:15:59 INFO  ApiTestCaseModel:66 - 测试用例qs_V1_exam_smartGoToExam断言完毕！！
 返回消息体code-----0
2021-03-09 14:15:59 INFO  ApiTestCaseModel:72 - 测试用例qs_V1_exam_smartGoToExam断言完毕！！
 期待obj返回消息体5
 实际obj返回消息体5
2021-03-09 14:15:59 INFO  ApiTestCaseModel:63 - 测试用例qs_V1_exam_cacheAnswer断言完毕！！
 返回消息体msg-----成功
2021-03-09 14:15:59 INFO  ApiTestCaseModel:66 - 测试用例qs_V1_exam_cacheAnswer断言完毕！！
 返回消息体code-----0
2021-03-09 14:15:59 INFO  ApiTestCaseModel:69 - 返回消息obj体中为空，无需断言
2021-03-09 14:15:59 INFO  ApiTestCaseModel:63 - 测试用例qs_V1_exam_correctionTypeList断言完毕！！
 返回消息体msg-----成功
2021-03-09 14:16:00 INFO  ApiTestCaseModel:66 - 测试用例qs_V1_exam_correctionTypeList断言完毕！！
 返回消息体code-----0
2021-03-09 14:16:00 INFO  ApiTestCaseModel:72 - 测试用例qs_V1_exam_correctionTypeList断言完毕！！
 期待obj返回消息体1
 实际obj返回消息体1
2021-03-09 14:16:00 INFO  ApiTestCaseModel:63 - 测试用例qs_V1_exam_subjectListByUserExtendId断言完毕！！
 返回消息体msg-----成功
2021-03-09 14:16:00 INFO  ApiTestCaseModel:66 - 测试用例qs_V1_exam_subjectListByUserExtendId断言完毕！！
 返回消息体code-----0
2021-03-09 14:16:00 INFO  ApiTestCaseModel:72 - 测试用例qs_V1_exam_subjectListByUserExtendId断言完毕！！
 期待obj返回消息体1
 实际obj返回消息体1
2021-03-09 14:16:00 INFO  ApiTestCaseModel:63 - 测试用例qs_V1_exam_getVideoPlayInfo断言完毕！！
 返回消息体msg-----成功
2021-03-09 14:16:00 INFO  ApiTestCaseModel:66 - 测试用例qs_V1_exam_getVideoPlayInfo断言完毕！！
 返回消息体code-----0
2021-03-09 14:16:00 INFO  ApiTestCaseModel:72 - 测试用例qs_V1_exam_getVideoPlayInfo断言完毕！！
 期待obj返回消息体4
 实际obj返回消息体4
2021-03-09 14:16:00 INFO  ApiTestCaseModel:63 - 测试用例qs_V1_exam_collectQues断言完毕！！
 返回消息体msg-----成功
2021-03-09 14:16:00 INFO  ApiTestCaseModel:66 - 测试用例qs_V1_exam_collectQues断言完毕！！
 返回消息体code-----0
2021-03-09 14:16:00 INFO  ApiTestCaseModel:69 - 返回消息obj体中为空，无需断言
2021-03-09 14:16:00 INFO  ApiTestCaseModel:63 - 测试用例qs_V1_exam_unCollectQues断言完毕！！
 返回消息体msg-----成功
2021-03-09 14:16:00 INFO  ApiTestCaseModel:66 - 测试用例qs_V1_exam_unCollectQues断言完毕！！
 返回消息体code-----0
2021-03-09 14:16:00 INFO  ApiTestCaseModel:69 - 返回消息obj体中为空，无需断言
2021-03-09 14:16:00 INFO  ApiTestCaseModel:63 - 测试用例qs_V1_exam_examIndex断言完毕！！
 返回消息体msg-----成功
2021-03-09 14:16:00 INFO  ApiTestCaseModel:66 - 测试用例qs_V1_exam_examIndex断言完毕！！
 返回消息体code-----0
2021-03-09 14:16:00 INFO  ApiTestCaseModel:72 - 测试用例qs_V1_exam_examIndex断言完毕！！
 期待obj返回消息体5
 实际obj返回消息体5
2021-03-09 14:16:01 INFO  ApiTestCaseModel:63 - 测试用例qs_V1_exam_smartExam断言完毕！！
 返回消息体msg-----成功
2021-03-09 14:16:01 INFO  ApiTestCaseModel:66 - 测试用例qs_V1_exam_smartExam断言完毕！！
 返回消息体code-----0
2021-03-09 14:16:01 INFO  ApiTestCaseModel:72 - 测试用例qs_V1_exam_smartExam断言完毕！！
 期待obj返回消息体3
 实际obj返回消息体3
2021-03-09 14:16:01 INFO  ApiTestCaseModel:63 - 测试用例qs_V1_exam_wrongQuesByQuesType断言完毕！！
 返回消息体msg-----成功
2021-03-09 14:16:01 INFO  ApiTestCaseModel:66 - 测试用例qs_V1_exam_wrongQuesByQuesType断言完毕！！
 返回消息体code-----0
2021-03-09 14:16:01 INFO  ApiTestCaseModel:72 - 测试用例qs_V1_exam_wrongQuesByQuesType断言完毕！！
 期待obj返回消息体2
 实际obj返回消息体2
2021-03-09 14:16:02 INFO  ApiTestCaseModel:63 - 测试用例qs_V1_exam_examAnalysis断言完毕！！
 返回消息体msg-----成功
2021-03-09 14:16:02 INFO  ApiTestCaseModel:66 - 测试用例qs_V1_exam_examAnalysis断言完毕！！
 返回消息体code-----0
2021-03-09 14:16:02 INFO  ApiTestCaseModel:72 - 测试用例qs_V1_exam_examAnalysis断言完毕！！
 期待obj返回消息体2
 实际obj返回消息体2
2021-03-09 14:16:02 INFO  ApiTestCaseModel:63 - 测试用例qs_V1_exam_wrongQuesDetail断言完毕！！
 返回消息体msg-----成功
2021-03-09 14:16:02 INFO  ApiTestCaseModel:66 - 测试用例qs_V1_exam_wrongQuesDetail断言完毕！！
 返回消息体code-----0
2021-03-09 14:16:02 INFO  ApiTestCaseModel:72 - 测试用例qs_V1_exam_wrongQuesDetail断言完毕！！
 期待obj返回消息体5
 实际obj返回消息体5
2021-03-09 14:16:02 INFO  ApiTestCaseModel:63 - 测试用例qs_V1_exam_recordView断言完毕！！
 返回消息体msg-----成功
2021-03-09 14:16:02 INFO  ApiTestCaseModel:66 - 测试用例qs_V1_exam_recordView断言完毕！！
 返回消息体code-----0
2021-03-09 14:16:02 INFO  ApiTestCaseModel:72 - 测试用例qs_V1_exam_recordView断言完毕！！
 期待obj返回消息体15
 实际obj返回消息体15
2021-03-09 14:16:03 INFO  ApiTestCaseModel:63 - 测试用例qs_V1_exam_collectQues断言完毕！！
 返回消息体msg-----成功
2021-03-09 14:16:03 INFO  ApiTestCaseModel:66 - 测试用例qs_V1_exam_collectQues断言完毕！！
 返回消息体code-----0
2021-03-09 14:16:03 INFO  ApiTestCaseModel:69 - 返回消息obj体中为空，无需断言
2021-03-09 14:16:03 INFO  ApiTestCaseModel:63 - 测试用例qs_V1_exam_unCollectQues断言完毕！！
 返回消息体msg-----成功
2021-03-09 14:16:03 INFO  ApiTestCaseModel:66 - 测试用例qs_V1_exam_unCollectQues断言完毕！！
 返回消息体code-----0
2021-03-09 14:16:03 INFO  ApiTestCaseModel:69 - 返回消息obj体中为空，无需断言
2021-03-09 14:16:03 INFO  ApiTestCaseModel:63 - 测试用例qs_V1_exam_goToExam断言完毕！！
 返回消息体msg-----成功
2021-03-09 14:16:03 INFO  ApiTestCaseModel:66 - 测试用例qs_V1_exam_goToExam断言完毕！！
 返回消息体code-----0
2021-03-09 14:16:03 INFO  ApiTestCaseModel:72 - 测试用例qs_V1_exam_goToExam断言完毕！！
 期待obj返回消息体5
 实际obj返回消息体5
2021-03-09 14:16:04 INFO  ApiTestCaseModel:63 - 测试用例qs_V1_exam_paperListByPaperType断言完毕！！
 返回消息体msg-----成功
2021-03-09 14:16:04 INFO  ApiTestCaseModel:66 - 测试用例qs_V1_exam_paperListByPaperType断言完毕！！
 返回消息体code-----0
2021-03-09 14:16:04 INFO  ApiTestCaseModel:72 - 测试用例qs_V1_exam_paperListByPaperType断言完毕！！
 期待obj返回消息体1
 实际obj返回消息体1
2021-03-09 14:16:04 INFO  ApiTestCaseModel:63 - 测试用例qs_V1_exam_questionInfo断言完毕！！
 返回消息体msg-----成功
2021-03-09 14:16:04 INFO  ApiTestCaseModel:66 - 测试用例qs_V1_exam_questionInfo断言完毕！！
 返回消息体code-----0
2021-03-09 14:16:04 INFO  ApiTestCaseModel:72 - 测试用例qs_V1_exam_questionInfo断言完毕！！
 期待obj返回消息体2
 实际obj返回消息体2
2021-03-09 14:16:04 INFO  ApiTestCaseModel:63 - 测试用例qs_V1_commentLable_commentLableList断言完毕！！
 返回消息体msg-----成功
2021-03-09 14:16:04 INFO  ApiTestCaseModel:66 - 测试用例qs_V1_commentLable_commentLableList断言完毕！！
 返回消息体code-----0
2021-03-09 14:16:04 INFO  ApiTestCaseModel:72 - 测试用例qs_V1_commentLable_commentLableList断言完毕！！
 期待obj返回消息体2
 实际obj返回消息体2
2021-03-09 14:16:04 INFO  ApiTestCaseModel:63 - 测试用例qs_V1_setting_learnProgress断言完毕！！
 返回消息体msg-----成功
2021-03-09 14:16:04 INFO  ApiTestCaseModel:66 - 测试用例qs_V1_setting_learnProgress断言完毕！！
 返回消息体code-----0
2021-03-09 14:16:04 INFO  ApiTestCaseModel:72 - 测试用例qs_V1_setting_learnProgress断言完毕！！
 期待obj返回消息体2
 实际obj返回消息体2
2021-03-09 14:16:04 INFO  ApiTestCaseModel:63 - 测试用例qs_V1_setting_learnPlanSwitch断言完毕！！
 返回消息体msg-----成功
2021-03-09 14:16:04 INFO  ApiTestCaseModel:66 - 测试用例qs_V1_setting_learnPlanSwitch断言完毕！！
 返回消息体code-----0
2021-03-09 14:16:04 INFO  ApiTestCaseModel:72 - 测试用例qs_V1_setting_learnPlanSwitch断言完毕！！
 期待obj返回消息体2
 实际obj返回消息体2
2021-03-09 14:16:04 INFO  ApiTestCaseModel:63 - 测试用例qs_V1_setting_switchTeacher断言完毕！！
 返回消息体msg-----成功
2021-03-09 14:16:04 INFO  ApiTestCaseModel:66 - 测试用例qs_V1_setting_switchTeacher断言完毕！！
 返回消息体code-----0
2021-03-09 14:16:04 INFO  ApiTestCaseModel:72 - 测试用例qs_V1_setting_switchTeacher断言完毕！！
 期待obj返回消息体1
 实际obj返回消息体1
2021-03-09 14:16:05 INFO  ApiTestCaseModel:63 - 测试用例qs_V1_setting_classSwitch断言完毕！！
 返回消息体msg-----成功
2021-03-09 14:16:05 INFO  ApiTestCaseModel:66 - 测试用例qs_V1_setting_classSwitch断言完毕！！
 返回消息体code-----0
2021-03-09 14:16:05 INFO  ApiTestCaseModel:72 - 测试用例qs_V1_setting_classSwitch断言完毕！！
 期待obj返回消息体1
 实际obj返回消息体1
2021-03-09 14:16:05 INFO  ApiTestCaseModel:63 - 测试用例qs_V1_setting_learnPlanSwitchSubmit断言完毕！！
 返回消息体msg-----成功
2021-03-09 14:16:05 INFO  ApiTestCaseModel:66 - 测试用例qs_V1_setting_learnPlanSwitchSubmit断言完毕！！
 返回消息体code-----0
2021-03-09 14:16:05 INFO  ApiTestCaseModel:69 - 返回消息obj体中为空，无需断言
2021-03-09 14:16:05 INFO  ApiTestCaseModel:63 - 测试用例qs_V1_setting_learnTime断言完毕！！
 返回消息体msg-----成功
2021-03-09 14:16:05 INFO  ApiTestCaseModel:66 - 测试用例qs_V1_setting_learnTime断言完毕！！
 返回消息体code-----0
2021-03-09 14:16:05 INFO  ApiTestCaseModel:72 - 测试用例qs_V1_setting_learnTime断言完毕！！
 期待obj返回消息体3
 实际obj返回消息体3
2021-03-09 14:16:06 INFO  ApiTestCaseModel:63 - 测试用例qs_V1_setting_learnCycleSubmit断言完毕！！
 返回消息体msg-----成功
2021-03-09 14:16:06 INFO  ApiTestCaseModel:66 - 测试用例qs_V1_setting_learnCycleSubmit断言完毕！！
 返回消息体code-----0
2021-03-09 14:16:06 INFO  ApiTestCaseModel:69 - 返回消息obj体中为空，无需断言
2021-03-09 14:16:06 INFO  ApiTestCaseModel:63 - 测试用例qs_V1_setting_learnMethodSubmit断言完毕！！
 返回消息体msg-----成功
2021-03-09 14:16:06 INFO  ApiTestCaseModel:66 - 测试用例qs_V1_setting_learnMethodSubmit断言完毕！！
 返回消息体code-----0
2021-03-09 14:16:06 INFO  ApiTestCaseModel:69 - 返回消息obj体中为空，无需断言
2021-03-09 14:16:07 INFO  ApiTestCaseModel:63 - 测试用例qs_V1_setting_restCycleSubmit断言完毕！！
 返回消息体msg-----成功
2021-03-09 14:16:07 INFO  ApiTestCaseModel:66 - 测试用例qs_V1_setting_restCycleSubmit断言完毕！！
 返回消息体code-----0
2021-03-09 14:16:07 INFO  ApiTestCaseModel:69 - 返回消息obj体中为空，无需断言
2021-03-09 14:16:07 INFO  ApiTestCaseModel:63 - 测试用例qs_V1_setting_learnMethod断言完毕！！
 返回消息体msg-----成功
2021-03-09 14:16:07 INFO  ApiTestCaseModel:66 - 测试用例qs_V1_setting_learnMethod断言完毕！！
 返回消息体code-----0
2021-03-09 14:16:07 INFO  ApiTestCaseModel:72 - 测试用例qs_V1_setting_learnMethod断言完毕！！
 期待obj返回消息体3
 实际obj返回消息体3
2021-03-09 14:16:07 INFO  ApiTestCaseModel:63 - 测试用例qs_V1_setting_index断言完毕！！
 返回消息体msg-----成功
2021-03-09 14:16:07 INFO  ApiTestCaseModel:66 - 测试用例qs_V1_setting_index断言完毕！！
 返回消息体code-----0
2021-03-09 14:16:07 INFO  ApiTestCaseModel:72 - 测试用例qs_V1_setting_index断言完毕！！
 期待obj返回消息体2
 实际obj返回消息体2
2021-03-09 14:16:07 INFO  ApiTestCaseModel:63 - 测试用例qs_V1_setting_autoCache断言完毕！！
 返回消息体msg-----成功
2021-03-09 14:16:07 INFO  ApiTestCaseModel:66 - 测试用例qs_V1_setting_autoCache断言完毕！！
 返回消息体code-----0
2021-03-09 14:16:07 INFO  ApiTestCaseModel:72 - 测试用例qs_V1_setting_autoCache断言完毕！！
 期待obj返回消息体1
 实际obj返回消息体1
2021-03-09 14:16:08 INFO  ApiTestCaseModel:63 - 测试用例qs_V1_setting_switchTeacherSubmit断言完毕！！
 返回消息体msg-----成功
2021-03-09 14:16:08 INFO  ApiTestCaseModel:66 - 测试用例qs_V1_setting_switchTeacherSubmit断言完毕！！
 返回消息体code-----0
2021-03-09 14:16:08 INFO  ApiTestCaseModel:69 - 返回消息obj体中为空，无需断言
2021-03-09 14:16:08 INFO  ApiTestCaseModel:63 - 测试用例qs_V1_setting_classSwitchSubmit断言完毕！！
 返回消息体msg-----成功
2021-03-09 14:16:08 INFO  ApiTestCaseModel:66 - 测试用例qs_V1_setting_classSwitchSubmit断言完毕！！
 返回消息体code-----0
2021-03-09 14:16:08 INFO  ApiTestCaseModel:69 - 返回消息obj体中为空，无需断言
2021-03-09 14:16:08 INFO  ApiTestCaseModel:63 - 测试用例qs_V1_setting_learnProgressSubmit断言完毕！！
 返回消息体msg-----成功
2021-03-09 14:16:08 INFO  ApiTestCaseModel:66 - 测试用例qs_V1_setting_learnProgressSubmit断言完毕！！
 返回消息体code-----0
2021-03-09 14:16:08 INFO  ApiTestCaseModel:69 - 返回消息obj体中为空，无需断言
2021-03-09 14:16:08 INFO  ApiTestCaseModel:63 - 测试用例qs_V1_replyComment_getCommentView断言完毕！！
 返回消息体msg-----成功
2021-03-09 14:16:09 INFO  ApiTestCaseModel:66 - 测试用例qs_V1_replyComment_getCommentView断言完毕！！
 返回消息体code-----0
2021-03-09 14:16:09 INFO  ApiTestCaseModel:72 - 测试用例qs_V1_replyComment_getCommentView断言完毕！！
 期待obj返回消息体4
 实际obj返回消息体4
2021-03-09 14:16:09 INFO  ApiTestCaseModel:63 - 测试用例qs_V1_replyComment_submitComment断言完毕！！
 返回消息体msg-----成功
2021-03-09 14:16:09 INFO  ApiTestCaseModel:66 - 测试用例qs_V1_replyComment_submitComment断言完毕！！
 返回消息体code-----0
2021-03-09 14:16:09 INFO  ApiTestCaseModel:69 - 返回消息obj体中为空，无需断言
2021-03-09 14:16:09 INFO  ApiTestCaseModel:63 - 测试用例qs_V2_study_startStudyQues断言完毕！！
 返回消息体msg-----成功
2021-03-09 14:16:09 INFO  ApiTestCaseModel:66 - 测试用例qs_V2_study_startStudyQues断言完毕！！
 返回消息体code-----0
2021-03-09 14:16:09 INFO  ApiTestCaseModel:72 - 测试用例qs_V2_study_startStudyQues断言完毕！！
 期待obj返回消息体2
 实际obj返回消息体2
2021-03-09 14:16:09 INFO  ApiTestCaseModel:63 - 测试用例qs_V2_course_courseByLectureId断言完毕！！
 返回消息体msg-----成功
2021-03-09 14:16:09 INFO  ApiTestCaseModel:66 - 测试用例qs_V2_course_courseByLectureId断言完毕！！
 返回消息体code-----0
2021-03-09 14:16:09 INFO  ApiTestCaseModel:72 - 测试用例qs_V2_course_courseByLectureId断言完毕！！
 期待obj返回消息体7
 实际obj返回消息体7
2021-03-09 14:16:09 INFO  ApiTestCaseModel:63 - 测试用例qs_V2_activation_submitQues断言完毕！！
 返回消息体msg-----成功
2021-03-09 14:16:09 INFO  ApiTestCaseModel:66 - 测试用例qs_V2_activation_submitQues断言完毕！！
 返回消息体code-----0
2021-03-09 14:16:09 INFO  ApiTestCaseModel:72 - 测试用例qs_V2_activation_submitQues断言完毕！！
 期待obj返回消息体4
 实际obj返回消息体4
2021-03-09 14:16:10 INFO  ApiTestCaseModel:63 - 测试用例qs_V2_activation_questionsAndAnswers断言完毕！！
 返回消息体msg-----成功
2021-03-09 14:16:10 INFO  ApiTestCaseModel:66 - 测试用例qs_V2_activation_questionsAndAnswers断言完毕！！
 返回消息体code-----0
2021-03-09 14:16:10 INFO  ApiTestCaseModel:72 - 测试用例qs_V2_activation_questionsAndAnswers断言完毕！！
 期待obj返回消息体3
 实际obj返回消息体3
2021-03-09 14:16:10 INFO  ApiTestCaseModel:63 - 测试用例qs_V2_knowledgePoint_unlockKpList断言完毕！！
 返回消息体msg-----成功
2021-03-09 14:16:10 INFO  ApiTestCaseModel:66 - 测试用例qs_V2_knowledgePoint_unlockKpList断言完毕！！
 返回消息体code-----0
2021-03-09 14:16:10 INFO  ApiTestCaseModel:72 - 测试用例qs_V2_knowledgePoint_unlockKpList断言完毕！！
 期待obj返回消息体3
 实际obj返回消息体3
2021-03-09 14:16:10 INFO  ApiTestCaseModel:63 - 测试用例qs_V2_knowledgePoint_kpDetailListByKpIds断言完毕！！
 返回消息体msg-----成功
2021-03-09 14:16:10 INFO  ApiTestCaseModel:66 - 测试用例qs_V2_knowledgePoint_kpDetailListByKpIds断言完毕！！
 返回消息体code-----0
2021-03-09 14:16:10 INFO  ApiTestCaseModel:72 - 测试用例qs_V2_knowledgePoint_kpDetailListByKpIds断言完毕！！
 期待obj返回消息体1
 实际obj返回消息体1
2021-03-09 14:16:11 INFO  ApiTestCaseModel:63 - 测试用例qs_V2_class_index断言完毕！！
 返回消息体msg-----成功
2021-03-09 14:16:11 INFO  ApiTestCaseModel:66 - 测试用例qs_V2_class_index断言完毕！！
 返回消息体code-----0
2021-03-09 14:16:11 INFO  ApiTestCaseModel:72 - 测试用例qs_V2_class_index断言完毕！！
 期待obj返回消息体4
 实际obj返回消息体4
2021-03-09 14:16:11 INFO  ApiTestCaseModel:63 - 测试用例qs_V2_exam_recordView断言完毕！！
 返回消息体msg-----成功
2021-03-09 14:16:11 INFO  ApiTestCaseModel:66 - 测试用例qs_V2_exam_recordView断言完毕！！
 返回消息体code-----0
2021-03-09 14:16:11 INFO  ApiTestCaseModel:72 - 测试用例qs_V2_exam_recordView断言完毕！！
 期待obj返回消息体15
 实际obj返回消息体15
2021-03-09 14:16:11 INFO  ApiTestCaseModel:63 - 测试用例qs_V2_exam_goToExam断言完毕！！
 返回消息体msg-----成功
2021-03-09 14:16:11 INFO  ApiTestCaseModel:66 - 测试用例qs_V2_exam_goToExam断言完毕！！
 返回消息体code-----0
2021-03-09 14:16:11 INFO  ApiTestCaseModel:72 - 测试用例qs_V2_exam_goToExam断言完毕！！
 期待obj返回消息体5
 实际obj返回消息体5
2021-03-09 14:16:12 INFO  ApiTestCaseModel:63 - 测试用例qs_V2_setting_switchTeacher断言完毕！！
 返回消息体msg-----成功
2021-03-09 14:16:12 INFO  ApiTestCaseModel:66 - 测试用例qs_V2_setting_switchTeacher断言完毕！！
 返回消息体code-----0
2021-03-09 14:16:12 INFO  ApiTestCaseModel:72 - 测试用例qs_V2_setting_switchTeacher断言完毕！！
 期待obj返回消息体1
 实际obj返回消息体1
2021-03-09 14:16:12 INFO  ApiTestCaseModel:63 - 测试用例qs_V3_study_updateStudyStatusAndChatRecord断言完毕！！
 返回消息体msg-----成功
2021-03-09 14:16:12 INFO  ApiTestCaseModel:66 - 测试用例qs_V3_study_updateStudyStatusAndChatRecord断言完毕！！
 返回消息体code-----0
2021-03-09 14:16:12 INFO  ApiTestCaseModel:72 - 测试用例qs_V3_study_updateStudyStatusAndChatRecord断言完毕！！
 期待obj返回消息体0
 实际obj返回消息体0
2021-03-09 14:16:12 INFO  ApiTestCaseModel:63 - 测试用例qs_V3_study_startStudyQues断言完毕！！
 返回消息体msg-----成功
2021-03-09 14:16:12 INFO  ApiTestCaseModel:66 - 测试用例qs_V3_study_startStudyQues断言完毕！！
 返回消息体code-----0
2021-03-09 14:16:12 INFO  ApiTestCaseModel:72 - 测试用例qs_V3_study_startStudyQues断言完毕！！
 期待obj返回消息体2
 实际obj返回消息体2
2021-03-09 14:16:12 INFO  ApiTestCaseModel:63 - 测试用例qs_V3_study_startStudyAnswer断言完毕！！
 返回消息体msg-----成功
2021-03-09 14:16:12 INFO  ApiTestCaseModel:66 - 测试用例qs_V3_study_startStudyAnswer断言完毕！！
 返回消息体code-----0
2021-03-09 14:16:12 INFO  ApiTestCaseModel:72 - 测试用例qs_V3_study_startStudyAnswer断言完毕！！
 期待obj返回消息体2
 实际obj返回消息体2
2021-03-09 14:16:12 INFO  ApiTestCaseModel:63 - 测试用例qs_V3_study_index断言完毕！！
 返回消息体msg-----成功
2021-03-09 14:16:12 INFO  ApiTestCaseModel:66 - 测试用例qs_V3_study_index断言完毕！！
 返回消息体code-----0
2021-03-09 14:16:12 INFO  ApiTestCaseModel:72 - 测试用例qs_V3_study_index断言完毕！！
 期待obj返回消息体3
 实际obj返回消息体3
2021-03-09 14:16:13 INFO  ApiTestCaseModel:63 - 测试用例qs_V3_curriculum_classSchedule断言完毕！！
 返回消息体msg-----成功
2021-03-09 14:16:13 INFO  ApiTestCaseModel:66 - 测试用例qs_V3_curriculum_classSchedule断言完毕！！
 返回消息体code-----0
2021-03-09 14:16:13 INFO  ApiTestCaseModel:69 - 返回消息obj体中为空，无需断言
2021-03-09 14:16:13 INFO  ApiTestCaseModel:63 - 测试用例qs_V3_curriculum_dayList断言完毕！！
 返回消息体msg-----成功
2021-03-09 14:16:13 INFO  ApiTestCaseModel:66 - 测试用例qs_V3_curriculum_dayList断言完毕！！
 返回消息体code-----0
2021-03-09 14:16:13 INFO  ApiTestCaseModel:72 - 测试用例qs_V3_curriculum_dayList断言完毕！！
 期待obj返回消息体1
 实际obj返回消息体1
2021-03-09 14:16:13 INFO  ApiTestCaseModel:63 - 测试用例qs_V3_marketingMessage_getMarketingMessageDetail断言完毕！！
 返回消息体msg-----成功
2021-03-09 14:16:13 INFO  ApiTestCaseModel:66 - 测试用例qs_V3_marketingMessage_getMarketingMessageDetail断言完毕！！
 返回消息体code-----0
2021-03-09 14:16:13 INFO  ApiTestCaseModel:72 - 测试用例qs_V3_marketingMessage_getMarketingMessageDetail断言完毕！！
 期待obj返回消息体3
 实际obj返回消息体3
2021-03-09 14:16:13 INFO  ApiTestCaseModel:63 - 测试用例qs_V3_shop_redeemNow断言完毕！！
 返回消息体msg-----成功
2021-03-09 14:16:13 INFO  ApiTestCaseModel:66 - 测试用例qs_V3_shop_redeemNow断言完毕！！
 返回消息体code-----0
2021-03-09 14:16:13 INFO  ApiTestCaseModel:72 - 测试用例qs_V3_shop_redeemNow断言完毕！！
 期待obj返回消息体5
 实际obj返回消息体5
2021-03-09 14:16:13 INFO  ApiTestCaseModel:63 - 测试用例qs_V3_shop_index断言完毕！！
 返回消息体msg-----成功
2021-03-09 14:16:13 INFO  ApiTestCaseModel:66 - 测试用例qs_V3_shop_index断言完毕！！
 返回消息体code-----0
2021-03-09 14:16:13 INFO  ApiTestCaseModel:72 - 测试用例qs_V3_shop_index断言完毕！！
 期待obj返回消息体6
 实际obj返回消息体6
2021-03-09 14:16:14 INFO  ApiTestCaseModel:63 - 测试用例qs_V3_shop_redeemRecords断言完毕！！
 返回消息体msg-----成功
2021-03-09 14:16:14 INFO  ApiTestCaseModel:66 - 测试用例qs_V3_shop_redeemRecords断言完毕！！
 返回消息体code-----0
2021-03-09 14:16:15 INFO  ApiTestCaseModel:63 - 测试用例qs_V3_shop_confirmRedemption断言完毕！！
 返回消息体msg-----成功
2021-03-09 14:16:15 INFO  ApiTestCaseModel:66 - 测试用例qs_V3_shop_confirmRedemption断言完毕！！
 返回消息体code-----0
2021-03-09 14:16:15 INFO  ApiTestCaseModel:72 - 测试用例qs_V3_shop_confirmRedemption断言完毕！！
 期待obj返回消息体3
 实际obj返回消息体3
2021-03-09 14:16:15 INFO  ApiTestCaseModel:63 - 测试用例qs_V3_chatRecord_chatRecordList断言完毕！！
 返回消息体msg-----成功
2021-03-09 14:16:15 INFO  ApiTestCaseModel:66 - 测试用例qs_V3_chatRecord_chatRecordList断言完毕！！
 返回消息体code-----0
2021-03-09 14:16:15 INFO  ApiTestCaseModel:72 - 测试用例qs_V3_chatRecord_chatRecordList断言完毕！！
 期待obj返回消息体5
 实际obj返回消息体5
2021-03-09 14:16:15 INFO  ApiTestCaseModel:63 - 测试用例qs_V3_task_voucherData断言完毕！！
 返回消息体msg-----成功
2021-03-09 14:16:15 INFO  ApiTestCaseModel:66 - 测试用例qs_V3_task_voucherData断言完毕！！
 返回消息体code-----0
2021-03-09 14:16:15 INFO  ApiTestCaseModel:72 - 测试用例qs_V3_task_voucherData断言完毕！！
 期待obj返回消息体6
 实际obj返回消息体6
2021-03-09 14:16:16 INFO  ApiTestCaseModel:63 - 测试用例qs_V3_task_creditData断言完毕！！
 返回消息体msg-----成功
2021-03-09 14:16:16 INFO  ApiTestCaseModel:66 - 测试用例qs_V3_task_creditData断言完毕！！
 返回消息体code-----0
2021-03-09 14:16:16 INFO  ApiTestCaseModel:72 - 测试用例qs_V3_task_creditData断言完毕！！
 期待obj返回消息体6
 实际obj返回消息体6
2021-03-09 14:16:16 INFO  ApiTestCaseModel:63 - 测试用例qs_V3_class_classDetail_classData断言完毕！！
 返回消息体msg-----成功
2021-03-09 14:16:16 INFO  ApiTestCaseModel:66 - 测试用例qs_V3_class_classDetail_classData断言完毕！！
 返回消息体code-----0
2021-03-09 14:16:16 INFO  ApiTestCaseModel:72 - 测试用例qs_V3_class_classDetail_classData断言完毕！！
 期待obj返回消息体5
 实际obj返回消息体5
2021-03-09 14:16:16 INFO  ApiTestCaseModel:63 - 测试用例qs_V3_setting_renewActive断言完毕！！
 返回消息体msg-----成功
2021-03-09 14:16:16 INFO  ApiTestCaseModel:66 - 测试用例qs_V3_setting_renewActive断言完毕！！
 返回消息体code-----0
2021-03-09 14:21:55 INFO  ApiTestCaseModel:63 - 测试用例qs_V1_study_startStudyQues断言完毕！！
 返回消息体msg-----成功
2021-03-09 14:21:55 INFO  ApiTestCaseModel:66 - 测试用例qs_V1_study_startStudyQues断言完毕！！
 返回消息体code-----0
2021-03-09 14:21:55 INFO  ApiTestCaseModel:72 - 测试用例qs_V1_study_startStudyQues断言完毕！！
 期待obj返回消息体1
 实际obj返回消息体1
2021-03-09 14:21:55 INFO  ApiTestCaseModel:63 - 测试用例qs_V1_study_index断言完毕！！
 返回消息体msg-----成功
2021-03-09 14:21:55 INFO  ApiTestCaseModel:66 - 测试用例qs_V1_study_index断言完毕！！
 返回消息体code-----0
2021-03-09 14:21:55 INFO  ApiTestCaseModel:72 - 测试用例qs_V1_study_index断言完毕！！
 期待obj返回消息体3
 实际obj返回消息体3
2021-03-09 14:21:56 INFO  ApiTestCaseModel:63 - 测试用例qs_V1_study_getTodayLecture断言完毕！！
 返回消息体msg-----成功
2021-03-09 14:21:56 INFO  ApiTestCaseModel:66 - 测试用例qs_V1_study_getTodayLecture断言完毕！！
 返回消息体code-----0
2021-03-09 14:21:56 INFO  ApiTestCaseModel:72 - 测试用例qs_V1_study_getTodayLecture断言完毕！！
 期待obj返回消息体1
 实际obj返回消息体1
2021-03-09 14:21:56 INFO  ApiTestCaseModel:63 - 测试用例qs_V1_study_systemStatus断言完毕！！
 返回消息体msg-----成功
2021-03-09 14:21:56 INFO  ApiTestCaseModel:66 - 测试用例qs_V1_study_systemStatus断言完毕！！
 返回消息体code-----0
2021-03-09 14:21:56 INFO  ApiTestCaseModel:72 - 测试用例qs_V1_study_systemStatus断言完毕！！
 期待obj返回消息体9
 实际obj返回消息体9
2021-03-09 14:21:57 INFO  ApiTestCaseModel:63 - 测试用例qs_V1_study_shareStudyReport断言完毕！！
 返回消息体msg-----成功
2021-03-09 14:21:57 INFO  ApiTestCaseModel:66 - 测试用例qs_V1_study_shareStudyReport断言完毕！！
 返回消息体code-----0
2021-03-09 14:21:57 INFO  ApiTestCaseModel:72 - 测试用例qs_V1_study_shareStudyReport断言完毕！！
 期待obj返回消息体1
 实际obj返回消息体1
2021-03-09 14:21:57 INFO  ApiTestCaseModel:63 - 测试用例qs_V1_study_startStudyAnswer断言完毕！！
 返回消息体msg-----成功
2021-03-09 14:21:57 INFO  ApiTestCaseModel:66 - 测试用例qs_V1_study_startStudyAnswer断言完毕！！
 返回消息体code-----0
2021-03-09 14:21:57 INFO  ApiTestCaseModel:72 - 测试用例qs_V1_study_startStudyAnswer断言完毕！！
 期待obj返回消息体2
 实际obj返回消息体2
2021-03-09 14:21:57 INFO  ApiTestCaseModel:63 - 测试用例qs_V1_course_courseTimeConfig断言完毕！！
 返回消息体msg-----成功
2021-03-09 14:21:57 INFO  ApiTestCaseModel:66 - 测试用例qs_V1_course_courseTimeConfig断言完毕！！
 返回消息体code-----0
2021-03-09 14:21:57 INFO  ApiTestCaseModel:72 - 测试用例qs_V1_course_courseTimeConfig断言完毕！！
 期待obj返回消息体2
 实际obj返回消息体2
2021-03-09 14:21:58 INFO  ApiTestCaseModel:63 - 测试用例qs_V1_course_resetRoomUserStatus断言完毕！！
 返回消息体msg-----成功
2021-03-09 14:21:58 INFO  ApiTestCaseModel:66 - 测试用例qs_V1_course_resetRoomUserStatus断言完毕！！
 返回消息体code-----0
2021-03-09 14:21:58 INFO  ApiTestCaseModel:69 - 返回消息obj体中为空，无需断言
2021-03-09 14:21:58 INFO  ApiTestCaseModel:63 - 测试用例qs_V1_course_courseByKpId断言完毕！！
 返回消息体msg-----成功
2021-03-09 14:21:58 INFO  ApiTestCaseModel:66 - 测试用例qs_V1_course_courseByKpId断言完毕！！
 返回消息体code-----0
2021-03-09 14:21:58 INFO  ApiTestCaseModel:72 - 测试用例qs_V1_course_courseByKpId断言完毕！！
 期待obj返回消息体8
 实际obj返回消息体8
2021-03-09 14:21:58 INFO  ApiTestCaseModel:63 - 测试用例qs_V1_course_courseByLectureId断言完毕！！
 返回消息体msg-----成功
2021-03-09 14:21:58 INFO  ApiTestCaseModel:66 - 测试用例qs_V1_course_courseByLectureId断言完毕！！
 返回消息体code-----0
2021-03-09 14:21:58 INFO  ApiTestCaseModel:72 - 测试用例qs_V1_course_courseByLectureId断言完毕！！
 期待obj返回消息体7
 实际obj返回消息体7
2021-03-09 14:21:58 INFO  ApiTestCaseModel:63 - 测试用例qs_V1_course_teacherListByLectureId断言完毕！！
 返回消息体msg-----成功
2021-03-09 14:21:58 INFO  ApiTestCaseModel:66 - 测试用例qs_V1_course_teacherListByLectureId断言完毕！！
 返回消息体code-----0
2021-03-09 14:21:58 INFO  ApiTestCaseModel:72 - 测试用例qs_V1_course_teacherListByLectureId断言完毕！！
 期待obj返回消息体1
 实际obj返回消息体1
2021-03-09 14:21:59 INFO  ApiTestCaseModel:63 - 测试用例qs_V1_course_doShareRoom断言完毕！！
 返回消息体msg-----成功
2021-03-09 14:21:59 INFO  ApiTestCaseModel:66 - 测试用例qs_V1_course_doShareRoom断言完毕！！
 返回消息体code-----0
2021-03-09 14:21:59 INFO  ApiTestCaseModel:69 - 返回消息obj体中为空，无需断言
2021-03-09 14:21:59 INFO  ApiTestCaseModel:63 - 测试用例qs_V1_course_submitTimeConfigAnswer断言完毕！！
 返回消息体msg-----成功
2021-03-09 14:21:59 INFO  ApiTestCaseModel:66 - 测试用例qs_V1_course_submitTimeConfigAnswer断言完毕！！
 返回消息体code-----0
2021-03-09 14:21:59 INFO  ApiTestCaseModel:69 - 返回消息obj体中为空，无需断言
2021-03-09 14:21:59 INFO  ApiTestCaseModel:63 - 测试用例qs_V1_course_genUserSign断言完毕！！
 返回消息体msg-----成功
2021-03-09 14:21:59 INFO  ApiTestCaseModel:66 - 测试用例qs_V1_course_genUserSign断言完毕！！
 返回消息体code-----0
2021-03-09 14:21:59 INFO  ApiTestCaseModel:72 - 测试用例qs_V1_course_genUserSign断言完毕！！
 期待obj返回消息体1
 实际obj返回消息体1
2021-03-09 14:21:59 INFO  ApiTestCaseModel:63 - 测试用例qs_V1_course_getLecturePlayInfoByRoomId断言完毕！！
 返回消息体msg-----成功
2021-03-09 14:21:59 INFO  ApiTestCaseModel:66 - 测试用例qs_V1_course_getLecturePlayInfoByRoomId断言完毕！！
 返回消息体code-----0
2021-03-09 14:21:59 INFO  ApiTestCaseModel:72 - 测试用例qs_V1_course_getLecturePlayInfoByRoomId断言完毕！！
 期待obj返回消息体19
 实际obj返回消息体19
2021-03-09 14:22:00 INFO  ApiTestCaseModel:63 - 测试用例qs_V1_course_lectureVideoInfo断言完毕！！
 返回消息体msg-----成功
2021-03-09 14:22:00 INFO  ApiTestCaseModel:66 - 测试用例qs_V1_course_lectureVideoInfo断言完毕！！
 返回消息体code-----0
2021-03-09 14:22:00 INFO  ApiTestCaseModel:72 - 测试用例qs_V1_course_lectureVideoInfo断言完毕！！
 期待obj返回消息体6
 实际obj返回消息体6
2021-03-09 14:22:00 INFO  ApiTestCaseModel:63 - 测试用例qs_V1_course_kpCardByLectureId断言完毕！！
 返回消息体msg-----成功
2021-03-09 14:22:00 INFO  ApiTestCaseModel:66 - 测试用例qs_V1_course_kpCardByLectureId断言完毕！！
 返回消息体code-----0
2021-03-09 14:22:00 INFO  ApiTestCaseModel:72 - 测试用例qs_V1_course_kpCardByLectureId断言完毕！！
 期待obj返回消息体1
 实际obj返回消息体1
2021-03-09 14:22:00 INFO  ApiTestCaseModel:63 - 测试用例qs_V1_course_roomListByLectureIds断言完毕！！
 返回消息体msg-----成功
2021-03-09 14:22:00 INFO  ApiTestCaseModel:66 - 测试用例qs_V1_course_roomListByLectureIds断言完毕！！
 返回消息体code-----0
2021-03-09 14:22:00 INFO  ApiTestCaseModel:72 - 测试用例qs_V1_course_roomListByLectureIds断言完毕！！
 期待obj返回消息体1
 实际obj返回消息体1
2021-03-09 14:22:00 INFO  ApiTestCaseModel:63 - 测试用例qs_V1_course_courseHandoutByLectureId断言完毕！！
 返回消息体msg-----成功
2021-03-09 14:22:00 INFO  ApiTestCaseModel:66 - 测试用例qs_V1_course_courseHandoutByLectureId断言完毕！！
 返回消息体code-----0
2021-03-09 14:22:00 INFO  ApiTestCaseModel:72 - 测试用例qs_V1_course_courseHandoutByLectureId断言完毕！！
 期待obj返回消息体7
 实际obj返回消息体7
2021-03-09 14:22:01 INFO  ApiTestCaseModel:63 - 测试用例qs_V1_course_syncTimeConfig断言完毕！！
 返回消息体msg-----成功
2021-03-09 14:22:01 INFO  ApiTestCaseModel:66 - 测试用例qs_V1_course_syncTimeConfig断言完毕！！
 返回消息体code-----0
2021-03-09 14:22:01 INFO  ApiTestCaseModel:69 - 返回消息obj体中为空，无需断言
2021-03-09 14:22:01 INFO  ApiTestCaseModel:63 - 测试用例qs_V1_course_syncCourseRecord断言完毕！！
 返回消息体msg-----成功
2021-03-09 14:22:01 INFO  ApiTestCaseModel:66 - 测试用例qs_V1_course_syncCourseRecord断言完毕！！
 返回消息体code-----0
2021-03-09 14:22:01 INFO  ApiTestCaseModel:69 - 返回消息obj体中为空，无需断言
2021-03-09 14:22:03 INFO  ApiTestCaseModel:63 - 测试用例qs_V1_course_createRoom断言完毕！！
 返回消息体msg-----成功
2021-03-09 14:22:03 INFO  ApiTestCaseModel:66 - 测试用例qs_V1_course_createRoom断言完毕！！
 返回消息体code-----0
2021-03-09 14:22:03 INFO  ApiTestCaseModel:72 - 测试用例qs_V1_course_createRoom断言完毕！！
 期待obj返回消息体6
 实际obj返回消息体6
2021-03-09 14:22:04 INFO  ApiTestCaseModel:63 - 测试用例qs_V1_course_lectureVideoInfoWithLog断言完毕！！
 返回消息体msg-----成功
2021-03-09 14:22:04 INFO  ApiTestCaseModel:66 - 测试用例qs_V1_course_lectureVideoInfoWithLog断言完毕！！
 返回消息体code-----0
2021-03-09 14:22:04 INFO  ApiTestCaseModel:72 - 测试用例qs_V1_course_lectureVideoInfoWithLog断言完毕！！
 期待obj返回消息体4
 实际obj返回消息体4
2021-03-09 14:22:04 INFO  ApiTestCaseModel:63 - 测试用例qs_V1_solve_solveDetail断言完毕！！
 返回消息体msg-----成功
2021-03-09 14:22:04 INFO  ApiTestCaseModel:66 - 测试用例qs_V1_solve_solveDetail断言完毕！！
 返回消息体code-----0
2021-03-09 14:22:04 INFO  ApiTestCaseModel:72 - 测试用例qs_V1_solve_solveDetail断言完毕！！
 期待obj返回消息体9
 实际obj返回消息体9
2021-03-09 14:22:04 INFO  ApiTestCaseModel:63 - 测试用例qs_V1_solve_askAndReplyList断言完毕！！
 返回消息体msg-----成功
2021-03-09 14:22:04 INFO  ApiTestCaseModel:66 - 测试用例qs_V1_solve_askAndReplyList断言完毕！！
 返回消息体code-----0
2021-03-09 14:22:04 INFO  ApiTestCaseModel:72 - 测试用例qs_V1_solve_askAndReplyList断言完毕！！
 期待obj返回消息体1
 实际obj返回消息体1
2021-03-09 14:22:04 INFO  ApiTestCaseModel:63 - 测试用例qs_V1_solve_saveAskQuestion断言完毕！！
 返回消息体msg-----成功
2021-03-09 14:22:04 INFO  ApiTestCaseModel:66 - 测试用例qs_V1_solve_saveAskQuestion断言完毕！！
 返回消息体code-----0
2021-03-09 14:22:04 INFO  ApiTestCaseModel:69 - 返回消息obj体中为空，无需断言
2021-03-09 14:22:06 INFO  ApiTestCaseModel:63 - 测试用例qs_V1_solve_saveAgainAskQuestion断言完毕！！
 返回消息体msg-----成功
2021-03-09 14:22:06 INFO  ApiTestCaseModel:66 - 测试用例qs_V1_solve_saveAgainAskQuestion断言完毕！！
 返回消息体code-----0
2021-03-09 14:22:06 INFO  ApiTestCaseModel:69 - 返回消息obj体中为空，无需断言
2021-03-09 14:22:06 INFO  ApiTestCaseModel:63 - 测试用例qs_V1_solve_getReplyExpireMsg断言完毕！！
 返回消息体msg-----成功
2021-03-09 14:22:06 INFO  ApiTestCaseModel:66 - 测试用例qs_V1_solve_getReplyExpireMsg断言完毕！！
 返回消息体code-----0
2021-03-09 14:22:06 INFO  ApiTestCaseModel:72 - 测试用例qs_V1_solve_getReplyExpireMsg断言完毕！！
 期待obj返回消息体1
 实际obj返回消息体1
2021-03-09 14:22:07 INFO  ApiTestCaseModel:63 - 测试用例qs_V1_solve_saveSolveDetail断言完毕！！
 返回消息体msg-----成功
2021-03-09 14:22:07 INFO  ApiTestCaseModel:66 - 测试用例qs_V1_solve_saveSolveDetail断言完毕！！
 返回消息体code-----0
2021-03-09 14:22:07 INFO  ApiTestCaseModel:69 - 返回消息obj体中为空，无需断言
2021-03-09 14:22:07 INFO  ApiTestCaseModel:63 - 测试用例qs_V1_solve_myAnswerList断言完毕！！
 返回消息体msg-----成功
2021-03-09 14:22:07 INFO  ApiTestCaseModel:66 - 测试用例qs_V1_solve_myAnswerList断言完毕！！
 返回消息体code-----0
2021-03-09 14:22:07 INFO  ApiTestCaseModel:72 - 测试用例qs_V1_solve_myAnswerList断言完毕！！
 期待obj返回消息体5
 实际obj返回消息体5
2021-03-09 14:22:07 INFO  ApiTestCaseModel:63 - 测试用例qs_V1_solve_cancelSolve断言完毕！！
 返回消息体msg-----成功
2021-03-09 14:22:07 INFO  ApiTestCaseModel:66 - 测试用例qs_V1_solve_cancelSolve断言完毕！！
 返回消息体code-----0
2021-03-09 14:22:07 INFO  ApiTestCaseModel:72 - 测试用例qs_V1_solve_cancelSolve断言完毕！！
 期待obj返回消息体1
 实际obj返回消息体1
2021-03-09 14:22:07 INFO  ApiTestCaseModel:63 - 测试用例qs_V1_solve_leftAskNum断言完毕！！
 返回消息体msg-----成功
2021-03-09 14:22:07 INFO  ApiTestCaseModel:66 - 测试用例qs_V1_solve_leftAskNum断言完毕！！
 返回消息体code-----0
2021-03-09 14:22:07 INFO  ApiTestCaseModel:72 - 测试用例qs_V1_solve_leftAskNum断言完毕！！
 期待obj返回消息体3
 实际obj返回消息体3
2021-03-09 14:22:08 INFO  ApiTestCaseModel:63 - 测试用例qs_V1_curriculum_dayList断言完毕！！
 返回消息体msg-----成功
2021-03-09 14:22:08 INFO  ApiTestCaseModel:66 - 测试用例qs_V1_curriculum_dayList断言完毕！！
 返回消息体code-----0
2021-03-09 14:22:08 INFO  ApiTestCaseModel:72 - 测试用例qs_V1_curriculum_dayList断言完毕！！
 期待obj返回消息体1
 实际obj返回消息体1
2021-03-09 14:22:08 INFO  ApiTestCaseModel:63 - 测试用例qs_V1_shop_prizeExchange断言完毕！！
 返回消息体msg-----成功
2021-03-09 14:22:08 INFO  ApiTestCaseModel:66 - 测试用例qs_V1_shop_prizeExchange断言完毕！！
 返回消息体code-----0
2021-03-09 14:22:08 INFO  ApiTestCaseModel:72 - 测试用例qs_V1_shop_prizeExchange断言完毕！！
 期待obj返回消息体1
 实际obj返回消息体1
2021-03-09 14:22:08 INFO  ApiTestCaseModel:63 - 测试用例qs_V1_shop_index断言完毕！！
 返回消息体msg-----成功
2021-03-09 14:22:09 INFO  ApiTestCaseModel:66 - 测试用例qs_V1_shop_index断言完毕！！
 返回消息体code-----0
2021-03-09 14:22:09 INFO  ApiTestCaseModel:72 - 测试用例qs_V1_shop_index断言完毕！！
 期待obj返回消息体4
 实际obj返回消息体4
2021-03-09 14:22:09 INFO  ApiTestCaseModel:63 - 测试用例qs_V1_activation_completeActivation断言完毕！！
 返回消息体msg-----成功
2021-03-09 14:22:09 INFO  ApiTestCaseModel:66 - 测试用例qs_V1_activation_completeActivation断言完毕！！
 返回消息体code-----0
2021-03-09 14:22:09 INFO  ApiTestCaseModel:72 - 测试用例qs_V1_activation_completeActivation断言完毕！！
 期待obj返回消息体1
 实际obj返回消息体1
2021-03-09 14:22:10 INFO  ApiTestCaseModel:63 - 测试用例qs_V1_activation_questionsAndAnswers断言完毕！！
 返回消息体msg-----成功
2021-03-09 14:22:10 INFO  ApiTestCaseModel:66 - 测试用例qs_V1_activation_questionsAndAnswers断言完毕！！
 返回消息体code-----0
2021-03-09 14:22:10 INFO  ApiTestCaseModel:72 - 测试用例qs_V1_activation_questionsAndAnswers断言完毕！！
 期待obj返回消息体3
 实际obj返回消息体3
2021-03-09 14:22:10 INFO  ApiTestCaseModel:63 - 测试用例qs_V1_activation_shareLearnPlan断言完毕！！
 返回消息体msg-----成功
2021-03-09 14:22:10 INFO  ApiTestCaseModel:66 - 测试用例qs_V1_activation_shareLearnPlan断言完毕！！
 返回消息体code-----0
2021-03-09 14:22:10 INFO  ApiTestCaseModel:63 - 测试用例qs_V1_activation_normalMode断言完毕！！
 返回消息体msg-----成功
2021-03-09 14:22:10 INFO  ApiTestCaseModel:66 - 测试用例qs_V1_activation_normalMode断言完毕！！
 返回消息体code-----0
2021-03-09 14:22:10 INFO  ApiTestCaseModel:72 - 测试用例qs_V1_activation_normalMode断言完毕！！
 期待obj返回消息体1
 实际obj返回消息体1
2021-03-09 14:22:11 INFO  ApiTestCaseModel:63 - 测试用例qs_V1_activation_submitQues断言完毕！！
 返回消息体msg-----成功
2021-03-09 14:22:11 INFO  ApiTestCaseModel:66 - 测试用例qs_V1_activation_submitQues断言完毕！！
 返回消息体code-----0
2021-03-09 14:22:11 INFO  ApiTestCaseModel:72 - 测试用例qs_V1_activation_submitQues断言完毕！！
 期待obj返回消息体4
 实际obj返回消息体4
2021-03-09 14:22:11 INFO  ApiTestCaseModel:63 - 测试用例qs_V1_activation_renewActivation断言完毕！！
 返回消息体msg-----成功
2021-03-09 14:22:11 INFO  ApiTestCaseModel:66 - 测试用例qs_V1_activation_renewActivation断言完毕！！
 返回消息体code-----0
2021-03-09 14:22:11 INFO  ApiTestCaseModel:72 - 测试用例qs_V1_activation_renewActivation断言完毕！！
 期待obj返回消息体0
 实际obj返回消息体0
2021-03-09 14:22:11 INFO  ApiTestCaseModel:63 - 测试用例qs_V1_activation_cancelQues断言完毕！！
 返回消息体msg-----成功
2021-03-09 14:22:11 INFO  ApiTestCaseModel:66 - 测试用例qs_V1_activation_cancelQues断言完毕！！
 返回消息体code-----0
2021-03-09 14:22:11 INFO  ApiTestCaseModel:72 - 测试用例qs_V1_activation_cancelQues断言完毕！！
 期待obj返回消息体0
 实际obj返回消息体0
2021-03-09 14:22:11 INFO  ApiTestCaseModel:63 - 测试用例qs_V1_knowledgePoint_syncKpVoiceRecord断言完毕！！
 返回消息体msg-----成功
2021-03-09 14:22:11 INFO  ApiTestCaseModel:66 - 测试用例qs_V1_knowledgePoint_syncKpVoiceRecord断言完毕！！
 返回消息体code-----0
2021-03-09 14:22:11 INFO  ApiTestCaseModel:69 - 返回消息obj体中为空，无需断言
2021-03-09 14:22:11 INFO  ApiTestCaseModel:63 - 测试用例qs_V1_knowledgePoint_selfModeKpList断言完毕！！
 返回消息体msg-----成功
2021-03-09 14:22:11 INFO  ApiTestCaseModel:66 - 测试用例qs_V1_knowledgePoint_selfModeKpList断言完毕！！
 返回消息体code-----0
2021-03-09 14:22:12 INFO  ApiTestCaseModel:72 - 测试用例qs_V1_knowledgePoint_selfModeKpList断言完毕！！
 期待obj返回消息体1
 实际obj返回消息体1
2021-03-09 14:22:12 INFO  ApiTestCaseModel:63 - 测试用例qs_V1_knowledgePoint_unlockKpList断言完毕！！
 返回消息体msg-----成功
2021-03-09 14:22:12 INFO  ApiTestCaseModel:66 - 测试用例qs_V1_knowledgePoint_unlockKpList断言完毕！！
 返回消息体code-----0
2021-03-09 14:22:12 INFO  ApiTestCaseModel:72 - 测试用例qs_V1_knowledgePoint_unlockKpList断言完毕！！
 期待obj返回消息体3
 实际obj返回消息体3
2021-03-09 14:22:12 INFO  ApiTestCaseModel:63 - 测试用例qs_V1_knowledgePoint_selfModeChooseKp断言完毕！！
 返回消息体msg-----成功
2021-03-09 14:22:12 INFO  ApiTestCaseModel:66 - 测试用例qs_V1_knowledgePoint_selfModeChooseKp断言完毕！！
 返回消息体code-----0
2021-03-09 14:22:12 INFO  ApiTestCaseModel:69 - 返回消息obj体中为空，无需断言
2021-03-09 14:22:12 INFO  ApiTestCaseModel:63 - 测试用例qs_V1_knowledgePoint_genKpListByMode断言完毕！！
 返回消息体msg-----成功
2021-03-09 14:22:12 INFO  ApiTestCaseModel:66 - 测试用例qs_V1_knowledgePoint_genKpListByMode断言完毕！！
 返回消息体code-----0
2021-03-09 14:22:12 INFO  ApiTestCaseModel:72 - 测试用例qs_V1_knowledgePoint_genKpListByMode断言完毕！！
 期待obj返回消息体1
 实际obj返回消息体1
2021-03-09 14:22:12 INFO  ApiTestCaseModel:63 - 测试用例qs_V1_knowledgePoint_kpDetailListByKpIds断言完毕！！
 返回消息体msg-----成功
2021-03-09 14:22:12 INFO  ApiTestCaseModel:66 - 测试用例qs_V1_knowledgePoint_kpDetailListByKpIds断言完毕！！
 返回消息体code-----0
2021-03-09 14:22:12 INFO  ApiTestCaseModel:72 - 测试用例qs_V1_knowledgePoint_kpDetailListByKpIds断言完毕！！
 期待obj返回消息体1
 实际obj返回消息体1
2021-03-09 14:22:13 INFO  ApiTestCaseModel:63 - 测试用例qs_V1_knowledgePoint_getKpVedioByKpId断言完毕！！
 返回消息体msg-----成功
2021-03-09 14:22:13 INFO  ApiTestCaseModel:66 - 测试用例qs_V1_knowledgePoint_getKpVedioByKpId断言完毕！！
 返回消息体code-----0
2021-03-09 14:22:13 INFO  ApiTestCaseModel:72 - 测试用例qs_V1_knowledgePoint_getKpVedioByKpId断言完毕！！
 期待obj返回消息体2
 实际obj返回消息体2
2021-03-09 14:22:13 INFO  ApiTestCaseModel:63 - 测试用例qs_V1_knowledgePoint_kpNoteByUserId断言完毕！！
 返回消息体msg-----成功
2021-03-09 14:22:13 INFO  ApiTestCaseModel:66 - 测试用例qs_V1_knowledgePoint_kpNoteByUserId断言完毕！！
 返回消息体code-----0
2021-03-09 14:22:13 INFO  ApiTestCaseModel:69 - 返回消息obj体中为空，无需断言
2021-03-09 14:22:13 INFO  ApiTestCaseModel:63 - 测试用例qs_V1_solveDetailCollection_collectionStatus断言完毕！！
 返回消息体msg-----成功
2021-03-09 14:22:13 INFO  ApiTestCaseModel:66 - 测试用例qs_V1_solveDetailCollection_collectionStatus断言完毕！！
 返回消息体code-----0
2021-03-09 14:22:13 INFO  ApiTestCaseModel:69 - 返回消息obj体中为空，无需断言
2021-03-09 14:22:13 INFO  ApiTestCaseModel:63 - 测试用例qs_V1_solveDetailCollection_collectionStatus断言完毕！！
 返回消息体msg-----成功
2021-03-09 14:22:13 INFO  ApiTestCaseModel:66 - 测试用例qs_V1_solveDetailCollection_collectionStatus断言完毕！！
 返回消息体code-----0
2021-03-09 14:22:13 INFO  ApiTestCaseModel:69 - 返回消息obj体中为空，无需断言
2021-03-09 14:22:13 INFO  ApiTestCaseModel:63 - 测试用例qs_V1_solveDetailCollection_myCollection断言完毕！！
 返回消息体msg-----成功
2021-03-09 14:22:13 INFO  ApiTestCaseModel:66 - 测试用例qs_V1_solveDetailCollection_myCollection断言完毕！！
 返回消息体code-----0
2021-03-09 14:22:13 INFO  ApiTestCaseModel:72 - 测试用例qs_V1_solveDetailCollection_myCollection断言完毕！！
 期待obj返回消息体5
 实际obj返回消息体5
2021-03-09 14:22:14 INFO  ApiTestCaseModel:63 - 测试用例qs_V1_task_index断言完毕！！
 返回消息体msg-----成功
2021-03-09 14:22:14 INFO  ApiTestCaseModel:66 - 测试用例qs_V1_task_index断言完毕！！
 返回消息体code-----0
2021-03-09 14:22:14 INFO  ApiTestCaseModel:72 - 测试用例qs_V1_task_index断言完毕！！
 期待obj返回消息体2
 实际obj返回消息体2
2021-03-09 14:22:14 INFO  ApiTestCaseModel:63 - 测试用例qs_V1_task_creditDetails断言完毕！！
 返回消息体msg-----成功
2021-03-09 14:22:14 INFO  ApiTestCaseModel:66 - 测试用例qs_V1_task_creditDetails断言完毕！！
 返回消息体code-----0
2021-03-09 14:22:14 INFO  ApiTestCaseModel:72 - 测试用例qs_V1_task_creditDetails断言完毕！！
 期待obj返回消息体5
 实际obj返回消息体5
2021-03-09 14:22:15 INFO  ApiTestCaseModel:63 - 测试用例qs_V1_class_index断言完毕！！
 返回消息体msg-----成功
2021-03-09 14:22:15 INFO  ApiTestCaseModel:66 - 测试用例qs_V1_class_index断言完毕！！
 返回消息体code-----0
2021-03-09 14:22:15 INFO  ApiTestCaseModel:72 - 测试用例qs_V1_class_index断言完毕！！
 期待obj返回消息体4
 实际obj返回消息体4
2021-03-09 14:22:15 INFO  ApiTestCaseModel:63 - 测试用例qs_V1_class_personData断言完毕！！
 返回消息体msg-----成功
2021-03-09 14:22:15 INFO  ApiTestCaseModel:66 - 测试用例qs_V1_class_personData断言完毕！！
 返回消息体code-----0
2021-03-09 14:22:15 INFO  ApiTestCaseModel:72 - 测试用例qs_V1_class_personData断言完毕！！
 期待obj返回消息体10
 实际obj返回消息体10
2021-03-09 14:22:15 INFO  ApiTestCaseModel:63 - 测试用例qs_V1_class_classDetail_classData断言完毕！！
 返回消息体msg-----成功
2021-03-09 14:22:15 INFO  ApiTestCaseModel:66 - 测试用例qs_V1_class_classDetail_classData断言完毕！！
 返回消息体code-----0
2021-03-09 14:22:15 INFO  ApiTestCaseModel:72 - 测试用例qs_V1_class_classDetail_classData断言完毕！！
 期待obj返回消息体5
 实际obj返回消息体5
2021-03-09 14:22:15 INFO  ApiTestCaseModel:63 - 测试用例qs_V1_class_classDetail_classReport断言完毕！！
 返回消息体msg-----成功
2021-03-09 14:22:15 INFO  ApiTestCaseModel:66 - 测试用例qs_V1_class_classDetail_classReport断言完毕！！
 返回消息体code-----0
2021-03-09 14:22:15 INFO  ApiTestCaseModel:72 - 测试用例qs_V1_class_classDetail_classReport断言完毕！！
 期待obj返回消息体8
 实际obj返回消息体8
2021-03-09 14:22:16 INFO  ApiTestCaseModel:63 - 测试用例qs_V1_class_classDetail_classRank断言完毕！！
 返回消息体msg-----成功
2021-03-09 14:22:16 INFO  ApiTestCaseModel:66 - 测试用例qs_V1_class_classDetail_classRank断言完毕！！
 返回消息体code-----0
2021-03-09 14:22:16 INFO  ApiTestCaseModel:72 - 测试用例qs_V1_class_classDetail_classRank断言完毕！！
 期待obj返回消息体1
 实际obj返回消息体1
2021-03-09 14:22:16 INFO  ApiTestCaseModel:63 - 测试用例qs_V1_class_encourage断言完毕！！
 返回消息体msg-----成功
2021-03-09 14:22:16 INFO  ApiTestCaseModel:66 - 测试用例qs_V1_class_encourage断言完毕！！
 返回消息体code-----0
2021-03-09 14:22:16 INFO  ApiTestCaseModel:69 - 返回消息obj体中为空，无需断言
2021-03-09 14:22:16 INFO  ApiTestCaseModel:63 - 测试用例qs_V1_exam_removeWrongQuesByUser断言完毕！！
 返回消息体msg-----成功
2021-03-09 14:22:16 INFO  ApiTestCaseModel:66 - 测试用例qs_V1_exam_removeWrongQuesByUser断言完毕！！
 返回消息体code-----0
2021-03-09 14:22:16 INFO  ApiTestCaseModel:72 - 测试用例qs_V1_exam_removeWrongQuesByUser断言完毕！！
 期待obj返回消息体1
 实际obj返回消息体1
2021-03-09 14:22:16 INFO  ApiTestCaseModel:63 - 测试用例qs_V1_exam_paperRecordList断言完毕！！
 返回消息体msg-----成功
2021-03-09 14:22:16 INFO  ApiTestCaseModel:66 - 测试用例qs_V1_exam_paperRecordList断言完毕！！
 返回消息体code-----0
2021-03-09 14:22:16 INFO  ApiTestCaseModel:72 - 测试用例qs_V1_exam_paperRecordList断言完毕！！
 期待obj返回消息体5
 实际obj返回消息体5
2021-03-09 14:22:17 INFO  ApiTestCaseModel:63 - 测试用例qs_V1_exam_wrongQuesByKp断言完毕！！
 返回消息体msg-----成功
2021-03-09 14:22:17 INFO  ApiTestCaseModel:66 - 测试用例qs_V1_exam_wrongQuesByKp断言完毕！！
 返回消息体code-----0
2021-03-09 14:22:17 INFO  ApiTestCaseModel:72 - 测试用例qs_V1_exam_wrongQuesByKp断言完毕！！
 期待obj返回消息体2
 实际obj返回消息体2
2021-03-09 14:22:17 INFO  ApiTestCaseModel:63 - 测试用例qs_V1_exam_smartGoToExam断言完毕！！
 返回消息体msg-----成功
2021-03-09 14:22:18 INFO  ApiTestCaseModel:66 - 测试用例qs_V1_exam_smartGoToExam断言完毕！！
 返回消息体code-----0
2021-03-09 14:22:18 INFO  ApiTestCaseModel:72 - 测试用例qs_V1_exam_smartGoToExam断言完毕！！
 期待obj返回消息体5
 实际obj返回消息体5
2021-03-09 14:22:18 INFO  ApiTestCaseModel:63 - 测试用例qs_V1_exam_cacheAnswer断言完毕！！
 返回消息体msg-----成功
2021-03-09 14:22:18 INFO  ApiTestCaseModel:66 - 测试用例qs_V1_exam_cacheAnswer断言完毕！！
 返回消息体code-----0
2021-03-09 14:22:18 INFO  ApiTestCaseModel:69 - 返回消息obj体中为空，无需断言
2021-03-09 14:22:18 INFO  ApiTestCaseModel:63 - 测试用例qs_V1_exam_correctionTypeList断言完毕！！
 返回消息体msg-----成功
2021-03-09 14:22:18 INFO  ApiTestCaseModel:66 - 测试用例qs_V1_exam_correctionTypeList断言完毕！！
 返回消息体code-----0
2021-03-09 14:22:18 INFO  ApiTestCaseModel:72 - 测试用例qs_V1_exam_correctionTypeList断言完毕！！
 期待obj返回消息体1
 实际obj返回消息体1
2021-03-09 14:22:18 INFO  ApiTestCaseModel:63 - 测试用例qs_V1_exam_subjectListByUserExtendId断言完毕！！
 返回消息体msg-----成功
2021-03-09 14:22:18 INFO  ApiTestCaseModel:66 - 测试用例qs_V1_exam_subjectListByUserExtendId断言完毕！！
 返回消息体code-----0
2021-03-09 14:22:18 INFO  ApiTestCaseModel:72 - 测试用例qs_V1_exam_subjectListByUserExtendId断言完毕！！
 期待obj返回消息体1
 实际obj返回消息体1
2021-03-09 14:22:18 INFO  ApiTestCaseModel:63 - 测试用例qs_V1_exam_getVideoPlayInfo断言完毕！！
 返回消息体msg-----成功
2021-03-09 14:22:19 INFO  ApiTestCaseModel:66 - 测试用例qs_V1_exam_getVideoPlayInfo断言完毕！！
 返回消息体code-----0
2021-03-09 14:22:19 INFO  ApiTestCaseModel:72 - 测试用例qs_V1_exam_getVideoPlayInfo断言完毕！！
 期待obj返回消息体4
 实际obj返回消息体4
2021-03-09 14:22:19 INFO  ApiTestCaseModel:63 - 测试用例qs_V1_exam_collectQues断言完毕！！
 返回消息体msg-----成功
2021-03-09 14:22:19 INFO  ApiTestCaseModel:66 - 测试用例qs_V1_exam_collectQues断言完毕！！
 返回消息体code-----0
2021-03-09 14:22:19 INFO  ApiTestCaseModel:69 - 返回消息obj体中为空，无需断言
2021-03-09 14:22:19 INFO  ApiTestCaseModel:63 - 测试用例qs_V1_exam_unCollectQues断言完毕！！
 返回消息体msg-----成功
2021-03-09 14:22:19 INFO  ApiTestCaseModel:66 - 测试用例qs_V1_exam_unCollectQues断言完毕！！
 返回消息体code-----0
2021-03-09 14:22:19 INFO  ApiTestCaseModel:69 - 返回消息obj体中为空，无需断言
2021-03-09 14:22:19 INFO  ApiTestCaseModel:63 - 测试用例qs_V1_exam_examIndex断言完毕！！
 返回消息体msg-----成功
2021-03-09 14:22:19 INFO  ApiTestCaseModel:66 - 测试用例qs_V1_exam_examIndex断言完毕！！
 返回消息体code-----0
2021-03-09 14:22:19 INFO  ApiTestCaseModel:72 - 测试用例qs_V1_exam_examIndex断言完毕！！
 期待obj返回消息体5
 实际obj返回消息体5
2021-03-09 14:22:20 INFO  ApiTestCaseModel:63 - 测试用例qs_V1_exam_smartExam断言完毕！！
 返回消息体msg-----成功
2021-03-09 14:22:20 INFO  ApiTestCaseModel:66 - 测试用例qs_V1_exam_smartExam断言完毕！！
 返回消息体code-----0
2021-03-09 14:22:20 INFO  ApiTestCaseModel:72 - 测试用例qs_V1_exam_smartExam断言完毕！！
 期待obj返回消息体3
 实际obj返回消息体3
2021-03-09 14:22:20 INFO  ApiTestCaseModel:63 - 测试用例qs_V1_exam_wrongQuesByQuesType断言完毕！！
 返回消息体msg-----成功
2021-03-09 14:22:20 INFO  ApiTestCaseModel:66 - 测试用例qs_V1_exam_wrongQuesByQuesType断言完毕！！
 返回消息体code-----0
2021-03-09 14:22:20 INFO  ApiTestCaseModel:72 - 测试用例qs_V1_exam_wrongQuesByQuesType断言完毕！！
 期待obj返回消息体2
 实际obj返回消息体2
2021-03-09 14:22:21 INFO  ApiTestCaseModel:63 - 测试用例qs_V1_exam_examAnalysis断言完毕！！
 返回消息体msg-----成功
2021-03-09 14:22:21 INFO  ApiTestCaseModel:66 - 测试用例qs_V1_exam_examAnalysis断言完毕！！
 返回消息体code-----0
2021-03-09 14:22:21 INFO  ApiTestCaseModel:72 - 测试用例qs_V1_exam_examAnalysis断言完毕！！
 期待obj返回消息体2
 实际obj返回消息体2
2021-03-09 14:22:22 INFO  ApiTestCaseModel:63 - 测试用例qs_V1_exam_wrongQuesDetail断言完毕！！
 返回消息体msg-----成功
2021-03-09 14:22:22 INFO  ApiTestCaseModel:66 - 测试用例qs_V1_exam_wrongQuesDetail断言完毕！！
 返回消息体code-----0
2021-03-09 14:22:22 INFO  ApiTestCaseModel:72 - 测试用例qs_V1_exam_wrongQuesDetail断言完毕！！
 期待obj返回消息体5
 实际obj返回消息体5
2021-03-09 14:22:22 INFO  ApiTestCaseModel:63 - 测试用例qs_V1_exam_recordView断言完毕！！
 返回消息体msg-----成功
2021-03-09 14:22:22 INFO  ApiTestCaseModel:66 - 测试用例qs_V1_exam_recordView断言完毕！！
 返回消息体code-----0
2021-03-09 14:22:22 INFO  ApiTestCaseModel:72 - 测试用例qs_V1_exam_recordView断言完毕！！
 期待obj返回消息体15
 实际obj返回消息体15
2021-03-09 14:22:22 INFO  ApiTestCaseModel:63 - 测试用例qs_V1_exam_collectQues断言完毕！！
 返回消息体msg-----成功
2021-03-09 14:22:22 INFO  ApiTestCaseModel:66 - 测试用例qs_V1_exam_collectQues断言完毕！！
 返回消息体code-----0
2021-03-09 14:22:22 INFO  ApiTestCaseModel:69 - 返回消息obj体中为空，无需断言
2021-03-09 14:22:22 INFO  ApiTestCaseModel:63 - 测试用例qs_V1_exam_unCollectQues断言完毕！！
 返回消息体msg-----成功
2021-03-09 14:22:22 INFO  ApiTestCaseModel:66 - 测试用例qs_V1_exam_unCollectQues断言完毕！！
 返回消息体code-----0
2021-03-09 14:22:22 INFO  ApiTestCaseModel:69 - 返回消息obj体中为空，无需断言
2021-03-09 14:22:23 INFO  ApiTestCaseModel:63 - 测试用例qs_V1_exam_goToExam断言完毕！！
 返回消息体msg-----成功
2021-03-09 14:22:23 INFO  ApiTestCaseModel:66 - 测试用例qs_V1_exam_goToExam断言完毕！！
 返回消息体code-----0
2021-03-09 14:22:23 INFO  ApiTestCaseModel:72 - 测试用例qs_V1_exam_goToExam断言完毕！！
 期待obj返回消息体5
 实际obj返回消息体5
2021-03-09 14:22:23 INFO  ApiTestCaseModel:63 - 测试用例qs_V1_exam_paperListByPaperType断言完毕！！
 返回消息体msg-----成功
2021-03-09 14:22:23 INFO  ApiTestCaseModel:66 - 测试用例qs_V1_exam_paperListByPaperType断言完毕！！
 返回消息体code-----0
2021-03-09 14:22:23 INFO  ApiTestCaseModel:72 - 测试用例qs_V1_exam_paperListByPaperType断言完毕！！
 期待obj返回消息体1
 实际obj返回消息体1
2021-03-09 14:22:23 INFO  ApiTestCaseModel:63 - 测试用例qs_V1_exam_questionInfo断言完毕！！
 返回消息体msg-----成功
2021-03-09 14:22:23 INFO  ApiTestCaseModel:66 - 测试用例qs_V1_exam_questionInfo断言完毕！！
 返回消息体code-----0
2021-03-09 14:22:23 INFO  ApiTestCaseModel:72 - 测试用例qs_V1_exam_questionInfo断言完毕！！
 期待obj返回消息体2
 实际obj返回消息体2
2021-03-09 14:22:24 INFO  ApiTestCaseModel:63 - 测试用例qs_V1_commentLable_commentLableList断言完毕！！
 返回消息体msg-----成功
2021-03-09 14:22:24 INFO  ApiTestCaseModel:66 - 测试用例qs_V1_commentLable_commentLableList断言完毕！！
 返回消息体code-----0
2021-03-09 14:22:24 INFO  ApiTestCaseModel:72 - 测试用例qs_V1_commentLable_commentLableList断言完毕！！
 期待obj返回消息体2
 实际obj返回消息体2
2021-03-09 14:22:24 INFO  ApiTestCaseModel:63 - 测试用例qs_V1_setting_learnProgress断言完毕！！
 返回消息体msg-----成功
2021-03-09 14:22:24 INFO  ApiTestCaseModel:66 - 测试用例qs_V1_setting_learnProgress断言完毕！！
 返回消息体code-----0
2021-03-09 14:22:24 INFO  ApiTestCaseModel:72 - 测试用例qs_V1_setting_learnProgress断言完毕！！
 期待obj返回消息体2
 实际obj返回消息体2
2021-03-09 14:22:24 INFO  ApiTestCaseModel:63 - 测试用例qs_V1_setting_learnPlanSwitch断言完毕！！
 返回消息体msg-----成功
2021-03-09 14:22:24 INFO  ApiTestCaseModel:66 - 测试用例qs_V1_setting_learnPlanSwitch断言完毕！！
 返回消息体code-----0
2021-03-09 14:22:24 INFO  ApiTestCaseModel:72 - 测试用例qs_V1_setting_learnPlanSwitch断言完毕！！
 期待obj返回消息体2
 实际obj返回消息体2
2021-03-09 14:22:24 INFO  ApiTestCaseModel:63 - 测试用例qs_V1_setting_switchTeacher断言完毕！！
 返回消息体msg-----成功
2021-03-09 14:22:24 INFO  ApiTestCaseModel:66 - 测试用例qs_V1_setting_switchTeacher断言完毕！！
 返回消息体code-----0
2021-03-09 14:22:24 INFO  ApiTestCaseModel:72 - 测试用例qs_V1_setting_switchTeacher断言完毕！！
 期待obj返回消息体1
 实际obj返回消息体1
2021-03-09 14:22:24 INFO  ApiTestCaseModel:63 - 测试用例qs_V1_setting_classSwitch断言完毕！！
 返回消息体msg-----成功
2021-03-09 14:22:25 INFO  ApiTestCaseModel:66 - 测试用例qs_V1_setting_classSwitch断言完毕！！
 返回消息体code-----0
2021-03-09 14:22:25 INFO  ApiTestCaseModel:72 - 测试用例qs_V1_setting_classSwitch断言完毕！！
 期待obj返回消息体1
 实际obj返回消息体1
2021-03-09 14:22:25 INFO  ApiTestCaseModel:63 - 测试用例qs_V1_setting_learnPlanSwitchSubmit断言完毕！！
 返回消息体msg-----成功
2021-03-09 14:22:25 INFO  ApiTestCaseModel:66 - 测试用例qs_V1_setting_learnPlanSwitchSubmit断言完毕！！
 返回消息体code-----0
2021-03-09 14:22:25 INFO  ApiTestCaseModel:69 - 返回消息obj体中为空，无需断言
2021-03-09 14:22:25 INFO  ApiTestCaseModel:63 - 测试用例qs_V1_setting_learnTime断言完毕！！
 返回消息体msg-----成功
2021-03-09 14:22:25 INFO  ApiTestCaseModel:66 - 测试用例qs_V1_setting_learnTime断言完毕！！
 返回消息体code-----0
2021-03-09 14:22:25 INFO  ApiTestCaseModel:72 - 测试用例qs_V1_setting_learnTime断言完毕！！
 期待obj返回消息体3
 实际obj返回消息体3
2021-03-09 14:22:26 INFO  ApiTestCaseModel:63 - 测试用例qs_V1_setting_learnCycleSubmit断言完毕！！
 返回消息体msg-----成功
2021-03-09 14:22:26 INFO  ApiTestCaseModel:66 - 测试用例qs_V1_setting_learnCycleSubmit断言完毕！！
 返回消息体code-----0
2021-03-09 14:22:26 INFO  ApiTestCaseModel:69 - 返回消息obj体中为空，无需断言
2021-03-09 14:22:26 INFO  ApiTestCaseModel:63 - 测试用例qs_V1_setting_learnMethodSubmit断言完毕！！
 返回消息体msg-----成功
2021-03-09 14:22:26 INFO  ApiTestCaseModel:66 - 测试用例qs_V1_setting_learnMethodSubmit断言完毕！！
 返回消息体code-----0
2021-03-09 14:22:26 INFO  ApiTestCaseModel:69 - 返回消息obj体中为空，无需断言
2021-03-09 14:22:26 INFO  ApiTestCaseModel:63 - 测试用例qs_V1_setting_restCycleSubmit断言完毕！！
 返回消息体msg-----成功
2021-03-09 14:22:26 INFO  ApiTestCaseModel:66 - 测试用例qs_V1_setting_restCycleSubmit断言完毕！！
 返回消息体code-----0
2021-03-09 14:22:26 INFO  ApiTestCaseModel:69 - 返回消息obj体中为空，无需断言
2021-03-09 14:22:26 INFO  ApiTestCaseModel:63 - 测试用例qs_V1_setting_learnMethod断言完毕！！
 返回消息体msg-----成功
2021-03-09 14:22:26 INFO  ApiTestCaseModel:66 - 测试用例qs_V1_setting_learnMethod断言完毕！！
 返回消息体code-----0
2021-03-09 14:22:26 INFO  ApiTestCaseModel:72 - 测试用例qs_V1_setting_learnMethod断言完毕！！
 期待obj返回消息体3
 实际obj返回消息体3
2021-03-09 14:22:27 INFO  ApiTestCaseModel:63 - 测试用例qs_V1_setting_index断言完毕！！
 返回消息体msg-----成功
2021-03-09 14:22:27 INFO  ApiTestCaseModel:66 - 测试用例qs_V1_setting_index断言完毕！！
 返回消息体code-----0
2021-03-09 14:22:27 INFO  ApiTestCaseModel:72 - 测试用例qs_V1_setting_index断言完毕！！
 期待obj返回消息体2
 实际obj返回消息体2
2021-03-09 14:22:27 INFO  ApiTestCaseModel:63 - 测试用例qs_V1_setting_autoCache断言完毕！！
 返回消息体msg-----成功
2021-03-09 14:22:27 INFO  ApiTestCaseModel:66 - 测试用例qs_V1_setting_autoCache断言完毕！！
 返回消息体code-----0
2021-03-09 14:22:27 INFO  ApiTestCaseModel:72 - 测试用例qs_V1_setting_autoCache断言完毕！！
 期待obj返回消息体1
 实际obj返回消息体1
2021-03-09 14:22:27 INFO  ApiTestCaseModel:63 - 测试用例qs_V1_setting_switchTeacherSubmit断言完毕！！
 返回消息体msg-----成功
2021-03-09 14:22:27 INFO  ApiTestCaseModel:66 - 测试用例qs_V1_setting_switchTeacherSubmit断言完毕！！
 返回消息体code-----0
2021-03-09 14:22:27 INFO  ApiTestCaseModel:69 - 返回消息obj体中为空，无需断言
2021-03-09 14:22:28 INFO  ApiTestCaseModel:63 - 测试用例qs_V1_setting_classSwitchSubmit断言完毕！！
 返回消息体msg-----成功
2021-03-09 14:22:28 INFO  ApiTestCaseModel:66 - 测试用例qs_V1_setting_classSwitchSubmit断言完毕！！
 返回消息体code-----0
2021-03-09 14:22:28 INFO  ApiTestCaseModel:69 - 返回消息obj体中为空，无需断言
2021-03-09 14:22:28 INFO  ApiTestCaseModel:63 - 测试用例qs_V1_setting_learnProgressSubmit断言完毕！！
 返回消息体msg-----成功
2021-03-09 14:22:28 INFO  ApiTestCaseModel:66 - 测试用例qs_V1_setting_learnProgressSubmit断言完毕！！
 返回消息体code-----0
2021-03-09 14:22:28 INFO  ApiTestCaseModel:69 - 返回消息obj体中为空，无需断言
2021-03-09 14:22:28 INFO  ApiTestCaseModel:63 - 测试用例qs_V1_replyComment_getCommentView断言完毕！！
 返回消息体msg-----成功
2021-03-09 14:22:28 INFO  ApiTestCaseModel:66 - 测试用例qs_V1_replyComment_getCommentView断言完毕！！
 返回消息体code-----0
2021-03-09 14:22:28 INFO  ApiTestCaseModel:72 - 测试用例qs_V1_replyComment_getCommentView断言完毕！！
 期待obj返回消息体4
 实际obj返回消息体4
2021-03-09 14:22:28 INFO  ApiTestCaseModel:63 - 测试用例qs_V1_replyComment_submitComment断言完毕！！
 返回消息体msg-----成功
2021-03-09 14:22:28 INFO  ApiTestCaseModel:66 - 测试用例qs_V1_replyComment_submitComment断言完毕！！
 返回消息体code-----0
2021-03-09 14:22:28 INFO  ApiTestCaseModel:69 - 返回消息obj体中为空，无需断言
2021-03-09 14:22:29 INFO  ApiTestCaseModel:63 - 测试用例qs_V2_study_startStudyQues断言完毕！！
 返回消息体msg-----成功
2021-03-09 14:22:29 INFO  ApiTestCaseModel:66 - 测试用例qs_V2_study_startStudyQues断言完毕！！
 返回消息体code-----0
2021-03-09 14:22:29 INFO  ApiTestCaseModel:72 - 测试用例qs_V2_study_startStudyQues断言完毕！！
 期待obj返回消息体2
 实际obj返回消息体2
2021-03-09 14:22:29 INFO  ApiTestCaseModel:63 - 测试用例qs_V2_course_courseByLectureId断言完毕！！
 返回消息体msg-----成功
2021-03-09 14:22:29 INFO  ApiTestCaseModel:66 - 测试用例qs_V2_course_courseByLectureId断言完毕！！
 返回消息体code-----0
2021-03-09 14:22:29 INFO  ApiTestCaseModel:72 - 测试用例qs_V2_course_courseByLectureId断言完毕！！
 期待obj返回消息体7
 实际obj返回消息体7
2021-03-09 14:22:29 INFO  ApiTestCaseModel:63 - 测试用例qs_V2_activation_submitQues断言完毕！！
 返回消息体msg-----成功
2021-03-09 14:22:29 INFO  ApiTestCaseModel:66 - 测试用例qs_V2_activation_submitQues断言完毕！！
 返回消息体code-----0
2021-03-09 14:22:29 INFO  ApiTestCaseModel:72 - 测试用例qs_V2_activation_submitQues断言完毕！！
 期待obj返回消息体4
 实际obj返回消息体4
2021-03-09 14:22:29 INFO  ApiTestCaseModel:63 - 测试用例qs_V2_activation_questionsAndAnswers断言完毕！！
 返回消息体msg-----成功
2021-03-09 14:22:30 INFO  ApiTestCaseModel:66 - 测试用例qs_V2_activation_questionsAndAnswers断言完毕！！
 返回消息体code-----0
2021-03-09 14:22:30 INFO  ApiTestCaseModel:72 - 测试用例qs_V2_activation_questionsAndAnswers断言完毕！！
 期待obj返回消息体3
 实际obj返回消息体3
2021-03-09 14:22:30 INFO  ApiTestCaseModel:63 - 测试用例qs_V2_knowledgePoint_unlockKpList断言完毕！！
 返回消息体msg-----成功
2021-03-09 14:22:30 INFO  ApiTestCaseModel:66 - 测试用例qs_V2_knowledgePoint_unlockKpList断言完毕！！
 返回消息体code-----0
2021-03-09 14:22:30 INFO  ApiTestCaseModel:72 - 测试用例qs_V2_knowledgePoint_unlockKpList断言完毕！！
 期待obj返回消息体3
 实际obj返回消息体3
2021-03-09 14:22:30 INFO  ApiTestCaseModel:63 - 测试用例qs_V2_knowledgePoint_kpDetailListByKpIds断言完毕！！
 返回消息体msg-----成功
2021-03-09 14:22:30 INFO  ApiTestCaseModel:66 - 测试用例qs_V2_knowledgePoint_kpDetailListByKpIds断言完毕！！
 返回消息体code-----0
2021-03-09 14:22:30 INFO  ApiTestCaseModel:72 - 测试用例qs_V2_knowledgePoint_kpDetailListByKpIds断言完毕！！
 期待obj返回消息体1
 实际obj返回消息体1
2021-03-09 14:22:30 INFO  ApiTestCaseModel:63 - 测试用例qs_V2_class_index断言完毕！！
 返回消息体msg-----成功
2021-03-09 14:22:31 INFO  ApiTestCaseModel:66 - 测试用例qs_V2_class_index断言完毕！！
 返回消息体code-----0
2021-03-09 14:22:31 INFO  ApiTestCaseModel:72 - 测试用例qs_V2_class_index断言完毕！！
 期待obj返回消息体4
 实际obj返回消息体4
2021-03-09 14:22:31 INFO  ApiTestCaseModel:63 - 测试用例qs_V2_exam_recordView断言完毕！！
 返回消息体msg-----成功
2021-03-09 14:22:31 INFO  ApiTestCaseModel:66 - 测试用例qs_V2_exam_recordView断言完毕！！
 返回消息体code-----0
2021-03-09 14:22:31 INFO  ApiTestCaseModel:72 - 测试用例qs_V2_exam_recordView断言完毕！！
 期待obj返回消息体15
 实际obj返回消息体15
2021-03-09 14:22:31 INFO  ApiTestCaseModel:63 - 测试用例qs_V2_exam_goToExam断言完毕！！
 返回消息体msg-----成功
2021-03-09 14:22:31 INFO  ApiTestCaseModel:66 - 测试用例qs_V2_exam_goToExam断言完毕！！
 返回消息体code-----0
2021-03-09 14:22:31 INFO  ApiTestCaseModel:72 - 测试用例qs_V2_exam_goToExam断言完毕！！
 期待obj返回消息体5
 实际obj返回消息体5
2021-03-09 14:22:31 INFO  ApiTestCaseModel:63 - 测试用例qs_V2_setting_switchTeacher断言完毕！！
 返回消息体msg-----成功
2021-03-09 14:22:31 INFO  ApiTestCaseModel:66 - 测试用例qs_V2_setting_switchTeacher断言完毕！！
 返回消息体code-----0
2021-03-09 14:22:31 INFO  ApiTestCaseModel:72 - 测试用例qs_V2_setting_switchTeacher断言完毕！！
 期待obj返回消息体1
 实际obj返回消息体1
2021-03-09 14:22:32 INFO  ApiTestCaseModel:63 - 测试用例qs_V3_study_updateStudyStatusAndChatRecord断言完毕！！
 返回消息体msg-----成功
2021-03-09 14:22:32 INFO  ApiTestCaseModel:66 - 测试用例qs_V3_study_updateStudyStatusAndChatRecord断言完毕！！
 返回消息体code-----0
2021-03-09 14:22:32 INFO  ApiTestCaseModel:72 - 测试用例qs_V3_study_updateStudyStatusAndChatRecord断言完毕！！
 期待obj返回消息体0
 实际obj返回消息体0
2021-03-09 14:22:32 INFO  ApiTestCaseModel:63 - 测试用例qs_V3_study_startStudyQues断言完毕！！
 返回消息体msg-----成功
2021-03-09 14:22:32 INFO  ApiTestCaseModel:66 - 测试用例qs_V3_study_startStudyQues断言完毕！！
 返回消息体code-----0
2021-03-09 14:22:32 INFO  ApiTestCaseModel:72 - 测试用例qs_V3_study_startStudyQues断言完毕！！
 期待obj返回消息体2
 实际obj返回消息体2
2021-03-09 14:22:32 INFO  ApiTestCaseModel:63 - 测试用例qs_V3_study_startStudyAnswer断言完毕！！
 返回消息体msg-----成功
2021-03-09 14:22:32 INFO  ApiTestCaseModel:66 - 测试用例qs_V3_study_startStudyAnswer断言完毕！！
 返回消息体code-----0
2021-03-09 14:22:32 INFO  ApiTestCaseModel:72 - 测试用例qs_V3_study_startStudyAnswer断言完毕！！
 期待obj返回消息体2
 实际obj返回消息体2
2021-03-09 14:22:32 INFO  ApiTestCaseModel:63 - 测试用例qs_V3_study_index断言完毕！！
 返回消息体msg-----成功
2021-03-09 14:22:32 INFO  ApiTestCaseModel:66 - 测试用例qs_V3_study_index断言完毕！！
 返回消息体code-----0
2021-03-09 14:22:32 INFO  ApiTestCaseModel:72 - 测试用例qs_V3_study_index断言完毕！！
 期待obj返回消息体3
 实际obj返回消息体3
2021-03-09 14:22:32 INFO  ApiTestCaseModel:63 - 测试用例qs_V3_curriculum_classSchedule断言完毕！！
 返回消息体msg-----成功
2021-03-09 14:22:32 INFO  ApiTestCaseModel:66 - 测试用例qs_V3_curriculum_classSchedule断言完毕！！
 返回消息体code-----0
2021-03-09 14:22:32 INFO  ApiTestCaseModel:69 - 返回消息obj体中为空，无需断言
2021-03-09 14:22:33 INFO  ApiTestCaseModel:63 - 测试用例qs_V3_curriculum_dayList断言完毕！！
 返回消息体msg-----成功
2021-03-09 14:22:33 INFO  ApiTestCaseModel:66 - 测试用例qs_V3_curriculum_dayList断言完毕！！
 返回消息体code-----0
2021-03-09 14:22:33 INFO  ApiTestCaseModel:72 - 测试用例qs_V3_curriculum_dayList断言完毕！！
 期待obj返回消息体1
 实际obj返回消息体1
2021-03-09 14:22:33 INFO  ApiTestCaseModel:63 - 测试用例qs_V3_marketingMessage_getMarketingMessageDetail断言完毕！！
 返回消息体msg-----成功
2021-03-09 14:22:33 INFO  ApiTestCaseModel:66 - 测试用例qs_V3_marketingMessage_getMarketingMessageDetail断言完毕！！
 返回消息体code-----0
2021-03-09 14:22:33 INFO  ApiTestCaseModel:72 - 测试用例qs_V3_marketingMessage_getMarketingMessageDetail断言完毕！！
 期待obj返回消息体3
 实际obj返回消息体3
2021-03-09 14:22:33 INFO  ApiTestCaseModel:63 - 测试用例qs_V3_shop_redeemNow断言完毕！！
 返回消息体msg-----成功
2021-03-09 14:22:33 INFO  ApiTestCaseModel:66 - 测试用例qs_V3_shop_redeemNow断言完毕！！
 返回消息体code-----0
2021-03-09 14:22:33 INFO  ApiTestCaseModel:72 - 测试用例qs_V3_shop_redeemNow断言完毕！！
 期待obj返回消息体5
 实际obj返回消息体5
2021-03-09 14:22:34 INFO  ApiTestCaseModel:63 - 测试用例qs_V3_shop_index断言完毕！！
 返回消息体msg-----成功
2021-03-09 14:22:34 INFO  ApiTestCaseModel:66 - 测试用例qs_V3_shop_index断言完毕！！
 返回消息体code-----0
2021-03-09 14:22:34 INFO  ApiTestCaseModel:72 - 测试用例qs_V3_shop_index断言完毕！！
 期待obj返回消息体6
 实际obj返回消息体6
2021-03-09 14:22:34 INFO  ApiTestCaseModel:63 - 测试用例qs_V3_shop_redeemRecords断言完毕！！
 返回消息体msg-----成功
2021-03-09 14:22:34 INFO  ApiTestCaseModel:66 - 测试用例qs_V3_shop_redeemRecords断言完毕！！
 返回消息体code-----0
2021-03-09 14:22:34 INFO  ApiTestCaseModel:63 - 测试用例qs_V3_shop_confirmRedemption断言完毕！！
 返回消息体msg-----成功
2021-03-09 14:22:34 INFO  ApiTestCaseModel:66 - 测试用例qs_V3_shop_confirmRedemption断言完毕！！
 返回消息体code-----0
2021-03-09 14:22:34 INFO  ApiTestCaseModel:72 - 测试用例qs_V3_shop_confirmRedemption断言完毕！！
 期待obj返回消息体3
 实际obj返回消息体3
2021-03-09 14:22:35 INFO  ApiTestCaseModel:63 - 测试用例qs_V3_chatRecord_chatRecordList断言完毕！！
 返回消息体msg-----成功
2021-03-09 14:22:35 INFO  ApiTestCaseModel:66 - 测试用例qs_V3_chatRecord_chatRecordList断言完毕！！
 返回消息体code-----0
2021-03-09 14:22:35 INFO  ApiTestCaseModel:72 - 测试用例qs_V3_chatRecord_chatRecordList断言完毕！！
 期待obj返回消息体5
 实际obj返回消息体5
2021-03-09 14:22:35 INFO  ApiTestCaseModel:63 - 测试用例qs_V3_task_voucherData断言完毕！！
 返回消息体msg-----成功
2021-03-09 14:22:35 INFO  ApiTestCaseModel:66 - 测试用例qs_V3_task_voucherData断言完毕！！
 返回消息体code-----0
2021-03-09 14:22:35 INFO  ApiTestCaseModel:72 - 测试用例qs_V3_task_voucherData断言完毕！！
 期待obj返回消息体6
 实际obj返回消息体6
2021-03-09 14:22:35 INFO  ApiTestCaseModel:63 - 测试用例qs_V3_task_creditData断言完毕！！
 返回消息体msg-----成功
2021-03-09 14:22:35 INFO  ApiTestCaseModel:66 - 测试用例qs_V3_task_creditData断言完毕！！
 返回消息体code-----0
2021-03-09 14:22:35 INFO  ApiTestCaseModel:72 - 测试用例qs_V3_task_creditData断言完毕！！
 期待obj返回消息体6
 实际obj返回消息体6
2021-03-09 14:22:36 INFO  ApiTestCaseModel:63 - 测试用例qs_V3_class_classDetail_classData断言完毕！！
 返回消息体msg-----成功
2021-03-09 14:22:36 INFO  ApiTestCaseModel:66 - 测试用例qs_V3_class_classDetail_classData断言完毕！！
 返回消息体code-----0
2021-03-09 14:22:36 INFO  ApiTestCaseModel:72 - 测试用例qs_V3_class_classDetail_classData断言完毕！！
 期待obj返回消息体5
 实际obj返回消息体5
2021-03-09 14:22:36 INFO  ApiTestCaseModel:63 - 测试用例qs_V3_setting_renewActive断言完毕！！
 返回消息体msg-----成功
2021-03-09 14:22:36 INFO  ApiTestCaseModel:66 - 测试用例qs_V3_setting_renewActive断言完毕！！
 返回消息体code-----0
2021-03-09 15:59:14 INFO  ApiTestCaseModel:63 - 测试用例qs_V1_study_startStudyQues断言完毕！！
 返回消息体msg-----成功
2021-03-09 15:59:14 INFO  ApiTestCaseModel:66 - 测试用例qs_V1_study_startStudyQues断言完毕！！
 返回消息体code-----0
2021-03-09 15:59:14 INFO  ApiTestCaseModel:72 - 测试用例qs_V1_study_startStudyQues断言完毕！！
 期待obj返回消息体1
 实际obj返回消息体1
2021-03-09 15:59:15 INFO  ApiTestCaseModel:63 - 测试用例qs_V1_study_index断言完毕！！
 返回消息体msg-----成功
2021-03-09 15:59:15 INFO  ApiTestCaseModel:66 - 测试用例qs_V1_study_index断言完毕！！
 返回消息体code-----0
2021-03-09 15:59:15 INFO  ApiTestCaseModel:72 - 测试用例qs_V1_study_index断言完毕！！
 期待obj返回消息体3
 实际obj返回消息体3
2021-03-09 15:59:15 INFO  ApiTestCaseModel:63 - 测试用例qs_V1_study_getTodayLecture断言完毕！！
 返回消息体msg-----成功
2021-03-09 15:59:15 INFO  ApiTestCaseModel:66 - 测试用例qs_V1_study_getTodayLecture断言完毕！！
 返回消息体code-----0
2021-03-09 15:59:15 INFO  ApiTestCaseModel:72 - 测试用例qs_V1_study_getTodayLecture断言完毕！！
 期待obj返回消息体1
 实际obj返回消息体1
2021-03-09 15:59:15 INFO  ApiTestCaseModel:63 - 测试用例qs_V1_study_systemStatus断言完毕！！
 返回消息体msg-----成功
2021-03-09 15:59:15 INFO  ApiTestCaseModel:66 - 测试用例qs_V1_study_systemStatus断言完毕！！
 返回消息体code-----0
2021-03-09 15:59:15 INFO  ApiTestCaseModel:72 - 测试用例qs_V1_study_systemStatus断言完毕！！
 期待obj返回消息体9
 实际obj返回消息体9
2021-03-09 15:59:16 INFO  ApiTestCaseModel:63 - 测试用例qs_V1_study_shareStudyReport断言完毕！！
 返回消息体msg-----成功
2021-03-09 15:59:16 INFO  ApiTestCaseModel:66 - 测试用例qs_V1_study_shareStudyReport断言完毕！！
 返回消息体code-----0
2021-03-09 15:59:16 INFO  ApiTestCaseModel:72 - 测试用例qs_V1_study_shareStudyReport断言完毕！！
 期待obj返回消息体1
 实际obj返回消息体1
2021-03-09 15:59:16 INFO  ApiTestCaseModel:63 - 测试用例qs_V1_study_startStudyAnswer断言完毕！！
 返回消息体msg-----成功
2021-03-09 15:59:17 INFO  ApiTestCaseModel:66 - 测试用例qs_V1_study_startStudyAnswer断言完毕！！
 返回消息体code-----0
2021-03-09 15:59:17 INFO  ApiTestCaseModel:72 - 测试用例qs_V1_study_startStudyAnswer断言完毕！！
 期待obj返回消息体2
 实际obj返回消息体2
2021-03-09 15:59:17 INFO  ApiTestCaseModel:63 - 测试用例qs_V1_course_courseTimeConfig断言完毕！！
 返回消息体msg-----成功
2021-03-09 15:59:17 INFO  ApiTestCaseModel:66 - 测试用例qs_V1_course_courseTimeConfig断言完毕！！
 返回消息体code-----0
2021-03-09 15:59:17 INFO  ApiTestCaseModel:72 - 测试用例qs_V1_course_courseTimeConfig断言完毕！！
 期待obj返回消息体2
 实际obj返回消息体2
2021-03-09 15:59:17 INFO  ApiTestCaseModel:63 - 测试用例qs_V1_course_resetRoomUserStatus断言完毕！！
 返回消息体msg-----成功
2021-03-09 15:59:17 INFO  ApiTestCaseModel:66 - 测试用例qs_V1_course_resetRoomUserStatus断言完毕！！
 返回消息体code-----0
2021-03-09 15:59:17 INFO  ApiTestCaseModel:69 - 返回消息obj体中为空，无需断言
2021-03-09 15:59:17 INFO  ApiTestCaseModel:63 - 测试用例qs_V1_course_courseByKpId断言完毕！！
 返回消息体msg-----成功
2021-03-09 15:59:17 INFO  ApiTestCaseModel:66 - 测试用例qs_V1_course_courseByKpId断言完毕！！
 返回消息体code-----0
2021-03-09 15:59:17 INFO  ApiTestCaseModel:72 - 测试用例qs_V1_course_courseByKpId断言完毕！！
 期待obj返回消息体8
 实际obj返回消息体8
2021-03-09 15:59:18 INFO  ApiTestCaseModel:63 - 测试用例qs_V1_course_courseByLectureId断言完毕！！
 返回消息体msg-----成功
2021-03-09 15:59:18 INFO  ApiTestCaseModel:66 - 测试用例qs_V1_course_courseByLectureId断言完毕！！
 返回消息体code-----0
2021-03-09 15:59:18 INFO  ApiTestCaseModel:72 - 测试用例qs_V1_course_courseByLectureId断言完毕！！
 期待obj返回消息体7
 实际obj返回消息体7
2021-03-09 15:59:18 INFO  ApiTestCaseModel:63 - 测试用例qs_V1_course_teacherListByLectureId断言完毕！！
 返回消息体msg-----成功
2021-03-09 15:59:18 INFO  ApiTestCaseModel:66 - 测试用例qs_V1_course_teacherListByLectureId断言完毕！！
 返回消息体code-----0
2021-03-09 15:59:18 INFO  ApiTestCaseModel:72 - 测试用例qs_V1_course_teacherListByLectureId断言完毕！！
 期待obj返回消息体1
 实际obj返回消息体1
2021-03-09 15:59:18 INFO  ApiTestCaseModel:63 - 测试用例qs_V1_course_doShareRoom断言完毕！！
 返回消息体msg-----成功
2021-03-09 15:59:18 INFO  ApiTestCaseModel:66 - 测试用例qs_V1_course_doShareRoom断言完毕！！
 返回消息体code-----0
2021-03-09 15:59:18 INFO  ApiTestCaseModel:69 - 返回消息obj体中为空，无需断言
2021-03-09 15:59:18 INFO  ApiTestCaseModel:63 - 测试用例qs_V1_course_submitTimeConfigAnswer断言完毕！！
 返回消息体msg-----成功
2021-03-09 15:59:18 INFO  ApiTestCaseModel:66 - 测试用例qs_V1_course_submitTimeConfigAnswer断言完毕！！
 返回消息体code-----0
2021-03-09 15:59:18 INFO  ApiTestCaseModel:69 - 返回消息obj体中为空，无需断言
2021-03-09 15:59:19 INFO  ApiTestCaseModel:63 - 测试用例qs_V1_course_genUserSign断言完毕！！
 返回消息体msg-----成功
2021-03-09 15:59:19 INFO  ApiTestCaseModel:66 - 测试用例qs_V1_course_genUserSign断言完毕！！
 返回消息体code-----0
2021-03-09 15:59:19 INFO  ApiTestCaseModel:72 - 测试用例qs_V1_course_genUserSign断言完毕！！
 期待obj返回消息体1
 实际obj返回消息体1
2021-03-09 15:59:19 INFO  ApiTestCaseModel:63 - 测试用例qs_V1_course_getLecturePlayInfoByRoomId断言完毕！！
 返回消息体msg-----成功
2021-03-09 15:59:19 INFO  ApiTestCaseModel:66 - 测试用例qs_V1_course_getLecturePlayInfoByRoomId断言完毕！！
 返回消息体code-----0
2021-03-09 15:59:19 INFO  ApiTestCaseModel:72 - 测试用例qs_V1_course_getLecturePlayInfoByRoomId断言完毕！！
 期待obj返回消息体19
 实际obj返回消息体19
2021-03-09 15:59:19 INFO  ApiTestCaseModel:63 - 测试用例qs_V1_course_lectureVideoInfo断言完毕！！
 返回消息体msg-----成功
2021-03-09 15:59:19 INFO  ApiTestCaseModel:66 - 测试用例qs_V1_course_lectureVideoInfo断言完毕！！
 返回消息体code-----0
2021-03-09 15:59:19 INFO  ApiTestCaseModel:72 - 测试用例qs_V1_course_lectureVideoInfo断言完毕！！
 期待obj返回消息体6
 实际obj返回消息体6
2021-03-09 15:59:19 INFO  ApiTestCaseModel:63 - 测试用例qs_V1_course_kpCardByLectureId断言完毕！！
 返回消息体msg-----成功
2021-03-09 15:59:19 INFO  ApiTestCaseModel:66 - 测试用例qs_V1_course_kpCardByLectureId断言完毕！！
 返回消息体code-----0
2021-03-09 15:59:19 INFO  ApiTestCaseModel:72 - 测试用例qs_V1_course_kpCardByLectureId断言完毕！！
 期待obj返回消息体1
 实际obj返回消息体1
2021-03-09 15:59:20 INFO  ApiTestCaseModel:63 - 测试用例qs_V1_course_roomListByLectureIds断言完毕！！
 返回消息体msg-----成功
2021-03-09 15:59:20 INFO  ApiTestCaseModel:66 - 测试用例qs_V1_course_roomListByLectureIds断言完毕！！
 返回消息体code-----0
2021-03-09 15:59:20 INFO  ApiTestCaseModel:72 - 测试用例qs_V1_course_roomListByLectureIds断言完毕！！
 期待obj返回消息体1
 实际obj返回消息体1
2021-03-09 15:59:20 INFO  ApiTestCaseModel:63 - 测试用例qs_V1_course_courseHandoutByLectureId断言完毕！！
 返回消息体msg-----成功
2021-03-09 15:59:20 INFO  ApiTestCaseModel:66 - 测试用例qs_V1_course_courseHandoutByLectureId断言完毕！！
 返回消息体code-----0
2021-03-09 15:59:20 INFO  ApiTestCaseModel:72 - 测试用例qs_V1_course_courseHandoutByLectureId断言完毕！！
 期待obj返回消息体7
 实际obj返回消息体7
2021-03-09 15:59:20 INFO  ApiTestCaseModel:63 - 测试用例qs_V1_course_syncTimeConfig断言完毕！！
 返回消息体msg-----成功
2021-03-09 15:59:20 INFO  ApiTestCaseModel:66 - 测试用例qs_V1_course_syncTimeConfig断言完毕！！
 返回消息体code-----0
2021-03-09 15:59:20 INFO  ApiTestCaseModel:69 - 返回消息obj体中为空，无需断言
2021-03-09 15:59:20 INFO  ApiTestCaseModel:63 - 测试用例qs_V1_course_syncCourseRecord断言完毕！！
 返回消息体msg-----成功
2021-03-09 15:59:20 INFO  ApiTestCaseModel:66 - 测试用例qs_V1_course_syncCourseRecord断言完毕！！
 返回消息体code-----0
2021-03-09 15:59:20 INFO  ApiTestCaseModel:69 - 返回消息obj体中为空，无需断言
2021-03-09 15:59:23 INFO  ApiTestCaseModel:63 - 测试用例qs_V1_course_createRoom断言完毕！！
 返回消息体msg-----成功
2021-03-09 15:59:23 INFO  ApiTestCaseModel:66 - 测试用例qs_V1_course_createRoom断言完毕！！
 返回消息体code-----0
2021-03-09 15:59:23 INFO  ApiTestCaseModel:72 - 测试用例qs_V1_course_createRoom断言完毕！！
 期待obj返回消息体6
 实际obj返回消息体6
2021-03-09 15:59:23 INFO  ApiTestCaseModel:63 - 测试用例qs_V1_course_lectureVideoInfoWithLog断言完毕！！
 返回消息体msg-----成功
2021-03-09 15:59:23 INFO  ApiTestCaseModel:66 - 测试用例qs_V1_course_lectureVideoInfoWithLog断言完毕！！
 返回消息体code-----0
2021-03-09 15:59:23 INFO  ApiTestCaseModel:72 - 测试用例qs_V1_course_lectureVideoInfoWithLog断言完毕！！
 期待obj返回消息体4
 实际obj返回消息体4
2021-03-09 15:59:23 INFO  ApiTestCaseModel:63 - 测试用例qs_V1_solve_solveDetail断言完毕！！
 返回消息体msg-----成功
2021-03-09 15:59:23 INFO  ApiTestCaseModel:66 - 测试用例qs_V1_solve_solveDetail断言完毕！！
 返回消息体code-----0
2021-03-09 15:59:23 INFO  ApiTestCaseModel:72 - 测试用例qs_V1_solve_solveDetail断言完毕！！
 期待obj返回消息体9
 实际obj返回消息体9
2021-03-09 15:59:24 INFO  ApiTestCaseModel:63 - 测试用例qs_V1_solve_askAndReplyList断言完毕！！
 返回消息体msg-----成功
2021-03-09 15:59:24 INFO  ApiTestCaseModel:66 - 测试用例qs_V1_solve_askAndReplyList断言完毕！！
 返回消息体code-----0
2021-03-09 15:59:24 INFO  ApiTestCaseModel:72 - 测试用例qs_V1_solve_askAndReplyList断言完毕！！
 期待obj返回消息体1
 实际obj返回消息体1
2021-03-09 15:59:24 INFO  ApiTestCaseModel:63 - 测试用例qs_V1_solve_saveAskQuestion断言完毕！！
 返回消息体msg-----成功
2021-03-09 15:59:24 INFO  ApiTestCaseModel:66 - 测试用例qs_V1_solve_saveAskQuestion断言完毕！！
 返回消息体code-----0
2021-03-09 15:59:24 INFO  ApiTestCaseModel:69 - 返回消息obj体中为空，无需断言
2021-03-09 15:59:24 INFO  ApiTestCaseModel:63 - 测试用例qs_V1_solve_saveAgainAskQuestion断言完毕！！
 返回消息体msg-----成功
2021-03-09 15:59:24 INFO  ApiTestCaseModel:66 - 测试用例qs_V1_solve_saveAgainAskQuestion断言完毕！！
 返回消息体code-----0
2021-03-09 15:59:24 INFO  ApiTestCaseModel:69 - 返回消息obj体中为空，无需断言
2021-03-09 15:59:24 INFO  ApiTestCaseModel:63 - 测试用例qs_V1_solve_getReplyExpireMsg断言完毕！！
 返回消息体msg-----成功
2021-03-09 15:59:24 INFO  ApiTestCaseModel:66 - 测试用例qs_V1_solve_getReplyExpireMsg断言完毕！！
 返回消息体code-----0
2021-03-09 15:59:24 INFO  ApiTestCaseModel:72 - 测试用例qs_V1_solve_getReplyExpireMsg断言完毕！！
 期待obj返回消息体1
 实际obj返回消息体1
2021-03-09 15:59:25 INFO  ApiTestCaseModel:63 - 测试用例qs_V1_solve_saveSolveDetail断言完毕！！
 返回消息体msg-----成功
2021-03-09 15:59:25 INFO  ApiTestCaseModel:66 - 测试用例qs_V1_solve_saveSolveDetail断言完毕！！
 返回消息体code-----0
2021-03-09 15:59:25 INFO  ApiTestCaseModel:69 - 返回消息obj体中为空，无需断言
2021-03-09 15:59:25 INFO  ApiTestCaseModel:63 - 测试用例qs_V1_solve_myAnswerList断言完毕！！
 返回消息体msg-----成功
2021-03-09 15:59:25 INFO  ApiTestCaseModel:66 - 测试用例qs_V1_solve_myAnswerList断言完毕！！
 返回消息体code-----0
2021-03-09 15:59:25 INFO  ApiTestCaseModel:72 - 测试用例qs_V1_solve_myAnswerList断言完毕！！
 期待obj返回消息体5
 实际obj返回消息体5
2021-03-09 15:59:25 INFO  ApiTestCaseModel:63 - 测试用例qs_V1_solve_cancelSolve断言完毕！！
 返回消息体msg-----成功
2021-03-09 15:59:25 INFO  ApiTestCaseModel:66 - 测试用例qs_V1_solve_cancelSolve断言完毕！！
 返回消息体code-----0
2021-03-09 15:59:25 INFO  ApiTestCaseModel:72 - 测试用例qs_V1_solve_cancelSolve断言完毕！！
 期待obj返回消息体1
 实际obj返回消息体1
2021-03-09 15:59:25 INFO  ApiTestCaseModel:63 - 测试用例qs_V1_solve_leftAskNum断言完毕！！
 返回消息体msg-----成功
2021-03-09 15:59:25 INFO  ApiTestCaseModel:66 - 测试用例qs_V1_solve_leftAskNum断言完毕！！
 返回消息体code-----0
2021-03-09 15:59:25 INFO  ApiTestCaseModel:72 - 测试用例qs_V1_solve_leftAskNum断言完毕！！
 期待obj返回消息体3
 实际obj返回消息体3
2021-03-09 15:59:26 INFO  ApiTestCaseModel:63 - 测试用例qs_V1_curriculum_dayList断言完毕！！
 返回消息体msg-----成功
2021-03-09 15:59:26 INFO  ApiTestCaseModel:66 - 测试用例qs_V1_curriculum_dayList断言完毕！！
 返回消息体code-----0
2021-03-09 15:59:26 INFO  ApiTestCaseModel:72 - 测试用例qs_V1_curriculum_dayList断言完毕！！
 期待obj返回消息体1
 实际obj返回消息体1
2021-03-09 15:59:27 INFO  ApiTestCaseModel:63 - 测试用例qs_V1_shop_prizeExchange断言完毕！！
 返回消息体msg-----成功
2021-03-09 15:59:27 INFO  ApiTestCaseModel:66 - 测试用例qs_V1_shop_prizeExchange断言完毕！！
 返回消息体code-----0
2021-03-09 15:59:27 INFO  ApiTestCaseModel:72 - 测试用例qs_V1_shop_prizeExchange断言完毕！！
 期待obj返回消息体1
 实际obj返回消息体1
2021-03-09 15:59:28 INFO  ApiTestCaseModel:63 - 测试用例qs_V1_shop_index断言完毕！！
 返回消息体msg-----成功
2021-03-09 15:59:28 INFO  ApiTestCaseModel:66 - 测试用例qs_V1_shop_index断言完毕！！
 返回消息体code-----0
2021-03-09 15:59:28 INFO  ApiTestCaseModel:72 - 测试用例qs_V1_shop_index断言完毕！！
 期待obj返回消息体4
 实际obj返回消息体4
2021-03-09 15:59:28 INFO  ApiTestCaseModel:63 - 测试用例qs_V1_activation_completeActivation断言完毕！！
 返回消息体msg-----成功
2021-03-09 15:59:28 INFO  ApiTestCaseModel:66 - 测试用例qs_V1_activation_completeActivation断言完毕！！
 返回消息体code-----0
2021-03-09 15:59:28 INFO  ApiTestCaseModel:72 - 测试用例qs_V1_activation_completeActivation断言完毕！！
 期待obj返回消息体1
 实际obj返回消息体1
2021-03-09 15:59:29 INFO  ApiTestCaseModel:63 - 测试用例qs_V1_activation_questionsAndAnswers断言完毕！！
 返回消息体msg-----成功
2021-03-09 15:59:29 INFO  ApiTestCaseModel:66 - 测试用例qs_V1_activation_questionsAndAnswers断言完毕！！
 返回消息体code-----0
2021-03-09 15:59:29 INFO  ApiTestCaseModel:72 - 测试用例qs_V1_activation_questionsAndAnswers断言完毕！！
 期待obj返回消息体3
 实际obj返回消息体3
2021-03-09 15:59:30 INFO  ApiTestCaseModel:63 - 测试用例qs_V1_activation_shareLearnPlan断言完毕！！
 返回消息体msg-----成功
2021-03-09 15:59:30 INFO  ApiTestCaseModel:66 - 测试用例qs_V1_activation_shareLearnPlan断言完毕！！
 返回消息体code-----0
2021-03-09 15:59:30 INFO  ApiTestCaseModel:63 - 测试用例qs_V1_activation_normalMode断言完毕！！
 返回消息体msg-----成功
2021-03-09 15:59:30 INFO  ApiTestCaseModel:66 - 测试用例qs_V1_activation_normalMode断言完毕！！
 返回消息体code-----0
2021-03-09 15:59:30 INFO  ApiTestCaseModel:72 - 测试用例qs_V1_activation_normalMode断言完毕！！
 期待obj返回消息体1
 实际obj返回消息体1
2021-03-09 15:59:30 INFO  ApiTestCaseModel:63 - 测试用例qs_V1_activation_submitQues断言完毕！！
 返回消息体msg-----成功
2021-03-09 15:59:30 INFO  ApiTestCaseModel:66 - 测试用例qs_V1_activation_submitQues断言完毕！！
 返回消息体code-----0
2021-03-09 15:59:30 INFO  ApiTestCaseModel:72 - 测试用例qs_V1_activation_submitQues断言完毕！！
 期待obj返回消息体4
 实际obj返回消息体4
2021-03-09 15:59:30 INFO  ApiTestCaseModel:63 - 测试用例qs_V1_activation_renewActivation断言完毕！！
 返回消息体msg-----成功
2021-03-09 15:59:30 INFO  ApiTestCaseModel:66 - 测试用例qs_V1_activation_renewActivation断言完毕！！
 返回消息体code-----0
2021-03-09 15:59:30 INFO  ApiTestCaseModel:72 - 测试用例qs_V1_activation_renewActivation断言完毕！！
 期待obj返回消息体0
 实际obj返回消息体0
2021-03-09 15:59:30 INFO  ApiTestCaseModel:63 - 测试用例qs_V1_activation_cancelQues断言完毕！！
 返回消息体msg-----成功
2021-03-09 15:59:30 INFO  ApiTestCaseModel:66 - 测试用例qs_V1_activation_cancelQues断言完毕！！
 返回消息体code-----0
2021-03-09 15:59:30 INFO  ApiTestCaseModel:72 - 测试用例qs_V1_activation_cancelQues断言完毕！！
 期待obj返回消息体0
 实际obj返回消息体0
2021-03-09 15:59:31 INFO  ApiTestCaseModel:63 - 测试用例qs_V1_knowledgePoint_syncKpVoiceRecord断言完毕！！
 返回消息体msg-----成功
2021-03-09 15:59:31 INFO  ApiTestCaseModel:66 - 测试用例qs_V1_knowledgePoint_syncKpVoiceRecord断言完毕！！
 返回消息体code-----0
2021-03-09 15:59:31 INFO  ApiTestCaseModel:69 - 返回消息obj体中为空，无需断言
2021-03-09 15:59:31 INFO  ApiTestCaseModel:63 - 测试用例qs_V1_knowledgePoint_selfModeKpList断言完毕！！
 返回消息体msg-----成功
2021-03-09 15:59:31 INFO  ApiTestCaseModel:66 - 测试用例qs_V1_knowledgePoint_selfModeKpList断言完毕！！
 返回消息体code-----0
2021-03-09 15:59:31 INFO  ApiTestCaseModel:72 - 测试用例qs_V1_knowledgePoint_selfModeKpList断言完毕！！
 期待obj返回消息体1
 实际obj返回消息体1
2021-03-09 15:59:31 INFO  ApiTestCaseModel:63 - 测试用例qs_V1_knowledgePoint_unlockKpList断言完毕！！
 返回消息体msg-----成功
2021-03-09 15:59:31 INFO  ApiTestCaseModel:66 - 测试用例qs_V1_knowledgePoint_unlockKpList断言完毕！！
 返回消息体code-----0
2021-03-09 15:59:31 INFO  ApiTestCaseModel:72 - 测试用例qs_V1_knowledgePoint_unlockKpList断言完毕！！
 期待obj返回消息体3
 实际obj返回消息体3
2021-03-09 15:59:31 INFO  ApiTestCaseModel:63 - 测试用例qs_V1_knowledgePoint_selfModeChooseKp断言完毕！！
 返回消息体msg-----成功
2021-03-09 15:59:31 INFO  ApiTestCaseModel:66 - 测试用例qs_V1_knowledgePoint_selfModeChooseKp断言完毕！！
 返回消息体code-----0
2021-03-09 15:59:31 INFO  ApiTestCaseModel:69 - 返回消息obj体中为空，无需断言
2021-03-09 15:59:32 INFO  ApiTestCaseModel:63 - 测试用例qs_V1_knowledgePoint_genKpListByMode断言完毕！！
 返回消息体msg-----成功
2021-03-09 15:59:32 INFO  ApiTestCaseModel:66 - 测试用例qs_V1_knowledgePoint_genKpListByMode断言完毕！！
 返回消息体code-----0
2021-03-09 15:59:32 INFO  ApiTestCaseModel:72 - 测试用例qs_V1_knowledgePoint_genKpListByMode断言完毕！！
 期待obj返回消息体1
 实际obj返回消息体1
2021-03-09 15:59:32 INFO  ApiTestCaseModel:63 - 测试用例qs_V1_knowledgePoint_kpDetailListByKpIds断言完毕！！
 返回消息体msg-----成功
2021-03-09 15:59:32 INFO  ApiTestCaseModel:66 - 测试用例qs_V1_knowledgePoint_kpDetailListByKpIds断言完毕！！
 返回消息体code-----0
2021-03-09 15:59:32 INFO  ApiTestCaseModel:72 - 测试用例qs_V1_knowledgePoint_kpDetailListByKpIds断言完毕！！
 期待obj返回消息体1
 实际obj返回消息体1
2021-03-09 15:59:32 INFO  ApiTestCaseModel:63 - 测试用例qs_V1_knowledgePoint_getKpVedioByKpId断言完毕！！
 返回消息体msg-----成功
2021-03-09 15:59:32 INFO  ApiTestCaseModel:66 - 测试用例qs_V1_knowledgePoint_getKpVedioByKpId断言完毕！！
 返回消息体code-----0
2021-03-09 15:59:32 INFO  ApiTestCaseModel:72 - 测试用例qs_V1_knowledgePoint_getKpVedioByKpId断言完毕！！
 期待obj返回消息体2
 实际obj返回消息体2
2021-03-09 15:59:32 INFO  ApiTestCaseModel:63 - 测试用例qs_V1_knowledgePoint_kpNoteByUserId断言完毕！！
 返回消息体msg-----成功
2021-03-09 15:59:32 INFO  ApiTestCaseModel:66 - 测试用例qs_V1_knowledgePoint_kpNoteByUserId断言完毕！！
 返回消息体code-----0
2021-03-09 15:59:32 INFO  ApiTestCaseModel:69 - 返回消息obj体中为空，无需断言
2021-03-09 15:59:32 INFO  ApiTestCaseModel:63 - 测试用例qs_V1_solveDetailCollection_collectionStatus断言完毕！！
 返回消息体msg-----成功
2021-03-09 15:59:33 INFO  ApiTestCaseModel:66 - 测试用例qs_V1_solveDetailCollection_collectionStatus断言完毕！！
 返回消息体code-----0
2021-03-09 15:59:33 INFO  ApiTestCaseModel:69 - 返回消息obj体中为空，无需断言
2021-03-09 15:59:33 INFO  ApiTestCaseModel:63 - 测试用例qs_V1_solveDetailCollection_collectionStatus断言完毕！！
 返回消息体msg-----成功
2021-03-09 15:59:33 INFO  ApiTestCaseModel:66 - 测试用例qs_V1_solveDetailCollection_collectionStatus断言完毕！！
 返回消息体code-----0
2021-03-09 15:59:33 INFO  ApiTestCaseModel:69 - 返回消息obj体中为空，无需断言
2021-03-09 15:59:33 INFO  ApiTestCaseModel:63 - 测试用例qs_V1_solveDetailCollection_myCollection断言完毕！！
 返回消息体msg-----成功
2021-03-09 15:59:33 INFO  ApiTestCaseModel:66 - 测试用例qs_V1_solveDetailCollection_myCollection断言完毕！！
 返回消息体code-----0
2021-03-09 15:59:33 INFO  ApiTestCaseModel:72 - 测试用例qs_V1_solveDetailCollection_myCollection断言完毕！！
 期待obj返回消息体5
 实际obj返回消息体5
2021-03-09 15:59:33 INFO  ApiTestCaseModel:63 - 测试用例qs_V1_task_index断言完毕！！
 返回消息体msg-----成功
2021-03-09 15:59:33 INFO  ApiTestCaseModel:66 - 测试用例qs_V1_task_index断言完毕！！
 返回消息体code-----0
2021-03-09 15:59:33 INFO  ApiTestCaseModel:72 - 测试用例qs_V1_task_index断言完毕！！
 期待obj返回消息体2
 实际obj返回消息体2
2021-03-09 15:59:33 INFO  ApiTestCaseModel:63 - 测试用例qs_V1_task_creditDetails断言完毕！！
 返回消息体msg-----成功
2021-03-09 15:59:33 INFO  ApiTestCaseModel:66 - 测试用例qs_V1_task_creditDetails断言完毕！！
 返回消息体code-----0
2021-03-09 15:59:33 INFO  ApiTestCaseModel:72 - 测试用例qs_V1_task_creditDetails断言完毕！！
 期待obj返回消息体5
 实际obj返回消息体5
2021-03-09 15:59:34 INFO  ApiTestCaseModel:63 - 测试用例qs_V1_class_index断言完毕！！
 返回消息体msg-----成功
2021-03-09 15:59:34 INFO  ApiTestCaseModel:66 - 测试用例qs_V1_class_index断言完毕！！
 返回消息体code-----0
2021-03-09 15:59:34 INFO  ApiTestCaseModel:72 - 测试用例qs_V1_class_index断言完毕！！
 期待obj返回消息体4
 实际obj返回消息体4
2021-03-09 15:59:35 INFO  ApiTestCaseModel:63 - 测试用例qs_V1_class_personData断言完毕！！
 返回消息体msg-----成功
2021-03-09 15:59:35 INFO  ApiTestCaseModel:66 - 测试用例qs_V1_class_personData断言完毕！！
 返回消息体code-----0
2021-03-09 15:59:35 INFO  ApiTestCaseModel:72 - 测试用例qs_V1_class_personData断言完毕！！
 期待obj返回消息体10
 实际obj返回消息体10
2021-03-09 15:59:35 INFO  ApiTestCaseModel:63 - 测试用例qs_V1_class_classDetail_classData断言完毕！！
 返回消息体msg-----成功
2021-03-09 15:59:35 INFO  ApiTestCaseModel:66 - 测试用例qs_V1_class_classDetail_classData断言完毕！！
 返回消息体code-----0
2021-03-09 15:59:35 INFO  ApiTestCaseModel:72 - 测试用例qs_V1_class_classDetail_classData断言完毕！！
 期待obj返回消息体5
 实际obj返回消息体5
2021-03-09 15:59:35 INFO  ApiTestCaseModel:63 - 测试用例qs_V1_class_classDetail_classReport断言完毕！！
 返回消息体msg-----成功
2021-03-09 15:59:35 INFO  ApiTestCaseModel:66 - 测试用例qs_V1_class_classDetail_classReport断言完毕！！
 返回消息体code-----0
2021-03-09 15:59:35 INFO  ApiTestCaseModel:72 - 测试用例qs_V1_class_classDetail_classReport断言完毕！！
 期待obj返回消息体8
 实际obj返回消息体8
2021-03-09 15:59:36 INFO  ApiTestCaseModel:63 - 测试用例qs_V1_class_classDetail_classRank断言完毕！！
 返回消息体msg-----成功
2021-03-09 15:59:36 INFO  ApiTestCaseModel:66 - 测试用例qs_V1_class_classDetail_classRank断言完毕！！
 返回消息体code-----0
2021-03-09 15:59:36 INFO  ApiTestCaseModel:72 - 测试用例qs_V1_class_classDetail_classRank断言完毕！！
 期待obj返回消息体1
 实际obj返回消息体1
2021-03-09 15:59:36 INFO  ApiTestCaseModel:63 - 测试用例qs_V1_class_encourage断言完毕！！
 返回消息体msg-----成功
2021-03-09 15:59:36 INFO  ApiTestCaseModel:66 - 测试用例qs_V1_class_encourage断言完毕！！
 返回消息体code-----0
2021-03-09 15:59:36 INFO  ApiTestCaseModel:69 - 返回消息obj体中为空，无需断言
2021-03-09 15:59:37 INFO  ApiTestCaseModel:63 - 测试用例qs_V1_exam_removeWrongQuesByUser断言完毕！！
 返回消息体msg-----成功
2021-03-09 15:59:37 INFO  ApiTestCaseModel:66 - 测试用例qs_V1_exam_removeWrongQuesByUser断言完毕！！
 返回消息体code-----0
2021-03-09 15:59:37 INFO  ApiTestCaseModel:72 - 测试用例qs_V1_exam_removeWrongQuesByUser断言完毕！！
 期待obj返回消息体1
 实际obj返回消息体1
2021-03-09 15:59:37 INFO  ApiTestCaseModel:63 - 测试用例qs_V1_exam_paperRecordList断言完毕！！
 返回消息体msg-----成功
2021-03-09 15:59:37 INFO  ApiTestCaseModel:66 - 测试用例qs_V1_exam_paperRecordList断言完毕！！
 返回消息体code-----0
2021-03-09 15:59:37 INFO  ApiTestCaseModel:72 - 测试用例qs_V1_exam_paperRecordList断言完毕！！
 期待obj返回消息体5
 实际obj返回消息体5
2021-03-09 15:59:37 INFO  ApiTestCaseModel:63 - 测试用例qs_V1_exam_wrongQuesByKp断言完毕！！
 返回消息体msg-----成功
2021-03-09 15:59:38 INFO  ApiTestCaseModel:66 - 测试用例qs_V1_exam_wrongQuesByKp断言完毕！！
 返回消息体code-----0
2021-03-09 15:59:38 INFO  ApiTestCaseModel:72 - 测试用例qs_V1_exam_wrongQuesByKp断言完毕！！
 期待obj返回消息体2
 实际obj返回消息体2
2021-03-09 15:59:38 INFO  ApiTestCaseModel:63 - 测试用例qs_V1_exam_smartGoToExam断言完毕！！
 返回消息体msg-----成功
2021-03-09 15:59:38 INFO  ApiTestCaseModel:66 - 测试用例qs_V1_exam_smartGoToExam断言完毕！！
 返回消息体code-----0
2021-03-09 15:59:39 INFO  ApiTestCaseModel:72 - 测试用例qs_V1_exam_smartGoToExam断言完毕！！
 期待obj返回消息体5
 实际obj返回消息体5
2021-03-09 15:59:39 INFO  ApiTestCaseModel:63 - 测试用例qs_V1_exam_cacheAnswer断言完毕！！
 返回消息体msg-----成功
2021-03-09 15:59:39 INFO  ApiTestCaseModel:66 - 测试用例qs_V1_exam_cacheAnswer断言完毕！！
 返回消息体code-----0
2021-03-09 15:59:39 INFO  ApiTestCaseModel:69 - 返回消息obj体中为空，无需断言
2021-03-09 15:59:39 INFO  ApiTestCaseModel:63 - 测试用例qs_V1_exam_correctionTypeList断言完毕！！
 返回消息体msg-----成功
2021-03-09 15:59:39 INFO  ApiTestCaseModel:66 - 测试用例qs_V1_exam_correctionTypeList断言完毕！！
 返回消息体code-----0
2021-03-09 15:59:39 INFO  ApiTestCaseModel:72 - 测试用例qs_V1_exam_correctionTypeList断言完毕！！
 期待obj返回消息体1
 实际obj返回消息体1
2021-03-09 15:59:39 INFO  ApiTestCaseModel:63 - 测试用例qs_V1_exam_subjectListByUserExtendId断言完毕！！
 返回消息体msg-----成功
2021-03-09 15:59:39 INFO  ApiTestCaseModel:66 - 测试用例qs_V1_exam_subjectListByUserExtendId断言完毕！！
 返回消息体code-----0
2021-03-09 15:59:39 INFO  ApiTestCaseModel:72 - 测试用例qs_V1_exam_subjectListByUserExtendId断言完毕！！
 期待obj返回消息体1
 实际obj返回消息体1
2021-03-09 15:59:39 INFO  ApiTestCaseModel:63 - 测试用例qs_V1_exam_getVideoPlayInfo断言完毕！！
 返回消息体msg-----成功
2021-03-09 15:59:39 INFO  ApiTestCaseModel:66 - 测试用例qs_V1_exam_getVideoPlayInfo断言完毕！！
 返回消息体code-----0
2021-03-09 15:59:39 INFO  ApiTestCaseModel:72 - 测试用例qs_V1_exam_getVideoPlayInfo断言完毕！！
 期待obj返回消息体4
 实际obj返回消息体4
2021-03-09 15:59:40 INFO  ApiTestCaseModel:63 - 测试用例qs_V1_exam_collectQues断言完毕！！
 返回消息体msg-----成功
2021-03-09 15:59:40 INFO  ApiTestCaseModel:66 - 测试用例qs_V1_exam_collectQues断言完毕！！
 返回消息体code-----0
2021-03-09 15:59:40 INFO  ApiTestCaseModel:69 - 返回消息obj体中为空，无需断言
2021-03-09 15:59:40 INFO  ApiTestCaseModel:63 - 测试用例qs_V1_exam_unCollectQues断言完毕！！
 返回消息体msg-----成功
2021-03-09 15:59:40 INFO  ApiTestCaseModel:66 - 测试用例qs_V1_exam_unCollectQues断言完毕！！
 返回消息体code-----0
2021-03-09 15:59:40 INFO  ApiTestCaseModel:69 - 返回消息obj体中为空，无需断言
2021-03-09 15:59:40 INFO  ApiTestCaseModel:63 - 测试用例qs_V1_exam_examIndex断言完毕！！
 返回消息体msg-----成功
2021-03-09 15:59:40 INFO  ApiTestCaseModel:66 - 测试用例qs_V1_exam_examIndex断言完毕！！
 返回消息体code-----0
2021-03-09 15:59:40 INFO  ApiTestCaseModel:72 - 测试用例qs_V1_exam_examIndex断言完毕！！
 期待obj返回消息体5
 实际obj返回消息体5
2021-03-09 15:59:41 INFO  ApiTestCaseModel:63 - 测试用例qs_V1_exam_smartExam断言完毕！！
 返回消息体msg-----成功
2021-03-09 15:59:41 INFO  ApiTestCaseModel:66 - 测试用例qs_V1_exam_smartExam断言完毕！！
 返回消息体code-----0
2021-03-09 15:59:41 INFO  ApiTestCaseModel:72 - 测试用例qs_V1_exam_smartExam断言完毕！！
 期待obj返回消息体3
 实际obj返回消息体3
2021-03-09 15:59:41 INFO  ApiTestCaseModel:63 - 测试用例qs_V1_exam_wrongQuesByQuesType断言完毕！！
 返回消息体msg-----成功
2021-03-09 15:59:41 INFO  ApiTestCaseModel:66 - 测试用例qs_V1_exam_wrongQuesByQuesType断言完毕！！
 返回消息体code-----0
2021-03-09 15:59:41 INFO  ApiTestCaseModel:72 - 测试用例qs_V1_exam_wrongQuesByQuesType断言完毕！！
 期待obj返回消息体2
 实际obj返回消息体2
2021-03-09 15:59:42 INFO  ApiTestCaseModel:63 - 测试用例qs_V1_exam_examAnalysis断言完毕！！
 返回消息体msg-----成功
2021-03-09 15:59:42 INFO  ApiTestCaseModel:66 - 测试用例qs_V1_exam_examAnalysis断言完毕！！
 返回消息体code-----0
2021-03-09 15:59:42 INFO  ApiTestCaseModel:72 - 测试用例qs_V1_exam_examAnalysis断言完毕！！
 期待obj返回消息体2
 实际obj返回消息体2
2021-03-09 15:59:42 INFO  ApiTestCaseModel:63 - 测试用例qs_V1_exam_wrongQuesDetail断言完毕！！
 返回消息体msg-----成功
2021-03-09 15:59:43 INFO  ApiTestCaseModel:66 - 测试用例qs_V1_exam_wrongQuesDetail断言完毕！！
 返回消息体code-----0
2021-03-09 15:59:43 INFO  ApiTestCaseModel:72 - 测试用例qs_V1_exam_wrongQuesDetail断言完毕！！
 期待obj返回消息体5
 实际obj返回消息体5
2021-03-09 15:59:43 INFO  ApiTestCaseModel:63 - 测试用例qs_V1_exam_recordView断言完毕！！
 返回消息体msg-----成功
2021-03-09 15:59:43 INFO  ApiTestCaseModel:66 - 测试用例qs_V1_exam_recordView断言完毕！！
 返回消息体code-----0
2021-03-09 15:59:43 INFO  ApiTestCaseModel:72 - 测试用例qs_V1_exam_recordView断言完毕！！
 期待obj返回消息体15
 实际obj返回消息体15
2021-03-09 15:59:43 INFO  ApiTestCaseModel:63 - 测试用例qs_V1_exam_collectQues断言完毕！！
 返回消息体msg-----成功
2021-03-09 15:59:43 INFO  ApiTestCaseModel:66 - 测试用例qs_V1_exam_collectQues断言完毕！！
 返回消息体code-----0
2021-03-09 15:59:43 INFO  ApiTestCaseModel:69 - 返回消息obj体中为空，无需断言
2021-03-09 15:59:43 INFO  ApiTestCaseModel:63 - 测试用例qs_V1_exam_unCollectQues断言完毕！！
 返回消息体msg-----成功
2021-03-09 15:59:43 INFO  ApiTestCaseModel:66 - 测试用例qs_V1_exam_unCollectQues断言完毕！！
 返回消息体code-----0
2021-03-09 15:59:43 INFO  ApiTestCaseModel:69 - 返回消息obj体中为空，无需断言
2021-03-09 15:59:44 INFO  ApiTestCaseModel:63 - 测试用例qs_V1_exam_goToExam断言完毕！！
 返回消息体msg-----成功
2021-03-09 15:59:44 INFO  ApiTestCaseModel:66 - 测试用例qs_V1_exam_goToExam断言完毕！！
 返回消息体code-----0
2021-03-09 15:59:44 INFO  ApiTestCaseModel:72 - 测试用例qs_V1_exam_goToExam断言完毕！！
 期待obj返回消息体5
 实际obj返回消息体5
2021-03-09 15:59:44 INFO  ApiTestCaseModel:63 - 测试用例qs_V1_exam_paperListByPaperType断言完毕！！
 返回消息体msg-----成功
2021-03-09 15:59:45 INFO  ApiTestCaseModel:66 - 测试用例qs_V1_exam_paperListByPaperType断言完毕！！
 返回消息体code-----0
2021-03-09 15:59:45 INFO  ApiTestCaseModel:72 - 测试用例qs_V1_exam_paperListByPaperType断言完毕！！
 期待obj返回消息体1
 实际obj返回消息体1
2021-03-09 15:59:45 INFO  ApiTestCaseModel:63 - 测试用例qs_V1_exam_questionInfo断言完毕！！
 返回消息体msg-----成功
2021-03-09 15:59:45 INFO  ApiTestCaseModel:66 - 测试用例qs_V1_exam_questionInfo断言完毕！！
 返回消息体code-----0
2021-03-09 15:59:45 INFO  ApiTestCaseModel:72 - 测试用例qs_V1_exam_questionInfo断言完毕！！
 期待obj返回消息体2
 实际obj返回消息体2
2021-03-09 15:59:45 INFO  ApiTestCaseModel:63 - 测试用例qs_V1_commentLable_commentLableList断言完毕！！
 返回消息体msg-----成功
2021-03-09 15:59:45 INFO  ApiTestCaseModel:66 - 测试用例qs_V1_commentLable_commentLableList断言完毕！！
 返回消息体code-----0
2021-03-09 15:59:45 INFO  ApiTestCaseModel:72 - 测试用例qs_V1_commentLable_commentLableList断言完毕！！
 期待obj返回消息体2
 实际obj返回消息体2
2021-03-09 15:59:45 INFO  ApiTestCaseModel:63 - 测试用例qs_V1_setting_learnProgress断言完毕！！
 返回消息体msg-----成功
2021-03-09 15:59:45 INFO  ApiTestCaseModel:66 - 测试用例qs_V1_setting_learnProgress断言完毕！！
 返回消息体code-----0
2021-03-09 15:59:45 INFO  ApiTestCaseModel:72 - 测试用例qs_V1_setting_learnProgress断言完毕！！
 期待obj返回消息体2
 实际obj返回消息体2
2021-03-09 15:59:45 INFO  ApiTestCaseModel:63 - 测试用例qs_V1_setting_learnPlanSwitch断言完毕！！
 返回消息体msg-----成功
2021-03-09 15:59:45 INFO  ApiTestCaseModel:66 - 测试用例qs_V1_setting_learnPlanSwitch断言完毕！！
 返回消息体code-----0
2021-03-09 15:59:45 INFO  ApiTestCaseModel:72 - 测试用例qs_V1_setting_learnPlanSwitch断言完毕！！
 期待obj返回消息体2
 实际obj返回消息体2
2021-03-09 15:59:46 INFO  ApiTestCaseModel:63 - 测试用例qs_V1_setting_switchTeacher断言完毕！！
 返回消息体msg-----成功
2021-03-09 15:59:46 INFO  ApiTestCaseModel:66 - 测试用例qs_V1_setting_switchTeacher断言完毕！！
 返回消息体code-----0
2021-03-09 15:59:46 INFO  ApiTestCaseModel:72 - 测试用例qs_V1_setting_switchTeacher断言完毕！！
 期待obj返回消息体1
 实际obj返回消息体1
2021-03-09 15:59:46 INFO  ApiTestCaseModel:63 - 测试用例qs_V1_setting_classSwitch断言完毕！！
 返回消息体msg-----成功
2021-03-09 15:59:46 INFO  ApiTestCaseModel:66 - 测试用例qs_V1_setting_classSwitch断言完毕！！
 返回消息体code-----0
2021-03-09 15:59:46 INFO  ApiTestCaseModel:72 - 测试用例qs_V1_setting_classSwitch断言完毕！！
 期待obj返回消息体1
 实际obj返回消息体1
2021-03-09 15:59:46 INFO  ApiTestCaseModel:63 - 测试用例qs_V1_setting_learnPlanSwitchSubmit断言完毕！！
 返回消息体msg-----成功
2021-03-09 15:59:46 INFO  ApiTestCaseModel:66 - 测试用例qs_V1_setting_learnPlanSwitchSubmit断言完毕！！
 返回消息体code-----0
2021-03-09 15:59:46 INFO  ApiTestCaseModel:69 - 返回消息obj体中为空，无需断言
2021-03-09 15:59:47 INFO  ApiTestCaseModel:63 - 测试用例qs_V1_setting_learnTime断言完毕！！
 返回消息体msg-----成功
2021-03-09 15:59:47 INFO  ApiTestCaseModel:66 - 测试用例qs_V1_setting_learnTime断言完毕！！
 返回消息体code-----0
2021-03-09 15:59:47 INFO  ApiTestCaseModel:72 - 测试用例qs_V1_setting_learnTime断言完毕！！
 期待obj返回消息体3
 实际obj返回消息体3
2021-03-09 15:59:47 INFO  ApiTestCaseModel:63 - 测试用例qs_V1_setting_learnCycleSubmit断言完毕！！
 返回消息体msg-----成功
2021-03-09 15:59:47 INFO  ApiTestCaseModel:66 - 测试用例qs_V1_setting_learnCycleSubmit断言完毕！！
 返回消息体code-----0
2021-03-09 15:59:47 INFO  ApiTestCaseModel:69 - 返回消息obj体中为空，无需断言
2021-03-09 15:59:47 INFO  ApiTestCaseModel:63 - 测试用例qs_V1_setting_learnMethodSubmit断言完毕！！
 返回消息体msg-----成功
2021-03-09 15:59:47 INFO  ApiTestCaseModel:66 - 测试用例qs_V1_setting_learnMethodSubmit断言完毕！！
 返回消息体code-----0
2021-03-09 15:59:47 INFO  ApiTestCaseModel:69 - 返回消息obj体中为空，无需断言
2021-03-09 15:59:47 INFO  ApiTestCaseModel:63 - 测试用例qs_V1_setting_restCycleSubmit断言完毕！！
 返回消息体msg-----成功
2021-03-09 15:59:47 INFO  ApiTestCaseModel:66 - 测试用例qs_V1_setting_restCycleSubmit断言完毕！！
 返回消息体code-----0
2021-03-09 15:59:47 INFO  ApiTestCaseModel:69 - 返回消息obj体中为空，无需断言
2021-03-09 15:59:48 INFO  ApiTestCaseModel:63 - 测试用例qs_V1_setting_learnMethod断言完毕！！
 返回消息体msg-----成功
2021-03-09 15:59:48 INFO  ApiTestCaseModel:66 - 测试用例qs_V1_setting_learnMethod断言完毕！！
 返回消息体code-----0
2021-03-09 15:59:48 INFO  ApiTestCaseModel:72 - 测试用例qs_V1_setting_learnMethod断言完毕！！
 期待obj返回消息体3
 实际obj返回消息体3
2021-03-09 15:59:48 INFO  ApiTestCaseModel:63 - 测试用例qs_V1_setting_index断言完毕！！
 返回消息体msg-----成功
2021-03-09 15:59:48 INFO  ApiTestCaseModel:66 - 测试用例qs_V1_setting_index断言完毕！！
 返回消息体code-----0
2021-03-09 15:59:48 INFO  ApiTestCaseModel:72 - 测试用例qs_V1_setting_index断言完毕！！
 期待obj返回消息体2
 实际obj返回消息体2
2021-03-09 15:59:48 INFO  ApiTestCaseModel:63 - 测试用例qs_V1_setting_autoCache断言完毕！！
 返回消息体msg-----成功
2021-03-09 15:59:48 INFO  ApiTestCaseModel:66 - 测试用例qs_V1_setting_autoCache断言完毕！！
 返回消息体code-----0
2021-03-09 15:59:48 INFO  ApiTestCaseModel:72 - 测试用例qs_V1_setting_autoCache断言完毕！！
 期待obj返回消息体1
 实际obj返回消息体1
2021-03-09 15:59:48 INFO  ApiTestCaseModel:63 - 测试用例qs_V1_setting_switchTeacherSubmit断言完毕！！
 返回消息体msg-----成功
2021-03-09 15:59:48 INFO  ApiTestCaseModel:66 - 测试用例qs_V1_setting_switchTeacherSubmit断言完毕！！
 返回消息体code-----0
2021-03-09 15:59:48 INFO  ApiTestCaseModel:69 - 返回消息obj体中为空，无需断言
2021-03-09 15:59:49 INFO  ApiTestCaseModel:63 - 测试用例qs_V1_setting_classSwitchSubmit断言完毕！！
 返回消息体msg-----成功
2021-03-09 15:59:49 INFO  ApiTestCaseModel:66 - 测试用例qs_V1_setting_classSwitchSubmit断言完毕！！
 返回消息体code-----0
2021-03-09 15:59:49 INFO  ApiTestCaseModel:69 - 返回消息obj体中为空，无需断言
2021-03-09 15:59:49 INFO  ApiTestCaseModel:63 - 测试用例qs_V1_setting_learnProgressSubmit断言完毕！！
 返回消息体msg-----成功
2021-03-09 15:59:49 INFO  ApiTestCaseModel:66 - 测试用例qs_V1_setting_learnProgressSubmit断言完毕！！
 返回消息体code-----0
2021-03-09 15:59:49 INFO  ApiTestCaseModel:69 - 返回消息obj体中为空，无需断言
2021-03-09 15:59:49 INFO  ApiTestCaseModel:63 - 测试用例qs_V1_replyComment_getCommentView断言完毕！！
 返回消息体msg-----成功
2021-03-09 15:59:49 INFO  ApiTestCaseModel:66 - 测试用例qs_V1_replyComment_getCommentView断言完毕！！
 返回消息体code-----0
2021-03-09 15:59:49 INFO  ApiTestCaseModel:72 - 测试用例qs_V1_replyComment_getCommentView断言完毕！！
 期待obj返回消息体4
 实际obj返回消息体4
2021-03-09 15:59:50 INFO  ApiTestCaseModel:63 - 测试用例qs_V1_replyComment_submitComment断言完毕！！
 返回消息体msg-----成功
2021-03-09 15:59:50 INFO  ApiTestCaseModel:66 - 测试用例qs_V1_replyComment_submitComment断言完毕！！
 返回消息体code-----0
2021-03-09 15:59:50 INFO  ApiTestCaseModel:69 - 返回消息obj体中为空，无需断言
2021-03-09 15:59:50 INFO  ApiTestCaseModel:63 - 测试用例qs_V2_study_startStudyQues断言完毕！！
 返回消息体msg-----成功
2021-03-09 15:59:50 INFO  ApiTestCaseModel:66 - 测试用例qs_V2_study_startStudyQues断言完毕！！
 返回消息体code-----0
2021-03-09 15:59:50 INFO  ApiTestCaseModel:72 - 测试用例qs_V2_study_startStudyQues断言完毕！！
 期待obj返回消息体2
 实际obj返回消息体2
2021-03-09 15:59:50 INFO  ApiTestCaseModel:63 - 测试用例qs_V2_course_courseByLectureId断言完毕！！
 返回消息体msg-----成功
2021-03-09 15:59:50 INFO  ApiTestCaseModel:66 - 测试用例qs_V2_course_courseByLectureId断言完毕！！
 返回消息体code-----0
2021-03-09 15:59:50 INFO  ApiTestCaseModel:72 - 测试用例qs_V2_course_courseByLectureId断言完毕！！
 期待obj返回消息体7
 实际obj返回消息体7
2021-03-09 15:59:50 INFO  ApiTestCaseModel:63 - 测试用例qs_V2_activation_submitQues断言完毕！！
 返回消息体msg-----成功
2021-03-09 15:59:50 INFO  ApiTestCaseModel:66 - 测试用例qs_V2_activation_submitQues断言完毕！！
 返回消息体code-----0
2021-03-09 15:59:50 INFO  ApiTestCaseModel:72 - 测试用例qs_V2_activation_submitQues断言完毕！！
 期待obj返回消息体4
 实际obj返回消息体4
2021-03-09 15:59:51 INFO  ApiTestCaseModel:63 - 测试用例qs_V2_activation_questionsAndAnswers断言完毕！！
 返回消息体msg-----成功
2021-03-09 15:59:51 INFO  ApiTestCaseModel:66 - 测试用例qs_V2_activation_questionsAndAnswers断言完毕！！
 返回消息体code-----0
2021-03-09 15:59:51 INFO  ApiTestCaseModel:72 - 测试用例qs_V2_activation_questionsAndAnswers断言完毕！！
 期待obj返回消息体3
 实际obj返回消息体3
2021-03-09 15:59:51 INFO  ApiTestCaseModel:63 - 测试用例qs_V2_knowledgePoint_unlockKpList断言完毕！！
 返回消息体msg-----成功
2021-03-09 15:59:51 INFO  ApiTestCaseModel:66 - 测试用例qs_V2_knowledgePoint_unlockKpList断言完毕！！
 返回消息体code-----0
2021-03-09 15:59:51 INFO  ApiTestCaseModel:72 - 测试用例qs_V2_knowledgePoint_unlockKpList断言完毕！！
 期待obj返回消息体3
 实际obj返回消息体3
2021-03-09 15:59:51 INFO  ApiTestCaseModel:63 - 测试用例qs_V2_knowledgePoint_kpDetailListByKpIds断言完毕！！
 返回消息体msg-----成功
2021-03-09 15:59:51 INFO  ApiTestCaseModel:66 - 测试用例qs_V2_knowledgePoint_kpDetailListByKpIds断言完毕！！
 返回消息体code-----0
2021-03-09 15:59:51 INFO  ApiTestCaseModel:72 - 测试用例qs_V2_knowledgePoint_kpDetailListByKpIds断言完毕！！
 期待obj返回消息体1
 实际obj返回消息体1
2021-03-09 15:59:52 INFO  ApiTestCaseModel:63 - 测试用例qs_V2_class_index断言完毕！！
 返回消息体msg-----成功
2021-03-09 15:59:52 INFO  ApiTestCaseModel:66 - 测试用例qs_V2_class_index断言完毕！！
 返回消息体code-----0
2021-03-09 15:59:52 INFO  ApiTestCaseModel:72 - 测试用例qs_V2_class_index断言完毕！！
 期待obj返回消息体4
 实际obj返回消息体4
2021-03-09 15:59:52 INFO  ApiTestCaseModel:63 - 测试用例qs_V2_exam_recordView断言完毕！！
 返回消息体msg-----成功
2021-03-09 15:59:52 INFO  ApiTestCaseModel:66 - 测试用例qs_V2_exam_recordView断言完毕！！
 返回消息体code-----0
2021-03-09 15:59:52 INFO  ApiTestCaseModel:72 - 测试用例qs_V2_exam_recordView断言完毕！！
 期待obj返回消息体15
 实际obj返回消息体15
2021-03-09 15:59:52 INFO  ApiTestCaseModel:63 - 测试用例qs_V2_exam_goToExam断言完毕！！
 返回消息体msg-----成功
2021-03-09 15:59:52 INFO  ApiTestCaseModel:66 - 测试用例qs_V2_exam_goToExam断言完毕！！
 返回消息体code-----0
2021-03-09 15:59:52 INFO  ApiTestCaseModel:72 - 测试用例qs_V2_exam_goToExam断言完毕！！
 期待obj返回消息体5
 实际obj返回消息体5
2021-03-09 15:59:53 INFO  ApiTestCaseModel:63 - 测试用例qs_V2_setting_switchTeacher断言完毕！！
 返回消息体msg-----成功
2021-03-09 15:59:53 INFO  ApiTestCaseModel:66 - 测试用例qs_V2_setting_switchTeacher断言完毕！！
 返回消息体code-----0
2021-03-09 15:59:53 INFO  ApiTestCaseModel:72 - 测试用例qs_V2_setting_switchTeacher断言完毕！！
 期待obj返回消息体1
 实际obj返回消息体1
2021-03-09 15:59:53 INFO  ApiTestCaseModel:63 - 测试用例qs_V3_study_updateStudyStatusAndChatRecord断言完毕！！
 返回消息体msg-----成功
2021-03-09 15:59:53 INFO  ApiTestCaseModel:66 - 测试用例qs_V3_study_updateStudyStatusAndChatRecord断言完毕！！
 返回消息体code-----0
2021-03-09 15:59:53 INFO  ApiTestCaseModel:72 - 测试用例qs_V3_study_updateStudyStatusAndChatRecord断言完毕！！
 期待obj返回消息体0
 实际obj返回消息体0
2021-03-09 15:59:53 INFO  ApiTestCaseModel:63 - 测试用例qs_V3_study_startStudyQues断言完毕！！
 返回消息体msg-----成功
2021-03-09 15:59:53 INFO  ApiTestCaseModel:66 - 测试用例qs_V3_study_startStudyQues断言完毕！！
 返回消息体code-----0
2021-03-09 15:59:53 INFO  ApiTestCaseModel:72 - 测试用例qs_V3_study_startStudyQues断言完毕！！
 期待obj返回消息体2
 实际obj返回消息体2
2021-03-09 15:59:53 INFO  ApiTestCaseModel:63 - 测试用例qs_V3_study_startStudyAnswer断言完毕！！
 返回消息体msg-----成功
2021-03-09 15:59:53 INFO  ApiTestCaseModel:66 - 测试用例qs_V3_study_startStudyAnswer断言完毕！！
 返回消息体code-----0
2021-03-09 15:59:54 INFO  ApiTestCaseModel:72 - 测试用例qs_V3_study_startStudyAnswer断言完毕！！
 期待obj返回消息体2
 实际obj返回消息体2
2021-03-09 15:59:54 INFO  ApiTestCaseModel:63 - 测试用例qs_V3_study_index断言完毕！！
 返回消息体msg-----成功
2021-03-09 15:59:54 INFO  ApiTestCaseModel:66 - 测试用例qs_V3_study_index断言完毕！！
 返回消息体code-----0
2021-03-09 15:59:54 INFO  ApiTestCaseModel:72 - 测试用例qs_V3_study_index断言完毕！！
 期待obj返回消息体3
 实际obj返回消息体3
2021-03-09 15:59:54 INFO  ApiTestCaseModel:63 - 测试用例qs_V3_curriculum_classSchedule断言完毕！！
 返回消息体msg-----成功
2021-03-09 15:59:54 INFO  ApiTestCaseModel:66 - 测试用例qs_V3_curriculum_classSchedule断言完毕！！
 返回消息体code-----0
2021-03-09 15:59:54 INFO  ApiTestCaseModel:69 - 返回消息obj体中为空，无需断言
2021-03-09 15:59:54 INFO  ApiTestCaseModel:63 - 测试用例qs_V3_curriculum_dayList断言完毕！！
 返回消息体msg-----成功
2021-03-09 15:59:54 INFO  ApiTestCaseModel:66 - 测试用例qs_V3_curriculum_dayList断言完毕！！
 返回消息体code-----0
2021-03-09 15:59:54 INFO  ApiTestCaseModel:72 - 测试用例qs_V3_curriculum_dayList断言完毕！！
 期待obj返回消息体1
 实际obj返回消息体1
2021-03-09 15:59:54 INFO  ApiTestCaseModel:63 - 测试用例qs_V3_marketingMessage_getMarketingMessageDetail断言完毕！！
 返回消息体msg-----成功
2021-03-09 15:59:54 INFO  ApiTestCaseModel:66 - 测试用例qs_V3_marketingMessage_getMarketingMessageDetail断言完毕！！
 返回消息体code-----0
2021-03-09 15:59:54 INFO  ApiTestCaseModel:72 - 测试用例qs_V3_marketingMessage_getMarketingMessageDetail断言完毕！！
 期待obj返回消息体3
 实际obj返回消息体3
2021-03-09 15:59:55 INFO  ApiTestCaseModel:63 - 测试用例qs_V3_shop_redeemNow断言完毕！！
 返回消息体msg-----成功
2021-03-09 15:59:55 INFO  ApiTestCaseModel:66 - 测试用例qs_V3_shop_redeemNow断言完毕！！
 返回消息体code-----0
2021-03-09 15:59:55 INFO  ApiTestCaseModel:72 - 测试用例qs_V3_shop_redeemNow断言完毕！！
 期待obj返回消息体5
 实际obj返回消息体5
2021-03-09 15:59:55 INFO  ApiTestCaseModel:63 - 测试用例qs_V3_shop_index断言完毕！！
 返回消息体msg-----成功
2021-03-09 15:59:55 INFO  ApiTestCaseModel:66 - 测试用例qs_V3_shop_index断言完毕！！
 返回消息体code-----0
2021-03-09 15:59:55 INFO  ApiTestCaseModel:72 - 测试用例qs_V3_shop_index断言完毕！！
 期待obj返回消息体6
 实际obj返回消息体6
2021-03-09 15:59:55 INFO  ApiTestCaseModel:63 - 测试用例qs_V3_shop_redeemRecords断言完毕！！
 返回消息体msg-----成功
2021-03-09 15:59:55 INFO  ApiTestCaseModel:66 - 测试用例qs_V3_shop_redeemRecords断言完毕！！
 返回消息体code-----0
2021-03-09 15:59:56 INFO  ApiTestCaseModel:63 - 测试用例qs_V3_shop_confirmRedemption断言完毕！！
 返回消息体msg-----成功
2021-03-09 15:59:56 INFO  ApiTestCaseModel:66 - 测试用例qs_V3_shop_confirmRedemption断言完毕！！
 返回消息体code-----0
2021-03-09 15:59:56 INFO  ApiTestCaseModel:72 - 测试用例qs_V3_shop_confirmRedemption断言完毕！！
 期待obj返回消息体3
 实际obj返回消息体3
2021-03-09 15:59:56 INFO  ApiTestCaseModel:63 - 测试用例qs_V3_chatRecord_chatRecordList断言完毕！！
 返回消息体msg-----成功
2021-03-09 15:59:57 INFO  ApiTestCaseModel:66 - 测试用例qs_V3_chatRecord_chatRecordList断言完毕！！
 返回消息体code-----0
2021-03-09 15:59:57 INFO  ApiTestCaseModel:72 - 测试用例qs_V3_chatRecord_chatRecordList断言完毕！！
 期待obj返回消息体5
 实际obj返回消息体5
2021-03-09 15:59:57 INFO  ApiTestCaseModel:63 - 测试用例qs_V3_task_voucherData断言完毕！！
 返回消息体msg-----成功
2021-03-09 15:59:57 INFO  ApiTestCaseModel:66 - 测试用例qs_V3_task_voucherData断言完毕！！
 返回消息体code-----0
2021-03-09 15:59:57 INFO  ApiTestCaseModel:72 - 测试用例qs_V3_task_voucherData断言完毕！！
 期待obj返回消息体6
 实际obj返回消息体6
2021-03-09 15:59:57 INFO  ApiTestCaseModel:63 - 测试用例qs_V3_task_creditData断言完毕！！
 返回消息体msg-----成功
2021-03-09 15:59:57 INFO  ApiTestCaseModel:66 - 测试用例qs_V3_task_creditData断言完毕！！
 返回消息体code-----0
2021-03-09 15:59:57 INFO  ApiTestCaseModel:72 - 测试用例qs_V3_task_creditData断言完毕！！
 期待obj返回消息体6
 实际obj返回消息体6
2021-03-09 15:59:58 INFO  ApiTestCaseModel:63 - 测试用例qs_V3_class_classDetail_classData断言完毕！！
 返回消息体msg-----成功
2021-03-09 15:59:58 INFO  ApiTestCaseModel:66 - 测试用例qs_V3_class_classDetail_classData断言完毕！！
 返回消息体code-----0
2021-03-09 15:59:58 INFO  ApiTestCaseModel:72 - 测试用例qs_V3_class_classDetail_classData断言完毕！！
 期待obj返回消息体5
 实际obj返回消息体5
2021-03-09 15:59:58 INFO  ApiTestCaseModel:63 - 测试用例qs_V3_setting_renewActive断言完毕！！
 返回消息体msg-----成功
2021-03-09 15:59:58 INFO  ApiTestCaseModel:66 - 测试用例qs_V3_setting_renewActive断言完毕！！
 返回消息体code-----0
